INFO:root:script start
INFO:root:Scrapping element of xbox one page with class from url link jeux videos.com
INFO:root:fetch element in for loop
INFO:root:scrapping element title ps5 in page jeux videos.com 
INFO:root:scrapping element title pc in page jeux videos.com 
INFO:root:script start
INFO:root:Scrapping element of xbox one page with class from url link jeux videos.com
INFO:root:fetch element in for loop
INFO:root:scrapping element title ps5 in page jeux videos.com 
INFO:root:scrapping element title pc in page jeux videos.com 
INFO:root:script start
INFO:root:Scrapping element of xbox one page with class from url link jeux videos.com
INFO:root:fetch element in for loop
INFO:root:scrapping element title ps5 in page jeux videos.com 
INFO:root:scrapping element title pc in page jeux videos.com 
INFO:root:script start
INFO:root:Scrapping element of xbox one page with class from url link jeux videos.com
INFO:root:fetch element in for loop
INFO:root:scrapping element title ps5 in page jeux videos.com 
INFO:root:scrapping element title pc in page jeux videos.com 
INFO:root:end of script
INFO:root:script start
INFO:root:Scrapping element of xbox one page with class from url link jeux videos.com
INFO:root:fetch element in for loop
INFO:root:scrapping element title ps5 in page jeux videos.com 
INFO:root:scrapping element title pc in page jeux videos.com 
INFO:root:end of script
INFO:root:fetch element in for loop
DEBUG:mysql.connector.connection:new_auth_plugin: caching_sha2_password
INFO:root:script start
INFO:root:Scrapping element of xbox one page with class from url link jeux videos.com
INFO:root:fetch element in for loop
INFO:root:scrapping element title ps5 in page jeux videos.com 
INFO:root:scrapping element title pc in page jeux videos.com 
INFO:root:end of script
INFO:root:fetch element in for loop
DEBUG:mysql.connector.connection:new_auth_plugin: caching_sha2_password
INFO:root:script start
INFO:root:Scrapping element of xbox one page with class from url link jeux videos.com
INFO:root:fetch element in for loop
INFO:root:scrapping element title ps5 in page jeux videos.com 
INFO:root:scrapping element title pc in page jeux videos.com 
INFO:root:end of script
INFO:root:script start
INFO:root:Scrapping element of xbox one page with class from url link jeux videos.com
INFO:root:fetch element in for loop
INFO:root:scrapping element title ps5 in page jeux videos.com 
INFO:root:scrapping element title pc in page jeux videos.com 
INFO:root:end of script
INFO:root:fetch element in for loop
DEBUG:mysql.connector.connection:new_auth_plugin: caching_sha2_password
INFO:root:script start
INFO:root:Scrapping element of xbox one page with class from url link jeux videos.com
INFO:root:fetch element in for loop
INFO:root:scrapping element title ps5 in page jeux videos.com 
INFO:root:scrapping element title pc in page jeux videos.com 
INFO:root:end of script
INFO:root:fetch element in for loop
DEBUG:mysql.connector.connection:new_auth_plugin: caching_sha2_password
INFO:root:script start
INFO:root:Scrapping element of xbox one page with class from url link jeux videos.com
INFO:root:fetch element in for loop
INFO:root:scrapping element title ps5 in page jeux videos.com 
INFO:root:scrapping element title pc in page jeux videos.com 
INFO:root:end of script
INFO:root:fetch element in for loop
DEBUG:mysql.connector.connection:new_auth_plugin: caching_sha2_password
INFO:root:script start
INFO:root:Scrapping element of xbox one page with class from url link jeux videos.com
INFO:root:fetch element in for loop
INFO:root:scrapping element title ps5 in page jeux videos.com 
INFO:root:scrapping element title pc in page jeux videos.com 
INFO:root:end of script
INFO:root:fetch element in for loop
DEBUG:mysql.connector.connection:new_auth_plugin: caching_sha2_password
INFO:root:script start
INFO:root:Scrapping element of xbox one page with class from url link jeux videos.com
INFO:root:fetch element in for loop
INFO:root:scrapping element title ps5 in page jeux videos.com 
INFO:root:scrapping element title pc in page jeux videos.com 
INFO:root:end of script
INFO:root:fetch element in for loop
DEBUG:mysql.connector.connection:new_auth_plugin: caching_sha2_password
INFO:root:script start
INFO:root:Scrapping element of xbox one page with class from url link jeux videos.com
INFO:root:fetch element in for loop
INFO:root:scrapping element title ps5 in page jeux videos.com 
INFO:root:scrapping element title pc in page jeux videos.com 
INFO:root:end of script
INFO:root:fetch element in for loop
DEBUG:mysql.connector.connection:new_auth_plugin: caching_sha2_password
INFO:root:script start
INFO:root:Scrapping element of xbox one page with class from url link jeux videos.com
INFO:root:fetch element in for loop
INFO:root:scrapping element title ps5 in page jeux videos.com 
INFO:root:scrapping element title pc in page jeux videos.com 
INFO:root:end of script
INFO:root:fetch element in for loop
DEBUG:mysql.connector.connection:new_auth_plugin: caching_sha2_password
[12:07:43] {/Users/farouk/Documents/simplon/amine/scrapping/main.py:12} INFO - script start
[12:07:43] {/Users/farouk/Documents/simplon/amine/scrapping/main.py:13} INFO - Scrapping element of xbox one page with class from url link jeux videos.com
[12:07:44] {/Users/farouk/Documents/simplon/amine/scrapping/main.py:21} INFO - fetch element in for loop
[12:07:44] {/Users/farouk/Documents/simplon/amine/scrapping/main.py:32} INFO - scrapping element title ps5 in page jeux videos.com 
[12:07:44] {/Users/farouk/Documents/simplon/amine/scrapping/main.py:48} INFO - scrapping element title pc in page jeux videos.com 
[12:07:45] {/Users/farouk/Documents/simplon/amine/scrapping/main.py:64} INFO - end of script
[12:07:45] {/Users/farouk/Documents/simplon/amine/scrapping/main.py:21} INFO - fetch element in for loop
[11:54:33] {/app/main.py:12} INFO - script start
[11:54:33] {/app/main.py:13} INFO - Scrapping element of xbox one page with class from url link jeux videos.com
[11:54:34] {/app/main.py:21} INFO - fetch element in for loop
[11:54:34] {/app/main.py:32} INFO - scrapping element title ps5 in page jeux videos.com 
[11:54:34] {/app/main.py:48} INFO - scrapping element title pc in page jeux videos.com 
[11:54:34] {/app/main.py:64} INFO - end of script
[11:54:35] {/app/main.py:21} INFO - fetch element in for loop
[11:54:35] {/usr/local/lib/python3.9/site-packages/mysql/connector/connection.py:235} DEBUG - new_auth_plugin: caching_sha2_password
[10:27:37] {/app/main.py:12} INFO - script start
[10:27:37] {/app/main.py:13} INFO - Scrapping element of xbox one page with class from url link jeux videos.com
[10:27:38] {/app/main.py:21} INFO - fetch element in for loop
[10:27:38] {/app/main.py:32} INFO - scrapping element ps5 title in page jeux videos.com 
[10:27:39] {/app/main.py:48} INFO - scrapping element pc title in page jeux videos.com 
[10:27:40] {/app/main.py:64} INFO - end of script
[10:31:07] {/app/main.py:12} INFO - script start
[10:31:07] {/app/main.py:13} INFO - Scrapping element of xbox one page with class from url link jeux videos.com
[10:31:27] {/app/main.py:12} INFO - script start
[10:31:27] {/app/main.py:13} INFO - Scrapping element of xbox one page with class from url link jeux videos.com
[11:19:41] {/app/main.py:17} INFO - script start
[11:19:41] {/app/main.py:18} INFO - Scrapping element of xbox one page with class from url link jeux videos.com
[11:19:43] {/app/main.py:41} INFO - fetch element in for loop
[11:19:43] {/app/main.py:52} INFO - scrapping element ps5 title in page jeux videos.com 
[11:19:45] {/app/main.py:68} INFO - scrapping element pc title in page jeux videos.com 
[11:19:47] {/app/main.py:84} INFO - end of script
[11:19:47] {/usr/local/lib/python3.9/site-packages/werkzeug/_internal.py:113} INFO -  * Running on http://0.0.0.0:3000/ (Press CTRL+C to quit)
[11:19:47] {/usr/local/lib/python3.9/site-packages/werkzeug/_internal.py:113} INFO -  * Restarting with stat
[11:19:47] {/app/main.py:17} INFO - script start
[11:19:47] {/app/main.py:18} INFO - Scrapping element of xbox one page with class from url link jeux videos.com
[11:19:48] {/app/main.py:41} INFO - fetch element in for loop
[11:19:48] {/app/main.py:52} INFO - scrapping element ps5 title in page jeux videos.com 
[11:19:52] {/app/main.py:68} INFO - scrapping element pc title in page jeux videos.com 
[11:19:53] {/app/main.py:84} INFO - end of script
[11:19:53] {/usr/local/lib/python3.9/site-packages/werkzeug/_internal.py:113} WARNING -  * Debugger is active!
[11:19:54] {/usr/local/lib/python3.9/site-packages/werkzeug/_internal.py:113} INFO -  * Debugger PIN: 195-443-185
[11:21:50] {/usr/local/lib/python3.9/site-packages/werkzeug/_internal.py:113} INFO -  * Detected change in '/app/main.py', reloading
[11:21:50] {/usr/local/lib/python3.9/site-packages/werkzeug/_internal.py:113} INFO -  * Restarting with stat
[11:21:52] {/app/main.py:17} INFO - script start
[11:21:52] {/app/main.py:18} INFO - Scrapping element of xbox one page with class from url link jeux videos.com
[11:21:53] {/app/main.py:41} INFO - fetch element in for loop
[11:21:53] {/app/main.py:52} INFO - scrapping element ps5 title in page jeux videos.com 
[11:21:58] {/app/main.py:17} INFO - script start
[11:21:58] {/app/main.py:18} INFO - Scrapping element of xbox one page with class from url link jeux videos.com
[11:21:59] {/app/main.py:41} INFO - fetch element in for loop
[11:21:59] {/app/main.py:52} INFO - scrapping element ps5 title in page jeux videos.com 
[11:22:01] {/app/main.py:68} INFO - scrapping element pc title in page jeux videos.com 
[11:22:03] {/app/main.py:84} INFO - end of script
[11:22:03] {/usr/local/lib/python3.9/site-packages/werkzeug/_internal.py:113} INFO -  * Running on http://0.0.0.0:5000/ (Press CTRL+C to quit)
[11:22:03] {/usr/local/lib/python3.9/site-packages/werkzeug/_internal.py:113} INFO -  * Restarting with stat
[11:22:03] {/app/main.py:17} INFO - script start
[11:22:03] {/app/main.py:18} INFO - Scrapping element of xbox one page with class from url link jeux videos.com
[11:22:04] {/app/main.py:41} INFO - fetch element in for loop
[11:22:04] {/app/main.py:52} INFO - scrapping element ps5 title in page jeux videos.com 
[11:22:04] {/app/main.py:68} INFO - scrapping element pc title in page jeux videos.com 
[11:22:05] {/app/main.py:84} INFO - end of script
[11:22:05] {/usr/local/lib/python3.9/site-packages/werkzeug/_internal.py:113} WARNING -  * Debugger is active!
[11:22:05] {/usr/local/lib/python3.9/site-packages/werkzeug/_internal.py:113} INFO -  * Debugger PIN: 195-443-185
[11:22:29] {/usr/local/lib/python3.9/site-packages/werkzeug/_internal.py:113} INFO -  * Detected change in '/app/main.py', reloading
[11:22:29] {/usr/local/lib/python3.9/site-packages/werkzeug/_internal.py:113} INFO -  * Restarting with stat
[11:22:29] {/app/main.py:17} INFO - script start
[11:22:29] {/app/main.py:18} INFO - Scrapping element of xbox one page with class from url link jeux videos.com
[11:22:30] {/app/main.py:41} INFO - fetch element in for loop
[11:22:30] {/app/main.py:52} INFO - scrapping element ps5 title in page jeux videos.com 
[11:22:32] {/app/main.py:68} INFO - scrapping element pc title in page jeux videos.com 
[11:22:33] {/app/main.py:84} INFO - end of script
[11:22:33] {/usr/local/lib/python3.9/site-packages/werkzeug/_internal.py:113} WARNING -  * Debugger is active!
[11:22:33] {/usr/local/lib/python3.9/site-packages/werkzeug/_internal.py:113} INFO -  * Debugger PIN: 195-443-185
[11:23:10] {/app/main.py:17} INFO - script start
[11:23:10] {/app/main.py:18} INFO - Scrapping element of xbox one page with class from url link jeux videos.com
[11:23:10] {/app/main.py:41} INFO - fetch element in for loop
[11:23:10] {/app/main.py:52} INFO - scrapping element ps5 title in page jeux videos.com 
[11:23:11] {/app/main.py:68} INFO - scrapping element pc title in page jeux videos.com 
[11:23:12] {/app/main.py:84} INFO - end of script
[11:23:12] {/usr/local/lib/python3.9/site-packages/werkzeug/_internal.py:113} INFO -  * Running on http://0.0.0.0:3000/ (Press CTRL+C to quit)
[11:23:12] {/usr/local/lib/python3.9/site-packages/werkzeug/_internal.py:113} INFO -  * Restarting with stat
[11:23:13] {/app/main.py:17} INFO - script start
[11:23:13] {/app/main.py:18} INFO - Scrapping element of xbox one page with class from url link jeux videos.com
[11:23:13] {/app/main.py:41} INFO - fetch element in for loop
[11:23:13] {/app/main.py:52} INFO - scrapping element ps5 title in page jeux videos.com 
[11:23:14] {/app/main.py:68} INFO - scrapping element pc title in page jeux videos.com 
[11:23:17] {/app/main.py:84} INFO - end of script
[11:23:17] {/usr/local/lib/python3.9/site-packages/werkzeug/_internal.py:113} WARNING -  * Debugger is active!
[11:23:17] {/usr/local/lib/python3.9/site-packages/werkzeug/_internal.py:113} INFO -  * Debugger PIN: 195-443-185
[11:25:37] {/app/app.py:17} INFO - script start
[11:25:37] {/app/app.py:18} INFO - Scrapping element of xbox one page with class from url link jeux videos.com
[11:25:38] {/app/app.py:41} INFO - fetch element in for loop
[11:25:38] {/app/app.py:52} INFO - scrapping element ps5 title in page jeux videos.com 
[11:25:38] {/app/app.py:68} INFO - scrapping element pc title in page jeux videos.com 
[11:25:39] {/app/app.py:84} INFO - end of script
[11:25:39] {/usr/local/lib/python3.9/site-packages/werkzeug/_internal.py:113} INFO -  * Running on http://0.0.0.0:3000/ (Press CTRL+C to quit)
[11:25:39] {/usr/local/lib/python3.9/site-packages/werkzeug/_internal.py:113} INFO -  * Restarting with stat
[11:25:39] {/app/app.py:17} INFO - script start
[11:25:39] {/app/app.py:18} INFO - Scrapping element of xbox one page with class from url link jeux videos.com
[11:25:40] {/app/app.py:41} INFO - fetch element in for loop
[11:25:40] {/app/app.py:52} INFO - scrapping element ps5 title in page jeux videos.com 
[11:25:43] {/app/app.py:68} INFO - scrapping element pc title in page jeux videos.com 
[11:25:45] {/app/app.py:84} INFO - end of script
[11:25:45] {/usr/local/lib/python3.9/site-packages/werkzeug/_internal.py:113} WARNING -  * Debugger is active!
[11:25:45] {/usr/local/lib/python3.9/site-packages/werkzeug/_internal.py:113} INFO -  * Debugger PIN: 195-443-185
[11:26:35] {/usr/local/lib/python3.9/site-packages/werkzeug/_internal.py:113} INFO -  * Detected change in '/app/app.py', reloading
[11:26:35] {/usr/local/lib/python3.9/site-packages/werkzeug/_internal.py:113} INFO -  * Restarting with stat
[11:26:36] {/app/app.py:17} INFO - script start
[11:26:36] {/app/app.py:18} INFO - Scrapping element of xbox one page with class from url link jeux videos.com
[11:26:41] {/app/app.py:39} INFO - fetch element in for loop
[11:26:41] {/app/app.py:50} INFO - scrapping element ps5 title in page jeux videos.com 
[11:26:42] {/app/app.py:66} INFO - scrapping element pc title in page jeux videos.com 
[11:26:44] {/app/app.py:82} INFO - end of script
[11:26:44] {/usr/local/lib/python3.9/site-packages/werkzeug/_internal.py:113} WARNING -  * Debugger is active!
[11:26:44] {/usr/local/lib/python3.9/site-packages/werkzeug/_internal.py:113} INFO -  * Debugger PIN: 195-443-185
[11:27:24] {/usr/local/lib/python3.9/site-packages/werkzeug/_internal.py:113} INFO -  * Detected change in '/app/app.py', reloading
[11:27:24] {/usr/local/lib/python3.9/site-packages/werkzeug/_internal.py:113} INFO -  * Restarting with stat
[11:27:25] {/app/app.py:17} INFO - script start
[11:27:25] {/app/app.py:18} INFO - Scrapping element of xbox one page with class from url link jeux videos.com
[11:27:26] {/app/app.py:40} INFO - fetch element in for loop
[11:27:26] {/app/app.py:51} INFO - scrapping element ps5 title in page jeux videos.com 
[11:27:28] {/app/app.py:67} INFO - scrapping element pc title in page jeux videos.com 
[11:27:32] {/app/app.py:83} INFO - end of script
[11:27:32] {/usr/local/lib/python3.9/site-packages/werkzeug/_internal.py:113} WARNING -  * Debugger is active!
[11:27:32] {/usr/local/lib/python3.9/site-packages/werkzeug/_internal.py:113} INFO -  * Debugger PIN: 195-443-185
[11:28:35] {/usr/local/lib/python3.9/site-packages/werkzeug/_internal.py:113} INFO -  * Detected change in '/app/app.py', reloading
[11:28:35] {/usr/local/lib/python3.9/site-packages/werkzeug/_internal.py:113} INFO -  * Restarting with stat
[11:28:36] {/app/app.py:17} INFO - script start
[11:28:36] {/app/app.py:18} INFO - Scrapping element of xbox one page with class from url link jeux videos.com
[11:28:38] {/app/app.py:40} INFO - fetch element in for loop
[11:28:38] {/app/app.py:51} INFO - scrapping element ps5 title in page jeux videos.com 
[11:28:38] {/app/app.py:67} INFO - scrapping element pc title in page jeux videos.com 
[11:28:39] {/app/app.py:83} INFO - end of script
[11:28:39] {/usr/local/lib/python3.9/site-packages/werkzeug/_internal.py:113} WARNING -  * Debugger is active!
[11:28:39] {/usr/local/lib/python3.9/site-packages/werkzeug/_internal.py:113} INFO -  * Debugger PIN: 195-443-185
[11:30:45] {/app/app.py:17} INFO - script start
[11:30:45] {/app/app.py:18} INFO - Scrapping element of xbox one page with class from url link jeux videos.com
[11:30:50] {/app/app.py:40} INFO - fetch element in for loop
[11:30:50] {/app/app.py:51} INFO - scrapping element ps5 title in page jeux videos.com 
[11:30:50] {/app/app.py:67} INFO - scrapping element pc title in page jeux videos.com 
[11:30:51] {/app/app.py:83} INFO - end of script
[11:30:51] {/usr/local/lib/python3.9/site-packages/werkzeug/_internal.py:113} INFO -  * Running on http://0.0.0.0:3000/ (Press CTRL+C to quit)
[11:30:51] {/usr/local/lib/python3.9/site-packages/werkzeug/_internal.py:113} INFO -  * Restarting with stat
[11:30:52] {/app/app.py:17} INFO - script start
[11:30:52] {/app/app.py:18} INFO - Scrapping element of xbox one page with class from url link jeux videos.com
[11:30:52] {/app/app.py:40} INFO - fetch element in for loop
[11:30:52] {/app/app.py:51} INFO - scrapping element ps5 title in page jeux videos.com 
[11:30:53] {/app/app.py:67} INFO - scrapping element pc title in page jeux videos.com 
[11:30:54] {/app/app.py:83} INFO - end of script
[11:30:54] {/usr/local/lib/python3.9/site-packages/werkzeug/_internal.py:113} WARNING -  * Debugger is active!
[11:30:54] {/usr/local/lib/python3.9/site-packages/werkzeug/_internal.py:113} INFO -  * Debugger PIN: 195-443-185
[11:37:03] {/usr/local/lib/python3.9/site-packages/werkzeug/_internal.py:113} INFO -  * Detected change in '/app/app.py', reloading
[11:37:03] {/usr/local/lib/python3.9/site-packages/werkzeug/_internal.py:113} INFO -  * Restarting with stat
[11:37:04] {/app/app.py:17} INFO - script start
[11:37:04] {/app/app.py:18} INFO - Scrapping element of xbox one page with class from url link jeux videos.com
[11:37:05] {/app/app.py:40} INFO - fetch element in for loop
[11:37:05] {/app/app.py:51} INFO - scrapping element ps5 title in page jeux videos.com 
[11:37:06] {/app/app.py:67} INFO - scrapping element pc title in page jeux videos.com 
[11:37:10] {/app/app.py:83} INFO - end of script
[11:37:10] {/usr/local/lib/python3.9/site-packages/werkzeug/_internal.py:113} WARNING -  * Debugger is active!
[11:37:10] {/usr/local/lib/python3.9/site-packages/werkzeug/_internal.py:113} INFO -  * Debugger PIN: 195-443-185
[11:37:54] {/usr/local/lib/python3.9/site-packages/werkzeug/_internal.py:113} INFO -  * Detected change in '/app/app.py', reloading
[11:37:55] {/usr/local/lib/python3.9/site-packages/werkzeug/_internal.py:113} INFO -  * Restarting with stat
[11:37:56] {/app/app.py:17} INFO - script start
[11:37:56] {/app/app.py:18} INFO - Scrapping element of xbox one page with class from url link jeux videos.com
[11:37:56] {/app/app.py:40} INFO - fetch element in for loop
[11:37:56] {/app/app.py:51} INFO - scrapping element ps5 title in page jeux videos.com 
[11:38:02] {/app/app.py:67} INFO - scrapping element pc title in page jeux videos.com 
[11:38:03] {/app/app.py:83} INFO - end of script
[11:38:04] {/usr/local/lib/python3.9/site-packages/werkzeug/_internal.py:113} WARNING -  * Debugger is active!
[11:38:04] {/usr/local/lib/python3.9/site-packages/werkzeug/_internal.py:113} INFO -  * Debugger PIN: 195-443-185
[11:39:05] {/usr/local/lib/python3.9/site-packages/werkzeug/_internal.py:113} INFO -  * Detected change in '/app/app.py', reloading
[11:39:06] {/usr/local/lib/python3.9/site-packages/werkzeug/_internal.py:113} INFO -  * Restarting with stat
[11:39:06] {/app/app.py:17} INFO - script start
[11:39:06] {/app/app.py:18} INFO - Scrapping element of xbox one page with class from url link jeux videos.com
[11:39:07] {/app/app.py:40} INFO - fetch element in for loop
[11:39:07] {/app/app.py:51} INFO - scrapping element ps5 title in page jeux videos.com 
[11:39:08] {/app/app.py:67} INFO - scrapping element pc title in page jeux videos.com 
[11:39:09] {/app/app.py:83} INFO - end of script
[11:39:09] {/usr/local/lib/python3.9/site-packages/werkzeug/_internal.py:113} WARNING -  * Debugger is active!
[11:39:09] {/usr/local/lib/python3.9/site-packages/werkzeug/_internal.py:113} INFO -  * Debugger PIN: 195-443-185
[11:39:22] {/usr/local/lib/python3.9/site-packages/werkzeug/_internal.py:113} INFO -  * Detected change in '/app/app.py', reloading
[11:39:22] {/usr/local/lib/python3.9/site-packages/werkzeug/_internal.py:113} INFO -  * Restarting with stat
[11:39:23] {/app/app.py:17} INFO - script start
[11:39:23] {/app/app.py:18} INFO - Scrapping element of xbox one page with class from url link jeux videos.com
[11:39:24] {/app/app.py:40} INFO - fetch element in for loop
[11:39:24] {/app/app.py:51} INFO - scrapping element ps5 title in page jeux videos.com 
[11:39:25] {/app/app.py:67} INFO - scrapping element pc title in page jeux videos.com 
[11:39:27] {/app/app.py:83} INFO - end of script
[11:39:27] {/usr/local/lib/python3.9/site-packages/werkzeug/_internal.py:113} WARNING -  * Debugger is active!
[11:39:27] {/usr/local/lib/python3.9/site-packages/werkzeug/_internal.py:113} INFO -  * Debugger PIN: 195-443-185
[11:39:28] {/usr/local/lib/python3.9/site-packages/werkzeug/_internal.py:113} INFO -  * Detected change in '/app/app.py', reloading
[11:39:28] {/usr/local/lib/python3.9/site-packages/werkzeug/_internal.py:113} INFO -  * Restarting with stat
[11:39:29] {/app/app.py:17} INFO - script start
[11:39:29] {/app/app.py:18} INFO - Scrapping element of xbox one page with class from url link jeux videos.com
[11:39:30] {/app/app.py:40} INFO - fetch element in for loop
[11:39:30] {/app/app.py:51} INFO - scrapping element ps5 title in page jeux videos.com 
[11:39:30] {/app/app.py:67} INFO - scrapping element pc title in page jeux videos.com 
[11:39:34] {/app/app.py:83} INFO - end of script
[11:39:34] {/usr/local/lib/python3.9/site-packages/werkzeug/_internal.py:113} WARNING -  * Debugger is active!
[11:39:34] {/usr/local/lib/python3.9/site-packages/werkzeug/_internal.py:113} INFO -  * Debugger PIN: 195-443-185
[11:40:14] {/usr/local/lib/python3.9/site-packages/werkzeug/_internal.py:113} INFO -  * Detected change in '/app/app.py', reloading
[11:40:14] {/usr/local/lib/python3.9/site-packages/werkzeug/_internal.py:113} INFO -  * Restarting with stat
[11:40:15] {/app/app.py:17} INFO - script start
[11:40:15] {/app/app.py:18} INFO - Scrapping element of xbox one page with class from url link jeux videos.com
[11:40:16] {/app/app.py:40} INFO - fetch element in for loop
[11:40:16] {/app/app.py:51} INFO - scrapping element ps5 title in page jeux videos.com 
[11:40:17] {/app/app.py:67} INFO - scrapping element pc title in page jeux videos.com 
[11:40:19] {/app/app.py:83} INFO - end of script
[11:40:19] {/usr/local/lib/python3.9/site-packages/werkzeug/_internal.py:113} WARNING -  * Debugger is active!
[11:40:19] {/usr/local/lib/python3.9/site-packages/werkzeug/_internal.py:113} INFO -  * Debugger PIN: 195-443-185
[11:53:13] {/scrapping/app.py:17} INFO - script start
[11:53:13] {/scrapping/app.py:18} INFO - Scrapping element of xbox one page with class from url link jeux videos.com
[11:53:14] {/scrapping/app.py:40} INFO - fetch element in for loop
[11:53:14] {/scrapping/app.py:51} INFO - scrapping element ps5 title in page jeux videos.com 
[11:53:15] {/scrapping/app.py:67} INFO - scrapping element pc title in page jeux videos.com 
[11:53:16] {/scrapping/app.py:83} INFO - end of script
[11:53:16] {/usr/local/lib/python3.9/site-packages/werkzeug/_internal.py:113} INFO -  * Running on http://0.0.0.0:3000/ (Press CTRL+C to quit)
[11:53:16] {/usr/local/lib/python3.9/site-packages/werkzeug/_internal.py:113} INFO -  * Restarting with stat
[11:53:17] {/scrapping/app.py:17} INFO - script start
[11:53:17] {/scrapping/app.py:18} INFO - Scrapping element of xbox one page with class from url link jeux videos.com
[11:53:17] {/scrapping/app.py:40} INFO - fetch element in for loop
[11:53:17] {/scrapping/app.py:51} INFO - scrapping element ps5 title in page jeux videos.com 
[11:53:20] {/scrapping/app.py:67} INFO - scrapping element pc title in page jeux videos.com 
[11:53:25] {/scrapping/app.py:83} INFO - end of script
[11:53:25] {/usr/local/lib/python3.9/site-packages/werkzeug/_internal.py:113} WARNING -  * Debugger is active!
[11:53:25] {/usr/local/lib/python3.9/site-packages/werkzeug/_internal.py:113} INFO -  * Debugger PIN: 253-768-365
[11:53:25] {/usr/local/lib/python3.9/site-packages/werkzeug/_internal.py:113} INFO - 172.17.0.1 - - [18/Feb/2021 11:53:25] "[37mGET / HTTP/1.1[0m" 200 -
[11:53:26] {/usr/local/lib/python3.9/site-packages/werkzeug/_internal.py:113} INFO - 172.17.0.1 - - [18/Feb/2021 11:53:26] "[33mGET /favicon.ico HTTP/1.1[0m" 404 -
[11:56:03] {/usr/local/lib/python3.9/site-packages/werkzeug/_internal.py:113} INFO - 172.17.0.1 - - [18/Feb/2021 11:56:03] "[37mGET / HTTP/1.1[0m" 200 -
[12:34:16] {/usr/local/lib/python3.9/site-packages/werkzeug/_internal.py:113} INFO -  * Detected change in '/scrapping/app.py', reloading
[12:34:17] {/usr/local/lib/python3.9/site-packages/werkzeug/_internal.py:113} INFO -  * Restarting with stat
[12:36:41] {/scrapping/app.py:17} INFO - script start
[12:36:41] {/scrapping/app.py:18} INFO - Scrapping element of xbox one page with class from url link jeux videos.com
[12:36:42] {/scrapping/app.py:40} INFO - fetch element in for loop
[12:37:37] {/scrapping/app.py:17} INFO - script start
[12:37:37] {/scrapping/app.py:18} INFO - Scrapping element of xbox one page with class from url link jeux videos.com
[12:37:37] {/scrapping/app.py:51} INFO - scrapping element ps5 title in page jeux videos.com 
[12:37:38] {/scrapping/app.py:67} INFO - scrapping element pc title in page jeux videos.com 
[12:37:43] {/scrapping/app.py:83} INFO - end of script
[12:37:43] {/usr/local/lib/python3.9/site-packages/werkzeug/_internal.py:113} INFO -  * Running on http://0.0.0.0:3000/ (Press CTRL+C to quit)
[12:37:43] {/usr/local/lib/python3.9/site-packages/werkzeug/_internal.py:113} INFO -  * Restarting with stat
[12:37:44] {/scrapping/app.py:17} INFO - script start
[12:37:44] {/scrapping/app.py:18} INFO - Scrapping element of xbox one page with class from url link jeux videos.com
[12:37:44] {/scrapping/app.py:51} INFO - scrapping element ps5 title in page jeux videos.com 
[12:38:25] {/scrapping/app.py:67} INFO - scrapping element pc title in page jeux videos.com 
[12:38:27] {/scrapping/app.py:83} INFO - end of script
[12:38:27] {/usr/local/lib/python3.9/site-packages/werkzeug/_internal.py:113} WARNING -  * Debugger is active!
[12:38:27] {/usr/local/lib/python3.9/site-packages/werkzeug/_internal.py:113} INFO -  * Debugger PIN: 253-768-365
[12:38:28] {/scrapping/app.py:40} INFO - fetch element in for loop
[12:38:28] {/usr/local/lib/python3.9/site-packages/werkzeug/_internal.py:113} INFO - 172.17.0.1 - - [18/Feb/2021 12:38:28] "[37mGET /get_xbox HTTP/1.1[0m" 200 -
[12:53:02] {/usr/local/lib/python3.9/site-packages/werkzeug/_internal.py:113} INFO -  * Detected change in '/scrapping/app.py', reloading
[12:53:03] {/usr/local/lib/python3.9/site-packages/werkzeug/_internal.py:113} INFO -  * Restarting with stat
[12:53:03] {/scrapping/app.py:17} INFO - script start
[12:53:03] {/scrapping/app.py:18} INFO - Scrapping element of xbox one page with class from url link jeux videos.com
[12:53:03] {/scrapping/app.py:51} INFO - scrapping element ps5 title in page jeux videos.com 
[12:53:10] {/scrapping/app.py:68} INFO - scrapping element pc title in page jeux videos.com 
[12:53:13] {/scrapping/app.py:84} INFO - end of script
[12:53:13] {/usr/local/lib/python3.9/site-packages/werkzeug/_internal.py:113} WARNING -  * Debugger is active!
[12:53:13] {/usr/local/lib/python3.9/site-packages/werkzeug/_internal.py:113} INFO -  * Debugger PIN: 253-768-365
[12:53:15] {/usr/local/lib/python3.9/site-packages/werkzeug/_internal.py:113} INFO -  * Detected change in '/scrapping/app.py', reloading
[12:53:15] {/usr/local/lib/python3.9/site-packages/werkzeug/_internal.py:113} INFO -  * Restarting with stat
[12:53:16] {/scrapping/app.py:17} INFO - script start
[12:53:16] {/scrapping/app.py:18} INFO - Scrapping element of xbox one page with class from url link jeux videos.com
[12:53:16] {/scrapping/app.py:51} INFO - scrapping element ps5 title in page jeux videos.com 
[12:53:18] {/scrapping/app.py:68} INFO - scrapping element pc title in page jeux videos.com 
[12:53:25] {/scrapping/app.py:84} INFO - end of script
[12:53:25] {/usr/local/lib/python3.9/site-packages/werkzeug/_internal.py:113} WARNING -  * Debugger is active!
[12:53:25] {/usr/local/lib/python3.9/site-packages/werkzeug/_internal.py:113} INFO -  * Debugger PIN: 253-768-365
[12:53:26] {/usr/local/lib/python3.9/site-packages/werkzeug/_internal.py:113} INFO -  * Detected change in '/scrapping/app.py', reloading
[12:53:27] {/usr/local/lib/python3.9/site-packages/werkzeug/_internal.py:113} INFO -  * Restarting with stat
[12:53:27] {/scrapping/app.py:17} INFO - script start
[12:53:27] {/scrapping/app.py:18} INFO - Scrapping element of xbox one page with class from url link jeux videos.com
[12:53:27] {/scrapping/app.py:51} INFO - scrapping element ps5 title in page jeux videos.com 
[12:53:36] {/scrapping/app.py:68} INFO - scrapping element pc title in page jeux videos.com 
[12:53:43] {/scrapping/app.py:84} INFO - end of script
[12:53:43] {/usr/local/lib/python3.9/site-packages/werkzeug/_internal.py:113} WARNING -  * Debugger is active!
[12:53:43] {/usr/local/lib/python3.9/site-packages/werkzeug/_internal.py:113} INFO -  * Debugger PIN: 253-768-365
[12:53:44] {/usr/local/lib/python3.9/site-packages/werkzeug/_internal.py:113} INFO -  * Detected change in '/scrapping/app.py', reloading
[12:53:44] {/usr/local/lib/python3.9/site-packages/werkzeug/_internal.py:113} INFO -  * Restarting with stat
[12:53:45] {/scrapping/app.py:17} INFO - script start
[12:53:45] {/scrapping/app.py:18} INFO - Scrapping element of xbox one page with class from url link jeux videos.com
[12:53:45] {/scrapping/app.py:51} INFO - scrapping element ps5 title in page jeux videos.com 
[12:53:45] {/scrapping/app.py:68} INFO - scrapping element pc title in page jeux videos.com 
[12:53:49] {/scrapping/app.py:85} INFO - end of script
[12:53:49] {/usr/local/lib/python3.9/site-packages/werkzeug/_internal.py:113} WARNING -  * Debugger is active!
[12:53:49] {/usr/local/lib/python3.9/site-packages/werkzeug/_internal.py:113} INFO -  * Debugger PIN: 253-768-365
[12:54:08] {/usr/local/lib/python3.9/site-packages/werkzeug/_internal.py:113} INFO -  * Detected change in '/scrapping/app.py', reloading
[12:54:08] {/usr/local/lib/python3.9/site-packages/werkzeug/_internal.py:113} INFO -  * Restarting with stat
[12:54:09] {/scrapping/app.py:17} INFO - script start
[12:54:09] {/scrapping/app.py:18} INFO - Scrapping element of xbox one page with class from url link jeux videos.com
[12:54:09] {/scrapping/app.py:51} INFO - scrapping element ps5 title in page jeux videos.com 
[12:54:09] {/scrapping/app.py:68} INFO - scrapping element pc title in page jeux videos.com 
[12:54:13] {/scrapping/app.py:86} INFO - end of script
[12:54:13] {/usr/local/lib/python3.9/site-packages/werkzeug/_internal.py:113} WARNING -  * Debugger is active!
[12:54:13] {/usr/local/lib/python3.9/site-packages/werkzeug/_internal.py:113} INFO -  * Debugger PIN: 253-768-365
[12:54:16] {/usr/local/lib/python3.9/site-packages/werkzeug/_internal.py:113} INFO -  * Detected change in '/scrapping/app.py', reloading
[12:54:16] {/usr/local/lib/python3.9/site-packages/werkzeug/_internal.py:113} INFO -  * Restarting with stat
[12:54:17] {/scrapping/app.py:17} INFO - script start
[12:54:17] {/scrapping/app.py:18} INFO - Scrapping element of xbox one page with class from url link jeux videos.com
[12:54:17] {/scrapping/app.py:51} INFO - scrapping element ps5 title in page jeux videos.com 
[12:54:17] {/scrapping/app.py:68} INFO - scrapping element pc title in page jeux videos.com 
[12:55:03] {/scrapping/app.py:17} INFO - script start
[12:55:03] {/scrapping/app.py:18} INFO - Scrapping element of xbox one page with class from url link jeux videos.com
[12:55:03] {/scrapping/app.py:51} INFO - scrapping element ps5 title in page jeux videos.com 
[12:55:03] {/scrapping/app.py:68} INFO - scrapping element pc title in page jeux videos.com 
[12:55:03] {/scrapping/app.py:86} INFO - end of script
[12:55:03] {/usr/local/lib/python3.9/site-packages/werkzeug/_internal.py:113} INFO -  * Running on http://0.0.0.0:3000/ (Press CTRL+C to quit)
[12:55:03] {/usr/local/lib/python3.9/site-packages/werkzeug/_internal.py:113} INFO -  * Restarting with stat
[12:55:04] {/scrapping/app.py:17} INFO - script start
[12:55:04] {/scrapping/app.py:18} INFO - Scrapping element of xbox one page with class from url link jeux videos.com
[12:55:04] {/scrapping/app.py:51} INFO - scrapping element ps5 title in page jeux videos.com 
[12:55:04] {/scrapping/app.py:68} INFO - scrapping element pc title in page jeux videos.com 
[12:55:04] {/scrapping/app.py:86} INFO - end of script
[12:55:04] {/usr/local/lib/python3.9/site-packages/werkzeug/_internal.py:113} WARNING -  * Debugger is active!
[12:55:04] {/usr/local/lib/python3.9/site-packages/werkzeug/_internal.py:113} INFO -  * Debugger PIN: 253-768-365
[12:55:20] {/usr/local/lib/python3.9/site-packages/werkzeug/_internal.py:113} INFO - 172.17.0.1 - - [18/Feb/2021 12:55:20] "[37mGET /get_ps5 HTTP/1.1[0m" 200 -
[13:15:13] {/usr/local/lib/python3.9/site-packages/werkzeug/_internal.py:113} INFO - 172.17.0.1 - - [18/Feb/2021 13:15:13] "[37mGET /get_ps5 HTTP/1.1[0m" 200 -
[13:15:15] {/usr/local/lib/python3.9/site-packages/werkzeug/_internal.py:113} INFO - 172.17.0.1 - - [18/Feb/2021 13:15:15] "[37mGET /get_ps5 HTTP/1.1[0m" 200 -
[13:15:16] {/usr/local/lib/python3.9/site-packages/werkzeug/_internal.py:113} INFO - 172.17.0.1 - - [18/Feb/2021 13:15:16] "[37mGET /get_ps5 HTTP/1.1[0m" 200 -
[13:15:18] {/usr/local/lib/python3.9/site-packages/werkzeug/_internal.py:113} INFO - 172.17.0.1 - - [18/Feb/2021 13:15:18] "[37mGET /get_ps5 HTTP/1.1[0m" 200 -
[13:15:21] {/usr/local/lib/python3.9/site-packages/werkzeug/_internal.py:113} INFO - 172.17.0.1 - - [18/Feb/2021 13:15:21] "[37mGET /get_ps5 HTTP/1.1[0m" 200 -
[13:15:21] {/usr/local/lib/python3.9/site-packages/werkzeug/_internal.py:113} INFO - 172.17.0.1 - - [18/Feb/2021 13:15:21] "[37mGET /get_ps5 HTTP/1.1[0m" 200 -
[13:15:23] {/usr/local/lib/python3.9/site-packages/werkzeug/_internal.py:113} INFO - 172.17.0.1 - - [18/Feb/2021 13:15:23] "[37mGET /get_ps5 HTTP/1.1[0m" 200 -
[13:15:24] {/usr/local/lib/python3.9/site-packages/werkzeug/_internal.py:113} INFO - 172.17.0.1 - - [18/Feb/2021 13:15:24] "[37mGET /get_ps5 HTTP/1.1[0m" 200 -
[13:15:25] {/usr/local/lib/python3.9/site-packages/werkzeug/_internal.py:113} INFO - 172.17.0.1 - - [18/Feb/2021 13:15:25] "[37mGET /get_ps5 HTTP/1.1[0m" 200 -
[13:15:25] {/usr/local/lib/python3.9/site-packages/werkzeug/_internal.py:113} INFO - 172.17.0.1 - - [18/Feb/2021 13:15:25] "[37mGET /get_ps5 HTTP/1.1[0m" 200 -
[13:15:25] {/usr/local/lib/python3.9/site-packages/werkzeug/_internal.py:113} INFO - 172.17.0.1 - - [18/Feb/2021 13:15:25] "[37mGET /get_ps5 HTTP/1.1[0m" 200 -
[13:15:26] {/usr/local/lib/python3.9/site-packages/werkzeug/_internal.py:113} INFO - 172.17.0.1 - - [18/Feb/2021 13:15:26] "[37mGET /get_ps5 HTTP/1.1[0m" 200 -
[13:15:26] {/usr/local/lib/python3.9/site-packages/werkzeug/_internal.py:113} INFO - 172.17.0.1 - - [18/Feb/2021 13:15:26] "[37mGET /get_ps5 HTTP/1.1[0m" 200 -
[13:15:29] {/usr/local/lib/python3.9/site-packages/werkzeug/_internal.py:113} INFO - 172.17.0.1 - - [18/Feb/2021 13:15:29] "[37mGET /get_ps5 HTTP/1.1[0m" 200 -
[13:15:33] {/usr/local/lib/python3.9/site-packages/werkzeug/_internal.py:113} INFO - 172.17.0.1 - - [18/Feb/2021 13:15:33] "[37mGET /get_ps5 HTTP/1.1[0m" 200 -
[13:16:21] {/usr/local/lib/python3.9/site-packages/werkzeug/_internal.py:113} INFO - 172.17.0.1 - - [18/Feb/2021 13:16:21] "[37mGET /get_ps5 HTTP/1.1[0m" 200 -
[13:16:22] {/usr/local/lib/python3.9/site-packages/werkzeug/_internal.py:113} INFO - 172.17.0.1 - - [18/Feb/2021 13:16:22] "[37mGET /get_ps5 HTTP/1.1[0m" 200 -
[13:16:22] {/usr/local/lib/python3.9/site-packages/werkzeug/_internal.py:113} INFO - 172.17.0.1 - - [18/Feb/2021 13:16:22] "[37mGET /get_ps5 HTTP/1.1[0m" 200 -
[13:16:23] {/usr/local/lib/python3.9/site-packages/werkzeug/_internal.py:113} INFO - 172.17.0.1 - - [18/Feb/2021 13:16:23] "[37mGET /get_ps5 HTTP/1.1[0m" 200 -
[13:16:24] {/usr/local/lib/python3.9/site-packages/werkzeug/_internal.py:113} INFO - 172.17.0.1 - - [18/Feb/2021 13:16:24] "[37mGET /get_ps5 HTTP/1.1[0m" 200 -
[13:16:24] {/usr/local/lib/python3.9/site-packages/werkzeug/_internal.py:113} INFO - 172.17.0.1 - - [18/Feb/2021 13:16:24] "[37mGET /get_ps5 HTTP/1.1[0m" 200 -
[13:16:25] {/usr/local/lib/python3.9/site-packages/werkzeug/_internal.py:113} INFO - 172.17.0.1 - - [18/Feb/2021 13:16:25] "[37mGET /get_ps5 HTTP/1.1[0m" 200 -
[13:16:26] {/usr/local/lib/python3.9/site-packages/werkzeug/_internal.py:113} INFO - 172.17.0.1 - - [18/Feb/2021 13:16:26] "[37mGET /get_ps5 HTTP/1.1[0m" 200 -
[13:16:30] {/usr/local/lib/python3.9/site-packages/werkzeug/_internal.py:113} INFO - 172.17.0.1 - - [18/Feb/2021 13:16:30] "[37mGET /get_ps5 HTTP/1.1[0m" 200 -
[13:16:31] {/usr/local/lib/python3.9/site-packages/werkzeug/_internal.py:113} INFO - 172.17.0.1 - - [18/Feb/2021 13:16:31] "[37mGET /get_ps5 HTTP/1.1[0m" 200 -
[13:16:32] {/usr/local/lib/python3.9/site-packages/werkzeug/_internal.py:113} INFO - 172.17.0.1 - - [18/Feb/2021 13:16:32] "[37mGET /get_ps5 HTTP/1.1[0m" 200 -
[13:16:36] {/usr/local/lib/python3.9/site-packages/werkzeug/_internal.py:113} INFO - 172.17.0.1 - - [18/Feb/2021 13:16:36] "[37mGET /get_ps5 HTTP/1.1[0m" 200 -
[13:16:38] {/usr/local/lib/python3.9/site-packages/werkzeug/_internal.py:113} INFO - 172.17.0.1 - - [18/Feb/2021 13:16:38] "[37mGET /get_ps5 HTTP/1.1[0m" 200 -
[13:16:39] {/usr/local/lib/python3.9/site-packages/werkzeug/_internal.py:113} INFO - 172.17.0.1 - - [18/Feb/2021 13:16:39] "[37mGET /get_ps5 HTTP/1.1[0m" 200 -
[13:16:40] {/usr/local/lib/python3.9/site-packages/werkzeug/_internal.py:113} INFO - 172.17.0.1 - - [18/Feb/2021 13:16:40] "[37mGET /get_ps5 HTTP/1.1[0m" 200 -
[13:16:41] {/usr/local/lib/python3.9/site-packages/werkzeug/_internal.py:113} INFO - 172.17.0.1 - - [18/Feb/2021 13:16:41] "[37mGET /get_ps5 HTTP/1.1[0m" 200 -
[13:16:42] {/usr/local/lib/python3.9/site-packages/werkzeug/_internal.py:113} INFO - 172.17.0.1 - - [18/Feb/2021 13:16:42] "[37mGET /get_ps5 HTTP/1.1[0m" 200 -
[13:16:43] {/usr/local/lib/python3.9/site-packages/werkzeug/_internal.py:113} INFO - 172.17.0.1 - - [18/Feb/2021 13:16:43] "[37mGET /get_ps5 HTTP/1.1[0m" 200 -
[13:16:45] {/usr/local/lib/python3.9/site-packages/werkzeug/_internal.py:113} INFO - 172.17.0.1 - - [18/Feb/2021 13:16:45] "[37mGET /get_ps5 HTTP/1.1[0m" 200 -
[13:16:47] {/usr/local/lib/python3.9/site-packages/werkzeug/_internal.py:113} INFO - 172.17.0.1 - - [18/Feb/2021 13:16:47] "[37mGET /get_ps5 HTTP/1.1[0m" 200 -
[13:16:51] {/usr/local/lib/python3.9/site-packages/werkzeug/_internal.py:113} INFO - 172.17.0.1 - - [18/Feb/2021 13:16:51] "[37mGET /get_ps5 HTTP/1.1[0m" 200 -
[13:16:52] {/usr/local/lib/python3.9/site-packages/werkzeug/_internal.py:113} INFO - 172.17.0.1 - - [18/Feb/2021 13:16:52] "[37mGET /get_ps5 HTTP/1.1[0m" 200 -
[13:16:54] {/usr/local/lib/python3.9/site-packages/werkzeug/_internal.py:113} INFO - 172.17.0.1 - - [18/Feb/2021 13:16:54] "[37mGET /get_ps5 HTTP/1.1[0m" 200 -
[13:16:57] {/usr/local/lib/python3.9/site-packages/werkzeug/_internal.py:113} INFO - 172.17.0.1 - - [18/Feb/2021 13:16:57] "[37mGET /get_ps5 HTTP/1.1[0m" 200 -
[13:16:59] {/usr/local/lib/python3.9/site-packages/werkzeug/_internal.py:113} INFO - 172.17.0.1 - - [18/Feb/2021 13:16:59] "[37mGET /get_ps5 HTTP/1.1[0m" 200 -
[13:17:00] {/usr/local/lib/python3.9/site-packages/werkzeug/_internal.py:113} INFO - 172.17.0.1 - - [18/Feb/2021 13:17:00] "[37mGET /get_ps5 HTTP/1.1[0m" 200 -
[13:17:01] {/usr/local/lib/python3.9/site-packages/werkzeug/_internal.py:113} INFO - 172.17.0.1 - - [18/Feb/2021 13:17:01] "[37mGET /get_ps5 HTTP/1.1[0m" 200 -
[13:17:03] {/usr/local/lib/python3.9/site-packages/werkzeug/_internal.py:113} INFO - 172.17.0.1 - - [18/Feb/2021 13:17:03] "[37mGET /get_ps5 HTTP/1.1[0m" 200 -
[13:17:04] {/usr/local/lib/python3.9/site-packages/werkzeug/_internal.py:113} INFO - 172.17.0.1 - - [18/Feb/2021 13:17:04] "[37mGET /get_ps5 HTTP/1.1[0m" 200 -
[13:17:05] {/usr/local/lib/python3.9/site-packages/werkzeug/_internal.py:113} INFO - 172.17.0.1 - - [18/Feb/2021 13:17:05] "[37mGET /get_ps5 HTTP/1.1[0m" 200 -
[13:17:06] {/usr/local/lib/python3.9/site-packages/werkzeug/_internal.py:113} INFO - 172.17.0.1 - - [18/Feb/2021 13:17:06] "[37mGET /get_ps5 HTTP/1.1[0m" 200 -
[13:17:07] {/usr/local/lib/python3.9/site-packages/werkzeug/_internal.py:113} INFO - 172.17.0.1 - - [18/Feb/2021 13:17:07] "[37mGET /get_ps5 HTTP/1.1[0m" 200 -
[13:17:09] {/usr/local/lib/python3.9/site-packages/werkzeug/_internal.py:113} INFO - 172.17.0.1 - - [18/Feb/2021 13:17:09] "[37mGET /get_ps5 HTTP/1.1[0m" 200 -
[13:17:10] {/usr/local/lib/python3.9/site-packages/werkzeug/_internal.py:113} INFO - 172.17.0.1 - - [18/Feb/2021 13:17:10] "[37mGET /get_ps5 HTTP/1.1[0m" 200 -
[13:17:11] {/usr/local/lib/python3.9/site-packages/werkzeug/_internal.py:113} INFO - 172.17.0.1 - - [18/Feb/2021 13:17:11] "[37mGET /get_ps5 HTTP/1.1[0m" 200 -
[13:17:13] {/usr/local/lib/python3.9/site-packages/werkzeug/_internal.py:113} INFO - 172.17.0.1 - - [18/Feb/2021 13:17:13] "[37mGET /get_ps5 HTTP/1.1[0m" 200 -
[13:17:14] {/usr/local/lib/python3.9/site-packages/werkzeug/_internal.py:113} INFO - 172.17.0.1 - - [18/Feb/2021 13:17:14] "[37mGET /get_ps5 HTTP/1.1[0m" 200 -
[13:17:15] {/usr/local/lib/python3.9/site-packages/werkzeug/_internal.py:113} INFO - 172.17.0.1 - - [18/Feb/2021 13:17:15] "[37mGET /get_ps5 HTTP/1.1[0m" 200 -
[13:17:17] {/usr/local/lib/python3.9/site-packages/werkzeug/_internal.py:113} INFO - 172.17.0.1 - - [18/Feb/2021 13:17:17] "[37mGET /get_ps5 HTTP/1.1[0m" 200 -
[13:17:20] {/usr/local/lib/python3.9/site-packages/werkzeug/_internal.py:113} INFO - 172.17.0.1 - - [18/Feb/2021 13:17:20] "[37mGET /get_ps5 HTTP/1.1[0m" 200 -
[13:17:22] {/usr/local/lib/python3.9/site-packages/werkzeug/_internal.py:113} INFO - 172.17.0.1 - - [18/Feb/2021 13:17:22] "[37mGET /get_ps5 HTTP/1.1[0m" 200 -
[13:17:27] {/usr/local/lib/python3.9/site-packages/werkzeug/_internal.py:113} INFO - 172.17.0.1 - - [18/Feb/2021 13:17:27] "[37mGET /get_ps5 HTTP/1.1[0m" 200 -
[13:19:42] {/usr/local/lib/python3.9/site-packages/werkzeug/_internal.py:113} INFO - 172.17.0.1 - - [18/Feb/2021 13:19:42] "[37mGET /get_ps5 HTTP/1.1[0m" 200 -
[13:19:46] {/usr/local/lib/python3.9/site-packages/werkzeug/_internal.py:113} INFO - 172.17.0.1 - - [18/Feb/2021 13:19:46] "[37mGET /get_ps5 HTTP/1.1[0m" 200 -
[13:19:47] {/usr/local/lib/python3.9/site-packages/werkzeug/_internal.py:113} INFO - 172.17.0.1 - - [18/Feb/2021 13:19:47] "[37mGET /get_ps5 HTTP/1.1[0m" 200 -
[13:19:49] {/usr/local/lib/python3.9/site-packages/werkzeug/_internal.py:113} INFO - 172.17.0.1 - - [18/Feb/2021 13:19:49] "[37mGET /get_ps5 HTTP/1.1[0m" 200 -
[13:19:51] {/usr/local/lib/python3.9/site-packages/werkzeug/_internal.py:113} INFO - 172.17.0.1 - - [18/Feb/2021 13:19:51] "[37mGET /get_ps5 HTTP/1.1[0m" 200 -
[13:19:52] {/usr/local/lib/python3.9/site-packages/werkzeug/_internal.py:113} INFO - 172.17.0.1 - - [18/Feb/2021 13:19:52] "[37mGET /get_ps5 HTTP/1.1[0m" 200 -
[13:19:52] {/usr/local/lib/python3.9/site-packages/werkzeug/_internal.py:113} INFO - 172.17.0.1 - - [18/Feb/2021 13:19:52] "[37mGET /get_ps5 HTTP/1.1[0m" 200 -
[13:19:53] {/usr/local/lib/python3.9/site-packages/werkzeug/_internal.py:113} INFO - 172.17.0.1 - - [18/Feb/2021 13:19:53] "[37mGET /get_ps5 HTTP/1.1[0m" 200 -
[13:19:55] {/usr/local/lib/python3.9/site-packages/werkzeug/_internal.py:113} INFO - 172.17.0.1 - - [18/Feb/2021 13:19:55] "[37mGET /get_ps5 HTTP/1.1[0m" 200 -
[13:19:56] {/usr/local/lib/python3.9/site-packages/werkzeug/_internal.py:113} INFO - 172.17.0.1 - - [18/Feb/2021 13:19:56] "[37mGET /get_ps5 HTTP/1.1[0m" 200 -
[13:19:57] {/usr/local/lib/python3.9/site-packages/werkzeug/_internal.py:113} INFO - 172.17.0.1 - - [18/Feb/2021 13:19:57] "[37mGET /get_ps5 HTTP/1.1[0m" 200 -
[13:20:02] {/usr/local/lib/python3.9/site-packages/werkzeug/_internal.py:113} INFO - 172.17.0.1 - - [18/Feb/2021 13:20:02] "[37mGET /get_ps5 HTTP/1.1[0m" 200 -
[13:20:03] {/usr/local/lib/python3.9/site-packages/werkzeug/_internal.py:113} INFO - 172.17.0.1 - - [18/Feb/2021 13:20:03] "[37mGET /get_ps5 HTTP/1.1[0m" 200 -
[13:20:04] {/usr/local/lib/python3.9/site-packages/werkzeug/_internal.py:113} INFO - 172.17.0.1 - - [18/Feb/2021 13:20:04] "[37mGET /get_ps5 HTTP/1.1[0m" 200 -
[13:20:05] {/usr/local/lib/python3.9/site-packages/werkzeug/_internal.py:113} INFO - 172.17.0.1 - - [18/Feb/2021 13:20:05] "[37mGET /get_ps5 HTTP/1.1[0m" 200 -
[13:20:06] {/usr/local/lib/python3.9/site-packages/werkzeug/_internal.py:113} INFO - 172.17.0.1 - - [18/Feb/2021 13:20:06] "[37mGET /get_ps5 HTTP/1.1[0m" 200 -
[13:20:07] {/usr/local/lib/python3.9/site-packages/werkzeug/_internal.py:113} INFO - 172.17.0.1 - - [18/Feb/2021 13:20:07] "[37mGET /get_ps5 HTTP/1.1[0m" 200 -
[13:20:08] {/usr/local/lib/python3.9/site-packages/werkzeug/_internal.py:113} INFO - 172.17.0.1 - - [18/Feb/2021 13:20:08] "[37mGET /get_ps5 HTTP/1.1[0m" 200 -
[13:20:10] {/usr/local/lib/python3.9/site-packages/werkzeug/_internal.py:113} INFO - 172.17.0.1 - - [18/Feb/2021 13:20:10] "[37mGET /get_ps5 HTTP/1.1[0m" 200 -
[13:20:13] {/usr/local/lib/python3.9/site-packages/werkzeug/_internal.py:113} INFO - 172.17.0.1 - - [18/Feb/2021 13:20:13] "[37mGET /get_ps5 HTTP/1.1[0m" 200 -
[13:20:13] {/usr/local/lib/python3.9/site-packages/werkzeug/_internal.py:113} INFO - 172.17.0.1 - - [18/Feb/2021 13:20:13] "[37mGET /get_ps5 HTTP/1.1[0m" 200 -
[13:20:14] {/usr/local/lib/python3.9/site-packages/werkzeug/_internal.py:113} INFO - 172.17.0.1 - - [18/Feb/2021 13:20:14] "[37mGET /get_ps5 HTTP/1.1[0m" 200 -
[13:20:14] {/usr/local/lib/python3.9/site-packages/werkzeug/_internal.py:113} INFO - 172.17.0.1 - - [18/Feb/2021 13:20:14] "[37mGET /get_ps5 HTTP/1.1[0m" 200 -
[13:20:16] {/usr/local/lib/python3.9/site-packages/werkzeug/_internal.py:113} INFO - 172.17.0.1 - - [18/Feb/2021 13:20:16] "[37mGET /get_ps5 HTTP/1.1[0m" 200 -
[13:20:16] {/usr/local/lib/python3.9/site-packages/werkzeug/_internal.py:113} INFO - 172.17.0.1 - - [18/Feb/2021 13:20:16] "[37mGET /get_ps5 HTTP/1.1[0m" 200 -
[13:20:18] {/usr/local/lib/python3.9/site-packages/werkzeug/_internal.py:113} INFO - 172.17.0.1 - - [18/Feb/2021 13:20:18] "[37mGET /get_ps5 HTTP/1.1[0m" 200 -
[13:20:20] {/usr/local/lib/python3.9/site-packages/werkzeug/_internal.py:113} INFO - 172.17.0.1 - - [18/Feb/2021 13:20:20] "[37mGET /get_ps5 HTTP/1.1[0m" 200 -
[13:20:20] {/usr/local/lib/python3.9/site-packages/werkzeug/_internal.py:113} INFO - 172.17.0.1 - - [18/Feb/2021 13:20:20] "[37mGET /get_ps5 HTTP/1.1[0m" 200 -
[13:20:21] {/usr/local/lib/python3.9/site-packages/werkzeug/_internal.py:113} INFO - 172.17.0.1 - - [18/Feb/2021 13:20:21] "[37mGET /get_ps5 HTTP/1.1[0m" 200 -
[13:20:22] {/usr/local/lib/python3.9/site-packages/werkzeug/_internal.py:113} INFO - 172.17.0.1 - - [18/Feb/2021 13:20:22] "[37mGET /get_ps5 HTTP/1.1[0m" 200 -
[13:20:23] {/usr/local/lib/python3.9/site-packages/werkzeug/_internal.py:113} INFO - 172.17.0.1 - - [18/Feb/2021 13:20:23] "[37mGET /get_ps5 HTTP/1.1[0m" 200 -
[13:20:24] {/usr/local/lib/python3.9/site-packages/werkzeug/_internal.py:113} INFO - 172.17.0.1 - - [18/Feb/2021 13:20:24] "[37mGET /get_ps5 HTTP/1.1[0m" 200 -
[13:20:25] {/usr/local/lib/python3.9/site-packages/werkzeug/_internal.py:113} INFO - 172.17.0.1 - - [18/Feb/2021 13:20:25] "[37mGET /get_ps5 HTTP/1.1[0m" 200 -
[13:20:27] {/usr/local/lib/python3.9/site-packages/werkzeug/_internal.py:113} INFO - 172.17.0.1 - - [18/Feb/2021 13:20:27] "[37mGET /get_ps5 HTTP/1.1[0m" 200 -
[13:20:28] {/usr/local/lib/python3.9/site-packages/werkzeug/_internal.py:113} INFO - 172.17.0.1 - - [18/Feb/2021 13:20:28] "[37mGET /get_ps5 HTTP/1.1[0m" 200 -
[13:20:28] {/usr/local/lib/python3.9/site-packages/werkzeug/_internal.py:113} INFO - 172.17.0.1 - - [18/Feb/2021 13:20:28] "[37mGET /get_ps5 HTTP/1.1[0m" 200 -
[13:20:30] {/usr/local/lib/python3.9/site-packages/werkzeug/_internal.py:113} INFO - 172.17.0.1 - - [18/Feb/2021 13:20:30] "[37mGET /get_ps5 HTTP/1.1[0m" 200 -
[13:20:31] {/usr/local/lib/python3.9/site-packages/werkzeug/_internal.py:113} INFO - 172.17.0.1 - - [18/Feb/2021 13:20:31] "[37mGET /get_ps5 HTTP/1.1[0m" 200 -
[13:20:32] {/usr/local/lib/python3.9/site-packages/werkzeug/_internal.py:113} INFO - 172.17.0.1 - - [18/Feb/2021 13:20:32] "[37mGET /get_ps5 HTTP/1.1[0m" 200 -
[13:20:33] {/usr/local/lib/python3.9/site-packages/werkzeug/_internal.py:113} INFO - 172.17.0.1 - - [18/Feb/2021 13:20:33] "[37mGET /get_ps5 HTTP/1.1[0m" 200 -
[13:20:34] {/usr/local/lib/python3.9/site-packages/werkzeug/_internal.py:113} INFO - 172.17.0.1 - - [18/Feb/2021 13:20:34] "[37mGET /get_ps5 HTTP/1.1[0m" 200 -
[13:20:34] {/usr/local/lib/python3.9/site-packages/werkzeug/_internal.py:113} INFO - 172.17.0.1 - - [18/Feb/2021 13:20:34] "[37mGET /get_ps5 HTTP/1.1[0m" 200 -
[13:20:37] {/usr/local/lib/python3.9/site-packages/werkzeug/_internal.py:113} INFO - 172.17.0.1 - - [18/Feb/2021 13:20:37] "[37mGET /get_ps5 HTTP/1.1[0m" 200 -
[13:20:38] {/usr/local/lib/python3.9/site-packages/werkzeug/_internal.py:113} INFO - 172.17.0.1 - - [18/Feb/2021 13:20:38] "[37mGET /get_ps5 HTTP/1.1[0m" 200 -
[13:20:39] {/usr/local/lib/python3.9/site-packages/werkzeug/_internal.py:113} INFO - 172.17.0.1 - - [18/Feb/2021 13:20:39] "[37mGET /get_ps5 HTTP/1.1[0m" 200 -
[13:20:41] {/usr/local/lib/python3.9/site-packages/werkzeug/_internal.py:113} INFO - 172.17.0.1 - - [18/Feb/2021 13:20:41] "[37mGET /get_ps5 HTTP/1.1[0m" 200 -
[13:20:42] {/usr/local/lib/python3.9/site-packages/werkzeug/_internal.py:113} INFO - 172.17.0.1 - - [18/Feb/2021 13:20:42] "[37mGET /get_ps5 HTTP/1.1[0m" 200 -
[13:20:42] {/usr/local/lib/python3.9/site-packages/werkzeug/_internal.py:113} INFO - 172.17.0.1 - - [18/Feb/2021 13:20:42] "[37mGET /get_ps5 HTTP/1.1[0m" 200 -
[13:20:43] {/usr/local/lib/python3.9/site-packages/werkzeug/_internal.py:113} INFO - 172.17.0.1 - - [18/Feb/2021 13:20:43] "[37mGET /get_ps5 HTTP/1.1[0m" 200 -
[13:20:45] {/usr/local/lib/python3.9/site-packages/werkzeug/_internal.py:113} INFO - 172.17.0.1 - - [18/Feb/2021 13:20:45] "[37mGET /get_ps5 HTTP/1.1[0m" 200 -
[13:20:46] {/usr/local/lib/python3.9/site-packages/werkzeug/_internal.py:113} INFO - 172.17.0.1 - - [18/Feb/2021 13:20:46] "[37mGET /get_ps5 HTTP/1.1[0m" 200 -
[13:20:47] {/usr/local/lib/python3.9/site-packages/werkzeug/_internal.py:113} INFO - 172.17.0.1 - - [18/Feb/2021 13:20:47] "[37mGET /get_ps5 HTTP/1.1[0m" 200 -
[13:20:48] {/usr/local/lib/python3.9/site-packages/werkzeug/_internal.py:113} INFO - 172.17.0.1 - - [18/Feb/2021 13:20:48] "[37mGET /get_ps5 HTTP/1.1[0m" 200 -
[13:20:49] {/usr/local/lib/python3.9/site-packages/werkzeug/_internal.py:113} INFO - 172.17.0.1 - - [18/Feb/2021 13:20:49] "[37mGET /get_ps5 HTTP/1.1[0m" 200 -
[13:20:50] {/usr/local/lib/python3.9/site-packages/werkzeug/_internal.py:113} INFO - 172.17.0.1 - - [18/Feb/2021 13:20:50] "[37mGET /get_ps5 HTTP/1.1[0m" 200 -
[13:20:57] {/usr/local/lib/python3.9/site-packages/werkzeug/_internal.py:113} INFO - 172.17.0.1 - - [18/Feb/2021 13:20:57] "[37mGET /get_ps5 HTTP/1.1[0m" 200 -
[13:21:02] {/usr/local/lib/python3.9/site-packages/werkzeug/_internal.py:113} INFO - 172.17.0.1 - - [18/Feb/2021 13:21:02] "[37mGET /get_ps5 HTTP/1.1[0m" 200 -
[13:21:05] {/usr/local/lib/python3.9/site-packages/werkzeug/_internal.py:113} INFO - 172.17.0.1 - - [18/Feb/2021 13:21:05] "[37mGET /get_ps5 HTTP/1.1[0m" 200 -
[13:21:18] {/usr/local/lib/python3.9/site-packages/werkzeug/_internal.py:113} INFO - 172.17.0.1 - - [18/Feb/2021 13:21:18] "[37mGET /get_ps5 HTTP/1.1[0m" 200 -
[13:21:21] {/usr/local/lib/python3.9/site-packages/werkzeug/_internal.py:113} INFO - 172.17.0.1 - - [18/Feb/2021 13:21:21] "[37mGET /get_ps5 HTTP/1.1[0m" 200 -
[13:21:22] {/usr/local/lib/python3.9/site-packages/werkzeug/_internal.py:113} INFO - 172.17.0.1 - - [18/Feb/2021 13:21:22] "[37mGET /get_ps5 HTTP/1.1[0m" 200 -
[13:21:23] {/usr/local/lib/python3.9/site-packages/werkzeug/_internal.py:113} INFO - 172.17.0.1 - - [18/Feb/2021 13:21:23] "[37mGET /get_ps5 HTTP/1.1[0m" 200 -
[13:21:25] {/usr/local/lib/python3.9/site-packages/werkzeug/_internal.py:113} INFO - 172.17.0.1 - - [18/Feb/2021 13:21:25] "[37mGET /get_ps5 HTTP/1.1[0m" 200 -
[13:21:28] {/usr/local/lib/python3.9/site-packages/werkzeug/_internal.py:113} INFO - 172.17.0.1 - - [18/Feb/2021 13:21:28] "[37mGET /get_ps5 HTTP/1.1[0m" 200 -
[13:21:29] {/usr/local/lib/python3.9/site-packages/werkzeug/_internal.py:113} INFO - 172.17.0.1 - - [18/Feb/2021 13:21:29] "[37mGET /get_ps5 HTTP/1.1[0m" 200 -
[13:21:31] {/usr/local/lib/python3.9/site-packages/werkzeug/_internal.py:113} INFO - 172.17.0.1 - - [18/Feb/2021 13:21:31] "[37mGET /get_ps5 HTTP/1.1[0m" 200 -
[13:21:32] {/usr/local/lib/python3.9/site-packages/werkzeug/_internal.py:113} INFO - 172.17.0.1 - - [18/Feb/2021 13:21:32] "[37mGET /get_ps5 HTTP/1.1[0m" 200 -
[13:21:34] {/usr/local/lib/python3.9/site-packages/werkzeug/_internal.py:113} INFO - 172.17.0.1 - - [18/Feb/2021 13:21:34] "[37mGET /get_ps5 HTTP/1.1[0m" 200 -
[13:21:38] {/usr/local/lib/python3.9/site-packages/werkzeug/_internal.py:113} INFO - 172.17.0.1 - - [18/Feb/2021 13:21:38] "[37mGET /get_ps5 HTTP/1.1[0m" 200 -
[13:21:40] {/usr/local/lib/python3.9/site-packages/werkzeug/_internal.py:113} INFO - 172.17.0.1 - - [18/Feb/2021 13:21:40] "[37mGET /get_ps5 HTTP/1.1[0m" 200 -
[13:21:41] {/usr/local/lib/python3.9/site-packages/werkzeug/_internal.py:113} INFO - 172.17.0.1 - - [18/Feb/2021 13:21:41] "[37mGET /get_ps5 HTTP/1.1[0m" 200 -
[13:21:43] {/usr/local/lib/python3.9/site-packages/werkzeug/_internal.py:113} INFO - 172.17.0.1 - - [18/Feb/2021 13:21:43] "[37mGET /get_ps5 HTTP/1.1[0m" 200 -
[13:21:44] {/usr/local/lib/python3.9/site-packages/werkzeug/_internal.py:113} INFO - 172.17.0.1 - - [18/Feb/2021 13:21:44] "[37mGET /get_ps5 HTTP/1.1[0m" 200 -
[13:21:44] {/usr/local/lib/python3.9/site-packages/werkzeug/_internal.py:113} INFO - 172.17.0.1 - - [18/Feb/2021 13:21:44] "[37mGET /get_ps5 HTTP/1.1[0m" 200 -
[13:21:45] {/usr/local/lib/python3.9/site-packages/werkzeug/_internal.py:113} INFO - 172.17.0.1 - - [18/Feb/2021 13:21:45] "[37mGET /get_ps5 HTTP/1.1[0m" 200 -
[13:21:47] {/usr/local/lib/python3.9/site-packages/werkzeug/_internal.py:113} INFO - 172.17.0.1 - - [18/Feb/2021 13:21:47] "[37mGET /get_ps5 HTTP/1.1[0m" 200 -
[13:21:47] {/usr/local/lib/python3.9/site-packages/werkzeug/_internal.py:113} INFO - 172.17.0.1 - - [18/Feb/2021 13:21:47] "[37mGET /get_ps5 HTTP/1.1[0m" 200 -
[13:21:48] {/usr/local/lib/python3.9/site-packages/werkzeug/_internal.py:113} INFO - 172.17.0.1 - - [18/Feb/2021 13:21:48] "[37mGET /get_ps5 HTTP/1.1[0m" 200 -
[13:21:51] {/usr/local/lib/python3.9/site-packages/werkzeug/_internal.py:113} INFO - 172.17.0.1 - - [18/Feb/2021 13:21:51] "[37mGET /get_ps5 HTTP/1.1[0m" 200 -
[13:21:52] {/usr/local/lib/python3.9/site-packages/werkzeug/_internal.py:113} INFO - 172.17.0.1 - - [18/Feb/2021 13:21:52] "[37mGET /get_ps5 HTTP/1.1[0m" 200 -
[13:21:56] {/usr/local/lib/python3.9/site-packages/werkzeug/_internal.py:113} INFO - 172.17.0.1 - - [18/Feb/2021 13:21:56] "[37mGET /get_ps5 HTTP/1.1[0m" 200 -
[13:21:57] {/usr/local/lib/python3.9/site-packages/werkzeug/_internal.py:113} INFO - 172.17.0.1 - - [18/Feb/2021 13:21:57] "[37mGET /get_ps5 HTTP/1.1[0m" 200 -
[13:21:58] {/usr/local/lib/python3.9/site-packages/werkzeug/_internal.py:113} INFO - 172.17.0.1 - - [18/Feb/2021 13:21:58] "[37mGET /get_ps5 HTTP/1.1[0m" 200 -
[13:21:59] {/usr/local/lib/python3.9/site-packages/werkzeug/_internal.py:113} INFO - 172.17.0.1 - - [18/Feb/2021 13:21:59] "[37mGET /get_ps5 HTTP/1.1[0m" 200 -
[13:21:59] {/usr/local/lib/python3.9/site-packages/werkzeug/_internal.py:113} INFO - 172.17.0.1 - - [18/Feb/2021 13:21:59] "[37mGET /get_ps5 HTTP/1.1[0m" 200 -
[13:22:00] {/usr/local/lib/python3.9/site-packages/werkzeug/_internal.py:113} INFO - 172.17.0.1 - - [18/Feb/2021 13:22:00] "[37mGET /get_ps5 HTTP/1.1[0m" 200 -
[13:22:02] {/usr/local/lib/python3.9/site-packages/werkzeug/_internal.py:113} INFO - 172.17.0.1 - - [18/Feb/2021 13:22:02] "[37mGET /get_ps5 HTTP/1.1[0m" 200 -
[13:22:04] {/usr/local/lib/python3.9/site-packages/werkzeug/_internal.py:113} INFO - 172.17.0.1 - - [18/Feb/2021 13:22:04] "[37mGET /get_ps5 HTTP/1.1[0m" 200 -
[13:22:04] {/usr/local/lib/python3.9/site-packages/werkzeug/_internal.py:113} INFO - 172.17.0.1 - - [18/Feb/2021 13:22:04] "[37mGET /get_ps5 HTTP/1.1[0m" 200 -
[13:22:06] {/usr/local/lib/python3.9/site-packages/werkzeug/_internal.py:113} INFO - 172.17.0.1 - - [18/Feb/2021 13:22:06] "[37mGET /get_ps5 HTTP/1.1[0m" 200 -
[13:22:07] {/usr/local/lib/python3.9/site-packages/werkzeug/_internal.py:113} INFO - 172.17.0.1 - - [18/Feb/2021 13:22:07] "[37mGET /get_ps5 HTTP/1.1[0m" 200 -
[13:22:08] {/usr/local/lib/python3.9/site-packages/werkzeug/_internal.py:113} INFO - 172.17.0.1 - - [18/Feb/2021 13:22:08] "[37mGET /get_ps5 HTTP/1.1[0m" 200 -
[13:22:09] {/usr/local/lib/python3.9/site-packages/werkzeug/_internal.py:113} INFO - 172.17.0.1 - - [18/Feb/2021 13:22:09] "[37mGET /get_ps5 HTTP/1.1[0m" 200 -
[13:22:13] {/usr/local/lib/python3.9/site-packages/werkzeug/_internal.py:113} INFO - 172.17.0.1 - - [18/Feb/2021 13:22:13] "[37mGET /get_ps5 HTTP/1.1[0m" 200 -
[13:22:15] {/usr/local/lib/python3.9/site-packages/werkzeug/_internal.py:113} INFO - 172.17.0.1 - - [18/Feb/2021 13:22:15] "[37mGET /get_ps5 HTTP/1.1[0m" 200 -
[13:22:17] {/usr/local/lib/python3.9/site-packages/werkzeug/_internal.py:113} INFO - 172.17.0.1 - - [18/Feb/2021 13:22:17] "[37mGET /get_ps5 HTTP/1.1[0m" 200 -
[13:22:18] {/usr/local/lib/python3.9/site-packages/werkzeug/_internal.py:113} INFO - 172.17.0.1 - - [18/Feb/2021 13:22:18] "[37mGET /get_ps5 HTTP/1.1[0m" 200 -
[13:22:19] {/usr/local/lib/python3.9/site-packages/werkzeug/_internal.py:113} INFO - 172.17.0.1 - - [18/Feb/2021 13:22:19] "[37mGET /get_ps5 HTTP/1.1[0m" 200 -
[13:22:24] {/usr/local/lib/python3.9/site-packages/werkzeug/_internal.py:113} INFO - 172.17.0.1 - - [18/Feb/2021 13:22:24] "[37mGET /get_ps5 HTTP/1.1[0m" 200 -
[13:22:25] {/usr/local/lib/python3.9/site-packages/werkzeug/_internal.py:113} INFO - 172.17.0.1 - - [18/Feb/2021 13:22:25] "[37mGET /get_ps5 HTTP/1.1[0m" 200 -
[13:22:26] {/usr/local/lib/python3.9/site-packages/werkzeug/_internal.py:113} INFO - 172.17.0.1 - - [18/Feb/2021 13:22:26] "[37mGET /get_ps5 HTTP/1.1[0m" 200 -
[13:22:28] {/usr/local/lib/python3.9/site-packages/werkzeug/_internal.py:113} INFO - 172.17.0.1 - - [18/Feb/2021 13:22:28] "[37mGET /get_ps5 HTTP/1.1[0m" 200 -
[13:22:29] {/usr/local/lib/python3.9/site-packages/werkzeug/_internal.py:113} INFO - 172.17.0.1 - - [18/Feb/2021 13:22:29] "[37mGET /get_ps5 HTTP/1.1[0m" 200 -
[13:22:34] {/usr/local/lib/python3.9/site-packages/werkzeug/_internal.py:113} INFO - 172.17.0.1 - - [18/Feb/2021 13:22:34] "[37mGET /get_ps5 HTTP/1.1[0m" 200 -
[13:22:35] {/usr/local/lib/python3.9/site-packages/werkzeug/_internal.py:113} INFO - 172.17.0.1 - - [18/Feb/2021 13:22:35] "[37mGET /get_ps5 HTTP/1.1[0m" 200 -
[13:22:36] {/usr/local/lib/python3.9/site-packages/werkzeug/_internal.py:113} INFO - 172.17.0.1 - - [18/Feb/2021 13:22:36] "[37mGET /get_ps5 HTTP/1.1[0m" 200 -
[13:22:38] {/usr/local/lib/python3.9/site-packages/werkzeug/_internal.py:113} INFO - 172.17.0.1 - - [18/Feb/2021 13:22:38] "[37mGET /get_ps5 HTTP/1.1[0m" 200 -
[13:22:47] {/usr/local/lib/python3.9/site-packages/werkzeug/_internal.py:113} INFO - 172.17.0.1 - - [18/Feb/2021 13:22:47] "[37mGET /get_ps5 HTTP/1.1[0m" 200 -
[13:22:48] {/usr/local/lib/python3.9/site-packages/werkzeug/_internal.py:113} INFO - 172.17.0.1 - - [18/Feb/2021 13:22:48] "[37mGET /get_ps5 HTTP/1.1[0m" 200 -
[13:22:49] {/usr/local/lib/python3.9/site-packages/werkzeug/_internal.py:113} INFO - 172.17.0.1 - - [18/Feb/2021 13:22:49] "[37mGET /get_ps5 HTTP/1.1[0m" 200 -
[13:22:50] {/usr/local/lib/python3.9/site-packages/werkzeug/_internal.py:113} INFO - 172.17.0.1 - - [18/Feb/2021 13:22:50] "[37mGET /get_ps5 HTTP/1.1[0m" 200 -
[13:22:51] {/usr/local/lib/python3.9/site-packages/werkzeug/_internal.py:113} INFO - 172.17.0.1 - - [18/Feb/2021 13:22:51] "[37mGET /get_ps5 HTTP/1.1[0m" 200 -
[13:22:52] {/usr/local/lib/python3.9/site-packages/werkzeug/_internal.py:113} INFO - 172.17.0.1 - - [18/Feb/2021 13:22:52] "[37mGET /get_ps5 HTTP/1.1[0m" 200 -
[13:22:53] {/usr/local/lib/python3.9/site-packages/werkzeug/_internal.py:113} INFO - 172.17.0.1 - - [18/Feb/2021 13:22:53] "[37mGET /get_ps5 HTTP/1.1[0m" 200 -
[13:22:54] {/usr/local/lib/python3.9/site-packages/werkzeug/_internal.py:113} INFO - 172.17.0.1 - - [18/Feb/2021 13:22:54] "[37mGET /get_ps5 HTTP/1.1[0m" 200 -
[13:22:56] {/usr/local/lib/python3.9/site-packages/werkzeug/_internal.py:113} INFO - 172.17.0.1 - - [18/Feb/2021 13:22:56] "[37mGET /get_ps5 HTTP/1.1[0m" 200 -
[13:22:57] {/usr/local/lib/python3.9/site-packages/werkzeug/_internal.py:113} INFO - 172.17.0.1 - - [18/Feb/2021 13:22:57] "[37mGET /get_ps5 HTTP/1.1[0m" 200 -
[13:22:58] {/usr/local/lib/python3.9/site-packages/werkzeug/_internal.py:113} INFO - 172.17.0.1 - - [18/Feb/2021 13:22:58] "[37mGET /get_ps5 HTTP/1.1[0m" 200 -
[13:24:06] {/usr/local/lib/python3.9/site-packages/werkzeug/_internal.py:113} INFO - 172.17.0.1 - - [18/Feb/2021 13:24:06] "[35m[1mGET /get_ps5 HTTP/1.1[0m" 500 -
[13:24:14] {/usr/local/lib/python3.9/site-packages/werkzeug/_internal.py:113} INFO - 172.17.0.1 - - [18/Feb/2021 13:24:14] "[37mGET /get_ps5 HTTP/1.1[0m" 200 -
[13:24:15] {/usr/local/lib/python3.9/site-packages/werkzeug/_internal.py:113} INFO - 172.17.0.1 - - [18/Feb/2021 13:24:15] "[37mGET /get_ps5 HTTP/1.1[0m" 200 -
[13:24:15] {/usr/local/lib/python3.9/site-packages/werkzeug/_internal.py:113} INFO - 172.17.0.1 - - [18/Feb/2021 13:24:15] "[37mGET /get_ps5 HTTP/1.1[0m" 200 -
[13:24:16] {/usr/local/lib/python3.9/site-packages/werkzeug/_internal.py:113} INFO - 172.17.0.1 - - [18/Feb/2021 13:24:16] "[37mGET /get_ps5 HTTP/1.1[0m" 200 -
[13:24:18] {/usr/local/lib/python3.9/site-packages/werkzeug/_internal.py:113} INFO - 172.17.0.1 - - [18/Feb/2021 13:24:18] "[37mGET /get_ps5 HTTP/1.1[0m" 200 -
[13:24:19] {/usr/local/lib/python3.9/site-packages/werkzeug/_internal.py:113} INFO - 172.17.0.1 - - [18/Feb/2021 13:24:19] "[37mGET /get_ps5 HTTP/1.1[0m" 200 -
[13:24:20] {/usr/local/lib/python3.9/site-packages/werkzeug/_internal.py:113} INFO - 172.17.0.1 - - [18/Feb/2021 13:24:20] "[37mGET /get_ps5 HTTP/1.1[0m" 200 -
[13:24:22] {/usr/local/lib/python3.9/site-packages/werkzeug/_internal.py:113} INFO - 172.17.0.1 - - [18/Feb/2021 13:24:22] "[37mGET /get_ps5 HTTP/1.1[0m" 200 -
[13:24:22] {/usr/local/lib/python3.9/site-packages/werkzeug/_internal.py:113} INFO - 172.17.0.1 - - [18/Feb/2021 13:24:22] "[37mGET /get_ps5 HTTP/1.1[0m" 200 -
[13:24:23] {/usr/local/lib/python3.9/site-packages/werkzeug/_internal.py:113} INFO - 172.17.0.1 - - [18/Feb/2021 13:24:23] "[37mGET /get_ps5 HTTP/1.1[0m" 200 -
[13:24:23] {/usr/local/lib/python3.9/site-packages/werkzeug/_internal.py:113} INFO - 172.17.0.1 - - [18/Feb/2021 13:24:23] "[37mGET /get_ps5 HTTP/1.1[0m" 200 -
[13:24:24] {/usr/local/lib/python3.9/site-packages/werkzeug/_internal.py:113} INFO - 172.17.0.1 - - [18/Feb/2021 13:24:24] "[37mGET /get_ps5 HTTP/1.1[0m" 200 -
[13:24:25] {/usr/local/lib/python3.9/site-packages/werkzeug/_internal.py:113} INFO - 172.17.0.1 - - [18/Feb/2021 13:24:25] "[37mGET /get_ps5 HTTP/1.1[0m" 200 -
[13:24:26] {/usr/local/lib/python3.9/site-packages/werkzeug/_internal.py:113} INFO - 172.17.0.1 - - [18/Feb/2021 13:24:26] "[37mGET /get_ps5 HTTP/1.1[0m" 200 -
[13:24:27] {/usr/local/lib/python3.9/site-packages/werkzeug/_internal.py:113} INFO - 172.17.0.1 - - [18/Feb/2021 13:24:27] "[37mGET /get_ps5 HTTP/1.1[0m" 200 -
[13:24:28] {/usr/local/lib/python3.9/site-packages/werkzeug/_internal.py:113} INFO - 172.17.0.1 - - [18/Feb/2021 13:24:28] "[37mGET /get_ps5 HTTP/1.1[0m" 200 -
[13:24:29] {/usr/local/lib/python3.9/site-packages/werkzeug/_internal.py:113} INFO - 172.17.0.1 - - [18/Feb/2021 13:24:29] "[37mGET /get_ps5 HTTP/1.1[0m" 200 -
[13:24:30] {/usr/local/lib/python3.9/site-packages/werkzeug/_internal.py:113} INFO - 172.17.0.1 - - [18/Feb/2021 13:24:30] "[37mGET /get_ps5 HTTP/1.1[0m" 200 -
[13:24:30] {/usr/local/lib/python3.9/site-packages/werkzeug/_internal.py:113} INFO - 172.17.0.1 - - [18/Feb/2021 13:24:30] "[37mGET /get_ps5 HTTP/1.1[0m" 200 -
[13:24:31] {/usr/local/lib/python3.9/site-packages/werkzeug/_internal.py:113} INFO - 172.17.0.1 - - [18/Feb/2021 13:24:31] "[37mGET /get_ps5 HTTP/1.1[0m" 200 -
[13:24:35] {/usr/local/lib/python3.9/site-packages/werkzeug/_internal.py:113} INFO - 172.17.0.1 - - [18/Feb/2021 13:24:35] "[37mGET /get_ps5 HTTP/1.1[0m" 200 -
[13:24:36] {/usr/local/lib/python3.9/site-packages/werkzeug/_internal.py:113} INFO - 172.17.0.1 - - [18/Feb/2021 13:24:36] "[37mGET /get_ps5 HTTP/1.1[0m" 200 -
[13:24:36] {/usr/local/lib/python3.9/site-packages/werkzeug/_internal.py:113} INFO - 172.17.0.1 - - [18/Feb/2021 13:24:36] "[37mGET /get_ps5 HTTP/1.1[0m" 200 -
[13:24:37] {/usr/local/lib/python3.9/site-packages/werkzeug/_internal.py:113} INFO - 172.17.0.1 - - [18/Feb/2021 13:24:37] "[37mGET /get_ps5 HTTP/1.1[0m" 200 -
[13:24:40] {/usr/local/lib/python3.9/site-packages/werkzeug/_internal.py:113} INFO - 172.17.0.1 - - [18/Feb/2021 13:24:40] "[37mGET /get_ps5 HTTP/1.1[0m" 200 -
[13:24:43] {/usr/local/lib/python3.9/site-packages/werkzeug/_internal.py:113} INFO - 172.17.0.1 - - [18/Feb/2021 13:24:43] "[37mGET /get_ps5 HTTP/1.1[0m" 200 -
[13:24:45] {/usr/local/lib/python3.9/site-packages/werkzeug/_internal.py:113} INFO - 172.17.0.1 - - [18/Feb/2021 13:24:45] "[37mGET /get_ps5 HTTP/1.1[0m" 200 -
[13:24:45] {/usr/local/lib/python3.9/site-packages/werkzeug/_internal.py:113} INFO - 172.17.0.1 - - [18/Feb/2021 13:24:45] "[37mGET /get_ps5 HTTP/1.1[0m" 200 -
[13:24:46] {/usr/local/lib/python3.9/site-packages/werkzeug/_internal.py:113} INFO - 172.17.0.1 - - [18/Feb/2021 13:24:46] "[37mGET /get_ps5 HTTP/1.1[0m" 200 -
[13:24:47] {/usr/local/lib/python3.9/site-packages/werkzeug/_internal.py:113} INFO - 172.17.0.1 - - [18/Feb/2021 13:24:47] "[37mGET /get_ps5 HTTP/1.1[0m" 200 -
[13:24:49] {/usr/local/lib/python3.9/site-packages/werkzeug/_internal.py:113} INFO - 172.17.0.1 - - [18/Feb/2021 13:24:49] "[37mGET /get_ps5 HTTP/1.1[0m" 200 -
[13:24:53] {/usr/local/lib/python3.9/site-packages/werkzeug/_internal.py:113} INFO - 172.17.0.1 - - [18/Feb/2021 13:24:53] "[37mGET /get_ps5 HTTP/1.1[0m" 200 -
[13:24:53] {/usr/local/lib/python3.9/site-packages/werkzeug/_internal.py:113} INFO - 172.17.0.1 - - [18/Feb/2021 13:24:53] "[37mGET /get_ps5 HTTP/1.1[0m" 200 -
[13:24:55] {/usr/local/lib/python3.9/site-packages/werkzeug/_internal.py:113} INFO - 172.17.0.1 - - [18/Feb/2021 13:24:55] "[37mGET /get_ps5 HTTP/1.1[0m" 200 -
[13:25:01] {/usr/local/lib/python3.9/site-packages/werkzeug/_internal.py:113} INFO - 172.17.0.1 - - [18/Feb/2021 13:25:01] "[37mGET /get_ps5 HTTP/1.1[0m" 200 -
[13:25:02] {/usr/local/lib/python3.9/site-packages/werkzeug/_internal.py:113} INFO - 172.17.0.1 - - [18/Feb/2021 13:25:02] "[37mGET /get_ps5 HTTP/1.1[0m" 200 -
[13:25:09] {/usr/local/lib/python3.9/site-packages/werkzeug/_internal.py:113} INFO - 172.17.0.1 - - [18/Feb/2021 13:25:09] "[37mGET /get_ps5 HTTP/1.1[0m" 200 -
[13:26:22] {/usr/local/lib/python3.9/site-packages/werkzeug/_internal.py:113} INFO - 172.17.0.1 - - [18/Feb/2021 13:26:22] "[37mGET /get_ps5 HTTP/1.1[0m" 200 -
[13:26:23] {/usr/local/lib/python3.9/site-packages/werkzeug/_internal.py:113} INFO - 172.17.0.1 - - [18/Feb/2021 13:26:23] "[37mGET /get_ps5 HTTP/1.1[0m" 200 -
[13:26:24] {/usr/local/lib/python3.9/site-packages/werkzeug/_internal.py:113} INFO - 172.17.0.1 - - [18/Feb/2021 13:26:24] "[37mGET /get_ps5 HTTP/1.1[0m" 200 -
[13:26:26] {/usr/local/lib/python3.9/site-packages/werkzeug/_internal.py:113} INFO - 172.17.0.1 - - [18/Feb/2021 13:26:26] "[37mGET /get_ps5 HTTP/1.1[0m" 200 -
[13:26:54] {/usr/local/lib/python3.9/site-packages/werkzeug/_internal.py:113} INFO - 172.17.0.1 - - [18/Feb/2021 13:26:54] "[37mGET /get_ps5 HTTP/1.1[0m" 200 -
[13:26:55] {/usr/local/lib/python3.9/site-packages/werkzeug/_internal.py:113} INFO - 172.17.0.1 - - [18/Feb/2021 13:26:55] "[37mGET /get_ps5 HTTP/1.1[0m" 200 -
[13:26:56] {/usr/local/lib/python3.9/site-packages/werkzeug/_internal.py:113} INFO - 172.17.0.1 - - [18/Feb/2021 13:26:56] "[37mGET /get_ps5 HTTP/1.1[0m" 200 -
[13:27:00] {/usr/local/lib/python3.9/site-packages/werkzeug/_internal.py:113} INFO - 172.17.0.1 - - [18/Feb/2021 13:27:00] "[37mGET /get_ps5 HTTP/1.1[0m" 200 -
[13:27:03] {/usr/local/lib/python3.9/site-packages/werkzeug/_internal.py:113} INFO - 172.17.0.1 - - [18/Feb/2021 13:27:03] "[37mGET /get_ps5 HTTP/1.1[0m" 200 -
[13:27:03] {/usr/local/lib/python3.9/site-packages/werkzeug/_internal.py:113} INFO - 172.17.0.1 - - [18/Feb/2021 13:27:03] "[37mGET /get_ps5 HTTP/1.1[0m" 200 -
[13:27:09] {/usr/local/lib/python3.9/site-packages/werkzeug/_internal.py:113} INFO - 172.17.0.1 - - [18/Feb/2021 13:27:09] "[37mGET /get_ps5 HTTP/1.1[0m" 200 -
[13:27:30] {/usr/local/lib/python3.9/site-packages/werkzeug/_internal.py:113} INFO - 172.17.0.1 - - [18/Feb/2021 13:27:30] "[35m[1mGET /get_ps5 HTTP/1.1[0m" 500 -
[13:29:03] {/usr/local/lib/python3.9/site-packages/werkzeug/_internal.py:113} INFO - 172.17.0.1 - - [18/Feb/2021 13:29:03] "[37mGET /get_ps5 HTTP/1.1[0m" 200 -
[13:29:04] {/usr/local/lib/python3.9/site-packages/werkzeug/_internal.py:113} INFO - 172.17.0.1 - - [18/Feb/2021 13:29:04] "[37mGET /get_ps5 HTTP/1.1[0m" 200 -
[13:29:05] {/usr/local/lib/python3.9/site-packages/werkzeug/_internal.py:113} INFO - 172.17.0.1 - - [18/Feb/2021 13:29:05] "[37mGET /get_ps5 HTTP/1.1[0m" 200 -
[13:29:06] {/usr/local/lib/python3.9/site-packages/werkzeug/_internal.py:113} INFO - 172.17.0.1 - - [18/Feb/2021 13:29:06] "[37mGET /get_ps5 HTTP/1.1[0m" 200 -
[13:29:07] {/usr/local/lib/python3.9/site-packages/werkzeug/_internal.py:113} INFO - 172.17.0.1 - - [18/Feb/2021 13:29:07] "[37mGET /get_ps5 HTTP/1.1[0m" 200 -
[13:29:08] {/usr/local/lib/python3.9/site-packages/werkzeug/_internal.py:113} INFO - 172.17.0.1 - - [18/Feb/2021 13:29:08] "[37mGET /get_ps5 HTTP/1.1[0m" 200 -
[13:29:12] {/usr/local/lib/python3.9/site-packages/werkzeug/_internal.py:113} INFO - 172.17.0.1 - - [18/Feb/2021 13:29:12] "[37mGET /get_ps5 HTTP/1.1[0m" 200 -
[13:29:13] {/usr/local/lib/python3.9/site-packages/werkzeug/_internal.py:113} INFO - 172.17.0.1 - - [18/Feb/2021 13:29:13] "[37mGET /get_ps5 HTTP/1.1[0m" 200 -
[13:29:14] {/usr/local/lib/python3.9/site-packages/werkzeug/_internal.py:113} INFO - 172.17.0.1 - - [18/Feb/2021 13:29:14] "[37mGET /get_ps5 HTTP/1.1[0m" 200 -
[13:29:15] {/usr/local/lib/python3.9/site-packages/werkzeug/_internal.py:113} INFO - 172.17.0.1 - - [18/Feb/2021 13:29:15] "[37mGET /get_ps5 HTTP/1.1[0m" 200 -
[13:29:18] {/usr/local/lib/python3.9/site-packages/werkzeug/_internal.py:113} INFO - 172.17.0.1 - - [18/Feb/2021 13:29:18] "[37mGET /get_ps5 HTTP/1.1[0m" 200 -
[13:29:24] {/usr/local/lib/python3.9/site-packages/werkzeug/_internal.py:113} INFO - 172.17.0.1 - - [18/Feb/2021 13:29:24] "[37mGET /get_ps5 HTTP/1.1[0m" 200 -
[13:29:26] {/usr/local/lib/python3.9/site-packages/werkzeug/_internal.py:113} INFO - 172.17.0.1 - - [18/Feb/2021 13:29:26] "[37mGET /get_ps5 HTTP/1.1[0m" 200 -
[13:29:29] {/usr/local/lib/python3.9/site-packages/werkzeug/_internal.py:113} INFO - 172.17.0.1 - - [18/Feb/2021 13:29:29] "[37mGET /get_ps5 HTTP/1.1[0m" 200 -
[13:29:31] {/usr/local/lib/python3.9/site-packages/werkzeug/_internal.py:113} INFO - 172.17.0.1 - - [18/Feb/2021 13:29:31] "[37mGET /get_ps5 HTTP/1.1[0m" 200 -
[13:29:37] {/usr/local/lib/python3.9/site-packages/werkzeug/_internal.py:113} INFO - 172.17.0.1 - - [18/Feb/2021 13:29:37] "[37mGET /get_ps5 HTTP/1.1[0m" 200 -
[13:29:38] {/usr/local/lib/python3.9/site-packages/werkzeug/_internal.py:113} INFO - 172.17.0.1 - - [18/Feb/2021 13:29:38] "[37mGET /get_ps5 HTTP/1.1[0m" 200 -
[13:29:43] {/usr/local/lib/python3.9/site-packages/werkzeug/_internal.py:113} INFO - 172.17.0.1 - - [18/Feb/2021 13:29:43] "[37mGET /get_ps5 HTTP/1.1[0m" 200 -
[13:29:44] {/usr/local/lib/python3.9/site-packages/werkzeug/_internal.py:113} INFO - 172.17.0.1 - - [18/Feb/2021 13:29:44] "[37mGET /get_ps5 HTTP/1.1[0m" 200 -
[13:29:45] {/usr/local/lib/python3.9/site-packages/werkzeug/_internal.py:113} INFO - 172.17.0.1 - - [18/Feb/2021 13:29:45] "[37mGET /get_ps5 HTTP/1.1[0m" 200 -
[13:29:47] {/usr/local/lib/python3.9/site-packages/werkzeug/_internal.py:113} INFO - 172.17.0.1 - - [18/Feb/2021 13:29:47] "[37mGET /get_ps5 HTTP/1.1[0m" 200 -
[13:29:50] {/usr/local/lib/python3.9/site-packages/werkzeug/_internal.py:113} INFO - 172.17.0.1 - - [18/Feb/2021 13:29:50] "[37mGET /get_ps5 HTTP/1.1[0m" 200 -
[13:29:56] {/usr/local/lib/python3.9/site-packages/werkzeug/_internal.py:113} INFO - 172.17.0.1 - - [18/Feb/2021 13:29:56] "[37mGET /get_ps5 HTTP/1.1[0m" 200 -
[13:29:56] {/usr/local/lib/python3.9/site-packages/werkzeug/_internal.py:113} INFO - 172.17.0.1 - - [18/Feb/2021 13:29:56] "[37mGET /get_ps5 HTTP/1.1[0m" 200 -
[13:29:59] {/usr/local/lib/python3.9/site-packages/werkzeug/_internal.py:113} INFO - 172.17.0.1 - - [18/Feb/2021 13:29:59] "[37mGET /get_ps5 HTTP/1.1[0m" 200 -
[13:30:00] {/usr/local/lib/python3.9/site-packages/werkzeug/_internal.py:113} INFO - 172.17.0.1 - - [18/Feb/2021 13:30:00] "[37mGET /get_ps5 HTTP/1.1[0m" 200 -
[13:30:01] {/usr/local/lib/python3.9/site-packages/werkzeug/_internal.py:113} INFO - 172.17.0.1 - - [18/Feb/2021 13:30:01] "[37mGET /get_ps5 HTTP/1.1[0m" 200 -
[13:30:03] {/usr/local/lib/python3.9/site-packages/werkzeug/_internal.py:113} INFO - 172.17.0.1 - - [18/Feb/2021 13:30:03] "[37mGET /get_ps5 HTTP/1.1[0m" 200 -
[13:30:04] {/usr/local/lib/python3.9/site-packages/werkzeug/_internal.py:113} INFO - 172.17.0.1 - - [18/Feb/2021 13:30:04] "[37mGET /get_ps5 HTTP/1.1[0m" 200 -
[13:30:05] {/usr/local/lib/python3.9/site-packages/werkzeug/_internal.py:113} INFO - 172.17.0.1 - - [18/Feb/2021 13:30:05] "[37mGET /get_ps5 HTTP/1.1[0m" 200 -
[13:30:07] {/usr/local/lib/python3.9/site-packages/werkzeug/_internal.py:113} INFO - 172.17.0.1 - - [18/Feb/2021 13:30:07] "[37mGET /get_ps5 HTTP/1.1[0m" 200 -
[13:30:08] {/usr/local/lib/python3.9/site-packages/werkzeug/_internal.py:113} INFO - 172.17.0.1 - - [18/Feb/2021 13:30:08] "[37mGET /get_ps5 HTTP/1.1[0m" 200 -
[13:30:14] {/usr/local/lib/python3.9/site-packages/werkzeug/_internal.py:113} INFO - 172.17.0.1 - - [18/Feb/2021 13:30:14] "[37mGET /get_ps5 HTTP/1.1[0m" 200 -
[13:30:16] {/usr/local/lib/python3.9/site-packages/werkzeug/_internal.py:113} INFO - 172.17.0.1 - - [18/Feb/2021 13:30:16] "[37mGET /get_ps5 HTTP/1.1[0m" 200 -
[13:37:13] {/usr/local/lib/python3.9/site-packages/werkzeug/_internal.py:113} INFO - 172.17.0.1 - - [18/Feb/2021 13:37:13] "[37mGET /get_ps5 HTTP/1.1[0m" 200 -
[13:37:14] {/usr/local/lib/python3.9/site-packages/werkzeug/_internal.py:113} INFO - 172.17.0.1 - - [18/Feb/2021 13:37:14] "[37mGET /get_ps5 HTTP/1.1[0m" 200 -
[13:37:15] {/usr/local/lib/python3.9/site-packages/werkzeug/_internal.py:113} INFO - 172.17.0.1 - - [18/Feb/2021 13:37:15] "[37mGET /get_ps5 HTTP/1.1[0m" 200 -
[13:37:19] {/usr/local/lib/python3.9/site-packages/werkzeug/_internal.py:113} INFO - 172.17.0.1 - - [18/Feb/2021 13:37:19] "[37mGET /get_ps5 HTTP/1.1[0m" 200 -
[13:37:21] {/usr/local/lib/python3.9/site-packages/werkzeug/_internal.py:113} INFO - 172.17.0.1 - - [18/Feb/2021 13:37:21] "[37mGET /get_ps5 HTTP/1.1[0m" 200 -
[13:37:22] {/usr/local/lib/python3.9/site-packages/werkzeug/_internal.py:113} INFO - 172.17.0.1 - - [18/Feb/2021 13:37:22] "[37mGET /get_ps5 HTTP/1.1[0m" 200 -
[13:37:26] {/usr/local/lib/python3.9/site-packages/werkzeug/_internal.py:113} INFO - 172.17.0.1 - - [18/Feb/2021 13:37:26] "[37mGET /get_ps5 HTTP/1.1[0m" 200 -
[13:37:27] {/usr/local/lib/python3.9/site-packages/werkzeug/_internal.py:113} INFO - 172.17.0.1 - - [18/Feb/2021 13:37:27] "[37mGET /get_ps5 HTTP/1.1[0m" 200 -
[13:37:28] {/usr/local/lib/python3.9/site-packages/werkzeug/_internal.py:113} INFO - 172.17.0.1 - - [18/Feb/2021 13:37:28] "[37mGET /get_ps5 HTTP/1.1[0m" 200 -
[13:37:30] {/usr/local/lib/python3.9/site-packages/werkzeug/_internal.py:113} INFO - 172.17.0.1 - - [18/Feb/2021 13:37:30] "[37mGET /get_ps5 HTTP/1.1[0m" 200 -
[13:37:32] {/usr/local/lib/python3.9/site-packages/werkzeug/_internal.py:113} INFO - 172.17.0.1 - - [18/Feb/2021 13:37:32] "[37mGET /get_ps5 HTTP/1.1[0m" 200 -
[13:37:33] {/usr/local/lib/python3.9/site-packages/werkzeug/_internal.py:113} INFO - 172.17.0.1 - - [18/Feb/2021 13:37:33] "[37mGET /get_ps5 HTTP/1.1[0m" 200 -
[13:37:35] {/usr/local/lib/python3.9/site-packages/werkzeug/_internal.py:113} INFO - 172.17.0.1 - - [18/Feb/2021 13:37:35] "[37mGET /get_ps5 HTTP/1.1[0m" 200 -
[13:37:36] {/usr/local/lib/python3.9/site-packages/werkzeug/_internal.py:113} INFO - 172.17.0.1 - - [18/Feb/2021 13:37:36] "[37mGET /get_ps5 HTTP/1.1[0m" 200 -
[13:37:38] {/usr/local/lib/python3.9/site-packages/werkzeug/_internal.py:113} INFO - 172.17.0.1 - - [18/Feb/2021 13:37:38] "[37mGET /get_ps5 HTTP/1.1[0m" 200 -
[13:37:39] {/usr/local/lib/python3.9/site-packages/werkzeug/_internal.py:113} INFO - 172.17.0.1 - - [18/Feb/2021 13:37:39] "[37mGET /get_ps5 HTTP/1.1[0m" 200 -
[13:37:42] {/usr/local/lib/python3.9/site-packages/werkzeug/_internal.py:113} INFO - 172.17.0.1 - - [18/Feb/2021 13:37:42] "[37mGET /get_ps5 HTTP/1.1[0m" 200 -
[13:37:43] {/usr/local/lib/python3.9/site-packages/werkzeug/_internal.py:113} INFO - 172.17.0.1 - - [18/Feb/2021 13:37:43] "[37mGET /get_ps5 HTTP/1.1[0m" 200 -
[13:37:45] {/usr/local/lib/python3.9/site-packages/werkzeug/_internal.py:113} INFO - 172.17.0.1 - - [18/Feb/2021 13:37:45] "[37mGET /get_ps5 HTTP/1.1[0m" 200 -
[13:37:46] {/usr/local/lib/python3.9/site-packages/werkzeug/_internal.py:113} INFO - 172.17.0.1 - - [18/Feb/2021 13:37:46] "[37mGET /get_ps5 HTTP/1.1[0m" 200 -
[13:37:47] {/usr/local/lib/python3.9/site-packages/werkzeug/_internal.py:113} INFO - 172.17.0.1 - - [18/Feb/2021 13:37:47] "[37mGET /get_ps5 HTTP/1.1[0m" 200 -
[13:37:48] {/usr/local/lib/python3.9/site-packages/werkzeug/_internal.py:113} INFO - 172.17.0.1 - - [18/Feb/2021 13:37:48] "[37mGET /get_ps5 HTTP/1.1[0m" 200 -
[13:37:54] {/usr/local/lib/python3.9/site-packages/werkzeug/_internal.py:113} INFO - 172.17.0.1 - - [18/Feb/2021 13:37:54] "[37mGET /get_ps5 HTTP/1.1[0m" 200 -
[13:37:56] {/usr/local/lib/python3.9/site-packages/werkzeug/_internal.py:113} INFO - 172.17.0.1 - - [18/Feb/2021 13:37:56] "[37mGET /get_ps5 HTTP/1.1[0m" 200 -
[13:37:59] {/usr/local/lib/python3.9/site-packages/werkzeug/_internal.py:113} INFO - 172.17.0.1 - - [18/Feb/2021 13:37:59] "[37mGET /get_ps5 HTTP/1.1[0m" 200 -
[13:38:01] {/usr/local/lib/python3.9/site-packages/werkzeug/_internal.py:113} INFO - 172.17.0.1 - - [18/Feb/2021 13:38:01] "[37mGET /get_ps5 HTTP/1.1[0m" 200 -
[13:38:02] {/usr/local/lib/python3.9/site-packages/werkzeug/_internal.py:113} INFO - 172.17.0.1 - - [18/Feb/2021 13:38:02] "[37mGET /get_ps5 HTTP/1.1[0m" 200 -
[13:38:05] {/usr/local/lib/python3.9/site-packages/werkzeug/_internal.py:113} INFO - 172.17.0.1 - - [18/Feb/2021 13:38:05] "[37mGET /get_ps5 HTTP/1.1[0m" 200 -
[13:38:06] {/usr/local/lib/python3.9/site-packages/werkzeug/_internal.py:113} INFO - 172.17.0.1 - - [18/Feb/2021 13:38:06] "[37mGET /get_ps5 HTTP/1.1[0m" 200 -
[13:38:08] {/usr/local/lib/python3.9/site-packages/werkzeug/_internal.py:113} INFO - 172.17.0.1 - - [18/Feb/2021 13:38:08] "[37mGET /get_ps5 HTTP/1.1[0m" 200 -
[13:38:09] {/usr/local/lib/python3.9/site-packages/werkzeug/_internal.py:113} INFO - 172.17.0.1 - - [18/Feb/2021 13:38:09] "[37mGET /get_ps5 HTTP/1.1[0m" 200 -
[13:38:11] {/usr/local/lib/python3.9/site-packages/werkzeug/_internal.py:113} INFO - 172.17.0.1 - - [18/Feb/2021 13:38:11] "[37mGET /get_ps5 HTTP/1.1[0m" 200 -
[13:38:13] {/usr/local/lib/python3.9/site-packages/werkzeug/_internal.py:113} INFO - 172.17.0.1 - - [18/Feb/2021 13:38:13] "[37mGET /get_ps5 HTTP/1.1[0m" 200 -
[13:38:14] {/usr/local/lib/python3.9/site-packages/werkzeug/_internal.py:113} INFO - 172.17.0.1 - - [18/Feb/2021 13:38:14] "[37mGET /get_ps5 HTTP/1.1[0m" 200 -
[13:38:15] {/usr/local/lib/python3.9/site-packages/werkzeug/_internal.py:113} INFO - 172.17.0.1 - - [18/Feb/2021 13:38:15] "[37mGET /get_ps5 HTTP/1.1[0m" 200 -
[13:38:17] {/usr/local/lib/python3.9/site-packages/werkzeug/_internal.py:113} INFO - 172.17.0.1 - - [18/Feb/2021 13:38:17] "[37mGET /get_ps5 HTTP/1.1[0m" 200 -
[13:38:20] {/usr/local/lib/python3.9/site-packages/werkzeug/_internal.py:113} INFO - 172.17.0.1 - - [18/Feb/2021 13:38:20] "[37mGET /get_ps5 HTTP/1.1[0m" 200 -
[13:38:21] {/usr/local/lib/python3.9/site-packages/werkzeug/_internal.py:113} INFO - 172.17.0.1 - - [18/Feb/2021 13:38:21] "[37mGET /get_ps5 HTTP/1.1[0m" 200 -
[13:38:25] {/usr/local/lib/python3.9/site-packages/werkzeug/_internal.py:113} INFO - 172.17.0.1 - - [18/Feb/2021 13:38:25] "[37mGET /get_ps5 HTTP/1.1[0m" 200 -
[13:38:26] {/usr/local/lib/python3.9/site-packages/werkzeug/_internal.py:113} INFO - 172.17.0.1 - - [18/Feb/2021 13:38:26] "[37mGET /get_ps5 HTTP/1.1[0m" 200 -
[13:38:29] {/usr/local/lib/python3.9/site-packages/werkzeug/_internal.py:113} INFO - 172.17.0.1 - - [18/Feb/2021 13:38:29] "[37mGET /get_ps5 HTTP/1.1[0m" 200 -
[13:38:30] {/usr/local/lib/python3.9/site-packages/werkzeug/_internal.py:113} INFO - 172.17.0.1 - - [18/Feb/2021 13:38:30] "[37mGET /get_ps5 HTTP/1.1[0m" 200 -
[13:38:31] {/usr/local/lib/python3.9/site-packages/werkzeug/_internal.py:113} INFO - 172.17.0.1 - - [18/Feb/2021 13:38:31] "[37mGET /get_ps5 HTTP/1.1[0m" 200 -
[13:38:36] {/usr/local/lib/python3.9/site-packages/werkzeug/_internal.py:113} INFO - 172.17.0.1 - - [18/Feb/2021 13:38:36] "[37mGET /get_ps5 HTTP/1.1[0m" 200 -
[13:38:37] {/usr/local/lib/python3.9/site-packages/werkzeug/_internal.py:113} INFO - 172.17.0.1 - - [18/Feb/2021 13:38:37] "[37mGET /get_ps5 HTTP/1.1[0m" 200 -
[13:38:38] {/usr/local/lib/python3.9/site-packages/werkzeug/_internal.py:113} INFO - 172.17.0.1 - - [18/Feb/2021 13:38:38] "[37mGET /get_ps5 HTTP/1.1[0m" 200 -
[13:38:40] {/usr/local/lib/python3.9/site-packages/werkzeug/_internal.py:113} INFO - 172.17.0.1 - - [18/Feb/2021 13:38:40] "[37mGET /get_ps5 HTTP/1.1[0m" 200 -
[13:38:41] {/usr/local/lib/python3.9/site-packages/werkzeug/_internal.py:113} INFO - 172.17.0.1 - - [18/Feb/2021 13:38:41] "[37mGET /get_ps5 HTTP/1.1[0m" 200 -
[13:38:42] {/usr/local/lib/python3.9/site-packages/werkzeug/_internal.py:113} INFO - 172.17.0.1 - - [18/Feb/2021 13:38:42] "[37mGET /get_ps5 HTTP/1.1[0m" 200 -
[13:38:45] {/usr/local/lib/python3.9/site-packages/werkzeug/_internal.py:113} INFO - 172.17.0.1 - - [18/Feb/2021 13:38:45] "[37mGET /get_ps5 HTTP/1.1[0m" 200 -
[13:38:45] {/usr/local/lib/python3.9/site-packages/werkzeug/_internal.py:113} INFO - 172.17.0.1 - - [18/Feb/2021 13:38:45] "[37mGET /get_ps5 HTTP/1.1[0m" 200 -
[13:38:47] {/usr/local/lib/python3.9/site-packages/werkzeug/_internal.py:113} INFO - 172.17.0.1 - - [18/Feb/2021 13:38:47] "[37mGET /get_ps5 HTTP/1.1[0m" 200 -
[13:38:48] {/usr/local/lib/python3.9/site-packages/werkzeug/_internal.py:113} INFO - 172.17.0.1 - - [18/Feb/2021 13:38:48] "[37mGET /get_ps5 HTTP/1.1[0m" 200 -
[13:38:49] {/usr/local/lib/python3.9/site-packages/werkzeug/_internal.py:113} INFO - 172.17.0.1 - - [18/Feb/2021 13:38:49] "[37mGET /get_ps5 HTTP/1.1[0m" 200 -
[13:38:50] {/usr/local/lib/python3.9/site-packages/werkzeug/_internal.py:113} INFO - 172.17.0.1 - - [18/Feb/2021 13:38:50] "[37mGET /get_ps5 HTTP/1.1[0m" 200 -
[13:38:52] {/usr/local/lib/python3.9/site-packages/werkzeug/_internal.py:113} INFO - 172.17.0.1 - - [18/Feb/2021 13:38:52] "[37mGET /get_ps5 HTTP/1.1[0m" 200 -
[13:38:53] {/usr/local/lib/python3.9/site-packages/werkzeug/_internal.py:113} INFO - 172.17.0.1 - - [18/Feb/2021 13:38:53] "[37mGET /get_ps5 HTTP/1.1[0m" 200 -
[13:38:54] {/usr/local/lib/python3.9/site-packages/werkzeug/_internal.py:113} INFO - 172.17.0.1 - - [18/Feb/2021 13:38:54] "[37mGET /get_ps5 HTTP/1.1[0m" 200 -
[13:38:55] {/usr/local/lib/python3.9/site-packages/werkzeug/_internal.py:113} INFO - 172.17.0.1 - - [18/Feb/2021 13:38:55] "[37mGET /get_ps5 HTTP/1.1[0m" 200 -
[13:38:56] {/usr/local/lib/python3.9/site-packages/werkzeug/_internal.py:113} INFO - 172.17.0.1 - - [18/Feb/2021 13:38:56] "[37mGET /get_ps5 HTTP/1.1[0m" 200 -
[13:39:00] {/usr/local/lib/python3.9/site-packages/werkzeug/_internal.py:113} INFO - 172.17.0.1 - - [18/Feb/2021 13:39:00] "[37mGET /get_ps5 HTTP/1.1[0m" 200 -
[13:39:02] {/usr/local/lib/python3.9/site-packages/werkzeug/_internal.py:113} INFO - 172.17.0.1 - - [18/Feb/2021 13:39:02] "[37mGET /get_ps5 HTTP/1.1[0m" 200 -
[13:39:06] {/usr/local/lib/python3.9/site-packages/werkzeug/_internal.py:113} INFO - 172.17.0.1 - - [18/Feb/2021 13:39:06] "[37mGET /get_ps5 HTTP/1.1[0m" 200 -
[13:39:09] {/usr/local/lib/python3.9/site-packages/werkzeug/_internal.py:113} INFO - 172.17.0.1 - - [18/Feb/2021 13:39:09] "[37mGET /get_ps5 HTTP/1.1[0m" 200 -
[13:39:14] {/usr/local/lib/python3.9/site-packages/werkzeug/_internal.py:113} INFO - 172.17.0.1 - - [18/Feb/2021 13:39:14] "[37mGET /get_ps5 HTTP/1.1[0m" 200 -
[13:39:16] {/usr/local/lib/python3.9/site-packages/werkzeug/_internal.py:113} INFO - 172.17.0.1 - - [18/Feb/2021 13:39:16] "[37mGET /get_ps5 HTTP/1.1[0m" 200 -
[13:39:17] {/usr/local/lib/python3.9/site-packages/werkzeug/_internal.py:113} INFO - 172.17.0.1 - - [18/Feb/2021 13:39:17] "[37mGET /get_ps5 HTTP/1.1[0m" 200 -
[13:39:18] {/usr/local/lib/python3.9/site-packages/werkzeug/_internal.py:113} INFO - 172.17.0.1 - - [18/Feb/2021 13:39:18] "[37mGET /get_ps5 HTTP/1.1[0m" 200 -
[13:39:20] {/usr/local/lib/python3.9/site-packages/werkzeug/_internal.py:113} INFO - 172.17.0.1 - - [18/Feb/2021 13:39:20] "[37mGET /get_ps5 HTTP/1.1[0m" 200 -
[13:39:21] {/usr/local/lib/python3.9/site-packages/werkzeug/_internal.py:113} INFO - 172.17.0.1 - - [18/Feb/2021 13:39:21] "[37mGET /get_ps5 HTTP/1.1[0m" 200 -
[13:39:22] {/usr/local/lib/python3.9/site-packages/werkzeug/_internal.py:113} INFO - 172.17.0.1 - - [18/Feb/2021 13:39:22] "[37mGET /get_ps5 HTTP/1.1[0m" 200 -
[13:39:23] {/usr/local/lib/python3.9/site-packages/werkzeug/_internal.py:113} INFO - 172.17.0.1 - - [18/Feb/2021 13:39:23] "[37mGET /get_ps5 HTTP/1.1[0m" 200 -
[13:39:25] {/usr/local/lib/python3.9/site-packages/werkzeug/_internal.py:113} INFO - 172.17.0.1 - - [18/Feb/2021 13:39:25] "[37mGET /get_ps5 HTTP/1.1[0m" 200 -
[13:39:26] {/usr/local/lib/python3.9/site-packages/werkzeug/_internal.py:113} INFO - 172.17.0.1 - - [18/Feb/2021 13:39:26] "[37mGET /get_ps5 HTTP/1.1[0m" 200 -
[13:39:28] {/usr/local/lib/python3.9/site-packages/werkzeug/_internal.py:113} INFO - 172.17.0.1 - - [18/Feb/2021 13:39:28] "[37mGET /get_ps5 HTTP/1.1[0m" 200 -
[13:39:30] {/usr/local/lib/python3.9/site-packages/werkzeug/_internal.py:113} INFO - 172.17.0.1 - - [18/Feb/2021 13:39:30] "[37mGET /get_ps5 HTTP/1.1[0m" 200 -
[13:39:39] {/usr/local/lib/python3.9/site-packages/werkzeug/_internal.py:113} INFO - 172.17.0.1 - - [18/Feb/2021 13:39:39] "[37mGET /get_ps5 HTTP/1.1[0m" 200 -
[13:39:44] {/usr/local/lib/python3.9/site-packages/werkzeug/_internal.py:113} INFO - 172.17.0.1 - - [18/Feb/2021 13:39:44] "[37mGET /get_ps5 HTTP/1.1[0m" 200 -
[13:39:50] {/usr/local/lib/python3.9/site-packages/werkzeug/_internal.py:113} INFO - 172.17.0.1 - - [18/Feb/2021 13:39:50] "[37mGET /get_ps5 HTTP/1.1[0m" 200 -
[13:39:51] {/usr/local/lib/python3.9/site-packages/werkzeug/_internal.py:113} INFO - 172.17.0.1 - - [18/Feb/2021 13:39:51] "[37mGET /get_ps5 HTTP/1.1[0m" 200 -
[13:39:55] {/usr/local/lib/python3.9/site-packages/werkzeug/_internal.py:113} INFO - 172.17.0.1 - - [18/Feb/2021 13:39:55] "[37mGET /get_ps5 HTTP/1.1[0m" 200 -
[13:39:57] {/usr/local/lib/python3.9/site-packages/werkzeug/_internal.py:113} INFO - 172.17.0.1 - - [18/Feb/2021 13:39:57] "[37mGET /get_ps5 HTTP/1.1[0m" 200 -
[13:39:58] {/usr/local/lib/python3.9/site-packages/werkzeug/_internal.py:113} INFO - 172.17.0.1 - - [18/Feb/2021 13:39:58] "[37mGET /get_ps5 HTTP/1.1[0m" 200 -
[13:40:00] {/usr/local/lib/python3.9/site-packages/werkzeug/_internal.py:113} INFO - 172.17.0.1 - - [18/Feb/2021 13:40:00] "[37mGET /get_ps5 HTTP/1.1[0m" 200 -
[13:40:00] {/usr/local/lib/python3.9/site-packages/werkzeug/_internal.py:113} INFO - 172.17.0.1 - - [18/Feb/2021 13:40:00] "[37mGET /get_ps5 HTTP/1.1[0m" 200 -
[13:40:02] {/usr/local/lib/python3.9/site-packages/werkzeug/_internal.py:113} INFO - 172.17.0.1 - - [18/Feb/2021 13:40:02] "[37mGET /get_ps5 HTTP/1.1[0m" 200 -
[13:40:03] {/usr/local/lib/python3.9/site-packages/werkzeug/_internal.py:113} INFO - 172.17.0.1 - - [18/Feb/2021 13:40:03] "[37mGET /get_ps5 HTTP/1.1[0m" 200 -
[13:40:04] {/usr/local/lib/python3.9/site-packages/werkzeug/_internal.py:113} INFO - 172.17.0.1 - - [18/Feb/2021 13:40:04] "[37mGET /get_ps5 HTTP/1.1[0m" 200 -
[13:40:06] {/usr/local/lib/python3.9/site-packages/werkzeug/_internal.py:113} INFO - 172.17.0.1 - - [18/Feb/2021 13:40:06] "[37mGET /get_ps5 HTTP/1.1[0m" 200 -
[13:40:07] {/usr/local/lib/python3.9/site-packages/werkzeug/_internal.py:113} INFO - 172.17.0.1 - - [18/Feb/2021 13:40:07] "[37mGET /get_ps5 HTTP/1.1[0m" 200 -
[13:40:11] {/usr/local/lib/python3.9/site-packages/werkzeug/_internal.py:113} INFO - 172.17.0.1 - - [18/Feb/2021 13:40:11] "[37mGET /get_ps5 HTTP/1.1[0m" 200 -
[13:40:11] {/usr/local/lib/python3.9/site-packages/werkzeug/_internal.py:113} INFO - 172.17.0.1 - - [18/Feb/2021 13:40:11] "[37mGET /get_ps5 HTTP/1.1[0m" 200 -
[13:40:22] {/usr/local/lib/python3.9/site-packages/werkzeug/_internal.py:113} INFO - 172.17.0.1 - - [18/Feb/2021 13:40:22] "[37mGET /get_ps5 HTTP/1.1[0m" 200 -
[13:40:23] {/usr/local/lib/python3.9/site-packages/werkzeug/_internal.py:113} INFO - 172.17.0.1 - - [18/Feb/2021 13:40:23] "[37mGET /get_ps5 HTTP/1.1[0m" 200 -
[13:40:24] {/usr/local/lib/python3.9/site-packages/werkzeug/_internal.py:113} INFO - 172.17.0.1 - - [18/Feb/2021 13:40:24] "[37mGET /get_ps5 HTTP/1.1[0m" 200 -
[13:40:37] {/usr/local/lib/python3.9/site-packages/werkzeug/_internal.py:113} INFO - 172.17.0.1 - - [18/Feb/2021 13:40:37] "[37mGET /get_ps5 HTTP/1.1[0m" 200 -
[13:40:38] {/usr/local/lib/python3.9/site-packages/werkzeug/_internal.py:113} INFO - 172.17.0.1 - - [18/Feb/2021 13:40:38] "[37mGET /get_ps5 HTTP/1.1[0m" 200 -
[13:40:39] {/usr/local/lib/python3.9/site-packages/werkzeug/_internal.py:113} INFO - 172.17.0.1 - - [18/Feb/2021 13:40:39] "[37mGET /get_ps5 HTTP/1.1[0m" 200 -
[13:40:40] {/usr/local/lib/python3.9/site-packages/werkzeug/_internal.py:113} INFO - 172.17.0.1 - - [18/Feb/2021 13:40:40] "[37mGET /get_ps5 HTTP/1.1[0m" 200 -
[13:40:41] {/usr/local/lib/python3.9/site-packages/werkzeug/_internal.py:113} INFO - 172.17.0.1 - - [18/Feb/2021 13:40:41] "[37mGET /get_ps5 HTTP/1.1[0m" 200 -
[13:40:44] {/usr/local/lib/python3.9/site-packages/werkzeug/_internal.py:113} INFO - 172.17.0.1 - - [18/Feb/2021 13:40:44] "[37mGET /get_ps5 HTTP/1.1[0m" 200 -
[13:40:45] {/usr/local/lib/python3.9/site-packages/werkzeug/_internal.py:113} INFO - 172.17.0.1 - - [18/Feb/2021 13:40:45] "[37mGET /get_ps5 HTTP/1.1[0m" 200 -
[13:40:46] {/usr/local/lib/python3.9/site-packages/werkzeug/_internal.py:113} INFO - 172.17.0.1 - - [18/Feb/2021 13:40:46] "[37mGET /get_ps5 HTTP/1.1[0m" 200 -
[13:40:48] {/usr/local/lib/python3.9/site-packages/werkzeug/_internal.py:113} INFO - 172.17.0.1 - - [18/Feb/2021 13:40:48] "[37mGET /get_ps5 HTTP/1.1[0m" 200 -
[13:40:49] {/usr/local/lib/python3.9/site-packages/werkzeug/_internal.py:113} INFO - 172.17.0.1 - - [18/Feb/2021 13:40:49] "[37mGET /get_ps5 HTTP/1.1[0m" 200 -
[13:40:50] {/usr/local/lib/python3.9/site-packages/werkzeug/_internal.py:113} INFO - 172.17.0.1 - - [18/Feb/2021 13:40:50] "[37mGET /get_ps5 HTTP/1.1[0m" 200 -
[13:40:56] {/usr/local/lib/python3.9/site-packages/werkzeug/_internal.py:113} INFO - 172.17.0.1 - - [18/Feb/2021 13:40:56] "[37mGET /get_ps5 HTTP/1.1[0m" 200 -
[13:40:57] {/usr/local/lib/python3.9/site-packages/werkzeug/_internal.py:113} INFO - 172.17.0.1 - - [18/Feb/2021 13:40:57] "[37mGET /get_ps5 HTTP/1.1[0m" 200 -
[13:40:58] {/usr/local/lib/python3.9/site-packages/werkzeug/_internal.py:113} INFO - 172.17.0.1 - - [18/Feb/2021 13:40:58] "[37mGET /get_ps5 HTTP/1.1[0m" 200 -
[13:40:59] {/usr/local/lib/python3.9/site-packages/werkzeug/_internal.py:113} INFO - 172.17.0.1 - - [18/Feb/2021 13:40:59] "[37mGET /get_ps5 HTTP/1.1[0m" 200 -
[13:40:59] {/usr/local/lib/python3.9/site-packages/werkzeug/_internal.py:113} INFO - 172.17.0.1 - - [18/Feb/2021 13:40:59] "[37mGET /get_ps5 HTTP/1.1[0m" 200 -
[13:41:01] {/usr/local/lib/python3.9/site-packages/werkzeug/_internal.py:113} INFO - 172.17.0.1 - - [18/Feb/2021 13:41:01] "[37mGET /get_ps5 HTTP/1.1[0m" 200 -
[13:41:01] {/usr/local/lib/python3.9/site-packages/werkzeug/_internal.py:113} INFO - 172.17.0.1 - - [18/Feb/2021 13:41:01] "[37mGET /get_ps5 HTTP/1.1[0m" 200 -
[13:41:02] {/usr/local/lib/python3.9/site-packages/werkzeug/_internal.py:113} INFO - 172.17.0.1 - - [18/Feb/2021 13:41:02] "[37mGET /get_ps5 HTTP/1.1[0m" 200 -
[13:41:03] {/usr/local/lib/python3.9/site-packages/werkzeug/_internal.py:113} INFO - 172.17.0.1 - - [18/Feb/2021 13:41:03] "[37mGET /get_ps5 HTTP/1.1[0m" 200 -
[13:41:05] {/usr/local/lib/python3.9/site-packages/werkzeug/_internal.py:113} INFO - 172.17.0.1 - - [18/Feb/2021 13:41:05] "[37mGET /get_ps5 HTTP/1.1[0m" 200 -
[13:41:06] {/usr/local/lib/python3.9/site-packages/werkzeug/_internal.py:113} INFO - 172.17.0.1 - - [18/Feb/2021 13:41:06] "[37mGET /get_ps5 HTTP/1.1[0m" 200 -
[13:41:07] {/usr/local/lib/python3.9/site-packages/werkzeug/_internal.py:113} INFO - 172.17.0.1 - - [18/Feb/2021 13:41:07] "[37mGET /get_ps5 HTTP/1.1[0m" 200 -
[13:41:08] {/usr/local/lib/python3.9/site-packages/werkzeug/_internal.py:113} INFO - 172.17.0.1 - - [18/Feb/2021 13:41:08] "[37mGET /get_ps5 HTTP/1.1[0m" 200 -
[13:41:09] {/usr/local/lib/python3.9/site-packages/werkzeug/_internal.py:113} INFO - 172.17.0.1 - - [18/Feb/2021 13:41:09] "[37mGET /get_ps5 HTTP/1.1[0m" 200 -
[13:41:10] {/usr/local/lib/python3.9/site-packages/werkzeug/_internal.py:113} INFO - 172.17.0.1 - - [18/Feb/2021 13:41:10] "[37mGET /get_ps5 HTTP/1.1[0m" 200 -
[13:41:11] {/usr/local/lib/python3.9/site-packages/werkzeug/_internal.py:113} INFO - 172.17.0.1 - - [18/Feb/2021 13:41:11] "[37mGET /get_ps5 HTTP/1.1[0m" 200 -
[13:41:11] {/usr/local/lib/python3.9/site-packages/werkzeug/_internal.py:113} INFO - 172.17.0.1 - - [18/Feb/2021 13:41:11] "[37mGET /get_ps5 HTTP/1.1[0m" 200 -
[13:41:12] {/usr/local/lib/python3.9/site-packages/werkzeug/_internal.py:113} INFO - 172.17.0.1 - - [18/Feb/2021 13:41:12] "[37mGET /get_ps5 HTTP/1.1[0m" 200 -
[13:41:13] {/usr/local/lib/python3.9/site-packages/werkzeug/_internal.py:113} INFO - 172.17.0.1 - - [18/Feb/2021 13:41:13] "[37mGET /get_ps5 HTTP/1.1[0m" 200 -
[13:41:14] {/usr/local/lib/python3.9/site-packages/werkzeug/_internal.py:113} INFO - 172.17.0.1 - - [18/Feb/2021 13:41:14] "[37mGET /get_ps5 HTTP/1.1[0m" 200 -
[13:41:15] {/usr/local/lib/python3.9/site-packages/werkzeug/_internal.py:113} INFO - 172.17.0.1 - - [18/Feb/2021 13:41:15] "[37mGET /get_ps5 HTTP/1.1[0m" 200 -
[13:41:18] {/usr/local/lib/python3.9/site-packages/werkzeug/_internal.py:113} INFO - 172.17.0.1 - - [18/Feb/2021 13:41:18] "[37mGET /get_ps5 HTTP/1.1[0m" 200 -
[13:41:18] {/usr/local/lib/python3.9/site-packages/werkzeug/_internal.py:113} INFO - 172.17.0.1 - - [18/Feb/2021 13:41:18] "[37mGET /get_ps5 HTTP/1.1[0m" 200 -
[13:41:20] {/usr/local/lib/python3.9/site-packages/werkzeug/_internal.py:113} INFO - 172.17.0.1 - - [18/Feb/2021 13:41:20] "[37mGET /get_ps5 HTTP/1.1[0m" 200 -
[13:41:20] {/usr/local/lib/python3.9/site-packages/werkzeug/_internal.py:113} INFO - 172.17.0.1 - - [18/Feb/2021 13:41:20] "[37mGET /get_ps5 HTTP/1.1[0m" 200 -
[13:41:20] {/usr/local/lib/python3.9/site-packages/werkzeug/_internal.py:113} INFO - 172.17.0.1 - - [18/Feb/2021 13:41:20] "[37mGET /get_ps5 HTTP/1.1[0m" 200 -
[13:41:26] {/usr/local/lib/python3.9/site-packages/werkzeug/_internal.py:113} INFO - 172.17.0.1 - - [18/Feb/2021 13:41:26] "[37mGET /get_ps5 HTTP/1.1[0m" 200 -
[13:41:28] {/usr/local/lib/python3.9/site-packages/werkzeug/_internal.py:113} INFO - 172.17.0.1 - - [18/Feb/2021 13:41:28] "[37mGET /get_ps5 HTTP/1.1[0m" 200 -
[13:41:32] {/usr/local/lib/python3.9/site-packages/werkzeug/_internal.py:113} INFO - 172.17.0.1 - - [18/Feb/2021 13:41:32] "[37mGET /get_ps5 HTTP/1.1[0m" 200 -
[13:41:35] {/usr/local/lib/python3.9/site-packages/werkzeug/_internal.py:113} INFO - 172.17.0.1 - - [18/Feb/2021 13:41:35] "[37mGET /get_ps5 HTTP/1.1[0m" 200 -
[13:41:36] {/usr/local/lib/python3.9/site-packages/werkzeug/_internal.py:113} INFO - 172.17.0.1 - - [18/Feb/2021 13:41:36] "[37mGET /get_ps5 HTTP/1.1[0m" 200 -
[13:41:37] {/usr/local/lib/python3.9/site-packages/werkzeug/_internal.py:113} INFO - 172.17.0.1 - - [18/Feb/2021 13:41:37] "[37mGET /get_ps5 HTTP/1.1[0m" 200 -
[13:41:38] {/usr/local/lib/python3.9/site-packages/werkzeug/_internal.py:113} INFO - 172.17.0.1 - - [18/Feb/2021 13:41:38] "[37mGET /get_ps5 HTTP/1.1[0m" 200 -
[13:41:40] {/usr/local/lib/python3.9/site-packages/werkzeug/_internal.py:113} INFO - 172.17.0.1 - - [18/Feb/2021 13:41:40] "[37mGET /get_ps5 HTTP/1.1[0m" 200 -
[13:41:45] {/usr/local/lib/python3.9/site-packages/werkzeug/_internal.py:113} INFO - 172.17.0.1 - - [18/Feb/2021 13:41:45] "[37mGET /get_ps5 HTTP/1.1[0m" 200 -
[13:41:48] {/usr/local/lib/python3.9/site-packages/werkzeug/_internal.py:113} INFO - 172.17.0.1 - - [18/Feb/2021 13:41:48] "[37mGET /get_ps5 HTTP/1.1[0m" 200 -
[13:41:49] {/usr/local/lib/python3.9/site-packages/werkzeug/_internal.py:113} INFO - 172.17.0.1 - - [18/Feb/2021 13:41:49] "[37mGET /get_ps5 HTTP/1.1[0m" 200 -
[13:41:50] {/usr/local/lib/python3.9/site-packages/werkzeug/_internal.py:113} INFO - 172.17.0.1 - - [18/Feb/2021 13:41:50] "[37mGET /get_ps5 HTTP/1.1[0m" 200 -
[13:41:51] {/usr/local/lib/python3.9/site-packages/werkzeug/_internal.py:113} INFO - 172.17.0.1 - - [18/Feb/2021 13:41:51] "[37mGET /get_ps5 HTTP/1.1[0m" 200 -
[13:41:55] {/usr/local/lib/python3.9/site-packages/werkzeug/_internal.py:113} INFO - 172.17.0.1 - - [18/Feb/2021 13:41:55] "[37mGET /get_ps5 HTTP/1.1[0m" 200 -
[13:41:59] {/usr/local/lib/python3.9/site-packages/werkzeug/_internal.py:113} INFO - 172.17.0.1 - - [18/Feb/2021 13:41:59] "[37mGET /get_ps5 HTTP/1.1[0m" 200 -
[13:42:04] {/usr/local/lib/python3.9/site-packages/werkzeug/_internal.py:113} INFO - 172.17.0.1 - - [18/Feb/2021 13:42:04] "[37mGET /get_ps5 HTTP/1.1[0m" 200 -
[13:42:04] {/usr/local/lib/python3.9/site-packages/werkzeug/_internal.py:113} INFO - 172.17.0.1 - - [18/Feb/2021 13:42:04] "[37mGET /get_ps5 HTTP/1.1[0m" 200 -
[13:42:05] {/usr/local/lib/python3.9/site-packages/werkzeug/_internal.py:113} INFO - 172.17.0.1 - - [18/Feb/2021 13:42:05] "[37mGET /get_ps5 HTTP/1.1[0m" 200 -
[13:42:06] {/usr/local/lib/python3.9/site-packages/werkzeug/_internal.py:113} INFO - 172.17.0.1 - - [18/Feb/2021 13:42:06] "[37mGET /get_ps5 HTTP/1.1[0m" 200 -
[13:42:08] {/usr/local/lib/python3.9/site-packages/werkzeug/_internal.py:113} INFO - 172.17.0.1 - - [18/Feb/2021 13:42:08] "[37mGET /get_ps5 HTTP/1.1[0m" 200 -
[13:42:09] {/usr/local/lib/python3.9/site-packages/werkzeug/_internal.py:113} INFO - 172.17.0.1 - - [18/Feb/2021 13:42:09] "[37mGET /get_ps5 HTTP/1.1[0m" 200 -
[13:42:10] {/usr/local/lib/python3.9/site-packages/werkzeug/_internal.py:113} INFO - 172.17.0.1 - - [18/Feb/2021 13:42:10] "[37mGET /get_ps5 HTTP/1.1[0m" 200 -
[13:42:11] {/usr/local/lib/python3.9/site-packages/werkzeug/_internal.py:113} INFO - 172.17.0.1 - - [18/Feb/2021 13:42:11] "[37mGET /get_ps5 HTTP/1.1[0m" 200 -
[13:42:16] {/usr/local/lib/python3.9/site-packages/werkzeug/_internal.py:113} INFO - 172.17.0.1 - - [18/Feb/2021 13:42:16] "[37mGET /get_ps5 HTTP/1.1[0m" 200 -
[13:42:18] {/usr/local/lib/python3.9/site-packages/werkzeug/_internal.py:113} INFO - 172.17.0.1 - - [18/Feb/2021 13:42:18] "[37mGET /get_ps5 HTTP/1.1[0m" 200 -
[13:42:19] {/usr/local/lib/python3.9/site-packages/werkzeug/_internal.py:113} INFO - 172.17.0.1 - - [18/Feb/2021 13:42:19] "[37mGET /get_ps5 HTTP/1.1[0m" 200 -
[13:42:20] {/usr/local/lib/python3.9/site-packages/werkzeug/_internal.py:113} INFO - 172.17.0.1 - - [18/Feb/2021 13:42:20] "[37mGET /get_ps5 HTTP/1.1[0m" 200 -
[13:42:21] {/usr/local/lib/python3.9/site-packages/werkzeug/_internal.py:113} INFO - 172.17.0.1 - - [18/Feb/2021 13:42:21] "[37mGET /get_ps5 HTTP/1.1[0m" 200 -
[13:42:24] {/usr/local/lib/python3.9/site-packages/werkzeug/_internal.py:113} INFO - 172.17.0.1 - - [18/Feb/2021 13:42:24] "[37mGET /get_ps5 HTTP/1.1[0m" 200 -
[13:42:25] {/usr/local/lib/python3.9/site-packages/werkzeug/_internal.py:113} INFO - 172.17.0.1 - - [18/Feb/2021 13:42:25] "[37mGET /get_ps5 HTTP/1.1[0m" 200 -
[13:42:26] {/usr/local/lib/python3.9/site-packages/werkzeug/_internal.py:113} INFO - 172.17.0.1 - - [18/Feb/2021 13:42:26] "[37mGET /get_ps5 HTTP/1.1[0m" 200 -
[13:42:33] {/usr/local/lib/python3.9/site-packages/werkzeug/_internal.py:113} INFO - 172.17.0.1 - - [18/Feb/2021 13:42:33] "[37mGET /get_ps5 HTTP/1.1[0m" 200 -
[13:42:39] {/usr/local/lib/python3.9/site-packages/werkzeug/_internal.py:113} INFO - 172.17.0.1 - - [18/Feb/2021 13:42:39] "[37mGET /get_ps5 HTTP/1.1[0m" 200 -
[13:42:40] {/usr/local/lib/python3.9/site-packages/werkzeug/_internal.py:113} INFO - 172.17.0.1 - - [18/Feb/2021 13:42:40] "[37mGET /get_ps5 HTTP/1.1[0m" 200 -
[13:42:41] {/usr/local/lib/python3.9/site-packages/werkzeug/_internal.py:113} INFO - 172.17.0.1 - - [18/Feb/2021 13:42:41] "[37mGET /get_ps5 HTTP/1.1[0m" 200 -
[13:42:42] {/usr/local/lib/python3.9/site-packages/werkzeug/_internal.py:113} INFO - 172.17.0.1 - - [18/Feb/2021 13:42:42] "[37mGET /get_ps5 HTTP/1.1[0m" 200 -
[13:42:43] {/usr/local/lib/python3.9/site-packages/werkzeug/_internal.py:113} INFO - 172.17.0.1 - - [18/Feb/2021 13:42:43] "[37mGET /get_ps5 HTTP/1.1[0m" 200 -
[13:42:46] {/usr/local/lib/python3.9/site-packages/werkzeug/_internal.py:113} INFO - 172.17.0.1 - - [18/Feb/2021 13:42:46] "[37mGET /get_ps5 HTTP/1.1[0m" 200 -
[13:42:50] {/usr/local/lib/python3.9/site-packages/werkzeug/_internal.py:113} INFO - 172.17.0.1 - - [18/Feb/2021 13:42:50] "[37mGET /get_ps5 HTTP/1.1[0m" 200 -
[13:42:52] {/usr/local/lib/python3.9/site-packages/werkzeug/_internal.py:113} INFO - 172.17.0.1 - - [18/Feb/2021 13:42:52] "[37mGET /get_ps5 HTTP/1.1[0m" 200 -
[13:42:53] {/usr/local/lib/python3.9/site-packages/werkzeug/_internal.py:113} INFO - 172.17.0.1 - - [18/Feb/2021 13:42:53] "[37mGET /get_ps5 HTTP/1.1[0m" 200 -
[13:42:54] {/usr/local/lib/python3.9/site-packages/werkzeug/_internal.py:113} INFO - 172.17.0.1 - - [18/Feb/2021 13:42:54] "[37mGET /get_ps5 HTTP/1.1[0m" 200 -
[13:42:58] {/usr/local/lib/python3.9/site-packages/werkzeug/_internal.py:113} INFO - 172.17.0.1 - - [18/Feb/2021 13:42:58] "[37mGET /get_ps5 HTTP/1.1[0m" 200 -
[13:42:59] {/usr/local/lib/python3.9/site-packages/werkzeug/_internal.py:113} INFO - 172.17.0.1 - - [18/Feb/2021 13:42:59] "[37mGET /get_ps5 HTTP/1.1[0m" 200 -
[13:42:59] {/usr/local/lib/python3.9/site-packages/werkzeug/_internal.py:113} INFO - 172.17.0.1 - - [18/Feb/2021 13:42:59] "[37mGET /get_ps5 HTTP/1.1[0m" 200 -
[13:43:02] {/usr/local/lib/python3.9/site-packages/werkzeug/_internal.py:113} INFO - 172.17.0.1 - - [18/Feb/2021 13:43:02] "[37mGET /get_ps5 HTTP/1.1[0m" 200 -
[13:43:07] {/usr/local/lib/python3.9/site-packages/werkzeug/_internal.py:113} INFO - 172.17.0.1 - - [18/Feb/2021 13:43:07] "[37mGET /get_ps5 HTTP/1.1[0m" 200 -
[13:43:09] {/usr/local/lib/python3.9/site-packages/werkzeug/_internal.py:113} INFO - 172.17.0.1 - - [18/Feb/2021 13:43:09] "[37mGET /get_ps5 HTTP/1.1[0m" 200 -
[13:43:11] {/usr/local/lib/python3.9/site-packages/werkzeug/_internal.py:113} INFO - 172.17.0.1 - - [18/Feb/2021 13:43:11] "[37mGET /get_ps5 HTTP/1.1[0m" 200 -
[13:43:15] {/usr/local/lib/python3.9/site-packages/werkzeug/_internal.py:113} INFO - 172.17.0.1 - - [18/Feb/2021 13:43:15] "[37mGET /get_ps5 HTTP/1.1[0m" 200 -
[13:43:17] {/usr/local/lib/python3.9/site-packages/werkzeug/_internal.py:113} INFO - 172.17.0.1 - - [18/Feb/2021 13:43:17] "[37mGET /get_ps5 HTTP/1.1[0m" 200 -
[13:43:18] {/usr/local/lib/python3.9/site-packages/werkzeug/_internal.py:113} INFO - 172.17.0.1 - - [18/Feb/2021 13:43:18] "[37mGET /get_ps5 HTTP/1.1[0m" 200 -
[13:43:19] {/usr/local/lib/python3.9/site-packages/werkzeug/_internal.py:113} INFO - 172.17.0.1 - - [18/Feb/2021 13:43:19] "[37mGET /get_ps5 HTTP/1.1[0m" 200 -
[13:43:19] {/usr/local/lib/python3.9/site-packages/werkzeug/_internal.py:113} INFO - 172.17.0.1 - - [18/Feb/2021 13:43:19] "[37mGET /get_ps5 HTTP/1.1[0m" 200 -
[13:43:20] {/usr/local/lib/python3.9/site-packages/werkzeug/_internal.py:113} INFO - 172.17.0.1 - - [18/Feb/2021 13:43:20] "[37mGET /get_ps5 HTTP/1.1[0m" 200 -
[13:43:21] {/usr/local/lib/python3.9/site-packages/werkzeug/_internal.py:113} INFO - 172.17.0.1 - - [18/Feb/2021 13:43:21] "[37mGET /get_ps5 HTTP/1.1[0m" 200 -
[13:43:25] {/usr/local/lib/python3.9/site-packages/werkzeug/_internal.py:113} INFO - 172.17.0.1 - - [18/Feb/2021 13:43:25] "[37mGET /get_ps5 HTTP/1.1[0m" 200 -
[13:43:26] {/usr/local/lib/python3.9/site-packages/werkzeug/_internal.py:113} INFO - 172.17.0.1 - - [18/Feb/2021 13:43:26] "[37mGET /get_ps5 HTTP/1.1[0m" 200 -
[13:43:28] {/usr/local/lib/python3.9/site-packages/werkzeug/_internal.py:113} INFO - 172.17.0.1 - - [18/Feb/2021 13:43:28] "[37mGET /get_ps5 HTTP/1.1[0m" 200 -
[13:43:29] {/usr/local/lib/python3.9/site-packages/werkzeug/_internal.py:113} INFO - 172.17.0.1 - - [18/Feb/2021 13:43:29] "[37mGET /get_ps5 HTTP/1.1[0m" 200 -
[13:43:29] {/usr/local/lib/python3.9/site-packages/werkzeug/_internal.py:113} INFO - 172.17.0.1 - - [18/Feb/2021 13:43:29] "[37mGET /get_ps5 HTTP/1.1[0m" 200 -
[13:43:32] {/usr/local/lib/python3.9/site-packages/werkzeug/_internal.py:113} INFO - 172.17.0.1 - - [18/Feb/2021 13:43:32] "[37mGET /get_ps5 HTTP/1.1[0m" 200 -
[13:43:33] {/usr/local/lib/python3.9/site-packages/werkzeug/_internal.py:113} INFO - 172.17.0.1 - - [18/Feb/2021 13:43:33] "[37mGET /get_ps5 HTTP/1.1[0m" 200 -
[13:43:34] {/usr/local/lib/python3.9/site-packages/werkzeug/_internal.py:113} INFO - 172.17.0.1 - - [18/Feb/2021 13:43:34] "[37mGET /get_ps5 HTTP/1.1[0m" 200 -
[13:43:35] {/usr/local/lib/python3.9/site-packages/werkzeug/_internal.py:113} INFO - 172.17.0.1 - - [18/Feb/2021 13:43:35] "[37mGET /get_ps5 HTTP/1.1[0m" 200 -
[13:43:36] {/usr/local/lib/python3.9/site-packages/werkzeug/_internal.py:113} INFO - 172.17.0.1 - - [18/Feb/2021 13:43:36] "[37mGET /get_ps5 HTTP/1.1[0m" 200 -
[13:43:38] {/usr/local/lib/python3.9/site-packages/werkzeug/_internal.py:113} INFO - 172.17.0.1 - - [18/Feb/2021 13:43:38] "[37mGET /get_ps5 HTTP/1.1[0m" 200 -
[13:43:39] {/usr/local/lib/python3.9/site-packages/werkzeug/_internal.py:113} INFO - 172.17.0.1 - - [18/Feb/2021 13:43:39] "[37mGET /get_ps5 HTTP/1.1[0m" 200 -
[13:43:41] {/usr/local/lib/python3.9/site-packages/werkzeug/_internal.py:113} INFO - 172.17.0.1 - - [18/Feb/2021 13:43:41] "[37mGET /get_ps5 HTTP/1.1[0m" 200 -
[13:43:44] {/usr/local/lib/python3.9/site-packages/werkzeug/_internal.py:113} INFO - 172.17.0.1 - - [18/Feb/2021 13:43:44] "[37mGET /get_ps5 HTTP/1.1[0m" 200 -
[13:43:47] {/usr/local/lib/python3.9/site-packages/werkzeug/_internal.py:113} INFO - 172.17.0.1 - - [18/Feb/2021 13:43:47] "[37mGET /get_ps5 HTTP/1.1[0m" 200 -
[13:43:50] {/usr/local/lib/python3.9/site-packages/werkzeug/_internal.py:113} INFO - 172.17.0.1 - - [18/Feb/2021 13:43:50] "[37mGET /get_ps5 HTTP/1.1[0m" 200 -
[13:43:50] {/usr/local/lib/python3.9/site-packages/werkzeug/_internal.py:113} INFO - 172.17.0.1 - - [18/Feb/2021 13:43:50] "[37mGET /get_ps5 HTTP/1.1[0m" 200 -
[13:43:51] {/usr/local/lib/python3.9/site-packages/werkzeug/_internal.py:113} INFO - 172.17.0.1 - - [18/Feb/2021 13:43:51] "[37mGET /get_ps5 HTTP/1.1[0m" 200 -
[13:43:52] {/usr/local/lib/python3.9/site-packages/werkzeug/_internal.py:113} INFO - 172.17.0.1 - - [18/Feb/2021 13:43:52] "[37mGET /get_ps5 HTTP/1.1[0m" 200 -
[13:43:54] {/usr/local/lib/python3.9/site-packages/werkzeug/_internal.py:113} INFO - 172.17.0.1 - - [18/Feb/2021 13:43:54] "[37mGET /get_ps5 HTTP/1.1[0m" 200 -
[13:43:57] {/usr/local/lib/python3.9/site-packages/werkzeug/_internal.py:113} INFO - 172.17.0.1 - - [18/Feb/2021 13:43:57] "[37mGET /get_ps5 HTTP/1.1[0m" 200 -
[13:43:58] {/usr/local/lib/python3.9/site-packages/werkzeug/_internal.py:113} INFO - 172.17.0.1 - - [18/Feb/2021 13:43:58] "[37mGET /get_ps5 HTTP/1.1[0m" 200 -
[13:44:01] {/usr/local/lib/python3.9/site-packages/werkzeug/_internal.py:113} INFO - 172.17.0.1 - - [18/Feb/2021 13:44:01] "[37mGET /get_ps5 HTTP/1.1[0m" 200 -
[13:44:02] {/usr/local/lib/python3.9/site-packages/werkzeug/_internal.py:113} INFO - 172.17.0.1 - - [18/Feb/2021 13:44:02] "[37mGET /get_ps5 HTTP/1.1[0m" 200 -
[13:44:04] {/usr/local/lib/python3.9/site-packages/werkzeug/_internal.py:113} INFO - 172.17.0.1 - - [18/Feb/2021 13:44:04] "[37mGET /get_ps5 HTTP/1.1[0m" 200 -
[13:44:06] {/usr/local/lib/python3.9/site-packages/werkzeug/_internal.py:113} INFO - 172.17.0.1 - - [18/Feb/2021 13:44:06] "[37mGET /get_ps5 HTTP/1.1[0m" 200 -
[13:44:08] {/usr/local/lib/python3.9/site-packages/werkzeug/_internal.py:113} INFO - 172.17.0.1 - - [18/Feb/2021 13:44:08] "[37mGET /get_ps5 HTTP/1.1[0m" 200 -
[13:44:11] {/usr/local/lib/python3.9/site-packages/werkzeug/_internal.py:113} INFO - 172.17.0.1 - - [18/Feb/2021 13:44:11] "[37mGET /get_ps5 HTTP/1.1[0m" 200 -
[13:44:16] {/usr/local/lib/python3.9/site-packages/werkzeug/_internal.py:113} INFO - 172.17.0.1 - - [18/Feb/2021 13:44:16] "[37mGET /get_ps5 HTTP/1.1[0m" 200 -
[13:44:17] {/usr/local/lib/python3.9/site-packages/werkzeug/_internal.py:113} INFO - 172.17.0.1 - - [18/Feb/2021 13:44:17] "[37mGET /get_ps5 HTTP/1.1[0m" 200 -
[13:44:18] {/usr/local/lib/python3.9/site-packages/werkzeug/_internal.py:113} INFO - 172.17.0.1 - - [18/Feb/2021 13:44:18] "[37mGET /get_ps5 HTTP/1.1[0m" 200 -
[13:44:20] {/usr/local/lib/python3.9/site-packages/werkzeug/_internal.py:113} INFO - 172.17.0.1 - - [18/Feb/2021 13:44:20] "[37mGET /get_ps5 HTTP/1.1[0m" 200 -
[13:44:21] {/usr/local/lib/python3.9/site-packages/werkzeug/_internal.py:113} INFO - 172.17.0.1 - - [18/Feb/2021 13:44:21] "[37mGET /get_ps5 HTTP/1.1[0m" 200 -
[13:44:22] {/usr/local/lib/python3.9/site-packages/werkzeug/_internal.py:113} INFO - 172.17.0.1 - - [18/Feb/2021 13:44:22] "[37mGET /get_ps5 HTTP/1.1[0m" 200 -
[13:44:23] {/usr/local/lib/python3.9/site-packages/werkzeug/_internal.py:113} INFO - 172.17.0.1 - - [18/Feb/2021 13:44:23] "[37mGET /get_ps5 HTTP/1.1[0m" 200 -
[13:44:24] {/usr/local/lib/python3.9/site-packages/werkzeug/_internal.py:113} INFO - 172.17.0.1 - - [18/Feb/2021 13:44:24] "[37mGET /get_ps5 HTTP/1.1[0m" 200 -
[13:44:25] {/usr/local/lib/python3.9/site-packages/werkzeug/_internal.py:113} INFO - 172.17.0.1 - - [18/Feb/2021 13:44:25] "[37mGET /get_ps5 HTTP/1.1[0m" 200 -
[13:44:27] {/usr/local/lib/python3.9/site-packages/werkzeug/_internal.py:113} INFO - 172.17.0.1 - - [18/Feb/2021 13:44:27] "[37mGET /get_ps5 HTTP/1.1[0m" 200 -
[13:44:29] {/usr/local/lib/python3.9/site-packages/werkzeug/_internal.py:113} INFO - 172.17.0.1 - - [18/Feb/2021 13:44:29] "[37mGET /get_ps5 HTTP/1.1[0m" 200 -
[13:44:30] {/usr/local/lib/python3.9/site-packages/werkzeug/_internal.py:113} INFO - 172.17.0.1 - - [18/Feb/2021 13:44:30] "[37mGET /get_ps5 HTTP/1.1[0m" 200 -
[13:44:31] {/usr/local/lib/python3.9/site-packages/werkzeug/_internal.py:113} INFO - 172.17.0.1 - - [18/Feb/2021 13:44:31] "[37mGET /get_ps5 HTTP/1.1[0m" 200 -
[13:44:37] {/usr/local/lib/python3.9/site-packages/werkzeug/_internal.py:113} INFO - 172.17.0.1 - - [18/Feb/2021 13:44:37] "[37mGET /get_ps5 HTTP/1.1[0m" 200 -
[13:44:43] {/usr/local/lib/python3.9/site-packages/werkzeug/_internal.py:113} INFO - 172.17.0.1 - - [18/Feb/2021 13:44:43] "[37mGET /get_ps5 HTTP/1.1[0m" 200 -
[13:44:44] {/usr/local/lib/python3.9/site-packages/werkzeug/_internal.py:113} INFO - 172.17.0.1 - - [18/Feb/2021 13:44:44] "[37mGET /get_ps5 HTTP/1.1[0m" 200 -
[13:44:45] {/usr/local/lib/python3.9/site-packages/werkzeug/_internal.py:113} INFO - 172.17.0.1 - - [18/Feb/2021 13:44:45] "[37mGET /get_ps5 HTTP/1.1[0m" 200 -
[13:44:46] {/usr/local/lib/python3.9/site-packages/werkzeug/_internal.py:113} INFO - 172.17.0.1 - - [18/Feb/2021 13:44:46] "[37mGET /get_ps5 HTTP/1.1[0m" 200 -
[13:44:48] {/usr/local/lib/python3.9/site-packages/werkzeug/_internal.py:113} INFO - 172.17.0.1 - - [18/Feb/2021 13:44:48] "[37mGET /get_ps5 HTTP/1.1[0m" 200 -
[13:44:49] {/usr/local/lib/python3.9/site-packages/werkzeug/_internal.py:113} INFO - 172.17.0.1 - - [18/Feb/2021 13:44:49] "[37mGET /get_ps5 HTTP/1.1[0m" 200 -
[13:44:51] {/usr/local/lib/python3.9/site-packages/werkzeug/_internal.py:113} INFO - 172.17.0.1 - - [18/Feb/2021 13:44:51] "[37mGET /get_ps5 HTTP/1.1[0m" 200 -
[13:44:52] {/usr/local/lib/python3.9/site-packages/werkzeug/_internal.py:113} INFO - 172.17.0.1 - - [18/Feb/2021 13:44:52] "[37mGET /get_ps5 HTTP/1.1[0m" 200 -
[13:44:55] {/usr/local/lib/python3.9/site-packages/werkzeug/_internal.py:113} INFO - 172.17.0.1 - - [18/Feb/2021 13:44:55] "[37mGET /get_ps5 HTTP/1.1[0m" 200 -
[13:44:56] {/usr/local/lib/python3.9/site-packages/werkzeug/_internal.py:113} INFO - 172.17.0.1 - - [18/Feb/2021 13:44:56] "[37mGET /get_ps5 HTTP/1.1[0m" 200 -
[13:45:02] {/usr/local/lib/python3.9/site-packages/werkzeug/_internal.py:113} INFO - 172.17.0.1 - - [18/Feb/2021 13:45:02] "[37mGET /get_ps5 HTTP/1.1[0m" 200 -
[13:45:03] {/usr/local/lib/python3.9/site-packages/werkzeug/_internal.py:113} INFO - 172.17.0.1 - - [18/Feb/2021 13:45:03] "[37mGET /get_ps5 HTTP/1.1[0m" 200 -
[13:45:03] {/usr/local/lib/python3.9/site-packages/werkzeug/_internal.py:113} INFO - 172.17.0.1 - - [18/Feb/2021 13:45:03] "[37mGET /get_ps5 HTTP/1.1[0m" 200 -
[13:45:04] {/usr/local/lib/python3.9/site-packages/werkzeug/_internal.py:113} INFO - 172.17.0.1 - - [18/Feb/2021 13:45:04] "[37mGET /get_ps5 HTTP/1.1[0m" 200 -
[13:45:07] {/usr/local/lib/python3.9/site-packages/werkzeug/_internal.py:113} INFO - 172.17.0.1 - - [18/Feb/2021 13:45:07] "[37mGET /get_ps5 HTTP/1.1[0m" 200 -
[13:45:08] {/usr/local/lib/python3.9/site-packages/werkzeug/_internal.py:113} INFO - 172.17.0.1 - - [18/Feb/2021 13:45:08] "[37mGET /get_ps5 HTTP/1.1[0m" 200 -
[13:45:10] {/usr/local/lib/python3.9/site-packages/werkzeug/_internal.py:113} INFO - 172.17.0.1 - - [18/Feb/2021 13:45:10] "[37mGET /get_ps5 HTTP/1.1[0m" 200 -
[13:45:13] {/usr/local/lib/python3.9/site-packages/werkzeug/_internal.py:113} INFO - 172.17.0.1 - - [18/Feb/2021 13:45:13] "[37mGET /get_ps5 HTTP/1.1[0m" 200 -
[13:45:14] {/usr/local/lib/python3.9/site-packages/werkzeug/_internal.py:113} INFO - 172.17.0.1 - - [18/Feb/2021 13:45:14] "[37mGET /get_ps5 HTTP/1.1[0m" 200 -
[13:45:15] {/usr/local/lib/python3.9/site-packages/werkzeug/_internal.py:113} INFO - 172.17.0.1 - - [18/Feb/2021 13:45:15] "[37mGET /get_ps5 HTTP/1.1[0m" 200 -
[13:45:19] {/usr/local/lib/python3.9/site-packages/werkzeug/_internal.py:113} INFO - 172.17.0.1 - - [18/Feb/2021 13:45:19] "[37mGET /get_ps5 HTTP/1.1[0m" 200 -
[13:45:21] {/usr/local/lib/python3.9/site-packages/werkzeug/_internal.py:113} INFO - 172.17.0.1 - - [18/Feb/2021 13:45:21] "[37mGET /get_ps5 HTTP/1.1[0m" 200 -
[13:45:22] {/usr/local/lib/python3.9/site-packages/werkzeug/_internal.py:113} INFO - 172.17.0.1 - - [18/Feb/2021 13:45:22] "[37mGET /get_ps5 HTTP/1.1[0m" 200 -
[13:45:24] {/usr/local/lib/python3.9/site-packages/werkzeug/_internal.py:113} INFO - 172.17.0.1 - - [18/Feb/2021 13:45:24] "[37mGET /get_ps5 HTTP/1.1[0m" 200 -
[13:45:26] {/usr/local/lib/python3.9/site-packages/werkzeug/_internal.py:113} INFO - 172.17.0.1 - - [18/Feb/2021 13:45:26] "[37mGET /get_ps5 HTTP/1.1[0m" 200 -
[13:45:26] {/usr/local/lib/python3.9/site-packages/werkzeug/_internal.py:113} INFO - 172.17.0.1 - - [18/Feb/2021 13:45:26] "[37mGET /get_ps5 HTTP/1.1[0m" 200 -
[13:45:27] {/usr/local/lib/python3.9/site-packages/werkzeug/_internal.py:113} INFO - 172.17.0.1 - - [18/Feb/2021 13:45:27] "[37mGET /get_ps5 HTTP/1.1[0m" 200 -
[13:45:30] {/usr/local/lib/python3.9/site-packages/werkzeug/_internal.py:113} INFO - 172.17.0.1 - - [18/Feb/2021 13:45:30] "[37mGET /get_ps5 HTTP/1.1[0m" 200 -
[13:45:31] {/usr/local/lib/python3.9/site-packages/werkzeug/_internal.py:113} INFO - 172.17.0.1 - - [18/Feb/2021 13:45:31] "[37mGET /get_ps5 HTTP/1.1[0m" 200 -
[13:45:31] {/usr/local/lib/python3.9/site-packages/werkzeug/_internal.py:113} INFO - 172.17.0.1 - - [18/Feb/2021 13:45:31] "[37mGET /get_ps5 HTTP/1.1[0m" 200 -
[13:45:32] {/usr/local/lib/python3.9/site-packages/werkzeug/_internal.py:113} INFO - 172.17.0.1 - - [18/Feb/2021 13:45:32] "[37mGET /get_ps5 HTTP/1.1[0m" 200 -
[13:45:34] {/usr/local/lib/python3.9/site-packages/werkzeug/_internal.py:113} INFO - 172.17.0.1 - - [18/Feb/2021 13:45:34] "[37mGET /get_ps5 HTTP/1.1[0m" 200 -
[13:46:04] {/usr/local/lib/python3.9/site-packages/werkzeug/_internal.py:113} INFO - 172.17.0.1 - - [18/Feb/2021 13:46:04] "[37mGET /get_ps5 HTTP/1.1[0m" 200 -
[13:47:50] {/usr/local/lib/python3.9/site-packages/werkzeug/_internal.py:113} INFO - 172.17.0.1 - - [18/Feb/2021 13:47:50] "[37mGET /get_ps5 HTTP/1.1[0m" 200 -
[13:47:51] {/usr/local/lib/python3.9/site-packages/werkzeug/_internal.py:113} INFO - 172.17.0.1 - - [18/Feb/2021 13:47:51] "[37mGET /get_ps5 HTTP/1.1[0m" 200 -
[13:47:53] {/usr/local/lib/python3.9/site-packages/werkzeug/_internal.py:113} INFO - 172.17.0.1 - - [18/Feb/2021 13:47:53] "[37mGET /get_ps5 HTTP/1.1[0m" 200 -
[13:47:55] {/usr/local/lib/python3.9/site-packages/werkzeug/_internal.py:113} INFO - 172.17.0.1 - - [18/Feb/2021 13:47:55] "[37mGET /get_ps5 HTTP/1.1[0m" 200 -
[13:47:59] {/usr/local/lib/python3.9/site-packages/werkzeug/_internal.py:113} INFO - 172.17.0.1 - - [18/Feb/2021 13:47:59] "[37mGET /get_ps5 HTTP/1.1[0m" 200 -
[13:48:01] {/usr/local/lib/python3.9/site-packages/werkzeug/_internal.py:113} INFO - 172.17.0.1 - - [18/Feb/2021 13:48:01] "[37mGET /get_ps5 HTTP/1.1[0m" 200 -
[13:48:02] {/usr/local/lib/python3.9/site-packages/werkzeug/_internal.py:113} INFO - 172.17.0.1 - - [18/Feb/2021 13:48:02] "[37mGET /get_ps5 HTTP/1.1[0m" 200 -
[13:48:04] {/usr/local/lib/python3.9/site-packages/werkzeug/_internal.py:113} INFO - 172.17.0.1 - - [18/Feb/2021 13:48:04] "[37mGET /get_ps5 HTTP/1.1[0m" 200 -
[13:48:12] {/usr/local/lib/python3.9/site-packages/werkzeug/_internal.py:113} INFO - 172.17.0.1 - - [18/Feb/2021 13:48:12] "[37mGET /get_ps5 HTTP/1.1[0m" 200 -
[13:48:22] {/usr/local/lib/python3.9/site-packages/werkzeug/_internal.py:113} INFO - 172.17.0.1 - - [18/Feb/2021 13:48:22] "[37mGET /get_ps5 HTTP/1.1[0m" 200 -
[13:48:24] {/usr/local/lib/python3.9/site-packages/werkzeug/_internal.py:113} INFO - 172.17.0.1 - - [18/Feb/2021 13:48:24] "[37mGET /get_ps5 HTTP/1.1[0m" 200 -
[13:48:25] {/usr/local/lib/python3.9/site-packages/werkzeug/_internal.py:113} INFO - 172.17.0.1 - - [18/Feb/2021 13:48:25] "[37mGET /get_ps5 HTTP/1.1[0m" 200 -
[13:48:25] {/usr/local/lib/python3.9/site-packages/werkzeug/_internal.py:113} INFO - 172.17.0.1 - - [18/Feb/2021 13:48:25] "[37mGET /get_ps5 HTTP/1.1[0m" 200 -
[13:48:26] {/usr/local/lib/python3.9/site-packages/werkzeug/_internal.py:113} INFO - 172.17.0.1 - - [18/Feb/2021 13:48:26] "[37mGET /get_ps5 HTTP/1.1[0m" 200 -
[13:48:28] {/usr/local/lib/python3.9/site-packages/werkzeug/_internal.py:113} INFO - 172.17.0.1 - - [18/Feb/2021 13:48:28] "[37mGET /get_ps5 HTTP/1.1[0m" 200 -
[13:48:29] {/usr/local/lib/python3.9/site-packages/werkzeug/_internal.py:113} INFO - 172.17.0.1 - - [18/Feb/2021 13:48:29] "[37mGET /get_ps5 HTTP/1.1[0m" 200 -
[13:48:29] {/usr/local/lib/python3.9/site-packages/werkzeug/_internal.py:113} INFO - 172.17.0.1 - - [18/Feb/2021 13:48:29] "[37mGET /get_ps5 HTTP/1.1[0m" 200 -
[13:48:30] {/usr/local/lib/python3.9/site-packages/werkzeug/_internal.py:113} INFO - 172.17.0.1 - - [18/Feb/2021 13:48:30] "[37mGET /get_ps5 HTTP/1.1[0m" 200 -
[13:48:32] {/usr/local/lib/python3.9/site-packages/werkzeug/_internal.py:113} INFO - 172.17.0.1 - - [18/Feb/2021 13:48:32] "[37mGET /get_ps5 HTTP/1.1[0m" 200 -
[13:48:33] {/usr/local/lib/python3.9/site-packages/werkzeug/_internal.py:113} INFO - 172.17.0.1 - - [18/Feb/2021 13:48:33] "[37mGET /get_ps5 HTTP/1.1[0m" 200 -
[13:48:33] {/usr/local/lib/python3.9/site-packages/werkzeug/_internal.py:113} INFO - 172.17.0.1 - - [18/Feb/2021 13:48:33] "[37mGET /get_ps5 HTTP/1.1[0m" 200 -
[13:48:33] {/usr/local/lib/python3.9/site-packages/werkzeug/_internal.py:113} INFO - 172.17.0.1 - - [18/Feb/2021 13:48:33] "[37mGET /get_ps5 HTTP/1.1[0m" 200 -
[13:48:35] {/usr/local/lib/python3.9/site-packages/werkzeug/_internal.py:113} INFO - 172.17.0.1 - - [18/Feb/2021 13:48:35] "[37mGET /get_ps5 HTTP/1.1[0m" 200 -
[13:48:39] {/usr/local/lib/python3.9/site-packages/werkzeug/_internal.py:113} INFO - 172.17.0.1 - - [18/Feb/2021 13:48:39] "[37mGET /get_ps5 HTTP/1.1[0m" 200 -
[13:48:41] {/usr/local/lib/python3.9/site-packages/werkzeug/_internal.py:113} INFO - 172.17.0.1 - - [18/Feb/2021 13:48:41] "[37mGET /get_ps5 HTTP/1.1[0m" 200 -
[13:48:43] {/usr/local/lib/python3.9/site-packages/werkzeug/_internal.py:113} INFO - 172.17.0.1 - - [18/Feb/2021 13:48:43] "[37mGET /get_ps5 HTTP/1.1[0m" 200 -
[13:48:46] {/usr/local/lib/python3.9/site-packages/werkzeug/_internal.py:113} INFO - 172.17.0.1 - - [18/Feb/2021 13:48:46] "[37mGET /get_ps5 HTTP/1.1[0m" 200 -
[13:48:50] {/usr/local/lib/python3.9/site-packages/werkzeug/_internal.py:113} INFO - 172.17.0.1 - - [18/Feb/2021 13:48:50] "[37mGET /get_ps5 HTTP/1.1[0m" 200 -
[13:48:52] {/usr/local/lib/python3.9/site-packages/werkzeug/_internal.py:113} INFO - 172.17.0.1 - - [18/Feb/2021 13:48:52] "[37mGET /get_ps5 HTTP/1.1[0m" 200 -
[13:48:53] {/usr/local/lib/python3.9/site-packages/werkzeug/_internal.py:113} INFO - 172.17.0.1 - - [18/Feb/2021 13:48:53] "[37mGET /get_ps5 HTTP/1.1[0m" 200 -
[13:48:56] {/usr/local/lib/python3.9/site-packages/werkzeug/_internal.py:113} INFO - 172.17.0.1 - - [18/Feb/2021 13:48:56] "[37mGET /get_ps5 HTTP/1.1[0m" 200 -
[13:48:59] {/usr/local/lib/python3.9/site-packages/werkzeug/_internal.py:113} INFO - 172.17.0.1 - - [18/Feb/2021 13:48:59] "[37mGET /get_ps5 HTTP/1.1[0m" 200 -
[13:49:00] {/usr/local/lib/python3.9/site-packages/werkzeug/_internal.py:113} INFO - 172.17.0.1 - - [18/Feb/2021 13:49:00] "[37mGET /get_ps5 HTTP/1.1[0m" 200 -
[13:49:02] {/usr/local/lib/python3.9/site-packages/werkzeug/_internal.py:113} INFO - 172.17.0.1 - - [18/Feb/2021 13:49:02] "[37mGET /get_ps5 HTTP/1.1[0m" 200 -
[13:49:03] {/usr/local/lib/python3.9/site-packages/werkzeug/_internal.py:113} INFO - 172.17.0.1 - - [18/Feb/2021 13:49:03] "[37mGET /get_ps5 HTTP/1.1[0m" 200 -
[13:49:04] {/usr/local/lib/python3.9/site-packages/werkzeug/_internal.py:113} INFO - 172.17.0.1 - - [18/Feb/2021 13:49:04] "[37mGET /get_ps5 HTTP/1.1[0m" 200 -
[13:49:05] {/usr/local/lib/python3.9/site-packages/werkzeug/_internal.py:113} INFO - 172.17.0.1 - - [18/Feb/2021 13:49:05] "[37mGET /get_ps5 HTTP/1.1[0m" 200 -
[13:49:08] {/usr/local/lib/python3.9/site-packages/werkzeug/_internal.py:113} INFO - 172.17.0.1 - - [18/Feb/2021 13:49:08] "[37mGET /get_ps5 HTTP/1.1[0m" 200 -
[13:49:09] {/usr/local/lib/python3.9/site-packages/werkzeug/_internal.py:113} INFO - 172.17.0.1 - - [18/Feb/2021 13:49:09] "[37mGET /get_ps5 HTTP/1.1[0m" 200 -
[13:49:10] {/usr/local/lib/python3.9/site-packages/werkzeug/_internal.py:113} INFO - 172.17.0.1 - - [18/Feb/2021 13:49:10] "[37mGET /get_ps5 HTTP/1.1[0m" 200 -
[13:49:11] {/usr/local/lib/python3.9/site-packages/werkzeug/_internal.py:113} INFO - 172.17.0.1 - - [18/Feb/2021 13:49:11] "[37mGET /get_ps5 HTTP/1.1[0m" 200 -
[13:49:17] {/usr/local/lib/python3.9/site-packages/werkzeug/_internal.py:113} INFO - 172.17.0.1 - - [18/Feb/2021 13:49:17] "[37mGET /get_ps5 HTTP/1.1[0m" 200 -
[13:49:18] {/usr/local/lib/python3.9/site-packages/werkzeug/_internal.py:113} INFO - 172.17.0.1 - - [18/Feb/2021 13:49:18] "[37mGET /get_ps5 HTTP/1.1[0m" 200 -
[13:49:20] {/usr/local/lib/python3.9/site-packages/werkzeug/_internal.py:113} INFO - 172.17.0.1 - - [18/Feb/2021 13:49:20] "[37mGET /get_ps5 HTTP/1.1[0m" 200 -
[13:49:21] {/usr/local/lib/python3.9/site-packages/werkzeug/_internal.py:113} INFO - 172.17.0.1 - - [18/Feb/2021 13:49:21] "[37mGET /get_ps5 HTTP/1.1[0m" 200 -
[13:49:23] {/usr/local/lib/python3.9/site-packages/werkzeug/_internal.py:113} INFO - 172.17.0.1 - - [18/Feb/2021 13:49:23] "[37mGET /get_ps5 HTTP/1.1[0m" 200 -
[13:49:27] {/usr/local/lib/python3.9/site-packages/werkzeug/_internal.py:113} INFO - 172.17.0.1 - - [18/Feb/2021 13:49:27] "[37mGET /get_ps5 HTTP/1.1[0m" 200 -
[13:49:30] {/usr/local/lib/python3.9/site-packages/werkzeug/_internal.py:113} INFO - 172.17.0.1 - - [18/Feb/2021 13:49:30] "[37mGET /get_ps5 HTTP/1.1[0m" 200 -
[13:49:32] {/usr/local/lib/python3.9/site-packages/werkzeug/_internal.py:113} INFO - 172.17.0.1 - - [18/Feb/2021 13:49:32] "[37mGET /get_ps5 HTTP/1.1[0m" 200 -
[13:49:53] {/usr/local/lib/python3.9/site-packages/werkzeug/_internal.py:113} INFO - 172.17.0.1 - - [18/Feb/2021 13:49:53] "[37mGET /get_ps5 HTTP/1.1[0m" 200 -
[13:49:54] {/usr/local/lib/python3.9/site-packages/werkzeug/_internal.py:113} INFO - 172.17.0.1 - - [18/Feb/2021 13:49:54] "[37mGET /get_ps5 HTTP/1.1[0m" 200 -
[13:49:56] {/usr/local/lib/python3.9/site-packages/werkzeug/_internal.py:113} INFO - 172.17.0.1 - - [18/Feb/2021 13:49:56] "[37mGET /get_ps5 HTTP/1.1[0m" 200 -
[13:49:59] {/usr/local/lib/python3.9/site-packages/werkzeug/_internal.py:113} INFO - 172.17.0.1 - - [18/Feb/2021 13:49:59] "[37mGET /get_ps5 HTTP/1.1[0m" 200 -
[13:50:01] {/usr/local/lib/python3.9/site-packages/werkzeug/_internal.py:113} INFO - 172.17.0.1 - - [18/Feb/2021 13:50:01] "[37mGET /get_ps5 HTTP/1.1[0m" 200 -
[13:50:02] {/usr/local/lib/python3.9/site-packages/werkzeug/_internal.py:113} INFO - 172.17.0.1 - - [18/Feb/2021 13:50:02] "[37mGET /get_ps5 HTTP/1.1[0m" 200 -
[13:50:07] {/usr/local/lib/python3.9/site-packages/werkzeug/_internal.py:113} INFO - 172.17.0.1 - - [18/Feb/2021 13:50:07] "[37mGET /get_ps5 HTTP/1.1[0m" 200 -
[13:50:10] {/usr/local/lib/python3.9/site-packages/werkzeug/_internal.py:113} INFO - 172.17.0.1 - - [18/Feb/2021 13:50:10] "[37mGET /get_ps5 HTTP/1.1[0m" 200 -
[13:50:13] {/usr/local/lib/python3.9/site-packages/werkzeug/_internal.py:113} INFO - 172.17.0.1 - - [18/Feb/2021 13:50:13] "[37mGET /get_ps5 HTTP/1.1[0m" 200 -
[13:50:15] {/usr/local/lib/python3.9/site-packages/werkzeug/_internal.py:113} INFO - 172.17.0.1 - - [18/Feb/2021 13:50:15] "[37mGET /get_ps5 HTTP/1.1[0m" 200 -
[13:53:02] {/usr/local/lib/python3.9/site-packages/werkzeug/_internal.py:113} INFO - 172.17.0.1 - - [18/Feb/2021 13:53:02] "[37mGET /get_ps5 HTTP/1.1[0m" 200 -
[13:53:04] {/usr/local/lib/python3.9/site-packages/werkzeug/_internal.py:113} INFO - 172.17.0.1 - - [18/Feb/2021 13:53:04] "[37mGET /get_ps5 HTTP/1.1[0m" 200 -
[13:53:07] {/usr/local/lib/python3.9/site-packages/werkzeug/_internal.py:113} INFO - 172.17.0.1 - - [18/Feb/2021 13:53:07] "[37mGET /get_ps5 HTTP/1.1[0m" 200 -
[13:53:08] {/usr/local/lib/python3.9/site-packages/werkzeug/_internal.py:113} INFO - 172.17.0.1 - - [18/Feb/2021 13:53:08] "[37mGET /get_ps5 HTTP/1.1[0m" 200 -
[13:53:08] {/usr/local/lib/python3.9/site-packages/werkzeug/_internal.py:113} INFO - 172.17.0.1 - - [18/Feb/2021 13:53:08] "[37mGET /get_ps5 HTTP/1.1[0m" 200 -
[13:53:10] {/usr/local/lib/python3.9/site-packages/werkzeug/_internal.py:113} INFO - 172.17.0.1 - - [18/Feb/2021 13:53:10] "[37mGET /get_ps5 HTTP/1.1[0m" 200 -
[13:53:10] {/usr/local/lib/python3.9/site-packages/werkzeug/_internal.py:113} INFO - 172.17.0.1 - - [18/Feb/2021 13:53:10] "[37mGET /get_ps5 HTTP/1.1[0m" 200 -
[13:53:16] {/usr/local/lib/python3.9/site-packages/werkzeug/_internal.py:113} INFO - 172.17.0.1 - - [18/Feb/2021 13:53:16] "[37mGET /get_ps5 HTTP/1.1[0m" 200 -
[13:53:17] {/usr/local/lib/python3.9/site-packages/werkzeug/_internal.py:113} INFO - 172.17.0.1 - - [18/Feb/2021 13:53:17] "[37mGET /get_ps5 HTTP/1.1[0m" 200 -
[13:53:18] {/usr/local/lib/python3.9/site-packages/werkzeug/_internal.py:113} INFO - 172.17.0.1 - - [18/Feb/2021 13:53:18] "[37mGET /get_ps5 HTTP/1.1[0m" 200 -
[13:53:20] {/usr/local/lib/python3.9/site-packages/werkzeug/_internal.py:113} INFO - 172.17.0.1 - - [18/Feb/2021 13:53:20] "[37mGET /get_ps5 HTTP/1.1[0m" 200 -
[13:53:21] {/usr/local/lib/python3.9/site-packages/werkzeug/_internal.py:113} INFO - 172.17.0.1 - - [18/Feb/2021 13:53:21] "[37mGET /get_ps5 HTTP/1.1[0m" 200 -
[13:53:22] {/usr/local/lib/python3.9/site-packages/werkzeug/_internal.py:113} INFO - 172.17.0.1 - - [18/Feb/2021 13:53:22] "[37mGET /get_ps5 HTTP/1.1[0m" 200 -
[13:53:24] {/usr/local/lib/python3.9/site-packages/werkzeug/_internal.py:113} INFO - 172.17.0.1 - - [18/Feb/2021 13:53:24] "[37mGET /get_ps5 HTTP/1.1[0m" 200 -
[13:53:25] {/usr/local/lib/python3.9/site-packages/werkzeug/_internal.py:113} INFO - 172.17.0.1 - - [18/Feb/2021 13:53:25] "[37mGET /get_ps5 HTTP/1.1[0m" 200 -
[13:53:26] {/usr/local/lib/python3.9/site-packages/werkzeug/_internal.py:113} INFO - 172.17.0.1 - - [18/Feb/2021 13:53:26] "[37mGET /get_ps5 HTTP/1.1[0m" 200 -
[13:53:28] {/usr/local/lib/python3.9/site-packages/werkzeug/_internal.py:113} INFO - 172.17.0.1 - - [18/Feb/2021 13:53:28] "[37mGET /get_ps5 HTTP/1.1[0m" 200 -
[13:53:29] {/usr/local/lib/python3.9/site-packages/werkzeug/_internal.py:113} INFO - 172.17.0.1 - - [18/Feb/2021 13:53:29] "[37mGET /get_ps5 HTTP/1.1[0m" 200 -
[13:53:31] {/usr/local/lib/python3.9/site-packages/werkzeug/_internal.py:113} INFO - 172.17.0.1 - - [18/Feb/2021 13:53:31] "[37mGET /get_ps5 HTTP/1.1[0m" 200 -
[13:53:32] {/usr/local/lib/python3.9/site-packages/werkzeug/_internal.py:113} INFO - 172.17.0.1 - - [18/Feb/2021 13:53:32] "[37mGET /get_ps5 HTTP/1.1[0m" 200 -
[13:53:34] {/usr/local/lib/python3.9/site-packages/werkzeug/_internal.py:113} INFO - 172.17.0.1 - - [18/Feb/2021 13:53:34] "[37mGET /get_ps5 HTTP/1.1[0m" 200 -
[13:53:35] {/usr/local/lib/python3.9/site-packages/werkzeug/_internal.py:113} INFO - 172.17.0.1 - - [18/Feb/2021 13:53:35] "[37mGET /get_ps5 HTTP/1.1[0m" 200 -
[13:53:36] {/usr/local/lib/python3.9/site-packages/werkzeug/_internal.py:113} INFO - 172.17.0.1 - - [18/Feb/2021 13:53:36] "[37mGET /get_ps5 HTTP/1.1[0m" 200 -
[13:53:38] {/usr/local/lib/python3.9/site-packages/werkzeug/_internal.py:113} INFO - 172.17.0.1 - - [18/Feb/2021 13:53:38] "[37mGET /get_ps5 HTTP/1.1[0m" 200 -
[13:53:42] {/usr/local/lib/python3.9/site-packages/werkzeug/_internal.py:113} INFO - 172.17.0.1 - - [18/Feb/2021 13:53:42] "[37mGET /get_ps5 HTTP/1.1[0m" 200 -
[13:53:43] {/usr/local/lib/python3.9/site-packages/werkzeug/_internal.py:113} INFO - 172.17.0.1 - - [18/Feb/2021 13:53:43] "[37mGET /get_ps5 HTTP/1.1[0m" 200 -
[13:53:44] {/usr/local/lib/python3.9/site-packages/werkzeug/_internal.py:113} INFO - 172.17.0.1 - - [18/Feb/2021 13:53:44] "[37mGET /get_ps5 HTTP/1.1[0m" 200 -
[13:53:44] {/usr/local/lib/python3.9/site-packages/werkzeug/_internal.py:113} INFO - 172.17.0.1 - - [18/Feb/2021 13:53:44] "[37mGET /get_ps5 HTTP/1.1[0m" 200 -
[13:53:45] {/usr/local/lib/python3.9/site-packages/werkzeug/_internal.py:113} INFO - 172.17.0.1 - - [18/Feb/2021 13:53:45] "[37mGET /get_ps5 HTTP/1.1[0m" 200 -
[13:53:48] {/usr/local/lib/python3.9/site-packages/werkzeug/_internal.py:113} INFO - 172.17.0.1 - - [18/Feb/2021 13:53:48] "[37mGET /get_ps5 HTTP/1.1[0m" 200 -
[13:53:49] {/usr/local/lib/python3.9/site-packages/werkzeug/_internal.py:113} INFO - 172.17.0.1 - - [18/Feb/2021 13:53:49] "[37mGET /get_ps5 HTTP/1.1[0m" 200 -
[13:53:50] {/usr/local/lib/python3.9/site-packages/werkzeug/_internal.py:113} INFO - 172.17.0.1 - - [18/Feb/2021 13:53:50] "[37mGET /get_ps5 HTTP/1.1[0m" 200 -
[13:53:51] {/usr/local/lib/python3.9/site-packages/werkzeug/_internal.py:113} INFO - 172.17.0.1 - - [18/Feb/2021 13:53:51] "[37mGET /get_ps5 HTTP/1.1[0m" 200 -
[13:53:52] {/usr/local/lib/python3.9/site-packages/werkzeug/_internal.py:113} INFO - 172.17.0.1 - - [18/Feb/2021 13:53:52] "[37mGET /get_ps5 HTTP/1.1[0m" 200 -
[13:53:53] {/usr/local/lib/python3.9/site-packages/werkzeug/_internal.py:113} INFO - 172.17.0.1 - - [18/Feb/2021 13:53:53] "[37mGET /get_ps5 HTTP/1.1[0m" 200 -
[13:53:54] {/usr/local/lib/python3.9/site-packages/werkzeug/_internal.py:113} INFO - 172.17.0.1 - - [18/Feb/2021 13:53:54] "[37mGET /get_ps5 HTTP/1.1[0m" 200 -
[13:53:55] {/usr/local/lib/python3.9/site-packages/werkzeug/_internal.py:113} INFO - 172.17.0.1 - - [18/Feb/2021 13:53:55] "[37mGET /get_ps5 HTTP/1.1[0m" 200 -
[13:53:57] {/usr/local/lib/python3.9/site-packages/werkzeug/_internal.py:113} INFO - 172.17.0.1 - - [18/Feb/2021 13:53:57] "[37mGET /get_ps5 HTTP/1.1[0m" 200 -
[13:53:59] {/usr/local/lib/python3.9/site-packages/werkzeug/_internal.py:113} INFO - 172.17.0.1 - - [18/Feb/2021 13:53:59] "[37mGET /get_ps5 HTTP/1.1[0m" 200 -
[13:54:01] {/usr/local/lib/python3.9/site-packages/werkzeug/_internal.py:113} INFO - 172.17.0.1 - - [18/Feb/2021 13:54:01] "[37mGET /get_ps5 HTTP/1.1[0m" 200 -
[13:54:02] {/usr/local/lib/python3.9/site-packages/werkzeug/_internal.py:113} INFO - 172.17.0.1 - - [18/Feb/2021 13:54:02] "[37mGET /get_ps5 HTTP/1.1[0m" 200 -
[13:54:06] {/usr/local/lib/python3.9/site-packages/werkzeug/_internal.py:113} INFO - 172.17.0.1 - - [18/Feb/2021 13:54:06] "[37mGET /get_ps5 HTTP/1.1[0m" 200 -
[13:54:12] {/usr/local/lib/python3.9/site-packages/werkzeug/_internal.py:113} INFO - 172.17.0.1 - - [18/Feb/2021 13:54:12] "[37mGET /get_ps5 HTTP/1.1[0m" 200 -
[13:54:13] {/usr/local/lib/python3.9/site-packages/werkzeug/_internal.py:113} INFO - 172.17.0.1 - - [18/Feb/2021 13:54:13] "[37mGET /get_ps5 HTTP/1.1[0m" 200 -
[13:54:14] {/usr/local/lib/python3.9/site-packages/werkzeug/_internal.py:113} INFO - 172.17.0.1 - - [18/Feb/2021 13:54:14] "[37mGET /get_ps5 HTTP/1.1[0m" 200 -
[13:54:15] {/usr/local/lib/python3.9/site-packages/werkzeug/_internal.py:113} INFO - 172.17.0.1 - - [18/Feb/2021 13:54:15] "[37mGET /get_ps5 HTTP/1.1[0m" 200 -
[13:54:17] {/usr/local/lib/python3.9/site-packages/werkzeug/_internal.py:113} INFO - 172.17.0.1 - - [18/Feb/2021 13:54:17] "[37mGET /get_ps5 HTTP/1.1[0m" 200 -
[13:54:46] {/usr/local/lib/python3.9/site-packages/werkzeug/_internal.py:113} INFO - 172.17.0.1 - - [18/Feb/2021 13:54:46] "[37mGET /get_ps5 HTTP/1.1[0m" 200 -
[13:54:47] {/usr/local/lib/python3.9/site-packages/werkzeug/_internal.py:113} INFO - 172.17.0.1 - - [18/Feb/2021 13:54:47] "[37mGET /get_ps5 HTTP/1.1[0m" 200 -
[13:54:48] {/usr/local/lib/python3.9/site-packages/werkzeug/_internal.py:113} INFO - 172.17.0.1 - - [18/Feb/2021 13:54:48] "[37mGET /get_ps5 HTTP/1.1[0m" 200 -
[13:54:50] {/usr/local/lib/python3.9/site-packages/werkzeug/_internal.py:113} INFO - 172.17.0.1 - - [18/Feb/2021 13:54:50] "[37mGET /get_ps5 HTTP/1.1[0m" 200 -
[13:54:54] {/usr/local/lib/python3.9/site-packages/werkzeug/_internal.py:113} INFO - 172.17.0.1 - - [18/Feb/2021 13:54:54] "[37mGET /get_ps5 HTTP/1.1[0m" 200 -
[13:54:55] {/usr/local/lib/python3.9/site-packages/werkzeug/_internal.py:113} INFO - 172.17.0.1 - - [18/Feb/2021 13:54:55] "[37mGET /get_ps5 HTTP/1.1[0m" 200 -
[13:55:00] {/usr/local/lib/python3.9/site-packages/werkzeug/_internal.py:113} INFO - 172.17.0.1 - - [18/Feb/2021 13:55:00] "[37mGET /get_ps5 HTTP/1.1[0m" 200 -
[13:55:01] {/usr/local/lib/python3.9/site-packages/werkzeug/_internal.py:113} INFO - 172.17.0.1 - - [18/Feb/2021 13:55:01] "[37mGET /get_ps5 HTTP/1.1[0m" 200 -
[13:55:02] {/usr/local/lib/python3.9/site-packages/werkzeug/_internal.py:113} INFO - 172.17.0.1 - - [18/Feb/2021 13:55:02] "[37mGET /get_ps5 HTTP/1.1[0m" 200 -
[13:55:03] {/usr/local/lib/python3.9/site-packages/werkzeug/_internal.py:113} INFO - 172.17.0.1 - - [18/Feb/2021 13:55:03] "[37mGET /get_ps5 HTTP/1.1[0m" 200 -
[13:55:04] {/usr/local/lib/python3.9/site-packages/werkzeug/_internal.py:113} INFO - 172.17.0.1 - - [18/Feb/2021 13:55:04] "[37mGET /get_ps5 HTTP/1.1[0m" 200 -
[13:55:05] {/usr/local/lib/python3.9/site-packages/werkzeug/_internal.py:113} INFO - 172.17.0.1 - - [18/Feb/2021 13:55:05] "[37mGET /get_ps5 HTTP/1.1[0m" 200 -
[13:55:06] {/usr/local/lib/python3.9/site-packages/werkzeug/_internal.py:113} INFO - 172.17.0.1 - - [18/Feb/2021 13:55:06] "[37mGET /get_ps5 HTTP/1.1[0m" 200 -
[13:55:06] {/usr/local/lib/python3.9/site-packages/werkzeug/_internal.py:113} INFO - 172.17.0.1 - - [18/Feb/2021 13:55:06] "[37mGET /get_ps5 HTTP/1.1[0m" 200 -
[13:55:08] {/usr/local/lib/python3.9/site-packages/werkzeug/_internal.py:113} INFO - 172.17.0.1 - - [18/Feb/2021 13:55:08] "[37mGET /get_ps5 HTTP/1.1[0m" 200 -
[13:55:09] {/usr/local/lib/python3.9/site-packages/werkzeug/_internal.py:113} INFO - 172.17.0.1 - - [18/Feb/2021 13:55:09] "[37mGET /get_ps5 HTTP/1.1[0m" 200 -
[13:55:10] {/usr/local/lib/python3.9/site-packages/werkzeug/_internal.py:113} INFO - 172.17.0.1 - - [18/Feb/2021 13:55:10] "[37mGET /get_ps5 HTTP/1.1[0m" 200 -
[13:55:14] {/usr/local/lib/python3.9/site-packages/werkzeug/_internal.py:113} INFO - 172.17.0.1 - - [18/Feb/2021 13:55:14] "[37mGET /get_ps5 HTTP/1.1[0m" 200 -
[13:55:14] {/usr/local/lib/python3.9/site-packages/werkzeug/_internal.py:113} INFO - 172.17.0.1 - - [18/Feb/2021 13:55:14] "[37mGET /get_ps5 HTTP/1.1[0m" 200 -
[13:55:14] {/usr/local/lib/python3.9/site-packages/werkzeug/_internal.py:113} INFO - 172.17.0.1 - - [18/Feb/2021 13:55:14] "[37mGET /get_ps5 HTTP/1.1[0m" 200 -
[13:55:15] {/usr/local/lib/python3.9/site-packages/werkzeug/_internal.py:113} INFO - 172.17.0.1 - - [18/Feb/2021 13:55:15] "[37mGET /get_ps5 HTTP/1.1[0m" 200 -
[13:55:16] {/usr/local/lib/python3.9/site-packages/werkzeug/_internal.py:113} INFO - 172.17.0.1 - - [18/Feb/2021 13:55:16] "[37mGET /get_ps5 HTTP/1.1[0m" 200 -
[13:55:18] {/usr/local/lib/python3.9/site-packages/werkzeug/_internal.py:113} INFO - 172.17.0.1 - - [18/Feb/2021 13:55:18] "[37mGET /get_ps5 HTTP/1.1[0m" 200 -
[13:55:19] {/usr/local/lib/python3.9/site-packages/werkzeug/_internal.py:113} INFO - 172.17.0.1 - - [18/Feb/2021 13:55:19] "[37mGET /get_ps5 HTTP/1.1[0m" 200 -
[13:55:21] {/usr/local/lib/python3.9/site-packages/werkzeug/_internal.py:113} INFO - 172.17.0.1 - - [18/Feb/2021 13:55:21] "[37mGET /get_ps5 HTTP/1.1[0m" 200 -
[13:55:23] {/usr/local/lib/python3.9/site-packages/werkzeug/_internal.py:113} INFO - 172.17.0.1 - - [18/Feb/2021 13:55:23] "[37mGET /get_ps5 HTTP/1.1[0m" 200 -
[14:01:21] {/usr/local/lib/python3.9/site-packages/werkzeug/_internal.py:113} INFO -  * Detected change in '/scrapping/app.py', reloading
[14:01:21] {/usr/local/lib/python3.9/site-packages/werkzeug/_internal.py:113} INFO -  * Restarting with stat
[14:01:22] {/scrapping/app.py:17} INFO - script start
[14:01:22] {/scrapping/app.py:18} INFO - Scrapping element of xbox one page with class from url link jeux videos.com
[14:01:22] {/scrapping/app.py:51} INFO - scrapping element ps5 title in page jeux videos.com 
[14:13:58] {/scrapping/app.py:17} INFO - script start
[14:13:58] {/scrapping/app.py:18} INFO - Scrapping element of xbox one page with class from url link jeux videos.com
[14:13:58] {/scrapping/app.py:51} INFO - scrapping element ps5 title in page jeux videos.com 
[14:13:58] {/scrapping/app.py:70} INFO - scrapping element pc title in page jeux videos.com 
[14:13:58] {/scrapping/app.py:88} INFO - end of script
[14:13:58] {/usr/local/lib/python3.9/site-packages/werkzeug/_internal.py:113} INFO -  * Running on http://0.0.0.0:3000/ (Press CTRL+C to quit)
[14:13:58] {/usr/local/lib/python3.9/site-packages/werkzeug/_internal.py:113} INFO -  * Restarting with stat
[14:13:58] {/scrapping/app.py:17} INFO - script start
[14:13:58] {/scrapping/app.py:18} INFO - Scrapping element of xbox one page with class from url link jeux videos.com
[14:13:58] {/scrapping/app.py:51} INFO - scrapping element ps5 title in page jeux videos.com 
[14:13:58] {/scrapping/app.py:70} INFO - scrapping element pc title in page jeux videos.com 
[14:13:58] {/scrapping/app.py:88} INFO - end of script
[14:13:58] {/usr/local/lib/python3.9/site-packages/werkzeug/_internal.py:113} WARNING -  * Debugger is active!
[14:13:58] {/usr/local/lib/python3.9/site-packages/werkzeug/_internal.py:113} INFO -  * Debugger PIN: 253-768-365
[14:14:00] {/usr/local/lib/python3.9/site-packages/werkzeug/_internal.py:113} INFO - 172.17.0.1 - - [18/Feb/2021 14:14:00] "[35m[1mGET /get_ps5 HTTP/1.1[0m" 500 -
[14:14:00] {/usr/local/lib/python3.9/site-packages/werkzeug/_internal.py:113} INFO - 172.17.0.1 - - [18/Feb/2021 14:14:00] "[35m[1mGET /get_ps5 HTTP/1.1[0m" 500 -
[14:14:04] {/usr/local/lib/python3.9/site-packages/werkzeug/_internal.py:113} INFO - 172.17.0.1 - - [18/Feb/2021 14:14:04] "[35m[1mGET /get_ps5 HTTP/1.1[0m" 500 -
[14:14:05] {/usr/local/lib/python3.9/site-packages/werkzeug/_internal.py:113} INFO - 172.17.0.1 - - [18/Feb/2021 14:14:05] "[35m[1mGET /get_ps5 HTTP/1.1[0m" 500 -
[14:14:05] {/usr/local/lib/python3.9/site-packages/werkzeug/_internal.py:113} INFO - 172.17.0.1 - - [18/Feb/2021 14:14:05] "[37mGET /get_ps5?__debugger__=yes&cmd=resource&f=jquery.js HTTP/1.1[0m" 200 -
[14:14:05] {/usr/local/lib/python3.9/site-packages/werkzeug/_internal.py:113} INFO - 172.17.0.1 - - [18/Feb/2021 14:14:05] "[37mGET /get_ps5?__debugger__=yes&cmd=resource&f=debugger.js HTTP/1.1[0m" 200 -
[14:14:05] {/usr/local/lib/python3.9/site-packages/werkzeug/_internal.py:113} INFO - 172.17.0.1 - - [18/Feb/2021 14:14:05] "[37mGET /get_ps5?__debugger__=yes&cmd=resource&f=style.css HTTP/1.1[0m" 200 -
[14:14:05] {/usr/local/lib/python3.9/site-packages/werkzeug/_internal.py:113} INFO - 172.17.0.1 - - [18/Feb/2021 14:14:05] "[37mGET /get_ps5?__debugger__=yes&cmd=resource&f=ubuntu.ttf HTTP/1.1[0m" 200 -
[14:14:05] {/usr/local/lib/python3.9/site-packages/werkzeug/_internal.py:113} INFO - 172.17.0.1 - - [18/Feb/2021 14:14:05] "[37mGET /get_ps5?__debugger__=yes&cmd=resource&f=console.png HTTP/1.1[0m" 200 -
[14:14:05] {/usr/local/lib/python3.9/site-packages/werkzeug/_internal.py:113} INFO - 172.17.0.1 - - [18/Feb/2021 14:14:05] "[37mGET /get_ps5?__debugger__=yes&cmd=resource&f=console.png HTTP/1.1[0m" 200 -
[14:14:06] {/usr/local/lib/python3.9/site-packages/werkzeug/_internal.py:113} INFO - 172.17.0.1 - - [18/Feb/2021 14:14:06] "[35m[1mGET /get_ps5 HTTP/1.1[0m" 500 -
[14:14:06] {/usr/local/lib/python3.9/site-packages/werkzeug/_internal.py:113} INFO - 172.17.0.1 - - [18/Feb/2021 14:14:06] "[35m[1mGET /get_ps5 HTTP/1.1[0m" 500 -
[14:14:07] {/usr/local/lib/python3.9/site-packages/werkzeug/_internal.py:113} INFO - 172.17.0.1 - - [18/Feb/2021 14:14:07] "[35m[1mGET /get_ps5 HTTP/1.1[0m" 500 -
[14:14:08] {/usr/local/lib/python3.9/site-packages/werkzeug/_internal.py:113} INFO - 172.17.0.1 - - [18/Feb/2021 14:14:08] "[35m[1mGET /get_ps5 HTTP/1.1[0m" 500 -
[14:14:08] {/usr/local/lib/python3.9/site-packages/werkzeug/_internal.py:113} INFO - 172.17.0.1 - - [18/Feb/2021 14:14:08] "[35m[1mGET /get_ps5 HTTP/1.1[0m" 500 -
[14:14:09] {/usr/local/lib/python3.9/site-packages/werkzeug/_internal.py:113} INFO - 172.17.0.1 - - [18/Feb/2021 14:14:09] "[35m[1mGET /get_ps5 HTTP/1.1[0m" 500 -
[14:14:09] {/usr/local/lib/python3.9/site-packages/werkzeug/_internal.py:113} INFO - 172.17.0.1 - - [18/Feb/2021 14:14:09] "[35m[1mGET /get_ps5 HTTP/1.1[0m" 500 -
[14:14:10] {/usr/local/lib/python3.9/site-packages/werkzeug/_internal.py:113} INFO - 172.17.0.1 - - [18/Feb/2021 14:14:10] "[35m[1mGET /get_ps5 HTTP/1.1[0m" 500 -
[14:14:11] {/usr/local/lib/python3.9/site-packages/werkzeug/_internal.py:113} INFO - 172.17.0.1 - - [18/Feb/2021 14:14:11] "[35m[1mGET /get_ps5 HTTP/1.1[0m" 500 -
[14:14:12] {/usr/local/lib/python3.9/site-packages/werkzeug/_internal.py:113} INFO - 172.17.0.1 - - [18/Feb/2021 14:14:12] "[35m[1mGET /get_ps5 HTTP/1.1[0m" 500 -
[14:14:12] {/usr/local/lib/python3.9/site-packages/werkzeug/_internal.py:113} INFO - 172.17.0.1 - - [18/Feb/2021 14:14:12] "[35m[1mGET /get_ps5 HTTP/1.1[0m" 500 -
[14:14:17] {/usr/local/lib/python3.9/site-packages/werkzeug/_internal.py:113} INFO - 172.17.0.1 - - [18/Feb/2021 14:14:17] "[35m[1mGET /get_ps5 HTTP/1.1[0m" 500 -
[14:14:19] {/usr/local/lib/python3.9/site-packages/werkzeug/_internal.py:113} INFO - 172.17.0.1 - - [18/Feb/2021 14:14:19] "[35m[1mGET /get_ps5 HTTP/1.1[0m" 500 -
[14:14:20] {/usr/local/lib/python3.9/site-packages/werkzeug/_internal.py:113} INFO - 172.17.0.1 - - [18/Feb/2021 14:14:20] "[35m[1mGET /get_ps5 HTTP/1.1[0m" 500 -
[14:14:21] {/usr/local/lib/python3.9/site-packages/werkzeug/_internal.py:113} INFO - 172.17.0.1 - - [18/Feb/2021 14:14:21] "[35m[1mGET /get_ps5 HTTP/1.1[0m" 500 -
[14:14:23] {/usr/local/lib/python3.9/site-packages/werkzeug/_internal.py:113} INFO - 172.17.0.1 - - [18/Feb/2021 14:14:23] "[35m[1mGET /get_ps5 HTTP/1.1[0m" 500 -
[14:14:23] {/usr/local/lib/python3.9/site-packages/werkzeug/_internal.py:113} INFO - 172.17.0.1 - - [18/Feb/2021 14:14:23] "[35m[1mGET /get_ps5 HTTP/1.1[0m" 500 -
[14:14:24] {/usr/local/lib/python3.9/site-packages/werkzeug/_internal.py:113} INFO - 172.17.0.1 - - [18/Feb/2021 14:14:24] "[35m[1mGET /get_ps5 HTTP/1.1[0m" 500 -
[14:14:25] {/usr/local/lib/python3.9/site-packages/werkzeug/_internal.py:113} INFO - 172.17.0.1 - - [18/Feb/2021 14:14:25] "[35m[1mGET /get_ps5 HTTP/1.1[0m" 500 -
[14:14:27] {/usr/local/lib/python3.9/site-packages/werkzeug/_internal.py:113} INFO -  * Detected change in '/scrapping/app.py', reloading
[14:14:28] {/usr/local/lib/python3.9/site-packages/werkzeug/_internal.py:113} INFO -  * Restarting with stat
[14:14:29] {/scrapping/app.py:17} INFO - script start
[14:14:29] {/scrapping/app.py:18} INFO - Scrapping element of xbox one page with class from url link jeux videos.com
[14:14:29] {/scrapping/app.py:51} INFO - scrapping element ps5 title in page jeux videos.com 
[14:14:29] {/scrapping/app.py:69} INFO - scrapping element pc title in page jeux videos.com 
[14:14:29] {/scrapping/app.py:87} INFO - end of script
[14:14:29] {/usr/local/lib/python3.9/site-packages/werkzeug/_internal.py:113} WARNING -  * Debugger is active!
[14:14:29] {/usr/local/lib/python3.9/site-packages/werkzeug/_internal.py:113} INFO -  * Debugger PIN: 253-768-365
[14:14:30] {/usr/local/lib/python3.9/site-packages/werkzeug/_internal.py:113} INFO - 172.17.0.1 - - [18/Feb/2021 14:14:30] "[37mGET /get_ps5 HTTP/1.1[0m" 200 -
[14:14:30] {/usr/local/lib/python3.9/site-packages/werkzeug/_internal.py:113} INFO - 172.17.0.1 - - [18/Feb/2021 14:14:30] "[37mGET /get_ps5 HTTP/1.1[0m" 200 -
[14:14:31] {/usr/local/lib/python3.9/site-packages/werkzeug/_internal.py:113} INFO - 172.17.0.1 - - [18/Feb/2021 14:14:31] "[37mGET /get_ps5 HTTP/1.1[0m" 200 -
[14:14:32] {/usr/local/lib/python3.9/site-packages/werkzeug/_internal.py:113} INFO - 172.17.0.1 - - [18/Feb/2021 14:14:32] "[37mGET /get_ps5 HTTP/1.1[0m" 200 -
[14:14:33] {/usr/local/lib/python3.9/site-packages/werkzeug/_internal.py:113} INFO - 172.17.0.1 - - [18/Feb/2021 14:14:33] "[37mGET /get_ps5 HTTP/1.1[0m" 200 -
[14:14:39] {/usr/local/lib/python3.9/site-packages/werkzeug/_internal.py:113} INFO - 172.17.0.1 - - [18/Feb/2021 14:14:39] "[37mGET /get_ps5 HTTP/1.1[0m" 200 -
[14:14:39] {/usr/local/lib/python3.9/site-packages/werkzeug/_internal.py:113} INFO - 172.17.0.1 - - [18/Feb/2021 14:14:39] "[33mGET /favicon.ico HTTP/1.1[0m" 404 -
[14:14:40] {/usr/local/lib/python3.9/site-packages/werkzeug/_internal.py:113} INFO - 172.17.0.1 - - [18/Feb/2021 14:14:40] "[37mGET /get_ps5 HTTP/1.1[0m" 200 -
[14:14:41] {/usr/local/lib/python3.9/site-packages/werkzeug/_internal.py:113} INFO - 172.17.0.1 - - [18/Feb/2021 14:14:41] "[37mGET /get_ps5 HTTP/1.1[0m" 200 -
[14:14:44] {/scrapping/app.py:17} INFO - script start
[14:14:44] {/scrapping/app.py:18} INFO - Scrapping element of xbox one page with class from url link jeux videos.com
[14:14:44] {/scrapping/app.py:51} INFO - scrapping element ps5 title in page jeux videos.com 
[14:14:44] {/scrapping/app.py:69} INFO - scrapping element pc title in page jeux videos.com 
[14:14:44] {/scrapping/app.py:87} INFO - end of script
[14:14:44] {/usr/local/lib/python3.9/site-packages/werkzeug/_internal.py:113} INFO -  * Running on http://0.0.0.0:3000/ (Press CTRL+C to quit)
[14:14:44] {/usr/local/lib/python3.9/site-packages/werkzeug/_internal.py:113} INFO -  * Restarting with stat
[14:14:45] {/scrapping/app.py:17} INFO - script start
[14:14:45] {/scrapping/app.py:18} INFO - Scrapping element of xbox one page with class from url link jeux videos.com
[14:14:45] {/scrapping/app.py:51} INFO - scrapping element ps5 title in page jeux videos.com 
[14:14:45] {/scrapping/app.py:69} INFO - scrapping element pc title in page jeux videos.com 
[14:14:45] {/scrapping/app.py:87} INFO - end of script
[14:14:45] {/usr/local/lib/python3.9/site-packages/werkzeug/_internal.py:113} WARNING -  * Debugger is active!
[14:14:45] {/usr/local/lib/python3.9/site-packages/werkzeug/_internal.py:113} INFO -  * Debugger PIN: 253-768-365
[14:14:46] {/usr/local/lib/python3.9/site-packages/werkzeug/_internal.py:113} INFO - 172.17.0.1 - - [18/Feb/2021 14:14:46] "[37mGET /get_ps5 HTTP/1.1[0m" 200 -
[14:14:46] {/usr/local/lib/python3.9/site-packages/werkzeug/_internal.py:113} INFO - 172.17.0.1 - - [18/Feb/2021 14:14:46] "[37mGET /get_ps5 HTTP/1.1[0m" 200 -
[14:14:51] {/usr/local/lib/python3.9/site-packages/werkzeug/_internal.py:113} INFO - 172.17.0.1 - - [18/Feb/2021 14:14:51] "[37mGET /get_ps5 HTTP/1.1[0m" 200 -
[14:14:52] {/usr/local/lib/python3.9/site-packages/werkzeug/_internal.py:113} INFO - 172.17.0.1 - - [18/Feb/2021 14:14:52] "[37mGET /get_ps5 HTTP/1.1[0m" 200 -
[14:14:55] {/usr/local/lib/python3.9/site-packages/werkzeug/_internal.py:113} INFO - 172.17.0.1 - - [18/Feb/2021 14:14:55] "[37mGET /get_ps5 HTTP/1.1[0m" 200 -
[14:14:57] {/usr/local/lib/python3.9/site-packages/werkzeug/_internal.py:113} INFO - 172.17.0.1 - - [18/Feb/2021 14:14:57] "[37mGET /get_ps5 HTTP/1.1[0m" 200 -
[14:14:59] {/usr/local/lib/python3.9/site-packages/werkzeug/_internal.py:113} INFO - 172.17.0.1 - - [18/Feb/2021 14:14:59] "[37mGET /get_ps5 HTTP/1.1[0m" 200 -
[14:15:01] {/usr/local/lib/python3.9/site-packages/werkzeug/_internal.py:113} INFO - 172.17.0.1 - - [18/Feb/2021 14:15:01] "[37mGET /get_ps5 HTTP/1.1[0m" 200 -
[14:15:07] {/usr/local/lib/python3.9/site-packages/werkzeug/_internal.py:113} INFO - 172.17.0.1 - - [18/Feb/2021 14:15:07] "[37mGET /get_ps5 HTTP/1.1[0m" 200 -
[14:15:09] {/usr/local/lib/python3.9/site-packages/werkzeug/_internal.py:113} INFO - 172.17.0.1 - - [18/Feb/2021 14:15:09] "[37mGET /get_ps5 HTTP/1.1[0m" 200 -
[14:15:10] {/usr/local/lib/python3.9/site-packages/werkzeug/_internal.py:113} INFO - 172.17.0.1 - - [18/Feb/2021 14:15:10] "[37mGET /get_ps5 HTTP/1.1[0m" 200 -
[14:15:11] {/usr/local/lib/python3.9/site-packages/werkzeug/_internal.py:113} INFO - 172.17.0.1 - - [18/Feb/2021 14:15:11] "[37mGET /get_ps5 HTTP/1.1[0m" 200 -
[14:15:12] {/usr/local/lib/python3.9/site-packages/werkzeug/_internal.py:113} INFO - 172.17.0.1 - - [18/Feb/2021 14:15:12] "[37mGET /get_ps5 HTTP/1.1[0m" 200 -
[14:15:13] {/usr/local/lib/python3.9/site-packages/werkzeug/_internal.py:113} INFO - 172.17.0.1 - - [18/Feb/2021 14:15:13] "[37mGET /get_ps5 HTTP/1.1[0m" 200 -
[14:15:14] {/usr/local/lib/python3.9/site-packages/werkzeug/_internal.py:113} INFO - 172.17.0.1 - - [18/Feb/2021 14:15:14] "[37mGET /get_ps5 HTTP/1.1[0m" 200 -
[14:15:15] {/usr/local/lib/python3.9/site-packages/werkzeug/_internal.py:113} INFO - 172.17.0.1 - - [18/Feb/2021 14:15:15] "[37mGET /get_ps5 HTTP/1.1[0m" 200 -
[14:15:16] {/usr/local/lib/python3.9/site-packages/werkzeug/_internal.py:113} INFO - 172.17.0.1 - - [18/Feb/2021 14:15:16] "[37mGET /get_ps5 HTTP/1.1[0m" 200 -
[14:15:16] {/usr/local/lib/python3.9/site-packages/werkzeug/_internal.py:113} INFO - 172.17.0.1 - - [18/Feb/2021 14:15:16] "[37mGET /get_ps5 HTTP/1.1[0m" 200 -
[14:15:17] {/usr/local/lib/python3.9/site-packages/werkzeug/_internal.py:113} INFO - 172.17.0.1 - - [18/Feb/2021 14:15:17] "[37mGET /get_ps5 HTTP/1.1[0m" 200 -
[14:15:18] {/usr/local/lib/python3.9/site-packages/werkzeug/_internal.py:113} INFO - 172.17.0.1 - - [18/Feb/2021 14:15:18] "[37mGET /get_ps5 HTTP/1.1[0m" 200 -
[14:15:19] {/usr/local/lib/python3.9/site-packages/werkzeug/_internal.py:113} INFO - 172.17.0.1 - - [18/Feb/2021 14:15:19] "[37mGET /get_ps5 HTTP/1.1[0m" 200 -
[14:15:20] {/usr/local/lib/python3.9/site-packages/werkzeug/_internal.py:113} INFO - 172.17.0.1 - - [18/Feb/2021 14:15:20] "[37mGET /get_ps5 HTTP/1.1[0m" 200 -
[14:15:23] {/usr/local/lib/python3.9/site-packages/werkzeug/_internal.py:113} INFO - 172.17.0.1 - - [18/Feb/2021 14:15:23] "[37mGET /get_ps5 HTTP/1.1[0m" 200 -
[14:15:26] {/usr/local/lib/python3.9/site-packages/werkzeug/_internal.py:113} INFO - 172.17.0.1 - - [18/Feb/2021 14:15:26] "[37mGET /get_ps5 HTTP/1.1[0m" 200 -
[14:15:28] {/usr/local/lib/python3.9/site-packages/werkzeug/_internal.py:113} INFO - 172.17.0.1 - - [18/Feb/2021 14:15:28] "[37mGET /get_ps5 HTTP/1.1[0m" 200 -
[14:15:31] {/usr/local/lib/python3.9/site-packages/werkzeug/_internal.py:113} INFO - 172.17.0.1 - - [18/Feb/2021 14:15:31] "[37mGET /get_ps5 HTTP/1.1[0m" 200 -
[14:16:00] {/usr/local/lib/python3.9/site-packages/werkzeug/_internal.py:113} INFO - 172.17.0.1 - - [18/Feb/2021 14:16:00] "[37mGET /get_ps5 HTTP/1.1[0m" 200 -
[14:16:01] {/usr/local/lib/python3.9/site-packages/werkzeug/_internal.py:113} INFO - 172.17.0.1 - - [18/Feb/2021 14:16:01] "[37mGET /get_ps5 HTTP/1.1[0m" 200 -
[14:16:04] {/usr/local/lib/python3.9/site-packages/werkzeug/_internal.py:113} INFO - 172.17.0.1 - - [18/Feb/2021 14:16:04] "[37mGET /get_ps5 HTTP/1.1[0m" 200 -
[14:16:05] {/usr/local/lib/python3.9/site-packages/werkzeug/_internal.py:113} INFO - 172.17.0.1 - - [18/Feb/2021 14:16:05] "[37mGET /get_ps5 HTTP/1.1[0m" 200 -
[14:16:09] {/usr/local/lib/python3.9/site-packages/werkzeug/_internal.py:113} INFO - 172.17.0.1 - - [18/Feb/2021 14:16:09] "[37mGET /get_ps5 HTTP/1.1[0m" 200 -
[14:16:09] {/usr/local/lib/python3.9/site-packages/werkzeug/_internal.py:113} INFO - 172.17.0.1 - - [18/Feb/2021 14:16:09] "[37mGET /get_ps5 HTTP/1.1[0m" 200 -
[14:16:11] {/usr/local/lib/python3.9/site-packages/werkzeug/_internal.py:113} INFO - 172.17.0.1 - - [18/Feb/2021 14:16:11] "[37mGET /get_ps5 HTTP/1.1[0m" 200 -
[14:16:19] {/usr/local/lib/python3.9/site-packages/werkzeug/_internal.py:113} INFO - 172.17.0.1 - - [18/Feb/2021 14:16:19] "[37mGET /get_ps5 HTTP/1.1[0m" 200 -
[14:16:22] {/usr/local/lib/python3.9/site-packages/werkzeug/_internal.py:113} INFO - 172.17.0.1 - - [18/Feb/2021 14:16:22] "[37mGET /get_ps5 HTTP/1.1[0m" 200 -
[14:16:24] {/usr/local/lib/python3.9/site-packages/werkzeug/_internal.py:113} INFO - 172.17.0.1 - - [18/Feb/2021 14:16:24] "[37mGET /get_ps5 HTTP/1.1[0m" 200 -
[14:16:24] {/usr/local/lib/python3.9/site-packages/werkzeug/_internal.py:113} INFO - 172.17.0.1 - - [18/Feb/2021 14:16:24] "[37mGET /get_ps5 HTTP/1.1[0m" 200 -
[14:16:35] {/usr/local/lib/python3.9/site-packages/werkzeug/_internal.py:113} INFO - 172.17.0.1 - - [18/Feb/2021 14:16:35] "[37mGET /get_ps5 HTTP/1.1[0m" 200 -
[14:18:42] {/usr/local/lib/python3.9/site-packages/werkzeug/_internal.py:113} INFO - 172.17.0.1 - - [18/Feb/2021 14:18:42] "[37mGET /get_ps5 HTTP/1.1[0m" 200 -
[14:18:44] {/usr/local/lib/python3.9/site-packages/werkzeug/_internal.py:113} INFO - 172.17.0.1 - - [18/Feb/2021 14:18:44] "[37mGET /get_ps5 HTTP/1.1[0m" 200 -
[14:18:46] {/usr/local/lib/python3.9/site-packages/werkzeug/_internal.py:113} INFO - 172.17.0.1 - - [18/Feb/2021 14:18:46] "[37mGET /get_ps5 HTTP/1.1[0m" 200 -
[14:18:46] {/usr/local/lib/python3.9/site-packages/werkzeug/_internal.py:113} INFO - 172.17.0.1 - - [18/Feb/2021 14:18:46] "[37mGET /get_ps5 HTTP/1.1[0m" 200 -
[14:18:46] {/usr/local/lib/python3.9/site-packages/werkzeug/_internal.py:113} INFO - 172.17.0.1 - - [18/Feb/2021 14:18:46] "[37mGET /get_ps5 HTTP/1.1[0m" 200 -
[14:18:47] {/usr/local/lib/python3.9/site-packages/werkzeug/_internal.py:113} INFO - 172.17.0.1 - - [18/Feb/2021 14:18:47] "[37mGET /get_ps5 HTTP/1.1[0m" 200 -
[14:18:47] {/usr/local/lib/python3.9/site-packages/werkzeug/_internal.py:113} INFO - 172.17.0.1 - - [18/Feb/2021 14:18:47] "[37mGET /get_ps5 HTTP/1.1[0m" 200 -
[14:18:48] {/usr/local/lib/python3.9/site-packages/werkzeug/_internal.py:113} INFO - 172.17.0.1 - - [18/Feb/2021 14:18:48] "[37mGET /get_ps5 HTTP/1.1[0m" 200 -
[14:18:48] {/usr/local/lib/python3.9/site-packages/werkzeug/_internal.py:113} INFO - 172.17.0.1 - - [18/Feb/2021 14:18:48] "[37mGET /get_ps5 HTTP/1.1[0m" 200 -
[14:18:49] {/usr/local/lib/python3.9/site-packages/werkzeug/_internal.py:113} INFO - 172.17.0.1 - - [18/Feb/2021 14:18:49] "[37mGET /get_ps5 HTTP/1.1[0m" 200 -
[14:18:56] {/usr/local/lib/python3.9/site-packages/werkzeug/_internal.py:113} INFO - 172.17.0.1 - - [18/Feb/2021 14:18:56] "[37mGET /get_ps5 HTTP/1.1[0m" 200 -
[14:19:04] {/usr/local/lib/python3.9/site-packages/werkzeug/_internal.py:113} INFO - 172.17.0.1 - - [18/Feb/2021 14:19:04] "[37mGET /get_ps5 HTTP/1.1[0m" 200 -
[14:19:05] {/usr/local/lib/python3.9/site-packages/werkzeug/_internal.py:113} INFO - 172.17.0.1 - - [18/Feb/2021 14:19:05] "[37mGET /get_ps5 HTTP/1.1[0m" 200 -
[14:19:06] {/usr/local/lib/python3.9/site-packages/werkzeug/_internal.py:113} INFO - 172.17.0.1 - - [18/Feb/2021 14:19:06] "[37mGET /get_ps5 HTTP/1.1[0m" 200 -
[14:19:06] {/usr/local/lib/python3.9/site-packages/werkzeug/_internal.py:113} INFO - 172.17.0.1 - - [18/Feb/2021 14:19:06] "[37mGET /get_ps5 HTTP/1.1[0m" 200 -
[14:19:06] {/usr/local/lib/python3.9/site-packages/werkzeug/_internal.py:113} INFO - 172.17.0.1 - - [18/Feb/2021 14:19:06] "[37mGET /get_ps5 HTTP/1.1[0m" 200 -
[14:19:08] {/usr/local/lib/python3.9/site-packages/werkzeug/_internal.py:113} INFO - 172.17.0.1 - - [18/Feb/2021 14:19:08] "[37mGET /get_ps5 HTTP/1.1[0m" 200 -
[14:19:09] {/usr/local/lib/python3.9/site-packages/werkzeug/_internal.py:113} INFO - 172.17.0.1 - - [18/Feb/2021 14:19:09] "[37mGET /get_ps5 HTTP/1.1[0m" 200 -
[14:19:09] {/usr/local/lib/python3.9/site-packages/werkzeug/_internal.py:113} INFO - 172.17.0.1 - - [18/Feb/2021 14:19:09] "[37mGET /get_ps5 HTTP/1.1[0m" 200 -
[14:19:10] {/usr/local/lib/python3.9/site-packages/werkzeug/_internal.py:113} INFO - 172.17.0.1 - - [18/Feb/2021 14:19:10] "[37mGET /get_ps5 HTTP/1.1[0m" 200 -
[14:19:11] {/usr/local/lib/python3.9/site-packages/werkzeug/_internal.py:113} INFO - 172.17.0.1 - - [18/Feb/2021 14:19:11] "[37mGET /get_ps5 HTTP/1.1[0m" 200 -
[14:19:11] {/usr/local/lib/python3.9/site-packages/werkzeug/_internal.py:113} INFO - 172.17.0.1 - - [18/Feb/2021 14:19:11] "[37mGET /get_ps5 HTTP/1.1[0m" 200 -
[14:19:14] {/usr/local/lib/python3.9/site-packages/werkzeug/_internal.py:113} INFO - 172.17.0.1 - - [18/Feb/2021 14:19:14] "[37mGET /get_ps5 HTTP/1.1[0m" 200 -
[14:19:15] {/usr/local/lib/python3.9/site-packages/werkzeug/_internal.py:113} INFO - 172.17.0.1 - - [18/Feb/2021 14:19:15] "[37mGET /get_ps5 HTTP/1.1[0m" 200 -
[14:19:16] {/usr/local/lib/python3.9/site-packages/werkzeug/_internal.py:113} INFO - 172.17.0.1 - - [18/Feb/2021 14:19:16] "[37mGET /get_ps5 HTTP/1.1[0m" 200 -
[14:19:16] {/usr/local/lib/python3.9/site-packages/werkzeug/_internal.py:113} INFO - 172.17.0.1 - - [18/Feb/2021 14:19:16] "[37mGET /get_ps5 HTTP/1.1[0m" 200 -
[14:19:19] {/usr/local/lib/python3.9/site-packages/werkzeug/_internal.py:113} INFO - 172.17.0.1 - - [18/Feb/2021 14:19:19] "[37mGET /get_ps5 HTTP/1.1[0m" 200 -
[14:19:21] {/usr/local/lib/python3.9/site-packages/werkzeug/_internal.py:113} INFO - 172.17.0.1 - - [18/Feb/2021 14:19:21] "[37mGET /get_ps5 HTTP/1.1[0m" 200 -
[14:19:22] {/usr/local/lib/python3.9/site-packages/werkzeug/_internal.py:113} INFO - 172.17.0.1 - - [18/Feb/2021 14:19:22] "[37mGET /get_ps5 HTTP/1.1[0m" 200 -
[14:19:30] {/usr/local/lib/python3.9/site-packages/werkzeug/_internal.py:113} INFO - 172.17.0.1 - - [18/Feb/2021 14:19:30] "[37mGET /get_ps5 HTTP/1.1[0m" 200 -
[14:19:30] {/usr/local/lib/python3.9/site-packages/werkzeug/_internal.py:113} INFO - 172.17.0.1 - - [18/Feb/2021 14:19:30] "[37mGET /get_ps5 HTTP/1.1[0m" 200 -
[14:19:35] {/usr/local/lib/python3.9/site-packages/werkzeug/_internal.py:113} INFO - 172.17.0.1 - - [18/Feb/2021 14:19:35] "[37mGET /get_ps5 HTTP/1.1[0m" 200 -
[14:19:40] {/usr/local/lib/python3.9/site-packages/werkzeug/_internal.py:113} INFO - 172.17.0.1 - - [18/Feb/2021 14:19:40] "[37mGET /get_ps5 HTTP/1.1[0m" 200 -
[14:19:42] {/usr/local/lib/python3.9/site-packages/werkzeug/_internal.py:113} INFO - 172.17.0.1 - - [18/Feb/2021 14:19:42] "[37mGET /get_ps5 HTTP/1.1[0m" 200 -
[14:19:43] {/usr/local/lib/python3.9/site-packages/werkzeug/_internal.py:113} INFO - 172.17.0.1 - - [18/Feb/2021 14:19:43] "[37mGET /get_ps5 HTTP/1.1[0m" 200 -
[14:19:44] {/usr/local/lib/python3.9/site-packages/werkzeug/_internal.py:113} INFO - 172.17.0.1 - - [18/Feb/2021 14:19:44] "[37mGET /get_ps5 HTTP/1.1[0m" 200 -
[14:19:45] {/usr/local/lib/python3.9/site-packages/werkzeug/_internal.py:113} INFO - 172.17.0.1 - - [18/Feb/2021 14:19:45] "[37mGET /get_ps5 HTTP/1.1[0m" 200 -
[14:19:47] {/usr/local/lib/python3.9/site-packages/werkzeug/_internal.py:113} INFO - 172.17.0.1 - - [18/Feb/2021 14:19:47] "[37mGET /get_ps5 HTTP/1.1[0m" 200 -
[14:19:48] {/usr/local/lib/python3.9/site-packages/werkzeug/_internal.py:113} INFO - 172.17.0.1 - - [18/Feb/2021 14:19:48] "[37mGET /get_ps5 HTTP/1.1[0m" 200 -
[14:19:49] {/usr/local/lib/python3.9/site-packages/werkzeug/_internal.py:113} INFO - 172.17.0.1 - - [18/Feb/2021 14:19:49] "[37mGET /get_ps5 HTTP/1.1[0m" 200 -
[14:19:50] {/usr/local/lib/python3.9/site-packages/werkzeug/_internal.py:113} INFO - 172.17.0.1 - - [18/Feb/2021 14:19:50] "[37mGET /get_ps5 HTTP/1.1[0m" 200 -
[14:19:51] {/usr/local/lib/python3.9/site-packages/werkzeug/_internal.py:113} INFO - 172.17.0.1 - - [18/Feb/2021 14:19:51] "[37mGET /get_ps5 HTTP/1.1[0m" 200 -
[14:19:52] {/usr/local/lib/python3.9/site-packages/werkzeug/_internal.py:113} INFO - 172.17.0.1 - - [18/Feb/2021 14:19:52] "[37mGET /get_ps5 HTTP/1.1[0m" 200 -
[14:19:54] {/usr/local/lib/python3.9/site-packages/werkzeug/_internal.py:113} INFO - 172.17.0.1 - - [18/Feb/2021 14:19:54] "[37mGET /get_ps5 HTTP/1.1[0m" 200 -
[14:19:55] {/usr/local/lib/python3.9/site-packages/werkzeug/_internal.py:113} INFO - 172.17.0.1 - - [18/Feb/2021 14:19:55] "[37mGET /get_ps5 HTTP/1.1[0m" 200 -
[14:19:56] {/usr/local/lib/python3.9/site-packages/werkzeug/_internal.py:113} INFO - 172.17.0.1 - - [18/Feb/2021 14:19:56] "[37mGET /get_ps5 HTTP/1.1[0m" 200 -
[14:19:57] {/usr/local/lib/python3.9/site-packages/werkzeug/_internal.py:113} INFO - 172.17.0.1 - - [18/Feb/2021 14:19:57] "[37mGET /get_ps5 HTTP/1.1[0m" 200 -
[14:19:58] {/usr/local/lib/python3.9/site-packages/werkzeug/_internal.py:113} INFO - 172.17.0.1 - - [18/Feb/2021 14:19:58] "[37mGET /get_ps5 HTTP/1.1[0m" 200 -
[14:19:59] {/usr/local/lib/python3.9/site-packages/werkzeug/_internal.py:113} INFO - 172.17.0.1 - - [18/Feb/2021 14:19:59] "[37mGET /get_ps5 HTTP/1.1[0m" 200 -
[14:20:01] {/usr/local/lib/python3.9/site-packages/werkzeug/_internal.py:113} INFO - 172.17.0.1 - - [18/Feb/2021 14:20:01] "[37mGET /get_ps5 HTTP/1.1[0m" 200 -
[14:20:02] {/usr/local/lib/python3.9/site-packages/werkzeug/_internal.py:113} INFO - 172.17.0.1 - - [18/Feb/2021 14:20:02] "[37mGET /get_ps5 HTTP/1.1[0m" 200 -
[14:20:03] {/usr/local/lib/python3.9/site-packages/werkzeug/_internal.py:113} INFO - 172.17.0.1 - - [18/Feb/2021 14:20:03] "[37mGET /get_ps5 HTTP/1.1[0m" 200 -
[14:20:04] {/usr/local/lib/python3.9/site-packages/werkzeug/_internal.py:113} INFO - 172.17.0.1 - - [18/Feb/2021 14:20:04] "[37mGET /get_ps5 HTTP/1.1[0m" 200 -
[14:20:05] {/usr/local/lib/python3.9/site-packages/werkzeug/_internal.py:113} INFO - 172.17.0.1 - - [18/Feb/2021 14:20:05] "[37mGET /get_ps5 HTTP/1.1[0m" 200 -
[14:25:42] {/usr/local/lib/python3.9/site-packages/werkzeug/_internal.py:113} INFO - 172.17.0.1 - - [18/Feb/2021 14:25:42] "[37mGET /get_ps5 HTTP/1.1[0m" 200 -
[14:25:43] {/usr/local/lib/python3.9/site-packages/werkzeug/_internal.py:113} INFO - 172.17.0.1 - - [18/Feb/2021 14:25:43] "[37mGET /get_ps5 HTTP/1.1[0m" 200 -
[14:25:44] {/usr/local/lib/python3.9/site-packages/werkzeug/_internal.py:113} INFO - 172.17.0.1 - - [18/Feb/2021 14:25:44] "[37mGET /get_ps5 HTTP/1.1[0m" 200 -
[14:25:45] {/usr/local/lib/python3.9/site-packages/werkzeug/_internal.py:113} INFO - 172.17.0.1 - - [18/Feb/2021 14:25:45] "[37mGET /get_ps5 HTTP/1.1[0m" 200 -
[14:25:47] {/usr/local/lib/python3.9/site-packages/werkzeug/_internal.py:113} INFO - 172.17.0.1 - - [18/Feb/2021 14:25:47] "[37mGET /get_ps5 HTTP/1.1[0m" 200 -
[14:25:50] {/usr/local/lib/python3.9/site-packages/werkzeug/_internal.py:113} INFO - 172.17.0.1 - - [18/Feb/2021 14:25:50] "[37mGET /get_ps5 HTTP/1.1[0m" 200 -
[14:25:51] {/usr/local/lib/python3.9/site-packages/werkzeug/_internal.py:113} INFO - 172.17.0.1 - - [18/Feb/2021 14:25:51] "[37mGET /get_ps5 HTTP/1.1[0m" 200 -
[14:25:52] {/usr/local/lib/python3.9/site-packages/werkzeug/_internal.py:113} INFO - 172.17.0.1 - - [18/Feb/2021 14:25:52] "[37mGET /get_ps5 HTTP/1.1[0m" 200 -
[14:25:53] {/usr/local/lib/python3.9/site-packages/werkzeug/_internal.py:113} INFO - 172.17.0.1 - - [18/Feb/2021 14:25:53] "[37mGET /get_ps5 HTTP/1.1[0m" 200 -
[14:25:54] {/usr/local/lib/python3.9/site-packages/werkzeug/_internal.py:113} INFO - 172.17.0.1 - - [18/Feb/2021 14:25:54] "[37mGET /get_ps5 HTTP/1.1[0m" 200 -
[14:25:55] {/usr/local/lib/python3.9/site-packages/werkzeug/_internal.py:113} INFO - 172.17.0.1 - - [18/Feb/2021 14:25:55] "[37mGET /get_ps5 HTTP/1.1[0m" 200 -
[14:25:57] {/usr/local/lib/python3.9/site-packages/werkzeug/_internal.py:113} INFO - 172.17.0.1 - - [18/Feb/2021 14:25:57] "[37mGET /get_ps5 HTTP/1.1[0m" 200 -
[14:25:59] {/usr/local/lib/python3.9/site-packages/werkzeug/_internal.py:113} INFO - 172.17.0.1 - - [18/Feb/2021 14:25:59] "[37mGET /get_ps5 HTTP/1.1[0m" 200 -
[14:25:59] {/usr/local/lib/python3.9/site-packages/werkzeug/_internal.py:113} INFO - 172.17.0.1 - - [18/Feb/2021 14:25:59] "[37mGET /get_ps5 HTTP/1.1[0m" 200 -
[14:26:00] {/usr/local/lib/python3.9/site-packages/werkzeug/_internal.py:113} INFO - 172.17.0.1 - - [18/Feb/2021 14:26:00] "[37mGET /get_ps5 HTTP/1.1[0m" 200 -
[14:26:00] {/usr/local/lib/python3.9/site-packages/werkzeug/_internal.py:113} INFO - 172.17.0.1 - - [18/Feb/2021 14:26:00] "[37mGET /get_ps5 HTTP/1.1[0m" 200 -
[14:26:01] {/usr/local/lib/python3.9/site-packages/werkzeug/_internal.py:113} INFO - 172.17.0.1 - - [18/Feb/2021 14:26:01] "[37mGET /get_ps5 HTTP/1.1[0m" 200 -
[14:26:03] {/usr/local/lib/python3.9/site-packages/werkzeug/_internal.py:113} INFO - 172.17.0.1 - - [18/Feb/2021 14:26:03] "[37mGET /get_ps5 HTTP/1.1[0m" 200 -
[14:26:03] {/usr/local/lib/python3.9/site-packages/werkzeug/_internal.py:113} INFO - 172.17.0.1 - - [18/Feb/2021 14:26:03] "[37mGET /get_ps5 HTTP/1.1[0m" 200 -
[14:26:04] {/usr/local/lib/python3.9/site-packages/werkzeug/_internal.py:113} INFO - 172.17.0.1 - - [18/Feb/2021 14:26:04] "[37mGET /get_ps5 HTTP/1.1[0m" 200 -
[14:26:05] {/usr/local/lib/python3.9/site-packages/werkzeug/_internal.py:113} INFO - 172.17.0.1 - - [18/Feb/2021 14:26:05] "[37mGET /get_ps5 HTTP/1.1[0m" 200 -
[14:26:06] {/usr/local/lib/python3.9/site-packages/werkzeug/_internal.py:113} INFO - 172.17.0.1 - - [18/Feb/2021 14:26:06] "[37mGET /get_ps5 HTTP/1.1[0m" 200 -
[14:26:06] {/usr/local/lib/python3.9/site-packages/werkzeug/_internal.py:113} INFO - 172.17.0.1 - - [18/Feb/2021 14:26:06] "[37mGET /get_ps5 HTTP/1.1[0m" 200 -
[14:26:07] {/usr/local/lib/python3.9/site-packages/werkzeug/_internal.py:113} INFO - 172.17.0.1 - - [18/Feb/2021 14:26:07] "[37mGET /get_ps5 HTTP/1.1[0m" 200 -
[14:26:08] {/usr/local/lib/python3.9/site-packages/werkzeug/_internal.py:113} INFO - 172.17.0.1 - - [18/Feb/2021 14:26:08] "[37mGET /get_ps5 HTTP/1.1[0m" 200 -
[14:26:09] {/usr/local/lib/python3.9/site-packages/werkzeug/_internal.py:113} INFO - 172.17.0.1 - - [18/Feb/2021 14:26:09] "[37mGET /get_ps5 HTTP/1.1[0m" 200 -
[14:26:10] {/usr/local/lib/python3.9/site-packages/werkzeug/_internal.py:113} INFO - 172.17.0.1 - - [18/Feb/2021 14:26:10] "[37mGET /get_ps5 HTTP/1.1[0m" 200 -
[14:26:11] {/usr/local/lib/python3.9/site-packages/werkzeug/_internal.py:113} INFO - 172.17.0.1 - - [18/Feb/2021 14:26:11] "[37mGET /get_ps5 HTTP/1.1[0m" 200 -
[14:26:11] {/usr/local/lib/python3.9/site-packages/werkzeug/_internal.py:113} INFO - 172.17.0.1 - - [18/Feb/2021 14:26:11] "[37mGET /get_ps5 HTTP/1.1[0m" 200 -
[14:26:12] {/usr/local/lib/python3.9/site-packages/werkzeug/_internal.py:113} INFO - 172.17.0.1 - - [18/Feb/2021 14:26:12] "[37mGET /get_ps5 HTTP/1.1[0m" 200 -
[14:26:13] {/usr/local/lib/python3.9/site-packages/werkzeug/_internal.py:113} INFO - 172.17.0.1 - - [18/Feb/2021 14:26:13] "[37mGET /get_ps5 HTTP/1.1[0m" 200 -
[14:26:14] {/usr/local/lib/python3.9/site-packages/werkzeug/_internal.py:113} INFO - 172.17.0.1 - - [18/Feb/2021 14:26:14] "[37mGET /get_ps5 HTTP/1.1[0m" 200 -
[14:26:14] {/usr/local/lib/python3.9/site-packages/werkzeug/_internal.py:113} INFO - 172.17.0.1 - - [18/Feb/2021 14:26:14] "[37mGET /get_ps5 HTTP/1.1[0m" 200 -
[14:26:15] {/usr/local/lib/python3.9/site-packages/werkzeug/_internal.py:113} INFO - 172.17.0.1 - - [18/Feb/2021 14:26:15] "[37mGET /get_ps5 HTTP/1.1[0m" 200 -
[14:26:16] {/usr/local/lib/python3.9/site-packages/werkzeug/_internal.py:113} INFO - 172.17.0.1 - - [18/Feb/2021 14:26:16] "[37mGET /get_ps5 HTTP/1.1[0m" 200 -
[14:26:17] {/usr/local/lib/python3.9/site-packages/werkzeug/_internal.py:113} INFO - 172.17.0.1 - - [18/Feb/2021 14:26:17] "[37mGET /get_ps5 HTTP/1.1[0m" 200 -
[14:26:18] {/usr/local/lib/python3.9/site-packages/werkzeug/_internal.py:113} INFO - 172.17.0.1 - - [18/Feb/2021 14:26:18] "[37mGET /get_ps5 HTTP/1.1[0m" 200 -
[14:26:19] {/usr/local/lib/python3.9/site-packages/werkzeug/_internal.py:113} INFO - 172.17.0.1 - - [18/Feb/2021 14:26:19] "[37mGET /get_ps5 HTTP/1.1[0m" 200 -
[14:26:20] {/usr/local/lib/python3.9/site-packages/werkzeug/_internal.py:113} INFO - 172.17.0.1 - - [18/Feb/2021 14:26:20] "[37mGET /get_ps5 HTTP/1.1[0m" 200 -
[14:26:21] {/usr/local/lib/python3.9/site-packages/werkzeug/_internal.py:113} INFO - 172.17.0.1 - - [18/Feb/2021 14:26:21] "[37mGET /get_ps5 HTTP/1.1[0m" 200 -
[14:26:22] {/usr/local/lib/python3.9/site-packages/werkzeug/_internal.py:113} INFO - 172.17.0.1 - - [18/Feb/2021 14:26:22] "[37mGET /get_ps5 HTTP/1.1[0m" 200 -
[14:26:22] {/usr/local/lib/python3.9/site-packages/werkzeug/_internal.py:113} INFO - 172.17.0.1 - - [18/Feb/2021 14:26:22] "[37mGET /get_ps5 HTTP/1.1[0m" 200 -
[14:26:23] {/usr/local/lib/python3.9/site-packages/werkzeug/_internal.py:113} INFO - 172.17.0.1 - - [18/Feb/2021 14:26:23] "[37mGET /get_ps5 HTTP/1.1[0m" 200 -
[14:26:23] {/usr/local/lib/python3.9/site-packages/werkzeug/_internal.py:113} INFO - 172.17.0.1 - - [18/Feb/2021 14:26:23] "[37mGET /get_ps5 HTTP/1.1[0m" 200 -
[14:26:24] {/usr/local/lib/python3.9/site-packages/werkzeug/_internal.py:113} INFO - 172.17.0.1 - - [18/Feb/2021 14:26:24] "[37mGET /get_ps5 HTTP/1.1[0m" 200 -
[14:26:24] {/usr/local/lib/python3.9/site-packages/werkzeug/_internal.py:113} INFO - 172.17.0.1 - - [18/Feb/2021 14:26:24] "[37mGET /get_ps5 HTTP/1.1[0m" 200 -
[14:26:25] {/usr/local/lib/python3.9/site-packages/werkzeug/_internal.py:113} INFO - 172.17.0.1 - - [18/Feb/2021 14:26:25] "[37mGET /get_ps5 HTTP/1.1[0m" 200 -
[14:26:26] {/usr/local/lib/python3.9/site-packages/werkzeug/_internal.py:113} INFO - 172.17.0.1 - - [18/Feb/2021 14:26:26] "[37mGET /get_ps5 HTTP/1.1[0m" 200 -
[14:26:26] {/usr/local/lib/python3.9/site-packages/werkzeug/_internal.py:113} INFO - 172.17.0.1 - - [18/Feb/2021 14:26:26] "[37mGET /get_ps5 HTTP/1.1[0m" 200 -
[14:26:27] {/usr/local/lib/python3.9/site-packages/werkzeug/_internal.py:113} INFO - 172.17.0.1 - - [18/Feb/2021 14:26:27] "[37mGET /get_ps5 HTTP/1.1[0m" 200 -
[14:26:27] {/usr/local/lib/python3.9/site-packages/werkzeug/_internal.py:113} INFO - 172.17.0.1 - - [18/Feb/2021 14:26:27] "[37mGET /get_ps5 HTTP/1.1[0m" 200 -
[14:26:28] {/usr/local/lib/python3.9/site-packages/werkzeug/_internal.py:113} INFO - 172.17.0.1 - - [18/Feb/2021 14:26:28] "[37mGET /get_ps5 HTTP/1.1[0m" 200 -
[14:26:28] {/usr/local/lib/python3.9/site-packages/werkzeug/_internal.py:113} INFO - 172.17.0.1 - - [18/Feb/2021 14:26:28] "[37mGET /get_ps5 HTTP/1.1[0m" 200 -
[14:26:29] {/usr/local/lib/python3.9/site-packages/werkzeug/_internal.py:113} INFO - 172.17.0.1 - - [18/Feb/2021 14:26:29] "[37mGET /get_ps5 HTTP/1.1[0m" 200 -
[14:26:29] {/usr/local/lib/python3.9/site-packages/werkzeug/_internal.py:113} INFO - 172.17.0.1 - - [18/Feb/2021 14:26:29] "[37mGET /get_ps5 HTTP/1.1[0m" 200 -
[14:26:30] {/usr/local/lib/python3.9/site-packages/werkzeug/_internal.py:113} INFO - 172.17.0.1 - - [18/Feb/2021 14:26:30] "[37mGET /get_ps5 HTTP/1.1[0m" 200 -
[14:26:30] {/usr/local/lib/python3.9/site-packages/werkzeug/_internal.py:113} INFO - 172.17.0.1 - - [18/Feb/2021 14:26:30] "[37mGET /get_ps5 HTTP/1.1[0m" 200 -
[14:26:31] {/usr/local/lib/python3.9/site-packages/werkzeug/_internal.py:113} INFO - 172.17.0.1 - - [18/Feb/2021 14:26:31] "[37mGET /get_ps5 HTTP/1.1[0m" 200 -
[14:26:31] {/usr/local/lib/python3.9/site-packages/werkzeug/_internal.py:113} INFO - 172.17.0.1 - - [18/Feb/2021 14:26:31] "[37mGET /get_ps5 HTTP/1.1[0m" 200 -
[14:26:31] {/usr/local/lib/python3.9/site-packages/werkzeug/_internal.py:113} INFO - 172.17.0.1 - - [18/Feb/2021 14:26:31] "[37mGET /get_ps5 HTTP/1.1[0m" 200 -
[14:26:35] {/usr/local/lib/python3.9/site-packages/werkzeug/_internal.py:113} INFO - 172.17.0.1 - - [18/Feb/2021 14:26:35] "[37mGET /get_ps5 HTTP/1.1[0m" 200 -
[14:26:36] {/usr/local/lib/python3.9/site-packages/werkzeug/_internal.py:113} INFO - 172.17.0.1 - - [18/Feb/2021 14:26:36] "[37mGET /get_ps5 HTTP/1.1[0m" 200 -
[14:26:37] {/usr/local/lib/python3.9/site-packages/werkzeug/_internal.py:113} INFO - 172.17.0.1 - - [18/Feb/2021 14:26:37] "[37mGET /get_ps5 HTTP/1.1[0m" 200 -
[14:26:38] {/usr/local/lib/python3.9/site-packages/werkzeug/_internal.py:113} INFO - 172.17.0.1 - - [18/Feb/2021 14:26:38] "[37mGET /get_ps5 HTTP/1.1[0m" 200 -
[14:26:39] {/usr/local/lib/python3.9/site-packages/werkzeug/_internal.py:113} INFO - 172.17.0.1 - - [18/Feb/2021 14:26:39] "[37mGET /get_ps5 HTTP/1.1[0m" 200 -
[14:26:39] {/usr/local/lib/python3.9/site-packages/werkzeug/_internal.py:113} INFO - 172.17.0.1 - - [18/Feb/2021 14:26:39] "[37mGET /get_ps5 HTTP/1.1[0m" 200 -
[14:26:40] {/usr/local/lib/python3.9/site-packages/werkzeug/_internal.py:113} INFO - 172.17.0.1 - - [18/Feb/2021 14:26:40] "[37mGET /get_ps5 HTTP/1.1[0m" 200 -
[14:26:41] {/usr/local/lib/python3.9/site-packages/werkzeug/_internal.py:113} INFO - 172.17.0.1 - - [18/Feb/2021 14:26:41] "[37mGET /get_ps5 HTTP/1.1[0m" 200 -
[14:26:42] {/usr/local/lib/python3.9/site-packages/werkzeug/_internal.py:113} INFO - 172.17.0.1 - - [18/Feb/2021 14:26:42] "[37mGET /get_ps5 HTTP/1.1[0m" 200 -
[14:26:46] {/usr/local/lib/python3.9/site-packages/werkzeug/_internal.py:113} INFO - 172.17.0.1 - - [18/Feb/2021 14:26:46] "[37mGET /get_ps5 HTTP/1.1[0m" 200 -
[14:26:48] {/usr/local/lib/python3.9/site-packages/werkzeug/_internal.py:113} INFO - 172.17.0.1 - - [18/Feb/2021 14:26:48] "[37mGET /get_ps5 HTTP/1.1[0m" 200 -
[14:26:52] {/usr/local/lib/python3.9/site-packages/werkzeug/_internal.py:113} INFO - 172.17.0.1 - - [18/Feb/2021 14:26:52] "[37mGET /get_ps5 HTTP/1.1[0m" 200 -
[14:26:53] {/usr/local/lib/python3.9/site-packages/werkzeug/_internal.py:113} INFO - 172.17.0.1 - - [18/Feb/2021 14:26:53] "[37mGET /get_ps5 HTTP/1.1[0m" 200 -
[14:26:54] {/usr/local/lib/python3.9/site-packages/werkzeug/_internal.py:113} INFO - 172.17.0.1 - - [18/Feb/2021 14:26:54] "[37mGET /get_ps5 HTTP/1.1[0m" 200 -
[14:26:54] {/usr/local/lib/python3.9/site-packages/werkzeug/_internal.py:113} INFO - 172.17.0.1 - - [18/Feb/2021 14:26:54] "[37mGET /get_ps5 HTTP/1.1[0m" 200 -
[14:26:55] {/usr/local/lib/python3.9/site-packages/werkzeug/_internal.py:113} INFO - 172.17.0.1 - - [18/Feb/2021 14:26:55] "[37mGET /get_ps5 HTTP/1.1[0m" 200 -
[14:26:56] {/usr/local/lib/python3.9/site-packages/werkzeug/_internal.py:113} INFO - 172.17.0.1 - - [18/Feb/2021 14:26:56] "[37mGET /get_ps5 HTTP/1.1[0m" 200 -
[14:27:00] {/usr/local/lib/python3.9/site-packages/werkzeug/_internal.py:113} INFO - 172.17.0.1 - - [18/Feb/2021 14:27:00] "[37mGET /get_ps5 HTTP/1.1[0m" 200 -
[14:27:01] {/usr/local/lib/python3.9/site-packages/werkzeug/_internal.py:113} INFO - 172.17.0.1 - - [18/Feb/2021 14:27:01] "[37mGET /get_ps5 HTTP/1.1[0m" 200 -
[14:27:02] {/usr/local/lib/python3.9/site-packages/werkzeug/_internal.py:113} INFO - 172.17.0.1 - - [18/Feb/2021 14:27:02] "[37mGET /get_ps5 HTTP/1.1[0m" 200 -
[14:27:02] {/usr/local/lib/python3.9/site-packages/werkzeug/_internal.py:113} INFO - 172.17.0.1 - - [18/Feb/2021 14:27:02] "[37mGET /get_ps5 HTTP/1.1[0m" 200 -
[14:27:03] {/usr/local/lib/python3.9/site-packages/werkzeug/_internal.py:113} INFO - 172.17.0.1 - - [18/Feb/2021 14:27:03] "[37mGET /get_ps5 HTTP/1.1[0m" 200 -
[14:27:04] {/usr/local/lib/python3.9/site-packages/werkzeug/_internal.py:113} INFO - 172.17.0.1 - - [18/Feb/2021 14:27:04] "[37mGET /get_ps5 HTTP/1.1[0m" 200 -
[14:27:06] {/usr/local/lib/python3.9/site-packages/werkzeug/_internal.py:113} INFO - 172.17.0.1 - - [18/Feb/2021 14:27:06] "[37mGET /get_ps5 HTTP/1.1[0m" 200 -
[14:27:07] {/usr/local/lib/python3.9/site-packages/werkzeug/_internal.py:113} INFO - 172.17.0.1 - - [18/Feb/2021 14:27:07] "[37mGET /get_ps5 HTTP/1.1[0m" 200 -
[14:27:08] {/usr/local/lib/python3.9/site-packages/werkzeug/_internal.py:113} INFO - 172.17.0.1 - - [18/Feb/2021 14:27:08] "[37mGET /get_ps5 HTTP/1.1[0m" 200 -
[14:27:09] {/usr/local/lib/python3.9/site-packages/werkzeug/_internal.py:113} INFO - 172.17.0.1 - - [18/Feb/2021 14:27:09] "[37mGET /get_ps5 HTTP/1.1[0m" 200 -
[14:27:13] {/usr/local/lib/python3.9/site-packages/werkzeug/_internal.py:113} INFO - 172.17.0.1 - - [18/Feb/2021 14:27:13] "[37mGET /get_ps5 HTTP/1.1[0m" 200 -
[14:27:13] {/usr/local/lib/python3.9/site-packages/werkzeug/_internal.py:113} INFO - 172.17.0.1 - - [18/Feb/2021 14:27:13] "[37mGET /get_ps5 HTTP/1.1[0m" 200 -
[14:27:14] {/usr/local/lib/python3.9/site-packages/werkzeug/_internal.py:113} INFO - 172.17.0.1 - - [18/Feb/2021 14:27:14] "[37mGET /get_ps5 HTTP/1.1[0m" 200 -
[14:27:15] {/usr/local/lib/python3.9/site-packages/werkzeug/_internal.py:113} INFO - 172.17.0.1 - - [18/Feb/2021 14:27:15] "[37mGET /get_ps5 HTTP/1.1[0m" 200 -
[14:27:16] {/usr/local/lib/python3.9/site-packages/werkzeug/_internal.py:113} INFO - 172.17.0.1 - - [18/Feb/2021 14:27:16] "[37mGET /get_ps5 HTTP/1.1[0m" 200 -
[14:27:17] {/usr/local/lib/python3.9/site-packages/werkzeug/_internal.py:113} INFO - 172.17.0.1 - - [18/Feb/2021 14:27:17] "[37mGET /get_ps5 HTTP/1.1[0m" 200 -
[14:27:18] {/usr/local/lib/python3.9/site-packages/werkzeug/_internal.py:113} INFO - 172.17.0.1 - - [18/Feb/2021 14:27:18] "[37mGET /get_ps5 HTTP/1.1[0m" 200 -
[14:27:18] {/usr/local/lib/python3.9/site-packages/werkzeug/_internal.py:113} INFO - 172.17.0.1 - - [18/Feb/2021 14:27:18] "[37mGET /get_ps5 HTTP/1.1[0m" 200 -
[14:27:20] {/usr/local/lib/python3.9/site-packages/werkzeug/_internal.py:113} INFO - 172.17.0.1 - - [18/Feb/2021 14:27:20] "[37mGET /get_ps5 HTTP/1.1[0m" 200 -
[14:27:22] {/usr/local/lib/python3.9/site-packages/werkzeug/_internal.py:113} INFO - 172.17.0.1 - - [18/Feb/2021 14:27:22] "[37mGET /get_ps5 HTTP/1.1[0m" 200 -
[14:27:24] {/usr/local/lib/python3.9/site-packages/werkzeug/_internal.py:113} INFO - 172.17.0.1 - - [18/Feb/2021 14:27:24] "[37mGET /get_ps5 HTTP/1.1[0m" 200 -
[14:27:25] {/usr/local/lib/python3.9/site-packages/werkzeug/_internal.py:113} INFO - 172.17.0.1 - - [18/Feb/2021 14:27:25] "[37mGET /get_ps5 HTTP/1.1[0m" 200 -
[14:27:29] {/usr/local/lib/python3.9/site-packages/werkzeug/_internal.py:113} INFO - 172.17.0.1 - - [18/Feb/2021 14:27:29] "[37mGET /get_ps5 HTTP/1.1[0m" 200 -
[14:27:30] {/usr/local/lib/python3.9/site-packages/werkzeug/_internal.py:113} INFO - 172.17.0.1 - - [18/Feb/2021 14:27:30] "[37mGET /get_ps5 HTTP/1.1[0m" 200 -
[14:27:31] {/usr/local/lib/python3.9/site-packages/werkzeug/_internal.py:113} INFO - 172.17.0.1 - - [18/Feb/2021 14:27:31] "[37mGET /get_ps5 HTTP/1.1[0m" 200 -
[14:27:32] {/usr/local/lib/python3.9/site-packages/werkzeug/_internal.py:113} INFO - 172.17.0.1 - - [18/Feb/2021 14:27:32] "[37mGET /get_ps5 HTTP/1.1[0m" 200 -
[14:27:32] {/usr/local/lib/python3.9/site-packages/werkzeug/_internal.py:113} INFO - 172.17.0.1 - - [18/Feb/2021 14:27:32] "[37mGET /get_ps5 HTTP/1.1[0m" 200 -
[14:27:33] {/usr/local/lib/python3.9/site-packages/werkzeug/_internal.py:113} INFO - 172.17.0.1 - - [18/Feb/2021 14:27:33] "[37mGET /get_ps5 HTTP/1.1[0m" 200 -
[14:27:34] {/usr/local/lib/python3.9/site-packages/werkzeug/_internal.py:113} INFO - 172.17.0.1 - - [18/Feb/2021 14:27:34] "[37mGET /get_ps5 HTTP/1.1[0m" 200 -
[14:27:35] {/usr/local/lib/python3.9/site-packages/werkzeug/_internal.py:113} INFO - 172.17.0.1 - - [18/Feb/2021 14:27:35] "[37mGET /get_ps5 HTTP/1.1[0m" 200 -
[14:27:38] {/usr/local/lib/python3.9/site-packages/werkzeug/_internal.py:113} INFO - 172.17.0.1 - - [18/Feb/2021 14:27:38] "[37mGET /get_ps5 HTTP/1.1[0m" 200 -
[14:27:48] {/usr/local/lib/python3.9/site-packages/werkzeug/_internal.py:113} INFO - 172.17.0.1 - - [18/Feb/2021 14:27:48] "[37mGET /get_ps5 HTTP/1.1[0m" 200 -
[14:27:50] {/usr/local/lib/python3.9/site-packages/werkzeug/_internal.py:113} INFO - 172.17.0.1 - - [18/Feb/2021 14:27:50] "[37mGET /get_ps5 HTTP/1.1[0m" 200 -
[14:27:51] {/usr/local/lib/python3.9/site-packages/werkzeug/_internal.py:113} INFO - 172.17.0.1 - - [18/Feb/2021 14:27:51] "[37mGET /get_ps5 HTTP/1.1[0m" 200 -
[14:27:53] {/usr/local/lib/python3.9/site-packages/werkzeug/_internal.py:113} INFO - 172.17.0.1 - - [18/Feb/2021 14:27:53] "[37mGET /get_ps5 HTTP/1.1[0m" 200 -
[14:27:54] {/usr/local/lib/python3.9/site-packages/werkzeug/_internal.py:113} INFO - 172.17.0.1 - - [18/Feb/2021 14:27:54] "[37mGET /get_ps5 HTTP/1.1[0m" 200 -
[14:27:55] {/usr/local/lib/python3.9/site-packages/werkzeug/_internal.py:113} INFO - 172.17.0.1 - - [18/Feb/2021 14:27:55] "[37mGET /get_ps5 HTTP/1.1[0m" 200 -
[14:27:56] {/usr/local/lib/python3.9/site-packages/werkzeug/_internal.py:113} INFO - 172.17.0.1 - - [18/Feb/2021 14:27:56] "[37mGET /get_ps5 HTTP/1.1[0m" 200 -
[14:27:57] {/usr/local/lib/python3.9/site-packages/werkzeug/_internal.py:113} INFO - 172.17.0.1 - - [18/Feb/2021 14:27:57] "[37mGET /get_ps5 HTTP/1.1[0m" 200 -
[14:27:58] {/usr/local/lib/python3.9/site-packages/werkzeug/_internal.py:113} INFO - 172.17.0.1 - - [18/Feb/2021 14:27:58] "[37mGET /get_ps5 HTTP/1.1[0m" 200 -
[14:27:59] {/usr/local/lib/python3.9/site-packages/werkzeug/_internal.py:113} INFO - 172.17.0.1 - - [18/Feb/2021 14:27:59] "[37mGET /get_ps5 HTTP/1.1[0m" 200 -
[14:28:00] {/usr/local/lib/python3.9/site-packages/werkzeug/_internal.py:113} INFO - 172.17.0.1 - - [18/Feb/2021 14:28:00] "[37mGET /get_ps5 HTTP/1.1[0m" 200 -
[14:28:01] {/usr/local/lib/python3.9/site-packages/werkzeug/_internal.py:113} INFO - 172.17.0.1 - - [18/Feb/2021 14:28:01] "[37mGET /get_ps5 HTTP/1.1[0m" 200 -
[14:28:02] {/usr/local/lib/python3.9/site-packages/werkzeug/_internal.py:113} INFO - 172.17.0.1 - - [18/Feb/2021 14:28:02] "[37mGET /get_ps5 HTTP/1.1[0m" 200 -
[14:28:03] {/usr/local/lib/python3.9/site-packages/werkzeug/_internal.py:113} INFO - 172.17.0.1 - - [18/Feb/2021 14:28:03] "[37mGET /get_ps5 HTTP/1.1[0m" 200 -
[14:28:04] {/usr/local/lib/python3.9/site-packages/werkzeug/_internal.py:113} INFO - 172.17.0.1 - - [18/Feb/2021 14:28:04] "[37mGET /get_ps5 HTTP/1.1[0m" 200 -
[14:28:05] {/usr/local/lib/python3.9/site-packages/werkzeug/_internal.py:113} INFO - 172.17.0.1 - - [18/Feb/2021 14:28:05] "[37mGET /get_ps5 HTTP/1.1[0m" 200 -
[14:28:06] {/usr/local/lib/python3.9/site-packages/werkzeug/_internal.py:113} INFO - 172.17.0.1 - - [18/Feb/2021 14:28:06] "[37mGET /get_ps5 HTTP/1.1[0m" 200 -
[14:28:07] {/usr/local/lib/python3.9/site-packages/werkzeug/_internal.py:113} INFO - 172.17.0.1 - - [18/Feb/2021 14:28:07] "[37mGET /get_ps5 HTTP/1.1[0m" 200 -
[14:28:10] {/usr/local/lib/python3.9/site-packages/werkzeug/_internal.py:113} INFO - 172.17.0.1 - - [18/Feb/2021 14:28:10] "[37mGET /get_ps5 HTTP/1.1[0m" 200 -
[14:28:11] {/usr/local/lib/python3.9/site-packages/werkzeug/_internal.py:113} INFO - 172.17.0.1 - - [18/Feb/2021 14:28:11] "[37mGET /get_ps5 HTTP/1.1[0m" 200 -
[14:28:12] {/usr/local/lib/python3.9/site-packages/werkzeug/_internal.py:113} INFO - 172.17.0.1 - - [18/Feb/2021 14:28:12] "[37mGET /get_ps5 HTTP/1.1[0m" 200 -
[14:28:16] {/usr/local/lib/python3.9/site-packages/werkzeug/_internal.py:113} INFO - 172.17.0.1 - - [18/Feb/2021 14:28:16] "[37mGET /get_ps5 HTTP/1.1[0m" 200 -
[14:28:16] {/usr/local/lib/python3.9/site-packages/werkzeug/_internal.py:113} INFO - 172.17.0.1 - - [18/Feb/2021 14:28:16] "[37mGET /get_ps5 HTTP/1.1[0m" 200 -
[14:28:18] {/usr/local/lib/python3.9/site-packages/werkzeug/_internal.py:113} INFO - 172.17.0.1 - - [18/Feb/2021 14:28:18] "[37mGET /get_ps5 HTTP/1.1[0m" 200 -
[14:28:19] {/usr/local/lib/python3.9/site-packages/werkzeug/_internal.py:113} INFO - 172.17.0.1 - - [18/Feb/2021 14:28:19] "[37mGET /get_ps5 HTTP/1.1[0m" 200 -
[14:28:20] {/usr/local/lib/python3.9/site-packages/werkzeug/_internal.py:113} INFO - 172.17.0.1 - - [18/Feb/2021 14:28:20] "[37mGET /get_ps5 HTTP/1.1[0m" 200 -
[14:28:21] {/usr/local/lib/python3.9/site-packages/werkzeug/_internal.py:113} INFO - 172.17.0.1 - - [18/Feb/2021 14:28:21] "[37mGET /get_ps5 HTTP/1.1[0m" 200 -
[14:28:21] {/usr/local/lib/python3.9/site-packages/werkzeug/_internal.py:113} INFO - 172.17.0.1 - - [18/Feb/2021 14:28:21] "[37mGET /get_ps5 HTTP/1.1[0m" 200 -
[14:28:22] {/usr/local/lib/python3.9/site-packages/werkzeug/_internal.py:113} INFO - 172.17.0.1 - - [18/Feb/2021 14:28:22] "[37mGET /get_ps5 HTTP/1.1[0m" 200 -
[14:28:23] {/usr/local/lib/python3.9/site-packages/werkzeug/_internal.py:113} INFO - 172.17.0.1 - - [18/Feb/2021 14:28:23] "[37mGET /get_ps5 HTTP/1.1[0m" 200 -
[14:28:24] {/usr/local/lib/python3.9/site-packages/werkzeug/_internal.py:113} INFO - 172.17.0.1 - - [18/Feb/2021 14:28:24] "[37mGET /get_ps5 HTTP/1.1[0m" 200 -
[14:28:27] {/usr/local/lib/python3.9/site-packages/werkzeug/_internal.py:113} INFO - 172.17.0.1 - - [18/Feb/2021 14:28:27] "[37mGET /get_ps5 HTTP/1.1[0m" 200 -
[14:28:28] {/usr/local/lib/python3.9/site-packages/werkzeug/_internal.py:113} INFO - 172.17.0.1 - - [18/Feb/2021 14:28:28] "[37mGET /get_ps5 HTTP/1.1[0m" 200 -
[14:28:29] {/usr/local/lib/python3.9/site-packages/werkzeug/_internal.py:113} INFO - 172.17.0.1 - - [18/Feb/2021 14:28:29] "[37mGET /get_ps5 HTTP/1.1[0m" 200 -
[14:28:30] {/usr/local/lib/python3.9/site-packages/werkzeug/_internal.py:113} INFO - 172.17.0.1 - - [18/Feb/2021 14:28:30] "[37mGET /get_ps5 HTTP/1.1[0m" 200 -
[14:28:31] {/usr/local/lib/python3.9/site-packages/werkzeug/_internal.py:113} INFO - 172.17.0.1 - - [18/Feb/2021 14:28:31] "[37mGET /get_ps5 HTTP/1.1[0m" 200 -
[14:28:33] {/usr/local/lib/python3.9/site-packages/werkzeug/_internal.py:113} INFO - 172.17.0.1 - - [18/Feb/2021 14:28:33] "[37mGET /get_ps5 HTTP/1.1[0m" 200 -
[14:28:34] {/usr/local/lib/python3.9/site-packages/werkzeug/_internal.py:113} INFO - 172.17.0.1 - - [18/Feb/2021 14:28:34] "[37mGET /get_ps5 HTTP/1.1[0m" 200 -
[14:28:35] {/usr/local/lib/python3.9/site-packages/werkzeug/_internal.py:113} INFO - 172.17.0.1 - - [18/Feb/2021 14:28:35] "[37mGET /get_ps5 HTTP/1.1[0m" 200 -
[14:28:35] {/usr/local/lib/python3.9/site-packages/werkzeug/_internal.py:113} INFO - 172.17.0.1 - - [18/Feb/2021 14:28:35] "[37mGET /get_ps5 HTTP/1.1[0m" 200 -
[14:28:36] {/usr/local/lib/python3.9/site-packages/werkzeug/_internal.py:113} INFO - 172.17.0.1 - - [18/Feb/2021 14:28:36] "[37mGET /get_ps5 HTTP/1.1[0m" 200 -
[14:28:37] {/usr/local/lib/python3.9/site-packages/werkzeug/_internal.py:113} INFO - 172.17.0.1 - - [18/Feb/2021 14:28:37] "[37mGET /get_ps5 HTTP/1.1[0m" 200 -
[14:28:38] {/usr/local/lib/python3.9/site-packages/werkzeug/_internal.py:113} INFO - 172.17.0.1 - - [18/Feb/2021 14:28:38] "[37mGET /get_ps5 HTTP/1.1[0m" 200 -
[14:28:41] {/usr/local/lib/python3.9/site-packages/werkzeug/_internal.py:113} INFO - 172.17.0.1 - - [18/Feb/2021 14:28:41] "[37mGET /get_ps5 HTTP/1.1[0m" 200 -
[14:28:42] {/usr/local/lib/python3.9/site-packages/werkzeug/_internal.py:113} INFO - 172.17.0.1 - - [18/Feb/2021 14:28:42] "[37mGET /get_ps5 HTTP/1.1[0m" 200 -
[14:28:44] {/usr/local/lib/python3.9/site-packages/werkzeug/_internal.py:113} INFO - 172.17.0.1 - - [18/Feb/2021 14:28:44] "[37mGET /get_ps5 HTTP/1.1[0m" 200 -
[14:28:45] {/usr/local/lib/python3.9/site-packages/werkzeug/_internal.py:113} INFO - 172.17.0.1 - - [18/Feb/2021 14:28:45] "[37mGET /get_ps5 HTTP/1.1[0m" 200 -
[14:28:47] {/usr/local/lib/python3.9/site-packages/werkzeug/_internal.py:113} INFO - 172.17.0.1 - - [18/Feb/2021 14:28:47] "[37mGET /get_ps5 HTTP/1.1[0m" 200 -
[14:28:48] {/usr/local/lib/python3.9/site-packages/werkzeug/_internal.py:113} INFO - 172.17.0.1 - - [18/Feb/2021 14:28:48] "[37mGET /get_ps5 HTTP/1.1[0m" 200 -
[14:28:51] {/usr/local/lib/python3.9/site-packages/werkzeug/_internal.py:113} INFO - 172.17.0.1 - - [18/Feb/2021 14:28:51] "[37mGET /get_ps5 HTTP/1.1[0m" 200 -
[14:28:53] {/usr/local/lib/python3.9/site-packages/werkzeug/_internal.py:113} INFO - 172.17.0.1 - - [18/Feb/2021 14:28:53] "[37mGET /get_ps5 HTTP/1.1[0m" 200 -
[14:28:53] {/usr/local/lib/python3.9/site-packages/werkzeug/_internal.py:113} INFO - 172.17.0.1 - - [18/Feb/2021 14:28:53] "[37mGET /get_ps5 HTTP/1.1[0m" 200 -
[14:28:54] {/usr/local/lib/python3.9/site-packages/werkzeug/_internal.py:113} INFO - 172.17.0.1 - - [18/Feb/2021 14:28:54] "[37mGET /get_ps5 HTTP/1.1[0m" 200 -
[14:28:55] {/usr/local/lib/python3.9/site-packages/werkzeug/_internal.py:113} INFO - 172.17.0.1 - - [18/Feb/2021 14:28:55] "[37mGET /get_ps5 HTTP/1.1[0m" 200 -
[14:29:02] {/usr/local/lib/python3.9/site-packages/werkzeug/_internal.py:113} INFO - 172.17.0.1 - - [18/Feb/2021 14:29:02] "[37mGET /get_ps5 HTTP/1.1[0m" 200 -
[14:29:05] {/usr/local/lib/python3.9/site-packages/werkzeug/_internal.py:113} INFO - 172.17.0.1 - - [18/Feb/2021 14:29:05] "[37mGET /get_ps5 HTTP/1.1[0m" 200 -
[14:29:05] {/usr/local/lib/python3.9/site-packages/werkzeug/_internal.py:113} INFO - 172.17.0.1 - - [18/Feb/2021 14:29:05] "[37mGET /get_ps5 HTTP/1.1[0m" 200 -
[14:29:07] {/usr/local/lib/python3.9/site-packages/werkzeug/_internal.py:113} INFO - 172.17.0.1 - - [18/Feb/2021 14:29:07] "[37mGET /get_ps5 HTTP/1.1[0m" 200 -
[14:29:08] {/usr/local/lib/python3.9/site-packages/werkzeug/_internal.py:113} INFO - 172.17.0.1 - - [18/Feb/2021 14:29:08] "[37mGET /get_ps5 HTTP/1.1[0m" 200 -
[14:29:10] {/usr/local/lib/python3.9/site-packages/werkzeug/_internal.py:113} INFO - 172.17.0.1 - - [18/Feb/2021 14:29:10] "[37mGET /get_ps5 HTTP/1.1[0m" 200 -
[14:29:12] {/usr/local/lib/python3.9/site-packages/werkzeug/_internal.py:113} INFO - 172.17.0.1 - - [18/Feb/2021 14:29:12] "[37mGET /get_ps5 HTTP/1.1[0m" 200 -
[14:29:14] {/usr/local/lib/python3.9/site-packages/werkzeug/_internal.py:113} INFO - 172.17.0.1 - - [18/Feb/2021 14:29:14] "[37mGET /get_ps5 HTTP/1.1[0m" 200 -
[14:29:15] {/usr/local/lib/python3.9/site-packages/werkzeug/_internal.py:113} INFO - 172.17.0.1 - - [18/Feb/2021 14:29:15] "[37mGET /get_ps5 HTTP/1.1[0m" 200 -
[14:29:17] {/usr/local/lib/python3.9/site-packages/werkzeug/_internal.py:113} INFO - 172.17.0.1 - - [18/Feb/2021 14:29:17] "[37mGET /get_ps5 HTTP/1.1[0m" 200 -
[14:29:18] {/usr/local/lib/python3.9/site-packages/werkzeug/_internal.py:113} INFO - 172.17.0.1 - - [18/Feb/2021 14:29:18] "[37mGET /get_ps5 HTTP/1.1[0m" 200 -
[14:29:19] {/usr/local/lib/python3.9/site-packages/werkzeug/_internal.py:113} INFO - 172.17.0.1 - - [18/Feb/2021 14:29:19] "[37mGET /get_ps5 HTTP/1.1[0m" 200 -
[14:29:23] {/usr/local/lib/python3.9/site-packages/werkzeug/_internal.py:113} INFO - 172.17.0.1 - - [18/Feb/2021 14:29:23] "[37mGET /get_ps5 HTTP/1.1[0m" 200 -
[14:29:25] {/usr/local/lib/python3.9/site-packages/werkzeug/_internal.py:113} INFO - 172.17.0.1 - - [18/Feb/2021 14:29:25] "[37mGET /get_ps5 HTTP/1.1[0m" 200 -
[14:29:26] {/usr/local/lib/python3.9/site-packages/werkzeug/_internal.py:113} INFO - 172.17.0.1 - - [18/Feb/2021 14:29:26] "[37mGET /get_ps5 HTTP/1.1[0m" 200 -
[14:29:26] {/usr/local/lib/python3.9/site-packages/werkzeug/_internal.py:113} INFO - 172.17.0.1 - - [18/Feb/2021 14:29:26] "[37mGET /get_ps5 HTTP/1.1[0m" 200 -
[14:29:27] {/usr/local/lib/python3.9/site-packages/werkzeug/_internal.py:113} INFO - 172.17.0.1 - - [18/Feb/2021 14:29:27] "[37mGET /get_ps5 HTTP/1.1[0m" 200 -
[14:29:28] {/usr/local/lib/python3.9/site-packages/werkzeug/_internal.py:113} INFO - 172.17.0.1 - - [18/Feb/2021 14:29:28] "[37mGET /get_ps5 HTTP/1.1[0m" 200 -
[14:29:28] {/usr/local/lib/python3.9/site-packages/werkzeug/_internal.py:113} INFO - 172.17.0.1 - - [18/Feb/2021 14:29:28] "[37mGET /get_ps5 HTTP/1.1[0m" 200 -
[14:29:29] {/usr/local/lib/python3.9/site-packages/werkzeug/_internal.py:113} INFO - 172.17.0.1 - - [18/Feb/2021 14:29:29] "[37mGET /get_ps5 HTTP/1.1[0m" 200 -
[14:29:30] {/usr/local/lib/python3.9/site-packages/werkzeug/_internal.py:113} INFO - 172.17.0.1 - - [18/Feb/2021 14:29:30] "[37mGET /get_ps5 HTTP/1.1[0m" 200 -
[14:29:31] {/usr/local/lib/python3.9/site-packages/werkzeug/_internal.py:113} INFO - 172.17.0.1 - - [18/Feb/2021 14:29:31] "[37mGET /get_ps5 HTTP/1.1[0m" 200 -
[14:29:32] {/usr/local/lib/python3.9/site-packages/werkzeug/_internal.py:113} INFO - 172.17.0.1 - - [18/Feb/2021 14:29:32] "[37mGET /get_ps5 HTTP/1.1[0m" 200 -
[14:29:33] {/usr/local/lib/python3.9/site-packages/werkzeug/_internal.py:113} INFO - 172.17.0.1 - - [18/Feb/2021 14:29:33] "[37mGET /get_ps5 HTTP/1.1[0m" 200 -
[14:29:34] {/usr/local/lib/python3.9/site-packages/werkzeug/_internal.py:113} INFO - 172.17.0.1 - - [18/Feb/2021 14:29:34] "[37mGET /get_ps5 HTTP/1.1[0m" 200 -
[14:29:39] {/usr/local/lib/python3.9/site-packages/werkzeug/_internal.py:113} INFO - 172.17.0.1 - - [18/Feb/2021 14:29:39] "[37mGET /get_ps5 HTTP/1.1[0m" 200 -
[14:29:40] {/usr/local/lib/python3.9/site-packages/werkzeug/_internal.py:113} INFO - 172.17.0.1 - - [18/Feb/2021 14:29:40] "[37mGET /get_ps5 HTTP/1.1[0m" 200 -
[14:29:40] {/usr/local/lib/python3.9/site-packages/werkzeug/_internal.py:113} INFO - 172.17.0.1 - - [18/Feb/2021 14:29:40] "[37mGET /get_ps5 HTTP/1.1[0m" 200 -
[14:29:41] {/usr/local/lib/python3.9/site-packages/werkzeug/_internal.py:113} INFO - 172.17.0.1 - - [18/Feb/2021 14:29:41] "[37mGET /get_ps5 HTTP/1.1[0m" 200 -
[14:29:42] {/usr/local/lib/python3.9/site-packages/werkzeug/_internal.py:113} INFO - 172.17.0.1 - - [18/Feb/2021 14:29:42] "[37mGET /get_ps5 HTTP/1.1[0m" 200 -
[14:29:43] {/usr/local/lib/python3.9/site-packages/werkzeug/_internal.py:113} INFO - 172.17.0.1 - - [18/Feb/2021 14:29:43] "[37mGET /get_ps5 HTTP/1.1[0m" 200 -
[14:29:47] {/usr/local/lib/python3.9/site-packages/werkzeug/_internal.py:113} INFO - 172.17.0.1 - - [18/Feb/2021 14:29:47] "[37mGET /get_ps5 HTTP/1.1[0m" 200 -
[14:29:48] {/usr/local/lib/python3.9/site-packages/werkzeug/_internal.py:113} INFO - 172.17.0.1 - - [18/Feb/2021 14:29:48] "[37mGET /get_ps5 HTTP/1.1[0m" 200 -
[14:29:49] {/usr/local/lib/python3.9/site-packages/werkzeug/_internal.py:113} INFO - 172.17.0.1 - - [18/Feb/2021 14:29:49] "[37mGET /get_ps5 HTTP/1.1[0m" 200 -
[14:29:49] {/usr/local/lib/python3.9/site-packages/werkzeug/_internal.py:113} INFO - 172.17.0.1 - - [18/Feb/2021 14:29:49] "[37mGET /get_ps5 HTTP/1.1[0m" 200 -
[14:29:50] {/usr/local/lib/python3.9/site-packages/werkzeug/_internal.py:113} INFO - 172.17.0.1 - - [18/Feb/2021 14:29:50] "[37mGET /get_ps5 HTTP/1.1[0m" 200 -
[14:29:51] {/usr/local/lib/python3.9/site-packages/werkzeug/_internal.py:113} INFO - 172.17.0.1 - - [18/Feb/2021 14:29:51] "[37mGET /get_ps5 HTTP/1.1[0m" 200 -
[14:29:52] {/usr/local/lib/python3.9/site-packages/werkzeug/_internal.py:113} INFO - 172.17.0.1 - - [18/Feb/2021 14:29:52] "[37mGET /get_ps5 HTTP/1.1[0m" 200 -
[14:29:52] {/usr/local/lib/python3.9/site-packages/werkzeug/_internal.py:113} INFO - 172.17.0.1 - - [18/Feb/2021 14:29:52] "[37mGET /get_ps5 HTTP/1.1[0m" 200 -
[14:29:53] {/usr/local/lib/python3.9/site-packages/werkzeug/_internal.py:113} INFO - 172.17.0.1 - - [18/Feb/2021 14:29:53] "[37mGET /get_ps5 HTTP/1.1[0m" 200 -
[14:29:54] {/usr/local/lib/python3.9/site-packages/werkzeug/_internal.py:113} INFO - 172.17.0.1 - - [18/Feb/2021 14:29:54] "[37mGET /get_ps5 HTTP/1.1[0m" 200 -
[14:29:55] {/usr/local/lib/python3.9/site-packages/werkzeug/_internal.py:113} INFO - 172.17.0.1 - - [18/Feb/2021 14:29:55] "[37mGET /get_ps5 HTTP/1.1[0m" 200 -
[14:29:55] {/usr/local/lib/python3.9/site-packages/werkzeug/_internal.py:113} INFO - 172.17.0.1 - - [18/Feb/2021 14:29:55] "[37mGET /get_ps5 HTTP/1.1[0m" 200 -
[14:29:56] {/usr/local/lib/python3.9/site-packages/werkzeug/_internal.py:113} INFO - 172.17.0.1 - - [18/Feb/2021 14:29:56] "[37mGET /get_ps5 HTTP/1.1[0m" 200 -
[14:29:57] {/usr/local/lib/python3.9/site-packages/werkzeug/_internal.py:113} INFO - 172.17.0.1 - - [18/Feb/2021 14:29:57] "[37mGET /get_ps5 HTTP/1.1[0m" 200 -
[14:29:58] {/usr/local/lib/python3.9/site-packages/werkzeug/_internal.py:113} INFO - 172.17.0.1 - - [18/Feb/2021 14:29:58] "[37mGET /get_ps5 HTTP/1.1[0m" 200 -
[14:30:00] {/usr/local/lib/python3.9/site-packages/werkzeug/_internal.py:113} INFO - 172.17.0.1 - - [18/Feb/2021 14:30:00] "[37mGET /get_ps5 HTTP/1.1[0m" 200 -
[14:30:01] {/usr/local/lib/python3.9/site-packages/werkzeug/_internal.py:113} INFO - 172.17.0.1 - - [18/Feb/2021 14:30:01] "[37mGET /get_ps5 HTTP/1.1[0m" 200 -
[14:30:03] {/usr/local/lib/python3.9/site-packages/werkzeug/_internal.py:113} INFO - 172.17.0.1 - - [18/Feb/2021 14:30:03] "[37mGET /get_ps5 HTTP/1.1[0m" 200 -
[14:30:03] {/usr/local/lib/python3.9/site-packages/werkzeug/_internal.py:113} INFO - 172.17.0.1 - - [18/Feb/2021 14:30:03] "[37mGET /get_ps5 HTTP/1.1[0m" 200 -
[14:30:04] {/usr/local/lib/python3.9/site-packages/werkzeug/_internal.py:113} INFO - 172.17.0.1 - - [18/Feb/2021 14:30:04] "[37mGET /get_ps5 HTTP/1.1[0m" 200 -
[14:30:05] {/usr/local/lib/python3.9/site-packages/werkzeug/_internal.py:113} INFO - 172.17.0.1 - - [18/Feb/2021 14:30:05] "[37mGET /get_ps5 HTTP/1.1[0m" 200 -
[14:30:06] {/usr/local/lib/python3.9/site-packages/werkzeug/_internal.py:113} INFO - 172.17.0.1 - - [18/Feb/2021 14:30:06] "[37mGET /get_ps5 HTTP/1.1[0m" 200 -
[14:30:06] {/usr/local/lib/python3.9/site-packages/werkzeug/_internal.py:113} INFO - 172.17.0.1 - - [18/Feb/2021 14:30:06] "[37mGET /get_ps5 HTTP/1.1[0m" 200 -
[14:30:09] {/usr/local/lib/python3.9/site-packages/werkzeug/_internal.py:113} INFO - 172.17.0.1 - - [18/Feb/2021 14:30:09] "[37mGET /get_ps5 HTTP/1.1[0m" 200 -
[14:30:09] {/usr/local/lib/python3.9/site-packages/werkzeug/_internal.py:113} INFO - 172.17.0.1 - - [18/Feb/2021 14:30:09] "[37mGET /get_ps5 HTTP/1.1[0m" 200 -
[14:30:14] {/usr/local/lib/python3.9/site-packages/werkzeug/_internal.py:113} INFO - 172.17.0.1 - - [18/Feb/2021 14:30:14] "[37mGET /get_ps5 HTTP/1.1[0m" 200 -
[14:30:14] {/usr/local/lib/python3.9/site-packages/werkzeug/_internal.py:113} INFO - 172.17.0.1 - - [18/Feb/2021 14:30:14] "[37mGET /get_ps5 HTTP/1.1[0m" 200 -
[14:30:15] {/usr/local/lib/python3.9/site-packages/werkzeug/_internal.py:113} INFO - 172.17.0.1 - - [18/Feb/2021 14:30:15] "[37mGET /get_ps5 HTTP/1.1[0m" 200 -
[14:30:16] {/usr/local/lib/python3.9/site-packages/werkzeug/_internal.py:113} INFO - 172.17.0.1 - - [18/Feb/2021 14:30:16] "[37mGET /get_ps5 HTTP/1.1[0m" 200 -
[14:30:17] {/usr/local/lib/python3.9/site-packages/werkzeug/_internal.py:113} INFO - 172.17.0.1 - - [18/Feb/2021 14:30:17] "[37mGET /get_ps5 HTTP/1.1[0m" 200 -
[14:30:18] {/usr/local/lib/python3.9/site-packages/werkzeug/_internal.py:113} INFO - 172.17.0.1 - - [18/Feb/2021 14:30:18] "[37mGET /get_ps5 HTTP/1.1[0m" 200 -
[14:30:18] {/usr/local/lib/python3.9/site-packages/werkzeug/_internal.py:113} INFO - 172.17.0.1 - - [18/Feb/2021 14:30:18] "[37mGET /get_ps5 HTTP/1.1[0m" 200 -
[14:30:19] {/usr/local/lib/python3.9/site-packages/werkzeug/_internal.py:113} INFO - 172.17.0.1 - - [18/Feb/2021 14:30:19] "[37mGET /get_ps5 HTTP/1.1[0m" 200 -
[14:30:20] {/usr/local/lib/python3.9/site-packages/werkzeug/_internal.py:113} INFO - 172.17.0.1 - - [18/Feb/2021 14:30:20] "[37mGET /get_ps5 HTTP/1.1[0m" 200 -
[14:30:21] {/usr/local/lib/python3.9/site-packages/werkzeug/_internal.py:113} INFO - 172.17.0.1 - - [18/Feb/2021 14:30:21] "[37mGET /get_ps5 HTTP/1.1[0m" 200 -
[14:30:22] {/usr/local/lib/python3.9/site-packages/werkzeug/_internal.py:113} INFO - 172.17.0.1 - - [18/Feb/2021 14:30:22] "[37mGET /get_ps5 HTTP/1.1[0m" 200 -
[14:30:23] {/usr/local/lib/python3.9/site-packages/werkzeug/_internal.py:113} INFO - 172.17.0.1 - - [18/Feb/2021 14:30:23] "[37mGET /get_ps5 HTTP/1.1[0m" 200 -
[14:30:23] {/usr/local/lib/python3.9/site-packages/werkzeug/_internal.py:113} INFO - 172.17.0.1 - - [18/Feb/2021 14:30:23] "[37mGET /get_ps5 HTTP/1.1[0m" 200 -
[14:30:24] {/usr/local/lib/python3.9/site-packages/werkzeug/_internal.py:113} INFO - 172.17.0.1 - - [18/Feb/2021 14:30:24] "[37mGET /get_ps5 HTTP/1.1[0m" 200 -
[14:30:25] {/usr/local/lib/python3.9/site-packages/werkzeug/_internal.py:113} INFO - 172.17.0.1 - - [18/Feb/2021 14:30:25] "[37mGET /get_ps5 HTTP/1.1[0m" 200 -
[14:30:26] {/usr/local/lib/python3.9/site-packages/werkzeug/_internal.py:113} INFO - 172.17.0.1 - - [18/Feb/2021 14:30:26] "[37mGET /get_ps5 HTTP/1.1[0m" 200 -
[14:30:27] {/usr/local/lib/python3.9/site-packages/werkzeug/_internal.py:113} INFO - 172.17.0.1 - - [18/Feb/2021 14:30:27] "[37mGET /get_ps5 HTTP/1.1[0m" 200 -
[14:30:28] {/usr/local/lib/python3.9/site-packages/werkzeug/_internal.py:113} INFO - 172.17.0.1 - - [18/Feb/2021 14:30:28] "[37mGET /get_ps5 HTTP/1.1[0m" 200 -
[14:30:29] {/usr/local/lib/python3.9/site-packages/werkzeug/_internal.py:113} INFO - 172.17.0.1 - - [18/Feb/2021 14:30:29] "[37mGET /get_ps5 HTTP/1.1[0m" 200 -
[14:30:30] {/usr/local/lib/python3.9/site-packages/werkzeug/_internal.py:113} INFO - 172.17.0.1 - - [18/Feb/2021 14:30:30] "[37mGET /get_ps5 HTTP/1.1[0m" 200 -
[14:30:31] {/usr/local/lib/python3.9/site-packages/werkzeug/_internal.py:113} INFO - 172.17.0.1 - - [18/Feb/2021 14:30:31] "[37mGET /get_ps5 HTTP/1.1[0m" 200 -
[14:30:32] {/usr/local/lib/python3.9/site-packages/werkzeug/_internal.py:113} INFO - 172.17.0.1 - - [18/Feb/2021 14:30:32] "[37mGET /get_ps5 HTTP/1.1[0m" 200 -
[14:30:33] {/usr/local/lib/python3.9/site-packages/werkzeug/_internal.py:113} INFO - 172.17.0.1 - - [18/Feb/2021 14:30:33] "[37mGET /get_ps5 HTTP/1.1[0m" 200 -
[14:30:33] {/usr/local/lib/python3.9/site-packages/werkzeug/_internal.py:113} INFO - 172.17.0.1 - - [18/Feb/2021 14:30:33] "[37mGET /get_ps5 HTTP/1.1[0m" 200 -
[14:30:34] {/usr/local/lib/python3.9/site-packages/werkzeug/_internal.py:113} INFO - 172.17.0.1 - - [18/Feb/2021 14:30:34] "[37mGET /get_ps5 HTTP/1.1[0m" 200 -
[14:30:35] {/usr/local/lib/python3.9/site-packages/werkzeug/_internal.py:113} INFO - 172.17.0.1 - - [18/Feb/2021 14:30:35] "[37mGET /get_ps5 HTTP/1.1[0m" 200 -
[14:30:36] {/usr/local/lib/python3.9/site-packages/werkzeug/_internal.py:113} INFO - 172.17.0.1 - - [18/Feb/2021 14:30:36] "[37mGET /get_ps5 HTTP/1.1[0m" 200 -
[14:30:37] {/usr/local/lib/python3.9/site-packages/werkzeug/_internal.py:113} INFO - 172.17.0.1 - - [18/Feb/2021 14:30:37] "[37mGET /get_ps5 HTTP/1.1[0m" 200 -
[14:30:38] {/usr/local/lib/python3.9/site-packages/werkzeug/_internal.py:113} INFO - 172.17.0.1 - - [18/Feb/2021 14:30:38] "[37mGET /get_ps5 HTTP/1.1[0m" 200 -
[14:30:38] {/usr/local/lib/python3.9/site-packages/werkzeug/_internal.py:113} INFO - 172.17.0.1 - - [18/Feb/2021 14:30:38] "[37mGET /get_ps5 HTTP/1.1[0m" 200 -
[14:30:39] {/usr/local/lib/python3.9/site-packages/werkzeug/_internal.py:113} INFO - 172.17.0.1 - - [18/Feb/2021 14:30:39] "[37mGET /get_ps5 HTTP/1.1[0m" 200 -
[14:30:40] {/usr/local/lib/python3.9/site-packages/werkzeug/_internal.py:113} INFO - 172.17.0.1 - - [18/Feb/2021 14:30:40] "[37mGET /get_ps5 HTTP/1.1[0m" 200 -
[14:30:41] {/usr/local/lib/python3.9/site-packages/werkzeug/_internal.py:113} INFO - 172.17.0.1 - - [18/Feb/2021 14:30:41] "[37mGET /get_ps5 HTTP/1.1[0m" 200 -
[14:30:41] {/usr/local/lib/python3.9/site-packages/werkzeug/_internal.py:113} INFO - 172.17.0.1 - - [18/Feb/2021 14:30:41] "[37mGET /get_ps5 HTTP/1.1[0m" 200 -
[14:30:42] {/usr/local/lib/python3.9/site-packages/werkzeug/_internal.py:113} INFO - 172.17.0.1 - - [18/Feb/2021 14:30:42] "[37mGET /get_ps5 HTTP/1.1[0m" 200 -
[14:30:43] {/usr/local/lib/python3.9/site-packages/werkzeug/_internal.py:113} INFO - 172.17.0.1 - - [18/Feb/2021 14:30:43] "[37mGET /get_ps5 HTTP/1.1[0m" 200 -
[14:30:44] {/usr/local/lib/python3.9/site-packages/werkzeug/_internal.py:113} INFO - 172.17.0.1 - - [18/Feb/2021 14:30:44] "[37mGET /get_ps5 HTTP/1.1[0m" 200 -
[14:30:45] {/usr/local/lib/python3.9/site-packages/werkzeug/_internal.py:113} INFO - 172.17.0.1 - - [18/Feb/2021 14:30:45] "[37mGET /get_ps5 HTTP/1.1[0m" 200 -
[14:30:46] {/usr/local/lib/python3.9/site-packages/werkzeug/_internal.py:113} INFO - 172.17.0.1 - - [18/Feb/2021 14:30:46] "[37mGET /get_ps5 HTTP/1.1[0m" 200 -
[14:30:47] {/usr/local/lib/python3.9/site-packages/werkzeug/_internal.py:113} INFO - 172.17.0.1 - - [18/Feb/2021 14:30:47] "[37mGET /get_ps5 HTTP/1.1[0m" 200 -
[14:30:48] {/usr/local/lib/python3.9/site-packages/werkzeug/_internal.py:113} INFO - 172.17.0.1 - - [18/Feb/2021 14:30:48] "[37mGET /get_ps5 HTTP/1.1[0m" 200 -
[14:30:49] {/usr/local/lib/python3.9/site-packages/werkzeug/_internal.py:113} INFO - 172.17.0.1 - - [18/Feb/2021 14:30:49] "[37mGET /get_ps5 HTTP/1.1[0m" 200 -
[14:30:50] {/usr/local/lib/python3.9/site-packages/werkzeug/_internal.py:113} INFO - 172.17.0.1 - - [18/Feb/2021 14:30:50] "[37mGET /get_ps5 HTTP/1.1[0m" 200 -
[14:30:51] {/usr/local/lib/python3.9/site-packages/werkzeug/_internal.py:113} INFO - 172.17.0.1 - - [18/Feb/2021 14:30:51] "[37mGET /get_ps5 HTTP/1.1[0m" 200 -
[14:30:52] {/usr/local/lib/python3.9/site-packages/werkzeug/_internal.py:113} INFO - 172.17.0.1 - - [18/Feb/2021 14:30:52] "[37mGET /get_ps5 HTTP/1.1[0m" 200 -
[14:30:53] {/usr/local/lib/python3.9/site-packages/werkzeug/_internal.py:113} INFO - 172.17.0.1 - - [18/Feb/2021 14:30:53] "[37mGET /get_ps5 HTTP/1.1[0m" 200 -
[14:30:54] {/usr/local/lib/python3.9/site-packages/werkzeug/_internal.py:113} INFO - 172.17.0.1 - - [18/Feb/2021 14:30:54] "[37mGET /get_ps5 HTTP/1.1[0m" 200 -
[14:30:54] {/usr/local/lib/python3.9/site-packages/werkzeug/_internal.py:113} INFO - 172.17.0.1 - - [18/Feb/2021 14:30:54] "[37mGET /get_ps5 HTTP/1.1[0m" 200 -
[14:30:55] {/usr/local/lib/python3.9/site-packages/werkzeug/_internal.py:113} INFO - 172.17.0.1 - - [18/Feb/2021 14:30:55] "[37mGET /get_ps5 HTTP/1.1[0m" 200 -
[14:30:56] {/usr/local/lib/python3.9/site-packages/werkzeug/_internal.py:113} INFO - 172.17.0.1 - - [18/Feb/2021 14:30:56] "[37mGET /get_ps5 HTTP/1.1[0m" 200 -
[14:30:57] {/usr/local/lib/python3.9/site-packages/werkzeug/_internal.py:113} INFO - 172.17.0.1 - - [18/Feb/2021 14:30:57] "[37mGET /get_ps5 HTTP/1.1[0m" 200 -
[14:30:58] {/usr/local/lib/python3.9/site-packages/werkzeug/_internal.py:113} INFO - 172.17.0.1 - - [18/Feb/2021 14:30:58] "[37mGET /get_ps5 HTTP/1.1[0m" 200 -
[14:30:59] {/usr/local/lib/python3.9/site-packages/werkzeug/_internal.py:113} INFO - 172.17.0.1 - - [18/Feb/2021 14:30:59] "[37mGET /get_ps5 HTTP/1.1[0m" 200 -
[14:30:59] {/usr/local/lib/python3.9/site-packages/werkzeug/_internal.py:113} INFO - 172.17.0.1 - - [18/Feb/2021 14:30:59] "[37mGET /get_ps5 HTTP/1.1[0m" 200 -
[14:31:00] {/usr/local/lib/python3.9/site-packages/werkzeug/_internal.py:113} INFO - 172.17.0.1 - - [18/Feb/2021 14:31:00] "[37mGET /get_ps5 HTTP/1.1[0m" 200 -
[14:31:01] {/usr/local/lib/python3.9/site-packages/werkzeug/_internal.py:113} INFO - 172.17.0.1 - - [18/Feb/2021 14:31:01] "[37mGET /get_ps5 HTTP/1.1[0m" 200 -
[14:31:02] {/usr/local/lib/python3.9/site-packages/werkzeug/_internal.py:113} INFO - 172.17.0.1 - - [18/Feb/2021 14:31:02] "[37mGET /get_ps5 HTTP/1.1[0m" 200 -
[14:31:03] {/usr/local/lib/python3.9/site-packages/werkzeug/_internal.py:113} INFO - 172.17.0.1 - - [18/Feb/2021 14:31:03] "[37mGET /get_ps5 HTTP/1.1[0m" 200 -
[14:31:04] {/usr/local/lib/python3.9/site-packages/werkzeug/_internal.py:113} INFO - 172.17.0.1 - - [18/Feb/2021 14:31:04] "[37mGET /get_ps5 HTTP/1.1[0m" 200 -
[14:31:05] {/usr/local/lib/python3.9/site-packages/werkzeug/_internal.py:113} INFO - 172.17.0.1 - - [18/Feb/2021 14:31:05] "[37mGET /get_ps5 HTTP/1.1[0m" 200 -
[14:31:05] {/usr/local/lib/python3.9/site-packages/werkzeug/_internal.py:113} INFO - 172.17.0.1 - - [18/Feb/2021 14:31:05] "[37mGET /get_ps5 HTTP/1.1[0m" 200 -
[14:31:06] {/usr/local/lib/python3.9/site-packages/werkzeug/_internal.py:113} INFO - 172.17.0.1 - - [18/Feb/2021 14:31:06] "[37mGET /get_ps5 HTTP/1.1[0m" 200 -
[14:31:07] {/usr/local/lib/python3.9/site-packages/werkzeug/_internal.py:113} INFO - 172.17.0.1 - - [18/Feb/2021 14:31:07] "[37mGET /get_ps5 HTTP/1.1[0m" 200 -
[14:31:08] {/usr/local/lib/python3.9/site-packages/werkzeug/_internal.py:113} INFO - 172.17.0.1 - - [18/Feb/2021 14:31:08] "[37mGET /get_ps5 HTTP/1.1[0m" 200 -
[14:31:09] {/usr/local/lib/python3.9/site-packages/werkzeug/_internal.py:113} INFO - 172.17.0.1 - - [18/Feb/2021 14:31:09] "[37mGET /get_ps5 HTTP/1.1[0m" 200 -
[14:31:09] {/usr/local/lib/python3.9/site-packages/werkzeug/_internal.py:113} INFO - 172.17.0.1 - - [18/Feb/2021 14:31:09] "[37mGET /get_ps5 HTTP/1.1[0m" 200 -
[14:31:10] {/usr/local/lib/python3.9/site-packages/werkzeug/_internal.py:113} INFO - 172.17.0.1 - - [18/Feb/2021 14:31:10] "[37mGET /get_ps5 HTTP/1.1[0m" 200 -
[14:31:12] {/usr/local/lib/python3.9/site-packages/werkzeug/_internal.py:113} INFO - 172.17.0.1 - - [18/Feb/2021 14:31:12] "[37mGET /get_ps5 HTTP/1.1[0m" 200 -
[14:31:13] {/usr/local/lib/python3.9/site-packages/werkzeug/_internal.py:113} INFO - 172.17.0.1 - - [18/Feb/2021 14:31:13] "[37mGET /get_ps5 HTTP/1.1[0m" 200 -
[14:31:14] {/usr/local/lib/python3.9/site-packages/werkzeug/_internal.py:113} INFO - 172.17.0.1 - - [18/Feb/2021 14:31:14] "[37mGET /get_ps5 HTTP/1.1[0m" 200 -
[14:31:14] {/usr/local/lib/python3.9/site-packages/werkzeug/_internal.py:113} INFO - 172.17.0.1 - - [18/Feb/2021 14:31:14] "[37mGET /get_ps5 HTTP/1.1[0m" 200 -
[14:31:15] {/usr/local/lib/python3.9/site-packages/werkzeug/_internal.py:113} INFO - 172.17.0.1 - - [18/Feb/2021 14:31:15] "[37mGET /get_ps5 HTTP/1.1[0m" 200 -
[14:31:16] {/usr/local/lib/python3.9/site-packages/werkzeug/_internal.py:113} INFO - 172.17.0.1 - - [18/Feb/2021 14:31:16] "[37mGET /get_ps5 HTTP/1.1[0m" 200 -
[14:31:17] {/usr/local/lib/python3.9/site-packages/werkzeug/_internal.py:113} INFO - 172.17.0.1 - - [18/Feb/2021 14:31:17] "[37mGET /get_ps5 HTTP/1.1[0m" 200 -
[14:31:18] {/usr/local/lib/python3.9/site-packages/werkzeug/_internal.py:113} INFO - 172.17.0.1 - - [18/Feb/2021 14:31:18] "[37mGET /get_ps5 HTTP/1.1[0m" 200 -
[14:31:18] {/usr/local/lib/python3.9/site-packages/werkzeug/_internal.py:113} INFO - 172.17.0.1 - - [18/Feb/2021 14:31:18] "[37mGET /get_ps5 HTTP/1.1[0m" 200 -
[14:31:19] {/usr/local/lib/python3.9/site-packages/werkzeug/_internal.py:113} INFO - 172.17.0.1 - - [18/Feb/2021 14:31:19] "[37mGET /get_ps5 HTTP/1.1[0m" 200 -
[14:31:20] {/usr/local/lib/python3.9/site-packages/werkzeug/_internal.py:113} INFO - 172.17.0.1 - - [18/Feb/2021 14:31:20] "[37mGET /get_ps5 HTTP/1.1[0m" 200 -
[14:31:21] {/usr/local/lib/python3.9/site-packages/werkzeug/_internal.py:113} INFO - 172.17.0.1 - - [18/Feb/2021 14:31:21] "[37mGET /get_ps5 HTTP/1.1[0m" 200 -
[14:31:21] {/usr/local/lib/python3.9/site-packages/werkzeug/_internal.py:113} INFO - 172.17.0.1 - - [18/Feb/2021 14:31:21] "[37mGET /get_ps5 HTTP/1.1[0m" 200 -
[14:31:22] {/usr/local/lib/python3.9/site-packages/werkzeug/_internal.py:113} INFO - 172.17.0.1 - - [18/Feb/2021 14:31:22] "[37mGET /get_ps5 HTTP/1.1[0m" 200 -
[14:31:23] {/usr/local/lib/python3.9/site-packages/werkzeug/_internal.py:113} INFO - 172.17.0.1 - - [18/Feb/2021 14:31:23] "[37mGET /get_ps5 HTTP/1.1[0m" 200 -
[14:31:24] {/usr/local/lib/python3.9/site-packages/werkzeug/_internal.py:113} INFO - 172.17.0.1 - - [18/Feb/2021 14:31:24] "[37mGET /get_ps5 HTTP/1.1[0m" 200 -
[14:31:25] {/usr/local/lib/python3.9/site-packages/werkzeug/_internal.py:113} INFO - 172.17.0.1 - - [18/Feb/2021 14:31:25] "[37mGET /get_ps5 HTTP/1.1[0m" 200 -
[14:31:26] {/usr/local/lib/python3.9/site-packages/werkzeug/_internal.py:113} INFO - 172.17.0.1 - - [18/Feb/2021 14:31:26] "[37mGET /get_ps5 HTTP/1.1[0m" 200 -
[14:31:26] {/usr/local/lib/python3.9/site-packages/werkzeug/_internal.py:113} INFO - 172.17.0.1 - - [18/Feb/2021 14:31:26] "[37mGET /get_ps5 HTTP/1.1[0m" 200 -
[14:31:27] {/usr/local/lib/python3.9/site-packages/werkzeug/_internal.py:113} INFO - 172.17.0.1 - - [18/Feb/2021 14:31:27] "[37mGET /get_ps5 HTTP/1.1[0m" 200 -
[14:31:28] {/usr/local/lib/python3.9/site-packages/werkzeug/_internal.py:113} INFO - 172.17.0.1 - - [18/Feb/2021 14:31:28] "[37mGET /get_ps5 HTTP/1.1[0m" 200 -
[14:31:30] {/usr/local/lib/python3.9/site-packages/werkzeug/_internal.py:113} INFO - 172.17.0.1 - - [18/Feb/2021 14:31:30] "[37mGET /get_ps5 HTTP/1.1[0m" 200 -
[14:31:31] {/usr/local/lib/python3.9/site-packages/werkzeug/_internal.py:113} INFO - 172.17.0.1 - - [18/Feb/2021 14:31:31] "[37mGET /get_ps5 HTTP/1.1[0m" 200 -
[14:31:32] {/usr/local/lib/python3.9/site-packages/werkzeug/_internal.py:113} INFO - 172.17.0.1 - - [18/Feb/2021 14:31:32] "[37mGET /get_ps5 HTTP/1.1[0m" 200 -
[14:31:33] {/usr/local/lib/python3.9/site-packages/werkzeug/_internal.py:113} INFO - 172.17.0.1 - - [18/Feb/2021 14:31:33] "[37mGET /get_ps5 HTTP/1.1[0m" 200 -
[14:31:34] {/usr/local/lib/python3.9/site-packages/werkzeug/_internal.py:113} INFO - 172.17.0.1 - - [18/Feb/2021 14:31:34] "[37mGET /get_ps5 HTTP/1.1[0m" 200 -
[14:31:34] {/usr/local/lib/python3.9/site-packages/werkzeug/_internal.py:113} INFO - 172.17.0.1 - - [18/Feb/2021 14:31:34] "[37mGET /get_ps5 HTTP/1.1[0m" 200 -
[14:31:35] {/usr/local/lib/python3.9/site-packages/werkzeug/_internal.py:113} INFO - 172.17.0.1 - - [18/Feb/2021 14:31:35] "[37mGET /get_ps5 HTTP/1.1[0m" 200 -
[14:31:36] {/usr/local/lib/python3.9/site-packages/werkzeug/_internal.py:113} INFO - 172.17.0.1 - - [18/Feb/2021 14:31:36] "[37mGET /get_ps5 HTTP/1.1[0m" 200 -
[14:31:37] {/usr/local/lib/python3.9/site-packages/werkzeug/_internal.py:113} INFO - 172.17.0.1 - - [18/Feb/2021 14:31:37] "[37mGET /get_ps5 HTTP/1.1[0m" 200 -
[14:31:39] {/usr/local/lib/python3.9/site-packages/werkzeug/_internal.py:113} INFO - 172.17.0.1 - - [18/Feb/2021 14:31:39] "[37mGET /get_ps5 HTTP/1.1[0m" 200 -
[14:31:40] {/usr/local/lib/python3.9/site-packages/werkzeug/_internal.py:113} INFO - 172.17.0.1 - - [18/Feb/2021 14:31:40] "[37mGET /get_ps5 HTTP/1.1[0m" 200 -
[14:31:40] {/usr/local/lib/python3.9/site-packages/werkzeug/_internal.py:113} INFO - 172.17.0.1 - - [18/Feb/2021 14:31:40] "[37mGET /get_ps5 HTTP/1.1[0m" 200 -
[14:31:41] {/usr/local/lib/python3.9/site-packages/werkzeug/_internal.py:113} INFO - 172.17.0.1 - - [18/Feb/2021 14:31:41] "[37mGET /get_ps5 HTTP/1.1[0m" 200 -
[14:31:42] {/usr/local/lib/python3.9/site-packages/werkzeug/_internal.py:113} INFO - 172.17.0.1 - - [18/Feb/2021 14:31:42] "[37mGET /get_ps5 HTTP/1.1[0m" 200 -
[14:31:43] {/usr/local/lib/python3.9/site-packages/werkzeug/_internal.py:113} INFO - 172.17.0.1 - - [18/Feb/2021 14:31:43] "[37mGET /get_ps5 HTTP/1.1[0m" 200 -
[14:31:43] {/usr/local/lib/python3.9/site-packages/werkzeug/_internal.py:113} INFO - 172.17.0.1 - - [18/Feb/2021 14:31:43] "[37mGET /get_ps5 HTTP/1.1[0m" 200 -
[14:31:44] {/usr/local/lib/python3.9/site-packages/werkzeug/_internal.py:113} INFO - 172.17.0.1 - - [18/Feb/2021 14:31:44] "[37mGET /get_ps5 HTTP/1.1[0m" 200 -
[14:31:45] {/usr/local/lib/python3.9/site-packages/werkzeug/_internal.py:113} INFO - 172.17.0.1 - - [18/Feb/2021 14:31:45] "[37mGET /get_ps5 HTTP/1.1[0m" 200 -
[14:31:46] {/usr/local/lib/python3.9/site-packages/werkzeug/_internal.py:113} INFO - 172.17.0.1 - - [18/Feb/2021 14:31:46] "[37mGET /get_ps5 HTTP/1.1[0m" 200 -
[14:31:47] {/usr/local/lib/python3.9/site-packages/werkzeug/_internal.py:113} INFO - 172.17.0.1 - - [18/Feb/2021 14:31:47] "[37mGET /get_ps5 HTTP/1.1[0m" 200 -
[14:31:48] {/usr/local/lib/python3.9/site-packages/werkzeug/_internal.py:113} INFO - 172.17.0.1 - - [18/Feb/2021 14:31:48] "[37mGET /get_ps5 HTTP/1.1[0m" 200 -
[14:31:48] {/usr/local/lib/python3.9/site-packages/werkzeug/_internal.py:113} INFO - 172.17.0.1 - - [18/Feb/2021 14:31:48] "[37mGET /get_ps5 HTTP/1.1[0m" 200 -
[14:31:49] {/usr/local/lib/python3.9/site-packages/werkzeug/_internal.py:113} INFO - 172.17.0.1 - - [18/Feb/2021 14:31:49] "[37mGET /get_ps5 HTTP/1.1[0m" 200 -
[14:31:50] {/usr/local/lib/python3.9/site-packages/werkzeug/_internal.py:113} INFO - 172.17.0.1 - - [18/Feb/2021 14:31:50] "[37mGET /get_ps5 HTTP/1.1[0m" 200 -
[14:31:51] {/usr/local/lib/python3.9/site-packages/werkzeug/_internal.py:113} INFO - 172.17.0.1 - - [18/Feb/2021 14:31:51] "[37mGET /get_ps5 HTTP/1.1[0m" 200 -
[14:31:52] {/usr/local/lib/python3.9/site-packages/werkzeug/_internal.py:113} INFO - 172.17.0.1 - - [18/Feb/2021 14:31:52] "[37mGET /get_ps5 HTTP/1.1[0m" 200 -
[14:31:52] {/usr/local/lib/python3.9/site-packages/werkzeug/_internal.py:113} INFO - 172.17.0.1 - - [18/Feb/2021 14:31:52] "[37mGET /get_ps5 HTTP/1.1[0m" 200 -
[14:31:53] {/usr/local/lib/python3.9/site-packages/werkzeug/_internal.py:113} INFO - 172.17.0.1 - - [18/Feb/2021 14:31:53] "[37mGET /get_ps5 HTTP/1.1[0m" 200 -
[14:31:54] {/usr/local/lib/python3.9/site-packages/werkzeug/_internal.py:113} INFO - 172.17.0.1 - - [18/Feb/2021 14:31:54] "[37mGET /get_ps5 HTTP/1.1[0m" 200 -
[14:31:56] {/usr/local/lib/python3.9/site-packages/werkzeug/_internal.py:113} INFO - 172.17.0.1 - - [18/Feb/2021 14:31:56] "[37mGET /get_ps5 HTTP/1.1[0m" 200 -
[14:31:56] {/usr/local/lib/python3.9/site-packages/werkzeug/_internal.py:113} INFO - 172.17.0.1 - - [18/Feb/2021 14:31:56] "[37mGET /get_ps5 HTTP/1.1[0m" 200 -
[14:31:57] {/usr/local/lib/python3.9/site-packages/werkzeug/_internal.py:113} INFO - 172.17.0.1 - - [18/Feb/2021 14:31:57] "[37mGET /get_ps5 HTTP/1.1[0m" 200 -
[14:31:59] {/usr/local/lib/python3.9/site-packages/werkzeug/_internal.py:113} INFO - 172.17.0.1 - - [18/Feb/2021 14:31:59] "[37mGET /get_ps5 HTTP/1.1[0m" 200 -
[14:32:00] {/usr/local/lib/python3.9/site-packages/werkzeug/_internal.py:113} INFO - 172.17.0.1 - - [18/Feb/2021 14:32:00] "[37mGET /get_ps5 HTTP/1.1[0m" 200 -
[14:32:01] {/usr/local/lib/python3.9/site-packages/werkzeug/_internal.py:113} INFO - 172.17.0.1 - - [18/Feb/2021 14:32:01] "[37mGET /get_ps5 HTTP/1.1[0m" 200 -
[14:32:02] {/usr/local/lib/python3.9/site-packages/werkzeug/_internal.py:113} INFO - 172.17.0.1 - - [18/Feb/2021 14:32:02] "[37mGET /get_ps5 HTTP/1.1[0m" 200 -
[14:32:02] {/usr/local/lib/python3.9/site-packages/werkzeug/_internal.py:113} INFO - 172.17.0.1 - - [18/Feb/2021 14:32:02] "[37mGET /get_ps5 HTTP/1.1[0m" 200 -
[14:32:03] {/usr/local/lib/python3.9/site-packages/werkzeug/_internal.py:113} INFO - 172.17.0.1 - - [18/Feb/2021 14:32:03] "[37mGET /get_ps5 HTTP/1.1[0m" 200 -
[14:32:05] {/usr/local/lib/python3.9/site-packages/werkzeug/_internal.py:113} INFO - 172.17.0.1 - - [18/Feb/2021 14:32:05] "[37mGET /get_ps5 HTTP/1.1[0m" 200 -
[14:32:06] {/usr/local/lib/python3.9/site-packages/werkzeug/_internal.py:113} INFO - 172.17.0.1 - - [18/Feb/2021 14:32:06] "[37mGET /get_ps5 HTTP/1.1[0m" 200 -
[14:32:07] {/usr/local/lib/python3.9/site-packages/werkzeug/_internal.py:113} INFO - 172.17.0.1 - - [18/Feb/2021 14:32:07] "[37mGET /get_ps5 HTTP/1.1[0m" 200 -
[14:32:08] {/usr/local/lib/python3.9/site-packages/werkzeug/_internal.py:113} INFO - 172.17.0.1 - - [18/Feb/2021 14:32:08] "[37mGET /get_ps5 HTTP/1.1[0m" 200 -
[14:32:09] {/usr/local/lib/python3.9/site-packages/werkzeug/_internal.py:113} INFO - 172.17.0.1 - - [18/Feb/2021 14:32:09] "[37mGET /get_ps5 HTTP/1.1[0m" 200 -
[14:32:10] {/usr/local/lib/python3.9/site-packages/werkzeug/_internal.py:113} INFO - 172.17.0.1 - - [18/Feb/2021 14:32:10] "[37mGET /get_ps5 HTTP/1.1[0m" 200 -
[14:32:10] {/usr/local/lib/python3.9/site-packages/werkzeug/_internal.py:113} INFO - 172.17.0.1 - - [18/Feb/2021 14:32:10] "[37mGET /get_ps5 HTTP/1.1[0m" 200 -
[14:32:11] {/usr/local/lib/python3.9/site-packages/werkzeug/_internal.py:113} INFO - 172.17.0.1 - - [18/Feb/2021 14:32:11] "[37mGET /get_ps5 HTTP/1.1[0m" 200 -
[14:32:12] {/usr/local/lib/python3.9/site-packages/werkzeug/_internal.py:113} INFO - 172.17.0.1 - - [18/Feb/2021 14:32:12] "[37mGET /get_ps5 HTTP/1.1[0m" 200 -
[14:32:13] {/usr/local/lib/python3.9/site-packages/werkzeug/_internal.py:113} INFO - 172.17.0.1 - - [18/Feb/2021 14:32:13] "[37mGET /get_ps5 HTTP/1.1[0m" 200 -
[14:32:13] {/usr/local/lib/python3.9/site-packages/werkzeug/_internal.py:113} INFO - 172.17.0.1 - - [18/Feb/2021 14:32:13] "[37mGET /get_ps5 HTTP/1.1[0m" 200 -
[14:32:14] {/usr/local/lib/python3.9/site-packages/werkzeug/_internal.py:113} INFO - 172.17.0.1 - - [18/Feb/2021 14:32:14] "[37mGET /get_ps5 HTTP/1.1[0m" 200 -
[14:32:15] {/usr/local/lib/python3.9/site-packages/werkzeug/_internal.py:113} INFO - 172.17.0.1 - - [18/Feb/2021 14:32:15] "[37mGET /get_ps5 HTTP/1.1[0m" 200 -
[14:32:16] {/usr/local/lib/python3.9/site-packages/werkzeug/_internal.py:113} INFO - 172.17.0.1 - - [18/Feb/2021 14:32:16] "[37mGET /get_ps5 HTTP/1.1[0m" 200 -
[14:32:17] {/usr/local/lib/python3.9/site-packages/werkzeug/_internal.py:113} INFO - 172.17.0.1 - - [18/Feb/2021 14:32:17] "[37mGET /get_ps5 HTTP/1.1[0m" 200 -
[14:32:18] {/usr/local/lib/python3.9/site-packages/werkzeug/_internal.py:113} INFO - 172.17.0.1 - - [18/Feb/2021 14:32:18] "[37mGET /get_ps5 HTTP/1.1[0m" 200 -
[14:32:19] {/usr/local/lib/python3.9/site-packages/werkzeug/_internal.py:113} INFO - 172.17.0.1 - - [18/Feb/2021 14:32:19] "[37mGET /get_ps5 HTTP/1.1[0m" 200 -
[14:32:20] {/usr/local/lib/python3.9/site-packages/werkzeug/_internal.py:113} INFO - 172.17.0.1 - - [18/Feb/2021 14:32:20] "[37mGET /get_ps5 HTTP/1.1[0m" 200 -
[14:32:21] {/usr/local/lib/python3.9/site-packages/werkzeug/_internal.py:113} INFO - 172.17.0.1 - - [18/Feb/2021 14:32:21] "[37mGET /get_ps5 HTTP/1.1[0m" 200 -
[14:32:21] {/usr/local/lib/python3.9/site-packages/werkzeug/_internal.py:113} INFO - 172.17.0.1 - - [18/Feb/2021 14:32:21] "[37mGET /get_ps5 HTTP/1.1[0m" 200 -
[14:32:23] {/usr/local/lib/python3.9/site-packages/werkzeug/_internal.py:113} INFO - 172.17.0.1 - - [18/Feb/2021 14:32:23] "[37mGET /get_ps5 HTTP/1.1[0m" 200 -
[14:32:23] {/usr/local/lib/python3.9/site-packages/werkzeug/_internal.py:113} INFO - 172.17.0.1 - - [18/Feb/2021 14:32:23] "[37mGET /get_ps5 HTTP/1.1[0m" 200 -
[14:32:24] {/usr/local/lib/python3.9/site-packages/werkzeug/_internal.py:113} INFO - 172.17.0.1 - - [18/Feb/2021 14:32:24] "[37mGET /get_ps5 HTTP/1.1[0m" 200 -
[14:32:25] {/usr/local/lib/python3.9/site-packages/werkzeug/_internal.py:113} INFO - 172.17.0.1 - - [18/Feb/2021 14:32:25] "[37mGET /get_ps5 HTTP/1.1[0m" 200 -
[14:32:26] {/usr/local/lib/python3.9/site-packages/werkzeug/_internal.py:113} INFO - 172.17.0.1 - - [18/Feb/2021 14:32:26] "[37mGET /get_ps5 HTTP/1.1[0m" 200 -
[14:32:28] {/usr/local/lib/python3.9/site-packages/werkzeug/_internal.py:113} INFO - 172.17.0.1 - - [18/Feb/2021 14:32:28] "[37mGET /get_ps5 HTTP/1.1[0m" 200 -
[14:32:29] {/usr/local/lib/python3.9/site-packages/werkzeug/_internal.py:113} INFO - 172.17.0.1 - - [18/Feb/2021 14:32:29] "[37mGET /get_ps5 HTTP/1.1[0m" 200 -
[14:32:34] {/usr/local/lib/python3.9/site-packages/werkzeug/_internal.py:113} INFO - 172.17.0.1 - - [18/Feb/2021 14:32:34] "[37mGET /get_ps5 HTTP/1.1[0m" 200 -
[14:32:35] {/usr/local/lib/python3.9/site-packages/werkzeug/_internal.py:113} INFO - 172.17.0.1 - - [18/Feb/2021 14:32:35] "[37mGET /get_ps5 HTTP/1.1[0m" 200 -
[14:32:36] {/usr/local/lib/python3.9/site-packages/werkzeug/_internal.py:113} INFO - 172.17.0.1 - - [18/Feb/2021 14:32:36] "[37mGET /get_ps5 HTTP/1.1[0m" 200 -
[14:32:40] {/usr/local/lib/python3.9/site-packages/werkzeug/_internal.py:113} INFO - 172.17.0.1 - - [18/Feb/2021 14:32:40] "[37mGET /get_ps5 HTTP/1.1[0m" 200 -
[14:32:41] {/usr/local/lib/python3.9/site-packages/werkzeug/_internal.py:113} INFO - 172.17.0.1 - - [18/Feb/2021 14:32:41] "[37mGET /get_ps5 HTTP/1.1[0m" 200 -
[14:32:43] {/usr/local/lib/python3.9/site-packages/werkzeug/_internal.py:113} INFO - 172.17.0.1 - - [18/Feb/2021 14:32:43] "[37mGET /get_ps5 HTTP/1.1[0m" 200 -
[14:32:44] {/usr/local/lib/python3.9/site-packages/werkzeug/_internal.py:113} INFO - 172.17.0.1 - - [18/Feb/2021 14:32:44] "[37mGET /get_ps5 HTTP/1.1[0m" 200 -
[14:32:45] {/usr/local/lib/python3.9/site-packages/werkzeug/_internal.py:113} INFO - 172.17.0.1 - - [18/Feb/2021 14:32:45] "[37mGET /get_ps5 HTTP/1.1[0m" 200 -
[14:32:49] {/usr/local/lib/python3.9/site-packages/werkzeug/_internal.py:113} INFO - 172.17.0.1 - - [18/Feb/2021 14:32:49] "[37mGET /get_ps5 HTTP/1.1[0m" 200 -
[14:32:49] {/usr/local/lib/python3.9/site-packages/werkzeug/_internal.py:113} INFO - 172.17.0.1 - - [18/Feb/2021 14:32:49] "[37mGET /get_ps5 HTTP/1.1[0m" 200 -
[14:32:50] {/usr/local/lib/python3.9/site-packages/werkzeug/_internal.py:113} INFO - 172.17.0.1 - - [18/Feb/2021 14:32:50] "[37mGET /get_ps5 HTTP/1.1[0m" 200 -
[14:32:51] {/usr/local/lib/python3.9/site-packages/werkzeug/_internal.py:113} INFO - 172.17.0.1 - - [18/Feb/2021 14:32:51] "[37mGET /get_ps5 HTTP/1.1[0m" 200 -
[14:32:52] {/usr/local/lib/python3.9/site-packages/werkzeug/_internal.py:113} INFO - 172.17.0.1 - - [18/Feb/2021 14:32:52] "[37mGET /get_ps5 HTTP/1.1[0m" 200 -
[14:32:53] {/usr/local/lib/python3.9/site-packages/werkzeug/_internal.py:113} INFO - 172.17.0.1 - - [18/Feb/2021 14:32:53] "[37mGET /get_ps5 HTTP/1.1[0m" 200 -
[14:32:55] {/usr/local/lib/python3.9/site-packages/werkzeug/_internal.py:113} INFO - 172.17.0.1 - - [18/Feb/2021 14:32:55] "[37mGET /get_ps5 HTTP/1.1[0m" 200 -
[14:32:56] {/usr/local/lib/python3.9/site-packages/werkzeug/_internal.py:113} INFO - 172.17.0.1 - - [18/Feb/2021 14:32:56] "[37mGET /get_ps5 HTTP/1.1[0m" 200 -
[14:32:57] {/usr/local/lib/python3.9/site-packages/werkzeug/_internal.py:113} INFO - 172.17.0.1 - - [18/Feb/2021 14:32:57] "[37mGET /get_ps5 HTTP/1.1[0m" 200 -
[14:32:59] {/usr/local/lib/python3.9/site-packages/werkzeug/_internal.py:113} INFO - 172.17.0.1 - - [18/Feb/2021 14:32:59] "[37mGET /get_ps5 HTTP/1.1[0m" 200 -
[14:33:01] {/usr/local/lib/python3.9/site-packages/werkzeug/_internal.py:113} INFO - 172.17.0.1 - - [18/Feb/2021 14:33:01] "[37mGET /get_ps5 HTTP/1.1[0m" 200 -
[14:33:02] {/usr/local/lib/python3.9/site-packages/werkzeug/_internal.py:113} INFO - 172.17.0.1 - - [18/Feb/2021 14:33:02] "[37mGET /get_ps5 HTTP/1.1[0m" 200 -
[14:33:03] {/usr/local/lib/python3.9/site-packages/werkzeug/_internal.py:113} INFO - 172.17.0.1 - - [18/Feb/2021 14:33:03] "[37mGET /get_ps5 HTTP/1.1[0m" 200 -
[14:33:04] {/usr/local/lib/python3.9/site-packages/werkzeug/_internal.py:113} INFO - 172.17.0.1 - - [18/Feb/2021 14:33:04] "[37mGET /get_ps5 HTTP/1.1[0m" 200 -
[14:33:05] {/usr/local/lib/python3.9/site-packages/werkzeug/_internal.py:113} INFO - 172.17.0.1 - - [18/Feb/2021 14:33:05] "[37mGET /get_ps5 HTTP/1.1[0m" 200 -
[14:33:06] {/usr/local/lib/python3.9/site-packages/werkzeug/_internal.py:113} INFO - 172.17.0.1 - - [18/Feb/2021 14:33:06] "[37mGET /get_ps5 HTTP/1.1[0m" 200 -
[14:33:08] {/usr/local/lib/python3.9/site-packages/werkzeug/_internal.py:113} INFO - 172.17.0.1 - - [18/Feb/2021 14:33:08] "[37mGET /get_ps5 HTTP/1.1[0m" 200 -
[14:33:09] {/usr/local/lib/python3.9/site-packages/werkzeug/_internal.py:113} INFO - 172.17.0.1 - - [18/Feb/2021 14:33:09] "[37mGET /get_ps5 HTTP/1.1[0m" 200 -
[14:33:10] {/usr/local/lib/python3.9/site-packages/werkzeug/_internal.py:113} INFO - 172.17.0.1 - - [18/Feb/2021 14:33:10] "[37mGET /get_ps5 HTTP/1.1[0m" 200 -
[14:33:11] {/usr/local/lib/python3.9/site-packages/werkzeug/_internal.py:113} INFO - 172.17.0.1 - - [18/Feb/2021 14:33:11] "[37mGET /get_ps5 HTTP/1.1[0m" 200 -
[14:33:12] {/usr/local/lib/python3.9/site-packages/werkzeug/_internal.py:113} INFO - 172.17.0.1 - - [18/Feb/2021 14:33:12] "[37mGET /get_ps5 HTTP/1.1[0m" 200 -
[14:33:12] {/usr/local/lib/python3.9/site-packages/werkzeug/_internal.py:113} INFO - 172.17.0.1 - - [18/Feb/2021 14:33:12] "[37mGET /get_ps5 HTTP/1.1[0m" 200 -
[14:33:13] {/usr/local/lib/python3.9/site-packages/werkzeug/_internal.py:113} INFO - 172.17.0.1 - - [18/Feb/2021 14:33:13] "[37mGET /get_ps5 HTTP/1.1[0m" 200 -
[14:33:14] {/usr/local/lib/python3.9/site-packages/werkzeug/_internal.py:113} INFO - 172.17.0.1 - - [18/Feb/2021 14:33:14] "[37mGET /get_ps5 HTTP/1.1[0m" 200 -
[14:33:16] {/usr/local/lib/python3.9/site-packages/werkzeug/_internal.py:113} INFO - 172.17.0.1 - - [18/Feb/2021 14:33:16] "[37mGET /get_ps5 HTTP/1.1[0m" 200 -
[14:33:17] {/usr/local/lib/python3.9/site-packages/werkzeug/_internal.py:113} INFO - 172.17.0.1 - - [18/Feb/2021 14:33:17] "[37mGET /get_ps5 HTTP/1.1[0m" 200 -
[14:33:18] {/usr/local/lib/python3.9/site-packages/werkzeug/_internal.py:113} INFO - 172.17.0.1 - - [18/Feb/2021 14:33:18] "[37mGET /get_ps5 HTTP/1.1[0m" 200 -
[14:33:22] {/usr/local/lib/python3.9/site-packages/werkzeug/_internal.py:113} INFO - 172.17.0.1 - - [18/Feb/2021 14:33:22] "[37mGET /get_ps5 HTTP/1.1[0m" 200 -
[14:33:24] {/usr/local/lib/python3.9/site-packages/werkzeug/_internal.py:113} INFO - 172.17.0.1 - - [18/Feb/2021 14:33:24] "[37mGET /get_ps5 HTTP/1.1[0m" 200 -
[14:33:24] {/usr/local/lib/python3.9/site-packages/werkzeug/_internal.py:113} INFO - 172.17.0.1 - - [18/Feb/2021 14:33:24] "[37mGET /get_ps5 HTTP/1.1[0m" 200 -
[14:33:25] {/usr/local/lib/python3.9/site-packages/werkzeug/_internal.py:113} INFO - 172.17.0.1 - - [18/Feb/2021 14:33:25] "[37mGET /get_ps5 HTTP/1.1[0m" 200 -
[14:33:26] {/usr/local/lib/python3.9/site-packages/werkzeug/_internal.py:113} INFO - 172.17.0.1 - - [18/Feb/2021 14:33:26] "[37mGET /get_ps5 HTTP/1.1[0m" 200 -
[14:33:27] {/usr/local/lib/python3.9/site-packages/werkzeug/_internal.py:113} INFO - 172.17.0.1 - - [18/Feb/2021 14:33:27] "[37mGET /get_ps5 HTTP/1.1[0m" 200 -
[14:33:28] {/usr/local/lib/python3.9/site-packages/werkzeug/_internal.py:113} INFO - 172.17.0.1 - - [18/Feb/2021 14:33:28] "[37mGET /get_ps5 HTTP/1.1[0m" 200 -
[14:33:29] {/usr/local/lib/python3.9/site-packages/werkzeug/_internal.py:113} INFO - 172.17.0.1 - - [18/Feb/2021 14:33:29] "[37mGET /get_ps5 HTTP/1.1[0m" 200 -
[14:33:30] {/usr/local/lib/python3.9/site-packages/werkzeug/_internal.py:113} INFO - 172.17.0.1 - - [18/Feb/2021 14:33:30] "[37mGET /get_ps5 HTTP/1.1[0m" 200 -
[14:33:31] {/usr/local/lib/python3.9/site-packages/werkzeug/_internal.py:113} INFO - 172.17.0.1 - - [18/Feb/2021 14:33:31] "[37mGET /get_ps5 HTTP/1.1[0m" 200 -
[14:33:32] {/usr/local/lib/python3.9/site-packages/werkzeug/_internal.py:113} INFO - 172.17.0.1 - - [18/Feb/2021 14:33:32] "[37mGET /get_ps5 HTTP/1.1[0m" 200 -
[14:33:33] {/usr/local/lib/python3.9/site-packages/werkzeug/_internal.py:113} INFO - 172.17.0.1 - - [18/Feb/2021 14:33:33] "[37mGET /get_ps5 HTTP/1.1[0m" 200 -
[14:33:35] {/usr/local/lib/python3.9/site-packages/werkzeug/_internal.py:113} INFO - 172.17.0.1 - - [18/Feb/2021 14:33:35] "[37mGET /get_ps5 HTTP/1.1[0m" 200 -
[14:33:37] {/usr/local/lib/python3.9/site-packages/werkzeug/_internal.py:113} INFO - 172.17.0.1 - - [18/Feb/2021 14:33:37] "[37mGET /get_ps5 HTTP/1.1[0m" 200 -
[14:33:37] {/usr/local/lib/python3.9/site-packages/werkzeug/_internal.py:113} INFO - 172.17.0.1 - - [18/Feb/2021 14:33:37] "[37mGET /get_ps5 HTTP/1.1[0m" 200 -
[14:33:38] {/usr/local/lib/python3.9/site-packages/werkzeug/_internal.py:113} INFO - 172.17.0.1 - - [18/Feb/2021 14:33:38] "[37mGET /get_ps5 HTTP/1.1[0m" 200 -
[14:33:39] {/usr/local/lib/python3.9/site-packages/werkzeug/_internal.py:113} INFO - 172.17.0.1 - - [18/Feb/2021 14:33:39] "[37mGET /get_ps5 HTTP/1.1[0m" 200 -
[14:33:40] {/usr/local/lib/python3.9/site-packages/werkzeug/_internal.py:113} INFO - 172.17.0.1 - - [18/Feb/2021 14:33:40] "[37mGET /get_ps5 HTTP/1.1[0m" 200 -
[14:33:40] {/usr/local/lib/python3.9/site-packages/werkzeug/_internal.py:113} INFO - 172.17.0.1 - - [18/Feb/2021 14:33:40] "[37mGET /get_ps5 HTTP/1.1[0m" 200 -
[14:33:41] {/usr/local/lib/python3.9/site-packages/werkzeug/_internal.py:113} INFO - 172.17.0.1 - - [18/Feb/2021 14:33:41] "[37mGET /get_ps5 HTTP/1.1[0m" 200 -
[14:33:42] {/usr/local/lib/python3.9/site-packages/werkzeug/_internal.py:113} INFO - 172.17.0.1 - - [18/Feb/2021 14:33:42] "[37mGET /get_ps5 HTTP/1.1[0m" 200 -
[14:33:43] {/usr/local/lib/python3.9/site-packages/werkzeug/_internal.py:113} INFO - 172.17.0.1 - - [18/Feb/2021 14:33:43] "[37mGET /get_ps5 HTTP/1.1[0m" 200 -
[14:33:44] {/usr/local/lib/python3.9/site-packages/werkzeug/_internal.py:113} INFO - 172.17.0.1 - - [18/Feb/2021 14:33:44] "[37mGET /get_ps5 HTTP/1.1[0m" 200 -
[14:33:46] {/usr/local/lib/python3.9/site-packages/werkzeug/_internal.py:113} INFO - 172.17.0.1 - - [18/Feb/2021 14:33:46] "[37mGET /get_ps5 HTTP/1.1[0m" 200 -
[14:33:47] {/usr/local/lib/python3.9/site-packages/werkzeug/_internal.py:113} INFO - 172.17.0.1 - - [18/Feb/2021 14:33:47] "[37mGET /get_ps5 HTTP/1.1[0m" 200 -
[14:33:47] {/usr/local/lib/python3.9/site-packages/werkzeug/_internal.py:113} INFO - 172.17.0.1 - - [18/Feb/2021 14:33:47] "[37mGET /get_ps5 HTTP/1.1[0m" 200 -
[14:33:48] {/usr/local/lib/python3.9/site-packages/werkzeug/_internal.py:113} INFO - 172.17.0.1 - - [18/Feb/2021 14:33:48] "[37mGET /get_ps5 HTTP/1.1[0m" 200 -
[14:33:50] {/usr/local/lib/python3.9/site-packages/werkzeug/_internal.py:113} INFO - 172.17.0.1 - - [18/Feb/2021 14:33:50] "[37mGET /get_ps5 HTTP/1.1[0m" 200 -
[14:33:51] {/usr/local/lib/python3.9/site-packages/werkzeug/_internal.py:113} INFO - 172.17.0.1 - - [18/Feb/2021 14:33:51] "[37mGET /get_ps5 HTTP/1.1[0m" 200 -
[14:33:52] {/usr/local/lib/python3.9/site-packages/werkzeug/_internal.py:113} INFO - 172.17.0.1 - - [18/Feb/2021 14:33:52] "[37mGET /get_ps5 HTTP/1.1[0m" 200 -
[14:33:53] {/usr/local/lib/python3.9/site-packages/werkzeug/_internal.py:113} INFO - 172.17.0.1 - - [18/Feb/2021 14:33:53] "[37mGET /get_ps5 HTTP/1.1[0m" 200 -
[14:33:53] {/usr/local/lib/python3.9/site-packages/werkzeug/_internal.py:113} INFO - 172.17.0.1 - - [18/Feb/2021 14:33:53] "[37mGET /get_ps5 HTTP/1.1[0m" 200 -
[14:33:54] {/usr/local/lib/python3.9/site-packages/werkzeug/_internal.py:113} INFO - 172.17.0.1 - - [18/Feb/2021 14:33:54] "[37mGET /get_ps5 HTTP/1.1[0m" 200 -
[14:33:55] {/usr/local/lib/python3.9/site-packages/werkzeug/_internal.py:113} INFO - 172.17.0.1 - - [18/Feb/2021 14:33:55] "[37mGET /get_ps5 HTTP/1.1[0m" 200 -
[14:33:56] {/usr/local/lib/python3.9/site-packages/werkzeug/_internal.py:113} INFO - 172.17.0.1 - - [18/Feb/2021 14:33:56] "[37mGET /get_ps5 HTTP/1.1[0m" 200 -
[14:33:57] {/usr/local/lib/python3.9/site-packages/werkzeug/_internal.py:113} INFO - 172.17.0.1 - - [18/Feb/2021 14:33:57] "[37mGET /get_ps5 HTTP/1.1[0m" 200 -
[14:33:58] {/usr/local/lib/python3.9/site-packages/werkzeug/_internal.py:113} INFO - 172.17.0.1 - - [18/Feb/2021 14:33:58] "[37mGET /get_ps5 HTTP/1.1[0m" 200 -
[14:33:58] {/usr/local/lib/python3.9/site-packages/werkzeug/_internal.py:113} INFO - 172.17.0.1 - - [18/Feb/2021 14:33:58] "[37mGET /get_ps5 HTTP/1.1[0m" 200 -
[14:33:59] {/usr/local/lib/python3.9/site-packages/werkzeug/_internal.py:113} INFO - 172.17.0.1 - - [18/Feb/2021 14:33:59] "[37mGET /get_ps5 HTTP/1.1[0m" 200 -
[14:34:00] {/usr/local/lib/python3.9/site-packages/werkzeug/_internal.py:113} INFO - 172.17.0.1 - - [18/Feb/2021 14:34:00] "[37mGET /get_ps5 HTTP/1.1[0m" 200 -
[14:34:01] {/usr/local/lib/python3.9/site-packages/werkzeug/_internal.py:113} INFO - 172.17.0.1 - - [18/Feb/2021 14:34:01] "[37mGET /get_ps5 HTTP/1.1[0m" 200 -
[14:34:02] {/usr/local/lib/python3.9/site-packages/werkzeug/_internal.py:113} INFO - 172.17.0.1 - - [18/Feb/2021 14:34:02] "[37mGET /get_ps5 HTTP/1.1[0m" 200 -
[14:34:03] {/usr/local/lib/python3.9/site-packages/werkzeug/_internal.py:113} INFO - 172.17.0.1 - - [18/Feb/2021 14:34:03] "[37mGET /get_ps5 HTTP/1.1[0m" 200 -
[14:34:04] {/usr/local/lib/python3.9/site-packages/werkzeug/_internal.py:113} INFO - 172.17.0.1 - - [18/Feb/2021 14:34:04] "[37mGET /get_ps5 HTTP/1.1[0m" 200 -
[14:34:05] {/usr/local/lib/python3.9/site-packages/werkzeug/_internal.py:113} INFO - 172.17.0.1 - - [18/Feb/2021 14:34:05] "[37mGET /get_ps5 HTTP/1.1[0m" 200 -
[14:34:06] {/usr/local/lib/python3.9/site-packages/werkzeug/_internal.py:113} INFO - 172.17.0.1 - - [18/Feb/2021 14:34:06] "[37mGET /get_ps5 HTTP/1.1[0m" 200 -
[14:34:07] {/usr/local/lib/python3.9/site-packages/werkzeug/_internal.py:113} INFO - 172.17.0.1 - - [18/Feb/2021 14:34:07] "[37mGET /get_ps5 HTTP/1.1[0m" 200 -
[14:34:07] {/usr/local/lib/python3.9/site-packages/werkzeug/_internal.py:113} INFO - 172.17.0.1 - - [18/Feb/2021 14:34:07] "[37mGET /get_ps5 HTTP/1.1[0m" 200 -
[14:34:09] {/usr/local/lib/python3.9/site-packages/werkzeug/_internal.py:113} INFO - 172.17.0.1 - - [18/Feb/2021 14:34:09] "[37mGET /get_ps5 HTTP/1.1[0m" 200 -
[14:34:10] {/usr/local/lib/python3.9/site-packages/werkzeug/_internal.py:113} INFO - 172.17.0.1 - - [18/Feb/2021 14:34:10] "[37mGET /get_ps5 HTTP/1.1[0m" 200 -
[14:34:11] {/usr/local/lib/python3.9/site-packages/werkzeug/_internal.py:113} INFO - 172.17.0.1 - - [18/Feb/2021 14:34:11] "[37mGET /get_ps5 HTTP/1.1[0m" 200 -
[14:34:12] {/usr/local/lib/python3.9/site-packages/werkzeug/_internal.py:113} INFO - 172.17.0.1 - - [18/Feb/2021 14:34:12] "[37mGET /get_ps5 HTTP/1.1[0m" 200 -
[14:34:14] {/usr/local/lib/python3.9/site-packages/werkzeug/_internal.py:113} INFO - 172.17.0.1 - - [18/Feb/2021 14:34:14] "[37mGET /get_ps5 HTTP/1.1[0m" 200 -
[14:34:14] {/usr/local/lib/python3.9/site-packages/werkzeug/_internal.py:113} INFO - 172.17.0.1 - - [18/Feb/2021 14:34:14] "[37mGET /get_ps5 HTTP/1.1[0m" 200 -
[14:34:16] {/usr/local/lib/python3.9/site-packages/werkzeug/_internal.py:113} INFO - 172.17.0.1 - - [18/Feb/2021 14:34:16] "[37mGET /get_ps5 HTTP/1.1[0m" 200 -
[14:34:17] {/usr/local/lib/python3.9/site-packages/werkzeug/_internal.py:113} INFO - 172.17.0.1 - - [18/Feb/2021 14:34:17] "[37mGET /get_ps5 HTTP/1.1[0m" 200 -
[14:34:18] {/usr/local/lib/python3.9/site-packages/werkzeug/_internal.py:113} INFO - 172.17.0.1 - - [18/Feb/2021 14:34:18] "[37mGET /get_ps5 HTTP/1.1[0m" 200 -
[14:34:19] {/usr/local/lib/python3.9/site-packages/werkzeug/_internal.py:113} INFO - 172.17.0.1 - - [18/Feb/2021 14:34:19] "[37mGET /get_ps5 HTTP/1.1[0m" 200 -
[14:34:20] {/usr/local/lib/python3.9/site-packages/werkzeug/_internal.py:113} INFO - 172.17.0.1 - - [18/Feb/2021 14:34:20] "[37mGET /get_ps5 HTTP/1.1[0m" 200 -
[14:34:20] {/usr/local/lib/python3.9/site-packages/werkzeug/_internal.py:113} INFO - 172.17.0.1 - - [18/Feb/2021 14:34:20] "[37mGET /get_ps5 HTTP/1.1[0m" 200 -
[14:34:21] {/usr/local/lib/python3.9/site-packages/werkzeug/_internal.py:113} INFO - 172.17.0.1 - - [18/Feb/2021 14:34:21] "[37mGET /get_ps5 HTTP/1.1[0m" 200 -
[14:34:23] {/usr/local/lib/python3.9/site-packages/werkzeug/_internal.py:113} INFO - 172.17.0.1 - - [18/Feb/2021 14:34:23] "[37mGET /get_ps5 HTTP/1.1[0m" 200 -
[14:34:24] {/usr/local/lib/python3.9/site-packages/werkzeug/_internal.py:113} INFO - 172.17.0.1 - - [18/Feb/2021 14:34:24] "[37mGET /get_ps5 HTTP/1.1[0m" 200 -
[14:34:28] {/usr/local/lib/python3.9/site-packages/werkzeug/_internal.py:113} INFO - 172.17.0.1 - - [18/Feb/2021 14:34:28] "[37mGET /get_ps5 HTTP/1.1[0m" 200 -
[14:34:28] {/usr/local/lib/python3.9/site-packages/werkzeug/_internal.py:113} INFO - 172.17.0.1 - - [18/Feb/2021 14:34:28] "[37mGET /get_ps5 HTTP/1.1[0m" 200 -
[14:34:29] {/usr/local/lib/python3.9/site-packages/werkzeug/_internal.py:113} INFO - 172.17.0.1 - - [18/Feb/2021 14:34:29] "[37mGET /get_ps5 HTTP/1.1[0m" 200 -
[14:34:30] {/usr/local/lib/python3.9/site-packages/werkzeug/_internal.py:113} INFO - 172.17.0.1 - - [18/Feb/2021 14:34:30] "[37mGET /get_ps5 HTTP/1.1[0m" 200 -
[14:34:31] {/usr/local/lib/python3.9/site-packages/werkzeug/_internal.py:113} INFO - 172.17.0.1 - - [18/Feb/2021 14:34:31] "[37mGET /get_ps5 HTTP/1.1[0m" 200 -
[14:34:32] {/usr/local/lib/python3.9/site-packages/werkzeug/_internal.py:113} INFO - 172.17.0.1 - - [18/Feb/2021 14:34:32] "[37mGET /get_ps5 HTTP/1.1[0m" 200 -
[14:34:32] {/usr/local/lib/python3.9/site-packages/werkzeug/_internal.py:113} INFO - 172.17.0.1 - - [18/Feb/2021 14:34:32] "[37mGET /get_ps5 HTTP/1.1[0m" 200 -
[14:34:35] {/usr/local/lib/python3.9/site-packages/werkzeug/_internal.py:113} INFO - 172.17.0.1 - - [18/Feb/2021 14:34:35] "[37mGET /get_ps5 HTTP/1.1[0m" 200 -
[14:34:40] {/usr/local/lib/python3.9/site-packages/werkzeug/_internal.py:113} INFO - 172.17.0.1 - - [18/Feb/2021 14:34:40] "[37mGET /get_ps5 HTTP/1.1[0m" 200 -
[14:34:42] {/usr/local/lib/python3.9/site-packages/werkzeug/_internal.py:113} INFO - 172.17.0.1 - - [18/Feb/2021 14:34:42] "[37mGET /get_ps5 HTTP/1.1[0m" 200 -
[14:34:46] {/usr/local/lib/python3.9/site-packages/werkzeug/_internal.py:113} INFO - 172.17.0.1 - - [18/Feb/2021 14:34:46] "[37mGET /get_ps5 HTTP/1.1[0m" 200 -
[14:34:47] {/usr/local/lib/python3.9/site-packages/werkzeug/_internal.py:113} INFO - 172.17.0.1 - - [18/Feb/2021 14:34:47] "[37mGET /get_ps5 HTTP/1.1[0m" 200 -
[14:34:48] {/usr/local/lib/python3.9/site-packages/werkzeug/_internal.py:113} INFO - 172.17.0.1 - - [18/Feb/2021 14:34:48] "[37mGET /get_ps5 HTTP/1.1[0m" 200 -
[14:34:48] {/usr/local/lib/python3.9/site-packages/werkzeug/_internal.py:113} INFO - 172.17.0.1 - - [18/Feb/2021 14:34:48] "[37mGET /get_ps5 HTTP/1.1[0m" 200 -
[14:34:49] {/usr/local/lib/python3.9/site-packages/werkzeug/_internal.py:113} INFO - 172.17.0.1 - - [18/Feb/2021 14:34:49] "[37mGET /get_ps5 HTTP/1.1[0m" 200 -
[14:34:50] {/usr/local/lib/python3.9/site-packages/werkzeug/_internal.py:113} INFO - 172.17.0.1 - - [18/Feb/2021 14:34:50] "[37mGET /get_ps5 HTTP/1.1[0m" 200 -
[14:34:51] {/usr/local/lib/python3.9/site-packages/werkzeug/_internal.py:113} INFO - 172.17.0.1 - - [18/Feb/2021 14:34:51] "[37mGET /get_ps5 HTTP/1.1[0m" 200 -
[14:34:52] {/usr/local/lib/python3.9/site-packages/werkzeug/_internal.py:113} INFO - 172.17.0.1 - - [18/Feb/2021 14:34:52] "[37mGET /get_ps5 HTTP/1.1[0m" 200 -
[14:34:53] {/usr/local/lib/python3.9/site-packages/werkzeug/_internal.py:113} INFO - 172.17.0.1 - - [18/Feb/2021 14:34:53] "[37mGET /get_ps5 HTTP/1.1[0m" 200 -
[14:34:57] {/usr/local/lib/python3.9/site-packages/werkzeug/_internal.py:113} INFO - 172.17.0.1 - - [18/Feb/2021 14:34:57] "[37mGET /get_ps5 HTTP/1.1[0m" 200 -
[14:34:57] {/usr/local/lib/python3.9/site-packages/werkzeug/_internal.py:113} INFO - 172.17.0.1 - - [18/Feb/2021 14:34:57] "[37mGET /get_ps5 HTTP/1.1[0m" 200 -
[14:34:58] {/usr/local/lib/python3.9/site-packages/werkzeug/_internal.py:113} INFO - 172.17.0.1 - - [18/Feb/2021 14:34:58] "[37mGET /get_ps5 HTTP/1.1[0m" 200 -
[14:35:00] {/usr/local/lib/python3.9/site-packages/werkzeug/_internal.py:113} INFO - 172.17.0.1 - - [18/Feb/2021 14:35:00] "[37mGET /get_ps5 HTTP/1.1[0m" 200 -
[14:35:01] {/usr/local/lib/python3.9/site-packages/werkzeug/_internal.py:113} INFO - 172.17.0.1 - - [18/Feb/2021 14:35:01] "[37mGET /get_ps5 HTTP/1.1[0m" 200 -
[14:35:02] {/usr/local/lib/python3.9/site-packages/werkzeug/_internal.py:113} INFO - 172.17.0.1 - - [18/Feb/2021 14:35:02] "[37mGET /get_ps5 HTTP/1.1[0m" 200 -
[14:35:03] {/usr/local/lib/python3.9/site-packages/werkzeug/_internal.py:113} INFO - 172.17.0.1 - - [18/Feb/2021 14:35:03] "[37mGET /get_ps5 HTTP/1.1[0m" 200 -
[14:35:04] {/usr/local/lib/python3.9/site-packages/werkzeug/_internal.py:113} INFO - 172.17.0.1 - - [18/Feb/2021 14:35:04] "[37mGET /get_ps5 HTTP/1.1[0m" 200 -
[14:35:04] {/usr/local/lib/python3.9/site-packages/werkzeug/_internal.py:113} INFO - 172.17.0.1 - - [18/Feb/2021 14:35:04] "[37mGET /get_ps5 HTTP/1.1[0m" 200 -
[14:35:09] {/usr/local/lib/python3.9/site-packages/werkzeug/_internal.py:113} INFO - 172.17.0.1 - - [18/Feb/2021 14:35:09] "[37mGET /get_ps5 HTTP/1.1[0m" 200 -
[14:35:09] {/usr/local/lib/python3.9/site-packages/werkzeug/_internal.py:113} INFO - 172.17.0.1 - - [18/Feb/2021 14:35:09] "[37mGET /get_ps5 HTTP/1.1[0m" 200 -
[14:35:10] {/usr/local/lib/python3.9/site-packages/werkzeug/_internal.py:113} INFO - 172.17.0.1 - - [18/Feb/2021 14:35:10] "[37mGET /get_ps5 HTTP/1.1[0m" 200 -
[14:35:11] {/usr/local/lib/python3.9/site-packages/werkzeug/_internal.py:113} INFO - 172.17.0.1 - - [18/Feb/2021 14:35:11] "[37mGET /get_ps5 HTTP/1.1[0m" 200 -
[14:35:12] {/usr/local/lib/python3.9/site-packages/werkzeug/_internal.py:113} INFO - 172.17.0.1 - - [18/Feb/2021 14:35:12] "[37mGET /get_ps5 HTTP/1.1[0m" 200 -
[14:35:16] {/usr/local/lib/python3.9/site-packages/werkzeug/_internal.py:113} INFO - 172.17.0.1 - - [18/Feb/2021 14:35:16] "[37mGET /get_ps5 HTTP/1.1[0m" 200 -
[14:35:17] {/usr/local/lib/python3.9/site-packages/werkzeug/_internal.py:113} INFO - 172.17.0.1 - - [18/Feb/2021 14:35:17] "[37mGET /get_ps5 HTTP/1.1[0m" 200 -
[14:35:18] {/usr/local/lib/python3.9/site-packages/werkzeug/_internal.py:113} INFO - 172.17.0.1 - - [18/Feb/2021 14:35:18] "[37mGET /get_ps5 HTTP/1.1[0m" 200 -
[14:35:18] {/usr/local/lib/python3.9/site-packages/werkzeug/_internal.py:113} INFO - 172.17.0.1 - - [18/Feb/2021 14:35:18] "[37mGET /get_ps5 HTTP/1.1[0m" 200 -
[14:35:19] {/usr/local/lib/python3.9/site-packages/werkzeug/_internal.py:113} INFO - 172.17.0.1 - - [18/Feb/2021 14:35:19] "[37mGET /get_ps5 HTTP/1.1[0m" 200 -
[14:35:20] {/usr/local/lib/python3.9/site-packages/werkzeug/_internal.py:113} INFO - 172.17.0.1 - - [18/Feb/2021 14:35:20] "[37mGET /get_ps5 HTTP/1.1[0m" 200 -
[14:35:21] {/usr/local/lib/python3.9/site-packages/werkzeug/_internal.py:113} INFO - 172.17.0.1 - - [18/Feb/2021 14:35:21] "[37mGET /get_ps5 HTTP/1.1[0m" 200 -
[14:35:22] {/usr/local/lib/python3.9/site-packages/werkzeug/_internal.py:113} INFO - 172.17.0.1 - - [18/Feb/2021 14:35:22] "[37mGET /get_ps5 HTTP/1.1[0m" 200 -
[14:35:23] {/usr/local/lib/python3.9/site-packages/werkzeug/_internal.py:113} INFO - 172.17.0.1 - - [18/Feb/2021 14:35:23] "[37mGET /get_ps5 HTTP/1.1[0m" 200 -
[14:35:24] {/usr/local/lib/python3.9/site-packages/werkzeug/_internal.py:113} INFO - 172.17.0.1 - - [18/Feb/2021 14:35:24] "[37mGET /get_ps5 HTTP/1.1[0m" 200 -
[14:35:25] {/usr/local/lib/python3.9/site-packages/werkzeug/_internal.py:113} INFO - 172.17.0.1 - - [18/Feb/2021 14:35:25] "[37mGET /get_ps5 HTTP/1.1[0m" 200 -
[14:35:25] {/usr/local/lib/python3.9/site-packages/werkzeug/_internal.py:113} INFO - 172.17.0.1 - - [18/Feb/2021 14:35:25] "[37mGET /get_ps5 HTTP/1.1[0m" 200 -
[14:35:26] {/usr/local/lib/python3.9/site-packages/werkzeug/_internal.py:113} INFO - 172.17.0.1 - - [18/Feb/2021 14:35:26] "[37mGET /get_ps5 HTTP/1.1[0m" 200 -
[14:35:27] {/usr/local/lib/python3.9/site-packages/werkzeug/_internal.py:113} INFO - 172.17.0.1 - - [18/Feb/2021 14:35:27] "[37mGET /get_ps5 HTTP/1.1[0m" 200 -
[14:35:28] {/usr/local/lib/python3.9/site-packages/werkzeug/_internal.py:113} INFO - 172.17.0.1 - - [18/Feb/2021 14:35:28] "[37mGET /get_ps5 HTTP/1.1[0m" 200 -
[14:35:29] {/usr/local/lib/python3.9/site-packages/werkzeug/_internal.py:113} INFO - 172.17.0.1 - - [18/Feb/2021 14:35:29] "[37mGET /get_ps5 HTTP/1.1[0m" 200 -
[14:35:31] {/usr/local/lib/python3.9/site-packages/werkzeug/_internal.py:113} INFO - 172.17.0.1 - - [18/Feb/2021 14:35:31] "[37mGET /get_ps5 HTTP/1.1[0m" 200 -
[14:35:33] {/usr/local/lib/python3.9/site-packages/werkzeug/_internal.py:113} INFO - 172.17.0.1 - - [18/Feb/2021 14:35:33] "[37mGET /get_ps5 HTTP/1.1[0m" 200 -
[14:35:34] {/usr/local/lib/python3.9/site-packages/werkzeug/_internal.py:113} INFO - 172.17.0.1 - - [18/Feb/2021 14:35:34] "[37mGET /get_ps5 HTTP/1.1[0m" 200 -
[14:35:35] {/usr/local/lib/python3.9/site-packages/werkzeug/_internal.py:113} INFO - 172.17.0.1 - - [18/Feb/2021 14:35:35] "[37mGET /get_ps5 HTTP/1.1[0m" 200 -
[14:35:36] {/usr/local/lib/python3.9/site-packages/werkzeug/_internal.py:113} INFO - 172.17.0.1 - - [18/Feb/2021 14:35:36] "[37mGET /get_ps5 HTTP/1.1[0m" 200 -
[14:35:37] {/usr/local/lib/python3.9/site-packages/werkzeug/_internal.py:113} INFO - 172.17.0.1 - - [18/Feb/2021 14:35:37] "[37mGET /get_ps5 HTTP/1.1[0m" 200 -
[14:35:39] {/usr/local/lib/python3.9/site-packages/werkzeug/_internal.py:113} INFO - 172.17.0.1 - - [18/Feb/2021 14:35:39] "[37mGET /get_ps5 HTTP/1.1[0m" 200 -
[14:35:40] {/usr/local/lib/python3.9/site-packages/werkzeug/_internal.py:113} INFO - 172.17.0.1 - - [18/Feb/2021 14:35:40] "[37mGET /get_ps5 HTTP/1.1[0m" 200 -
[14:35:40] {/usr/local/lib/python3.9/site-packages/werkzeug/_internal.py:113} INFO - 172.17.0.1 - - [18/Feb/2021 14:35:40] "[37mGET /get_ps5 HTTP/1.1[0m" 200 -
[14:35:41] {/usr/local/lib/python3.9/site-packages/werkzeug/_internal.py:113} INFO - 172.17.0.1 - - [18/Feb/2021 14:35:41] "[37mGET /get_ps5 HTTP/1.1[0m" 200 -
[14:35:42] {/usr/local/lib/python3.9/site-packages/werkzeug/_internal.py:113} INFO - 172.17.0.1 - - [18/Feb/2021 14:35:42] "[37mGET /get_ps5 HTTP/1.1[0m" 200 -
[14:35:43] {/usr/local/lib/python3.9/site-packages/werkzeug/_internal.py:113} INFO - 172.17.0.1 - - [18/Feb/2021 14:35:43] "[37mGET /get_ps5 HTTP/1.1[0m" 200 -
[14:35:44] {/usr/local/lib/python3.9/site-packages/werkzeug/_internal.py:113} INFO - 172.17.0.1 - - [18/Feb/2021 14:35:44] "[37mGET /get_ps5 HTTP/1.1[0m" 200 -
[14:35:45] {/usr/local/lib/python3.9/site-packages/werkzeug/_internal.py:113} INFO - 172.17.0.1 - - [18/Feb/2021 14:35:45] "[37mGET /get_ps5 HTTP/1.1[0m" 200 -
[14:35:46] {/usr/local/lib/python3.9/site-packages/werkzeug/_internal.py:113} INFO - 172.17.0.1 - - [18/Feb/2021 14:35:46] "[37mGET /get_ps5 HTTP/1.1[0m" 200 -
[14:35:46] {/usr/local/lib/python3.9/site-packages/werkzeug/_internal.py:113} INFO - 172.17.0.1 - - [18/Feb/2021 14:35:46] "[37mGET /get_ps5 HTTP/1.1[0m" 200 -
[14:35:47] {/usr/local/lib/python3.9/site-packages/werkzeug/_internal.py:113} INFO - 172.17.0.1 - - [18/Feb/2021 14:35:47] "[37mGET /get_ps5 HTTP/1.1[0m" 200 -
[14:35:48] {/usr/local/lib/python3.9/site-packages/werkzeug/_internal.py:113} INFO - 172.17.0.1 - - [18/Feb/2021 14:35:48] "[37mGET /get_ps5 HTTP/1.1[0m" 200 -
[14:35:49] {/usr/local/lib/python3.9/site-packages/werkzeug/_internal.py:113} INFO - 172.17.0.1 - - [18/Feb/2021 14:35:49] "[37mGET /get_ps5 HTTP/1.1[0m" 200 -
[14:35:50] {/usr/local/lib/python3.9/site-packages/werkzeug/_internal.py:113} INFO - 172.17.0.1 - - [18/Feb/2021 14:35:50] "[37mGET /get_ps5 HTTP/1.1[0m" 200 -
[14:35:51] {/usr/local/lib/python3.9/site-packages/werkzeug/_internal.py:113} INFO - 172.17.0.1 - - [18/Feb/2021 14:35:51] "[37mGET /get_ps5 HTTP/1.1[0m" 200 -
[14:35:52] {/usr/local/lib/python3.9/site-packages/werkzeug/_internal.py:113} INFO - 172.17.0.1 - - [18/Feb/2021 14:35:52] "[37mGET /get_ps5 HTTP/1.1[0m" 200 -
[14:35:53] {/usr/local/lib/python3.9/site-packages/werkzeug/_internal.py:113} INFO - 172.17.0.1 - - [18/Feb/2021 14:35:53] "[37mGET /get_ps5 HTTP/1.1[0m" 200 -
[14:35:54] {/usr/local/lib/python3.9/site-packages/werkzeug/_internal.py:113} INFO - 172.17.0.1 - - [18/Feb/2021 14:35:54] "[37mGET /get_ps5 HTTP/1.1[0m" 200 -
[14:35:54] {/usr/local/lib/python3.9/site-packages/werkzeug/_internal.py:113} INFO - 172.17.0.1 - - [18/Feb/2021 14:35:54] "[37mGET /get_ps5 HTTP/1.1[0m" 200 -
[14:35:55] {/usr/local/lib/python3.9/site-packages/werkzeug/_internal.py:113} INFO - 172.17.0.1 - - [18/Feb/2021 14:35:55] "[37mGET /get_ps5 HTTP/1.1[0m" 200 -
[14:35:56] {/usr/local/lib/python3.9/site-packages/werkzeug/_internal.py:113} INFO - 172.17.0.1 - - [18/Feb/2021 14:35:56] "[37mGET /get_ps5 HTTP/1.1[0m" 200 -
[14:35:57] {/usr/local/lib/python3.9/site-packages/werkzeug/_internal.py:113} INFO - 172.17.0.1 - - [18/Feb/2021 14:35:57] "[37mGET /get_ps5 HTTP/1.1[0m" 200 -
[14:35:58] {/usr/local/lib/python3.9/site-packages/werkzeug/_internal.py:113} INFO - 172.17.0.1 - - [18/Feb/2021 14:35:58] "[37mGET /get_ps5 HTTP/1.1[0m" 200 -
[14:35:58] {/usr/local/lib/python3.9/site-packages/werkzeug/_internal.py:113} INFO - 172.17.0.1 - - [18/Feb/2021 14:35:58] "[37mGET /get_ps5 HTTP/1.1[0m" 200 -
[14:35:59] {/usr/local/lib/python3.9/site-packages/werkzeug/_internal.py:113} INFO - 172.17.0.1 - - [18/Feb/2021 14:35:59] "[37mGET /get_ps5 HTTP/1.1[0m" 200 -
[14:36:00] {/usr/local/lib/python3.9/site-packages/werkzeug/_internal.py:113} INFO - 172.17.0.1 - - [18/Feb/2021 14:36:00] "[37mGET /get_ps5 HTTP/1.1[0m" 200 -
[14:36:01] {/usr/local/lib/python3.9/site-packages/werkzeug/_internal.py:113} INFO - 172.17.0.1 - - [18/Feb/2021 14:36:01] "[37mGET /get_ps5 HTTP/1.1[0m" 200 -
[14:36:02] {/usr/local/lib/python3.9/site-packages/werkzeug/_internal.py:113} INFO - 172.17.0.1 - - [18/Feb/2021 14:36:02] "[37mGET /get_ps5 HTTP/1.1[0m" 200 -
[14:36:03] {/usr/local/lib/python3.9/site-packages/werkzeug/_internal.py:113} INFO - 172.17.0.1 - - [18/Feb/2021 14:36:03] "[37mGET /get_ps5 HTTP/1.1[0m" 200 -
[14:36:03] {/usr/local/lib/python3.9/site-packages/werkzeug/_internal.py:113} INFO - 172.17.0.1 - - [18/Feb/2021 14:36:03] "[37mGET /get_ps5 HTTP/1.1[0m" 200 -
[14:36:06] {/usr/local/lib/python3.9/site-packages/werkzeug/_internal.py:113} INFO - 172.17.0.1 - - [18/Feb/2021 14:36:06] "[37mGET /get_ps5 HTTP/1.1[0m" 200 -
[14:36:07] {/usr/local/lib/python3.9/site-packages/werkzeug/_internal.py:113} INFO - 172.17.0.1 - - [18/Feb/2021 14:36:07] "[37mGET /get_ps5 HTTP/1.1[0m" 200 -
[14:36:09] {/usr/local/lib/python3.9/site-packages/werkzeug/_internal.py:113} INFO - 172.17.0.1 - - [18/Feb/2021 14:36:09] "[37mGET /get_ps5 HTTP/1.1[0m" 200 -
[14:36:10] {/usr/local/lib/python3.9/site-packages/werkzeug/_internal.py:113} INFO - 172.17.0.1 - - [18/Feb/2021 14:36:10] "[37mGET /get_ps5 HTTP/1.1[0m" 200 -
[14:36:11] {/usr/local/lib/python3.9/site-packages/werkzeug/_internal.py:113} INFO - 172.17.0.1 - - [18/Feb/2021 14:36:11] "[37mGET /get_ps5 HTTP/1.1[0m" 200 -
[14:36:12] {/usr/local/lib/python3.9/site-packages/werkzeug/_internal.py:113} INFO - 172.17.0.1 - - [18/Feb/2021 14:36:12] "[37mGET /get_ps5 HTTP/1.1[0m" 200 -
[14:36:14] {/usr/local/lib/python3.9/site-packages/werkzeug/_internal.py:113} INFO - 172.17.0.1 - - [18/Feb/2021 14:36:14] "[37mGET /get_ps5 HTTP/1.1[0m" 200 -
[14:36:15] {/usr/local/lib/python3.9/site-packages/werkzeug/_internal.py:113} INFO - 172.17.0.1 - - [18/Feb/2021 14:36:15] "[37mGET /get_ps5 HTTP/1.1[0m" 200 -
[14:36:16] {/usr/local/lib/python3.9/site-packages/werkzeug/_internal.py:113} INFO - 172.17.0.1 - - [18/Feb/2021 14:36:16] "[37mGET /get_ps5 HTTP/1.1[0m" 200 -
[14:36:17] {/usr/local/lib/python3.9/site-packages/werkzeug/_internal.py:113} INFO - 172.17.0.1 - - [18/Feb/2021 14:36:17] "[37mGET /get_ps5 HTTP/1.1[0m" 200 -
[14:36:18] {/usr/local/lib/python3.9/site-packages/werkzeug/_internal.py:113} INFO - 172.17.0.1 - - [18/Feb/2021 14:36:18] "[37mGET /get_ps5 HTTP/1.1[0m" 200 -
[14:36:19] {/usr/local/lib/python3.9/site-packages/werkzeug/_internal.py:113} INFO - 172.17.0.1 - - [18/Feb/2021 14:36:19] "[37mGET /get_ps5 HTTP/1.1[0m" 200 -
[14:36:19] {/usr/local/lib/python3.9/site-packages/werkzeug/_internal.py:113} INFO - 172.17.0.1 - - [18/Feb/2021 14:36:19] "[37mGET /get_ps5 HTTP/1.1[0m" 200 -
[14:36:23] {/usr/local/lib/python3.9/site-packages/werkzeug/_internal.py:113} INFO - 172.17.0.1 - - [18/Feb/2021 14:36:23] "[37mGET /get_ps5 HTTP/1.1[0m" 200 -
[14:36:24] {/usr/local/lib/python3.9/site-packages/werkzeug/_internal.py:113} INFO - 172.17.0.1 - - [18/Feb/2021 14:36:24] "[37mGET /get_ps5 HTTP/1.1[0m" 200 -
[14:36:25] {/usr/local/lib/python3.9/site-packages/werkzeug/_internal.py:113} INFO - 172.17.0.1 - - [18/Feb/2021 14:36:25] "[37mGET /get_ps5 HTTP/1.1[0m" 200 -
[14:36:26] {/usr/local/lib/python3.9/site-packages/werkzeug/_internal.py:113} INFO - 172.17.0.1 - - [18/Feb/2021 14:36:26] "[37mGET /get_ps5 HTTP/1.1[0m" 200 -
[14:36:27] {/usr/local/lib/python3.9/site-packages/werkzeug/_internal.py:113} INFO - 172.17.0.1 - - [18/Feb/2021 14:36:27] "[37mGET /get_ps5 HTTP/1.1[0m" 200 -
[14:36:27] {/usr/local/lib/python3.9/site-packages/werkzeug/_internal.py:113} INFO - 172.17.0.1 - - [18/Feb/2021 14:36:27] "[37mGET /get_ps5 HTTP/1.1[0m" 200 -
[14:36:28] {/usr/local/lib/python3.9/site-packages/werkzeug/_internal.py:113} INFO - 172.17.0.1 - - [18/Feb/2021 14:36:28] "[37mGET /get_ps5 HTTP/1.1[0m" 200 -
[14:36:29] {/usr/local/lib/python3.9/site-packages/werkzeug/_internal.py:113} INFO - 172.17.0.1 - - [18/Feb/2021 14:36:29] "[37mGET /get_ps5 HTTP/1.1[0m" 200 -
[14:36:30] {/usr/local/lib/python3.9/site-packages/werkzeug/_internal.py:113} INFO - 172.17.0.1 - - [18/Feb/2021 14:36:30] "[37mGET /get_ps5 HTTP/1.1[0m" 200 -
[14:36:31] {/usr/local/lib/python3.9/site-packages/werkzeug/_internal.py:113} INFO - 172.17.0.1 - - [18/Feb/2021 14:36:31] "[37mGET /get_ps5 HTTP/1.1[0m" 200 -
[14:36:31] {/usr/local/lib/python3.9/site-packages/werkzeug/_internal.py:113} INFO - 172.17.0.1 - - [18/Feb/2021 14:36:31] "[37mGET /get_ps5 HTTP/1.1[0m" 200 -
[14:36:32] {/usr/local/lib/python3.9/site-packages/werkzeug/_internal.py:113} INFO - 172.17.0.1 - - [18/Feb/2021 14:36:32] "[37mGET /get_ps5 HTTP/1.1[0m" 200 -
[14:36:33] {/usr/local/lib/python3.9/site-packages/werkzeug/_internal.py:113} INFO - 172.17.0.1 - - [18/Feb/2021 14:36:33] "[37mGET /get_ps5 HTTP/1.1[0m" 200 -
[14:36:34] {/usr/local/lib/python3.9/site-packages/werkzeug/_internal.py:113} INFO - 172.17.0.1 - - [18/Feb/2021 14:36:34] "[37mGET /get_ps5 HTTP/1.1[0m" 200 -
[14:36:35] {/usr/local/lib/python3.9/site-packages/werkzeug/_internal.py:113} INFO - 172.17.0.1 - - [18/Feb/2021 14:36:35] "[37mGET /get_ps5 HTTP/1.1[0m" 200 -
[14:36:35] {/usr/local/lib/python3.9/site-packages/werkzeug/_internal.py:113} INFO - 172.17.0.1 - - [18/Feb/2021 14:36:35] "[37mGET /get_ps5 HTTP/1.1[0m" 200 -
[14:36:36] {/usr/local/lib/python3.9/site-packages/werkzeug/_internal.py:113} INFO - 172.17.0.1 - - [18/Feb/2021 14:36:36] "[37mGET /get_ps5 HTTP/1.1[0m" 200 -
[14:36:37] {/usr/local/lib/python3.9/site-packages/werkzeug/_internal.py:113} INFO - 172.17.0.1 - - [18/Feb/2021 14:36:37] "[37mGET /get_ps5 HTTP/1.1[0m" 200 -
[14:36:38] {/usr/local/lib/python3.9/site-packages/werkzeug/_internal.py:113} INFO - 172.17.0.1 - - [18/Feb/2021 14:36:38] "[37mGET /get_ps5 HTTP/1.1[0m" 200 -
[14:36:39] {/usr/local/lib/python3.9/site-packages/werkzeug/_internal.py:113} INFO - 172.17.0.1 - - [18/Feb/2021 14:36:39] "[37mGET /get_ps5 HTTP/1.1[0m" 200 -
[14:36:40] {/usr/local/lib/python3.9/site-packages/werkzeug/_internal.py:113} INFO - 172.17.0.1 - - [18/Feb/2021 14:36:40] "[37mGET /get_ps5 HTTP/1.1[0m" 200 -
[14:36:41] {/usr/local/lib/python3.9/site-packages/werkzeug/_internal.py:113} INFO - 172.17.0.1 - - [18/Feb/2021 14:36:41] "[37mGET /get_ps5 HTTP/1.1[0m" 200 -
[14:36:41] {/usr/local/lib/python3.9/site-packages/werkzeug/_internal.py:113} INFO - 172.17.0.1 - - [18/Feb/2021 14:36:41] "[37mGET /get_ps5 HTTP/1.1[0m" 200 -
[14:36:42] {/usr/local/lib/python3.9/site-packages/werkzeug/_internal.py:113} INFO - 172.17.0.1 - - [18/Feb/2021 14:36:42] "[37mGET /get_ps5 HTTP/1.1[0m" 200 -
[14:36:43] {/usr/local/lib/python3.9/site-packages/werkzeug/_internal.py:113} INFO - 172.17.0.1 - - [18/Feb/2021 14:36:43] "[37mGET /get_ps5 HTTP/1.1[0m" 200 -
[14:36:44] {/usr/local/lib/python3.9/site-packages/werkzeug/_internal.py:113} INFO - 172.17.0.1 - - [18/Feb/2021 14:36:44] "[37mGET /get_ps5 HTTP/1.1[0m" 200 -
[14:36:44] {/usr/local/lib/python3.9/site-packages/werkzeug/_internal.py:113} INFO - 172.17.0.1 - - [18/Feb/2021 14:36:44] "[37mGET /get_ps5 HTTP/1.1[0m" 200 -
[14:36:45] {/usr/local/lib/python3.9/site-packages/werkzeug/_internal.py:113} INFO - 172.17.0.1 - - [18/Feb/2021 14:36:45] "[37mGET /get_ps5 HTTP/1.1[0m" 200 -
[14:36:46] {/usr/local/lib/python3.9/site-packages/werkzeug/_internal.py:113} INFO - 172.17.0.1 - - [18/Feb/2021 14:36:46] "[37mGET /get_ps5 HTTP/1.1[0m" 200 -
[14:36:47] {/usr/local/lib/python3.9/site-packages/werkzeug/_internal.py:113} INFO - 172.17.0.1 - - [18/Feb/2021 14:36:47] "[37mGET /get_ps5 HTTP/1.1[0m" 200 -
[14:36:49] {/usr/local/lib/python3.9/site-packages/werkzeug/_internal.py:113} INFO - 172.17.0.1 - - [18/Feb/2021 14:36:49] "[37mGET /get_ps5 HTTP/1.1[0m" 200 -
[14:36:49] {/usr/local/lib/python3.9/site-packages/werkzeug/_internal.py:113} INFO - 172.17.0.1 - - [18/Feb/2021 14:36:49] "[37mGET /get_ps5 HTTP/1.1[0m" 200 -
[14:36:51] {/usr/local/lib/python3.9/site-packages/werkzeug/_internal.py:113} INFO - 172.17.0.1 - - [18/Feb/2021 14:36:51] "[37mGET /get_ps5 HTTP/1.1[0m" 200 -
[14:36:52] {/usr/local/lib/python3.9/site-packages/werkzeug/_internal.py:113} INFO - 172.17.0.1 - - [18/Feb/2021 14:36:52] "[37mGET /get_ps5 HTTP/1.1[0m" 200 -
[14:36:52] {/usr/local/lib/python3.9/site-packages/werkzeug/_internal.py:113} INFO - 172.17.0.1 - - [18/Feb/2021 14:36:52] "[37mGET /get_ps5 HTTP/1.1[0m" 200 -
[14:36:53] {/usr/local/lib/python3.9/site-packages/werkzeug/_internal.py:113} INFO - 172.17.0.1 - - [18/Feb/2021 14:36:53] "[37mGET /get_ps5 HTTP/1.1[0m" 200 -
[14:36:54] {/usr/local/lib/python3.9/site-packages/werkzeug/_internal.py:113} INFO - 172.17.0.1 - - [18/Feb/2021 14:36:54] "[37mGET /get_ps5 HTTP/1.1[0m" 200 -
[14:36:55] {/usr/local/lib/python3.9/site-packages/werkzeug/_internal.py:113} INFO - 172.17.0.1 - - [18/Feb/2021 14:36:55] "[37mGET /get_ps5 HTTP/1.1[0m" 200 -
[14:36:59] {/usr/local/lib/python3.9/site-packages/werkzeug/_internal.py:113} INFO - 172.17.0.1 - - [18/Feb/2021 14:36:59] "[37mGET /get_ps5 HTTP/1.1[0m" 200 -
[14:37:00] {/usr/local/lib/python3.9/site-packages/werkzeug/_internal.py:113} INFO - 172.17.0.1 - - [18/Feb/2021 14:37:00] "[37mGET /get_ps5 HTTP/1.1[0m" 200 -
[14:37:00] {/usr/local/lib/python3.9/site-packages/werkzeug/_internal.py:113} INFO - 172.17.0.1 - - [18/Feb/2021 14:37:00] "[37mGET /get_ps5 HTTP/1.1[0m" 200 -
[14:37:01] {/usr/local/lib/python3.9/site-packages/werkzeug/_internal.py:113} INFO - 172.17.0.1 - - [18/Feb/2021 14:37:01] "[37mGET /get_ps5 HTTP/1.1[0m" 200 -
[14:37:02] {/usr/local/lib/python3.9/site-packages/werkzeug/_internal.py:113} INFO - 172.17.0.1 - - [18/Feb/2021 14:37:02] "[37mGET /get_ps5 HTTP/1.1[0m" 200 -
[14:37:02] {/usr/local/lib/python3.9/site-packages/werkzeug/_internal.py:113} INFO - 172.17.0.1 - - [18/Feb/2021 14:37:02] "[37mGET /get_ps5 HTTP/1.1[0m" 200 -
[14:37:03] {/usr/local/lib/python3.9/site-packages/werkzeug/_internal.py:113} INFO - 172.17.0.1 - - [18/Feb/2021 14:37:03] "[37mGET /get_ps5 HTTP/1.1[0m" 200 -
[14:37:05] {/usr/local/lib/python3.9/site-packages/werkzeug/_internal.py:113} INFO - 172.17.0.1 - - [18/Feb/2021 14:37:05] "[37mGET /get_ps5 HTTP/1.1[0m" 200 -
[14:37:05] {/usr/local/lib/python3.9/site-packages/werkzeug/_internal.py:113} INFO - 172.17.0.1 - - [18/Feb/2021 14:37:05] "[37mGET /get_ps5 HTTP/1.1[0m" 200 -
[14:37:06] {/usr/local/lib/python3.9/site-packages/werkzeug/_internal.py:113} INFO - 172.17.0.1 - - [18/Feb/2021 14:37:06] "[37mGET /get_ps5 HTTP/1.1[0m" 200 -
[14:37:07] {/usr/local/lib/python3.9/site-packages/werkzeug/_internal.py:113} INFO - 172.17.0.1 - - [18/Feb/2021 14:37:07] "[37mGET /get_ps5 HTTP/1.1[0m" 200 -
[14:37:07] {/usr/local/lib/python3.9/site-packages/werkzeug/_internal.py:113} INFO - 172.17.0.1 - - [18/Feb/2021 14:37:07] "[37mGET /get_ps5 HTTP/1.1[0m" 200 -
[14:37:08] {/usr/local/lib/python3.9/site-packages/werkzeug/_internal.py:113} INFO - 172.17.0.1 - - [18/Feb/2021 14:37:08] "[37mGET /get_ps5 HTTP/1.1[0m" 200 -
[14:37:09] {/usr/local/lib/python3.9/site-packages/werkzeug/_internal.py:113} INFO - 172.17.0.1 - - [18/Feb/2021 14:37:09] "[37mGET /get_ps5 HTTP/1.1[0m" 200 -
[14:37:10] {/usr/local/lib/python3.9/site-packages/werkzeug/_internal.py:113} INFO - 172.17.0.1 - - [18/Feb/2021 14:37:10] "[37mGET /get_ps5 HTTP/1.1[0m" 200 -
[14:37:11] {/usr/local/lib/python3.9/site-packages/werkzeug/_internal.py:113} INFO - 172.17.0.1 - - [18/Feb/2021 14:37:11] "[37mGET /get_ps5 HTTP/1.1[0m" 200 -
[14:37:12] {/usr/local/lib/python3.9/site-packages/werkzeug/_internal.py:113} INFO - 172.17.0.1 - - [18/Feb/2021 14:37:12] "[37mGET /get_ps5 HTTP/1.1[0m" 200 -
[14:37:12] {/usr/local/lib/python3.9/site-packages/werkzeug/_internal.py:113} INFO - 172.17.0.1 - - [18/Feb/2021 14:37:12] "[37mGET /get_ps5 HTTP/1.1[0m" 200 -
[14:37:13] {/usr/local/lib/python3.9/site-packages/werkzeug/_internal.py:113} INFO - 172.17.0.1 - - [18/Feb/2021 14:37:13] "[37mGET /get_ps5 HTTP/1.1[0m" 200 -
[14:37:14] {/usr/local/lib/python3.9/site-packages/werkzeug/_internal.py:113} INFO - 172.17.0.1 - - [18/Feb/2021 14:37:14] "[37mGET /get_ps5 HTTP/1.1[0m" 200 -
[14:37:15] {/usr/local/lib/python3.9/site-packages/werkzeug/_internal.py:113} INFO - 172.17.0.1 - - [18/Feb/2021 14:37:15] "[37mGET /get_ps5 HTTP/1.1[0m" 200 -
[14:37:15] {/usr/local/lib/python3.9/site-packages/werkzeug/_internal.py:113} INFO - 172.17.0.1 - - [18/Feb/2021 14:37:15] "[37mGET /get_ps5 HTTP/1.1[0m" 200 -
[14:37:17] {/usr/local/lib/python3.9/site-packages/werkzeug/_internal.py:113} INFO - 172.17.0.1 - - [18/Feb/2021 14:37:17] "[37mGET /get_ps5 HTTP/1.1[0m" 200 -
[14:37:18] {/usr/local/lib/python3.9/site-packages/werkzeug/_internal.py:113} INFO - 172.17.0.1 - - [18/Feb/2021 14:37:18] "[37mGET /get_ps5 HTTP/1.1[0m" 200 -
[14:37:19] {/usr/local/lib/python3.9/site-packages/werkzeug/_internal.py:113} INFO - 172.17.0.1 - - [18/Feb/2021 14:37:19] "[37mGET /get_ps5 HTTP/1.1[0m" 200 -
[14:37:20] {/usr/local/lib/python3.9/site-packages/werkzeug/_internal.py:113} INFO - 172.17.0.1 - - [18/Feb/2021 14:37:20] "[37mGET /get_ps5 HTTP/1.1[0m" 200 -
[14:37:21] {/usr/local/lib/python3.9/site-packages/werkzeug/_internal.py:113} INFO - 172.17.0.1 - - [18/Feb/2021 14:37:21] "[37mGET /get_ps5 HTTP/1.1[0m" 200 -
[14:37:21] {/usr/local/lib/python3.9/site-packages/werkzeug/_internal.py:113} INFO - 172.17.0.1 - - [18/Feb/2021 14:37:21] "[37mGET /get_ps5 HTTP/1.1[0m" 200 -
[14:37:22] {/usr/local/lib/python3.9/site-packages/werkzeug/_internal.py:113} INFO - 172.17.0.1 - - [18/Feb/2021 14:37:22] "[37mGET /get_ps5 HTTP/1.1[0m" 200 -
[14:37:23] {/usr/local/lib/python3.9/site-packages/werkzeug/_internal.py:113} INFO - 172.17.0.1 - - [18/Feb/2021 14:37:23] "[37mGET /get_ps5 HTTP/1.1[0m" 200 -
[14:37:32] {/usr/local/lib/python3.9/site-packages/werkzeug/_internal.py:113} INFO - 172.17.0.1 - - [18/Feb/2021 14:37:32] "[37mGET /get_ps5 HTTP/1.1[0m" 200 -
[14:37:33] {/usr/local/lib/python3.9/site-packages/werkzeug/_internal.py:113} INFO - 172.17.0.1 - - [18/Feb/2021 14:37:33] "[37mGET /get_ps5 HTTP/1.1[0m" 200 -
[14:37:34] {/usr/local/lib/python3.9/site-packages/werkzeug/_internal.py:113} INFO - 172.17.0.1 - - [18/Feb/2021 14:37:34] "[37mGET /get_ps5 HTTP/1.1[0m" 200 -
[14:37:35] {/usr/local/lib/python3.9/site-packages/werkzeug/_internal.py:113} INFO - 172.17.0.1 - - [18/Feb/2021 14:37:35] "[37mGET /get_ps5 HTTP/1.1[0m" 200 -
[14:37:36] {/usr/local/lib/python3.9/site-packages/werkzeug/_internal.py:113} INFO - 172.17.0.1 - - [18/Feb/2021 14:37:36] "[37mGET /get_ps5 HTTP/1.1[0m" 200 -
[14:37:36] {/usr/local/lib/python3.9/site-packages/werkzeug/_internal.py:113} INFO - 172.17.0.1 - - [18/Feb/2021 14:37:36] "[37mGET /get_ps5 HTTP/1.1[0m" 200 -
[14:37:37] {/usr/local/lib/python3.9/site-packages/werkzeug/_internal.py:113} INFO - 172.17.0.1 - - [18/Feb/2021 14:37:37] "[37mGET /get_ps5 HTTP/1.1[0m" 200 -
[14:37:41] {/usr/local/lib/python3.9/site-packages/werkzeug/_internal.py:113} INFO - 172.17.0.1 - - [18/Feb/2021 14:37:41] "[37mGET /get_ps5 HTTP/1.1[0m" 200 -
[14:37:42] {/usr/local/lib/python3.9/site-packages/werkzeug/_internal.py:113} INFO - 172.17.0.1 - - [18/Feb/2021 14:37:42] "[37mGET /get_ps5 HTTP/1.1[0m" 200 -
[14:37:43] {/usr/local/lib/python3.9/site-packages/werkzeug/_internal.py:113} INFO - 172.17.0.1 - - [18/Feb/2021 14:37:43] "[37mGET /get_ps5 HTTP/1.1[0m" 200 -
[14:37:44] {/usr/local/lib/python3.9/site-packages/werkzeug/_internal.py:113} INFO - 172.17.0.1 - - [18/Feb/2021 14:37:44] "[37mGET /get_ps5 HTTP/1.1[0m" 200 -
[14:37:45] {/usr/local/lib/python3.9/site-packages/werkzeug/_internal.py:113} INFO - 172.17.0.1 - - [18/Feb/2021 14:37:45] "[37mGET /get_ps5 HTTP/1.1[0m" 200 -
[14:37:45] {/usr/local/lib/python3.9/site-packages/werkzeug/_internal.py:113} INFO - 172.17.0.1 - - [18/Feb/2021 14:37:45] "[37mGET /get_ps5 HTTP/1.1[0m" 200 -
[14:37:46] {/usr/local/lib/python3.9/site-packages/werkzeug/_internal.py:113} INFO - 172.17.0.1 - - [18/Feb/2021 14:37:46] "[37mGET /get_ps5 HTTP/1.1[0m" 200 -
[14:37:47] {/usr/local/lib/python3.9/site-packages/werkzeug/_internal.py:113} INFO - 172.17.0.1 - - [18/Feb/2021 14:37:47] "[37mGET /get_ps5 HTTP/1.1[0m" 200 -
[14:37:48] {/usr/local/lib/python3.9/site-packages/werkzeug/_internal.py:113} INFO - 172.17.0.1 - - [18/Feb/2021 14:37:48] "[37mGET /get_ps5 HTTP/1.1[0m" 200 -
[14:37:49] {/usr/local/lib/python3.9/site-packages/werkzeug/_internal.py:113} INFO - 172.17.0.1 - - [18/Feb/2021 14:37:49] "[37mGET /get_ps5 HTTP/1.1[0m" 200 -
[14:37:50] {/usr/local/lib/python3.9/site-packages/werkzeug/_internal.py:113} INFO - 172.17.0.1 - - [18/Feb/2021 14:37:50] "[37mGET /get_ps5 HTTP/1.1[0m" 200 -
[14:37:51] {/usr/local/lib/python3.9/site-packages/werkzeug/_internal.py:113} INFO - 172.17.0.1 - - [18/Feb/2021 14:37:51] "[37mGET /get_ps5 HTTP/1.1[0m" 200 -
[14:37:51] {/usr/local/lib/python3.9/site-packages/werkzeug/_internal.py:113} INFO - 172.17.0.1 - - [18/Feb/2021 14:37:51] "[37mGET /get_ps5 HTTP/1.1[0m" 200 -
[14:37:52] {/usr/local/lib/python3.9/site-packages/werkzeug/_internal.py:113} INFO - 172.17.0.1 - - [18/Feb/2021 14:37:52] "[37mGET /get_ps5 HTTP/1.1[0m" 200 -
[14:37:53] {/usr/local/lib/python3.9/site-packages/werkzeug/_internal.py:113} INFO - 172.17.0.1 - - [18/Feb/2021 14:37:53] "[37mGET /get_ps5 HTTP/1.1[0m" 200 -
[14:37:54] {/usr/local/lib/python3.9/site-packages/werkzeug/_internal.py:113} INFO - 172.17.0.1 - - [18/Feb/2021 14:37:54] "[37mGET /get_ps5 HTTP/1.1[0m" 200 -
[14:37:58] {/usr/local/lib/python3.9/site-packages/werkzeug/_internal.py:113} INFO - 172.17.0.1 - - [18/Feb/2021 14:37:58] "[37mGET /get_ps5 HTTP/1.1[0m" 200 -
[14:37:59] {/usr/local/lib/python3.9/site-packages/werkzeug/_internal.py:113} INFO - 172.17.0.1 - - [18/Feb/2021 14:37:59] "[37mGET /get_ps5 HTTP/1.1[0m" 200 -
[14:38:00] {/usr/local/lib/python3.9/site-packages/werkzeug/_internal.py:113} INFO - 172.17.0.1 - - [18/Feb/2021 14:38:00] "[37mGET /get_ps5 HTTP/1.1[0m" 200 -
[14:38:00] {/usr/local/lib/python3.9/site-packages/werkzeug/_internal.py:113} INFO - 172.17.0.1 - - [18/Feb/2021 14:38:00] "[37mGET /get_ps5 HTTP/1.1[0m" 200 -
[14:38:01] {/usr/local/lib/python3.9/site-packages/werkzeug/_internal.py:113} INFO - 172.17.0.1 - - [18/Feb/2021 14:38:01] "[37mGET /get_ps5 HTTP/1.1[0m" 200 -
[14:38:02] {/usr/local/lib/python3.9/site-packages/werkzeug/_internal.py:113} INFO - 172.17.0.1 - - [18/Feb/2021 14:38:02] "[37mGET /get_ps5 HTTP/1.1[0m" 200 -
[14:38:03] {/usr/local/lib/python3.9/site-packages/werkzeug/_internal.py:113} INFO - 172.17.0.1 - - [18/Feb/2021 14:38:03] "[37mGET /get_ps5 HTTP/1.1[0m" 200 -
[14:38:04] {/usr/local/lib/python3.9/site-packages/werkzeug/_internal.py:113} INFO - 172.17.0.1 - - [18/Feb/2021 14:38:04] "[37mGET /get_ps5 HTTP/1.1[0m" 200 -
[14:38:07] {/usr/local/lib/python3.9/site-packages/werkzeug/_internal.py:113} INFO - 172.17.0.1 - - [18/Feb/2021 14:38:07] "[37mGET /get_ps5 HTTP/1.1[0m" 200 -
[14:38:08] {/usr/local/lib/python3.9/site-packages/werkzeug/_internal.py:113} INFO - 172.17.0.1 - - [18/Feb/2021 14:38:08] "[37mGET /get_ps5 HTTP/1.1[0m" 200 -
[14:38:09] {/usr/local/lib/python3.9/site-packages/werkzeug/_internal.py:113} INFO - 172.17.0.1 - - [18/Feb/2021 14:38:09] "[37mGET /get_ps5 HTTP/1.1[0m" 200 -
[14:38:09] {/usr/local/lib/python3.9/site-packages/werkzeug/_internal.py:113} INFO - 172.17.0.1 - - [18/Feb/2021 14:38:09] "[37mGET /get_ps5 HTTP/1.1[0m" 200 -
[14:38:11] {/usr/local/lib/python3.9/site-packages/werkzeug/_internal.py:113} INFO - 172.17.0.1 - - [18/Feb/2021 14:38:11] "[37mGET /get_ps5 HTTP/1.1[0m" 200 -
[14:38:12] {/usr/local/lib/python3.9/site-packages/werkzeug/_internal.py:113} INFO - 172.17.0.1 - - [18/Feb/2021 14:38:12] "[37mGET /get_ps5 HTTP/1.1[0m" 200 -
[14:38:13] {/usr/local/lib/python3.9/site-packages/werkzeug/_internal.py:113} INFO - 172.17.0.1 - - [18/Feb/2021 14:38:13] "[37mGET /get_ps5 HTTP/1.1[0m" 200 -
[14:38:56] {/usr/local/lib/python3.9/site-packages/werkzeug/_internal.py:113} INFO - 172.17.0.1 - - [18/Feb/2021 14:38:56] "[37mGET /get_ps5 HTTP/1.1[0m" 200 -
[14:38:57] {/usr/local/lib/python3.9/site-packages/werkzeug/_internal.py:113} INFO - 172.17.0.1 - - [18/Feb/2021 14:38:57] "[37mGET /get_ps5 HTTP/1.1[0m" 200 -
[14:38:58] {/usr/local/lib/python3.9/site-packages/werkzeug/_internal.py:113} INFO - 172.17.0.1 - - [18/Feb/2021 14:38:58] "[37mGET /get_ps5 HTTP/1.1[0m" 200 -
[14:38:59] {/usr/local/lib/python3.9/site-packages/werkzeug/_internal.py:113} INFO - 172.17.0.1 - - [18/Feb/2021 14:38:59] "[37mGET /get_ps5 HTTP/1.1[0m" 200 -
[14:39:00] {/usr/local/lib/python3.9/site-packages/werkzeug/_internal.py:113} INFO - 172.17.0.1 - - [18/Feb/2021 14:39:00] "[37mGET /get_ps5 HTTP/1.1[0m" 200 -
[14:39:01] {/usr/local/lib/python3.9/site-packages/werkzeug/_internal.py:113} INFO - 172.17.0.1 - - [18/Feb/2021 14:39:01] "[37mGET /get_ps5 HTTP/1.1[0m" 200 -
[14:39:02] {/usr/local/lib/python3.9/site-packages/werkzeug/_internal.py:113} INFO - 172.17.0.1 - - [18/Feb/2021 14:39:02] "[37mGET /get_ps5 HTTP/1.1[0m" 200 -
[14:39:04] {/usr/local/lib/python3.9/site-packages/werkzeug/_internal.py:113} INFO - 172.17.0.1 - - [18/Feb/2021 14:39:04] "[37mGET /get_ps5 HTTP/1.1[0m" 200 -
[14:39:05] {/usr/local/lib/python3.9/site-packages/werkzeug/_internal.py:113} INFO - 172.17.0.1 - - [18/Feb/2021 14:39:05] "[37mGET /get_ps5 HTTP/1.1[0m" 200 -
[14:39:06] {/usr/local/lib/python3.9/site-packages/werkzeug/_internal.py:113} INFO - 172.17.0.1 - - [18/Feb/2021 14:39:06] "[37mGET /get_ps5 HTTP/1.1[0m" 200 -
[14:39:09] {/usr/local/lib/python3.9/site-packages/werkzeug/_internal.py:113} INFO - 172.17.0.1 - - [18/Feb/2021 14:39:09] "[37mGET /get_ps5 HTTP/1.1[0m" 200 -
[14:39:10] {/usr/local/lib/python3.9/site-packages/werkzeug/_internal.py:113} INFO - 172.17.0.1 - - [18/Feb/2021 14:39:10] "[37mGET /get_ps5 HTTP/1.1[0m" 200 -
[14:39:10] {/usr/local/lib/python3.9/site-packages/werkzeug/_internal.py:113} INFO - 172.17.0.1 - - [18/Feb/2021 14:39:10] "[37mGET /get_ps5 HTTP/1.1[0m" 200 -
[14:39:11] {/usr/local/lib/python3.9/site-packages/werkzeug/_internal.py:113} INFO - 172.17.0.1 - - [18/Feb/2021 14:39:11] "[37mGET /get_ps5 HTTP/1.1[0m" 200 -
[14:39:12] {/usr/local/lib/python3.9/site-packages/werkzeug/_internal.py:113} INFO - 172.17.0.1 - - [18/Feb/2021 14:39:12] "[37mGET /get_ps5 HTTP/1.1[0m" 200 -
[14:39:13] {/usr/local/lib/python3.9/site-packages/werkzeug/_internal.py:113} INFO - 172.17.0.1 - - [18/Feb/2021 14:39:13] "[37mGET /get_ps5 HTTP/1.1[0m" 200 -
[14:39:15] {/usr/local/lib/python3.9/site-packages/werkzeug/_internal.py:113} INFO - 172.17.0.1 - - [18/Feb/2021 14:39:15] "[37mGET /get_ps5 HTTP/1.1[0m" 200 -
[14:39:16] {/usr/local/lib/python3.9/site-packages/werkzeug/_internal.py:113} INFO - 172.17.0.1 - - [18/Feb/2021 14:39:16] "[37mGET /get_ps5 HTTP/1.1[0m" 200 -
[14:39:20] {/usr/local/lib/python3.9/site-packages/werkzeug/_internal.py:113} INFO - 172.17.0.1 - - [18/Feb/2021 14:39:20] "[37mGET /get_ps5 HTTP/1.1[0m" 200 -
[14:43:46] {/usr/local/lib/python3.9/site-packages/werkzeug/_internal.py:113} INFO -  * Detected change in '/scrapping/app.py', reloading
[14:43:46] {/usr/local/lib/python3.9/site-packages/werkzeug/_internal.py:113} INFO -  * Restarting with stat
[14:43:47] {/scrapping/app.py:17} INFO - script start
[14:43:47] {/scrapping/app.py:18} INFO - Scrapping element of xbox one page with class from url link jeux videos.com
[14:43:47] {/scrapping/app.py:50} INFO - scrapping element ps5 title in page jeux videos.com 
[14:43:47] {/scrapping/app.py:68} INFO - scrapping element pc title in page jeux videos.com 
[14:43:47] {/scrapping/app.py:86} INFO - end of script
[14:43:47] {/usr/local/lib/python3.9/site-packages/werkzeug/_internal.py:113} WARNING -  * Debugger is active!
[14:43:47] {/usr/local/lib/python3.9/site-packages/werkzeug/_internal.py:113} INFO -  * Debugger PIN: 253-768-365
[14:47:22] {/usr/local/lib/python3.9/site-packages/werkzeug/_internal.py:113} INFO - 172.17.0.1 - - [18/Feb/2021 14:47:22] "[37mGET /get_ps5 HTTP/1.1[0m" 200 -
[14:47:25] {/usr/local/lib/python3.9/site-packages/werkzeug/_internal.py:113} INFO - 172.17.0.1 - - [18/Feb/2021 14:47:25] "[37mGET /get_ps5 HTTP/1.1[0m" 200 -
[14:47:26] {/usr/local/lib/python3.9/site-packages/werkzeug/_internal.py:113} INFO - 172.17.0.1 - - [18/Feb/2021 14:47:26] "[37mGET /get_ps5 HTTP/1.1[0m" 200 -
[14:47:27] {/usr/local/lib/python3.9/site-packages/werkzeug/_internal.py:113} INFO - 172.17.0.1 - - [18/Feb/2021 14:47:27] "[37mGET /get_ps5 HTTP/1.1[0m" 200 -
[14:47:30] {/usr/local/lib/python3.9/site-packages/werkzeug/_internal.py:113} INFO - 172.17.0.1 - - [18/Feb/2021 14:47:30] "[37mGET /get_ps5 HTTP/1.1[0m" 200 -
[14:47:31] {/usr/local/lib/python3.9/site-packages/werkzeug/_internal.py:113} INFO - 172.17.0.1 - - [18/Feb/2021 14:47:31] "[37mGET /get_ps5 HTTP/1.1[0m" 200 -
[14:47:32] {/usr/local/lib/python3.9/site-packages/werkzeug/_internal.py:113} INFO - 172.17.0.1 - - [18/Feb/2021 14:47:32] "[37mGET /get_ps5 HTTP/1.1[0m" 200 -
[14:47:35] {/usr/local/lib/python3.9/site-packages/werkzeug/_internal.py:113} INFO - 172.17.0.1 - - [18/Feb/2021 14:47:35] "[37mGET /get_ps5 HTTP/1.1[0m" 200 -
[14:47:37] {/usr/local/lib/python3.9/site-packages/werkzeug/_internal.py:113} INFO - 172.17.0.1 - - [18/Feb/2021 14:47:37] "[37mGET /get_ps5 HTTP/1.1[0m" 200 -
[14:47:39] {/usr/local/lib/python3.9/site-packages/werkzeug/_internal.py:113} INFO - 172.17.0.1 - - [18/Feb/2021 14:47:39] "[37mGET /get_ps5 HTTP/1.1[0m" 200 -
[14:47:40] {/usr/local/lib/python3.9/site-packages/werkzeug/_internal.py:113} INFO - 172.17.0.1 - - [18/Feb/2021 14:47:40] "[37mGET /get_ps5 HTTP/1.1[0m" 200 -
[14:47:41] {/usr/local/lib/python3.9/site-packages/werkzeug/_internal.py:113} INFO - 172.17.0.1 - - [18/Feb/2021 14:47:41] "[37mGET /get_ps5 HTTP/1.1[0m" 200 -
[14:47:42] {/usr/local/lib/python3.9/site-packages/werkzeug/_internal.py:113} INFO - 172.17.0.1 - - [18/Feb/2021 14:47:42] "[37mGET /get_ps5 HTTP/1.1[0m" 200 -
[14:47:43] {/usr/local/lib/python3.9/site-packages/werkzeug/_internal.py:113} INFO - 172.17.0.1 - - [18/Feb/2021 14:47:43] "[37mGET /get_ps5 HTTP/1.1[0m" 200 -
[14:47:47] {/usr/local/lib/python3.9/site-packages/werkzeug/_internal.py:113} INFO - 172.17.0.1 - - [18/Feb/2021 14:47:47] "[37mGET /get_ps5 HTTP/1.1[0m" 200 -
[14:47:52] {/usr/local/lib/python3.9/site-packages/werkzeug/_internal.py:113} INFO - 172.17.0.1 - - [18/Feb/2021 14:47:52] "[37mGET /get_ps5 HTTP/1.1[0m" 200 -
[14:47:52] {/usr/local/lib/python3.9/site-packages/werkzeug/_internal.py:113} INFO - 172.17.0.1 - - [18/Feb/2021 14:47:52] "[37mGET /get_ps5 HTTP/1.1[0m" 200 -
[14:47:56] {/usr/local/lib/python3.9/site-packages/werkzeug/_internal.py:113} INFO - 172.17.0.1 - - [18/Feb/2021 14:47:56] "[37mGET /get_ps5 HTTP/1.1[0m" 200 -
[14:47:57] {/usr/local/lib/python3.9/site-packages/werkzeug/_internal.py:113} INFO - 172.17.0.1 - - [18/Feb/2021 14:47:57] "[37mGET /get_ps5 HTTP/1.1[0m" 200 -
[14:48:00] {/usr/local/lib/python3.9/site-packages/werkzeug/_internal.py:113} INFO - 172.17.0.1 - - [18/Feb/2021 14:48:00] "[37mGET /get_ps5 HTTP/1.1[0m" 200 -
[14:48:01] {/usr/local/lib/python3.9/site-packages/werkzeug/_internal.py:113} INFO - 172.17.0.1 - - [18/Feb/2021 14:48:01] "[37mGET /get_ps5 HTTP/1.1[0m" 200 -
[14:48:03] {/usr/local/lib/python3.9/site-packages/werkzeug/_internal.py:113} INFO - 172.17.0.1 - - [18/Feb/2021 14:48:03] "[37mGET /get_ps5 HTTP/1.1[0m" 200 -
[14:48:04] {/usr/local/lib/python3.9/site-packages/werkzeug/_internal.py:113} INFO - 172.17.0.1 - - [18/Feb/2021 14:48:04] "[37mGET /get_ps5 HTTP/1.1[0m" 200 -
[14:48:05] {/usr/local/lib/python3.9/site-packages/werkzeug/_internal.py:113} INFO - 172.17.0.1 - - [18/Feb/2021 14:48:05] "[37mGET /get_ps5 HTTP/1.1[0m" 200 -
[14:48:06] {/usr/local/lib/python3.9/site-packages/werkzeug/_internal.py:113} INFO - 172.17.0.1 - - [18/Feb/2021 14:48:06] "[37mGET /get_ps5 HTTP/1.1[0m" 200 -
[14:48:07] {/usr/local/lib/python3.9/site-packages/werkzeug/_internal.py:113} INFO - 172.17.0.1 - - [18/Feb/2021 14:48:07] "[37mGET /get_ps5 HTTP/1.1[0m" 200 -
[14:48:10] {/usr/local/lib/python3.9/site-packages/werkzeug/_internal.py:113} INFO - 172.17.0.1 - - [18/Feb/2021 14:48:10] "[37mGET /get_ps5 HTTP/1.1[0m" 200 -
[14:48:12] {/usr/local/lib/python3.9/site-packages/werkzeug/_internal.py:113} INFO - 172.17.0.1 - - [18/Feb/2021 14:48:12] "[37mGET /get_ps5 HTTP/1.1[0m" 200 -
[14:48:15] {/usr/local/lib/python3.9/site-packages/werkzeug/_internal.py:113} INFO - 172.17.0.1 - - [18/Feb/2021 14:48:15] "[37mGET /get_ps5 HTTP/1.1[0m" 200 -
[14:48:16] {/usr/local/lib/python3.9/site-packages/werkzeug/_internal.py:113} INFO - 172.17.0.1 - - [18/Feb/2021 14:48:16] "[37mGET /get_ps5 HTTP/1.1[0m" 200 -
[14:48:17] {/usr/local/lib/python3.9/site-packages/werkzeug/_internal.py:113} INFO - 172.17.0.1 - - [18/Feb/2021 14:48:17] "[37mGET /get_ps5 HTTP/1.1[0m" 200 -
[14:48:18] {/usr/local/lib/python3.9/site-packages/werkzeug/_internal.py:113} INFO - 172.17.0.1 - - [18/Feb/2021 14:48:18] "[37mGET /get_ps5 HTTP/1.1[0m" 200 -
[14:48:19] {/usr/local/lib/python3.9/site-packages/werkzeug/_internal.py:113} INFO - 172.17.0.1 - - [18/Feb/2021 14:48:19] "[37mGET /get_ps5 HTTP/1.1[0m" 200 -
[14:48:21] {/usr/local/lib/python3.9/site-packages/werkzeug/_internal.py:113} INFO - 172.17.0.1 - - [18/Feb/2021 14:48:21] "[37mGET /get_ps5 HTTP/1.1[0m" 200 -
[14:48:23] {/usr/local/lib/python3.9/site-packages/werkzeug/_internal.py:113} INFO - 172.17.0.1 - - [18/Feb/2021 14:48:23] "[37mGET /get_ps5 HTTP/1.1[0m" 200 -
[14:48:24] {/usr/local/lib/python3.9/site-packages/werkzeug/_internal.py:113} INFO - 172.17.0.1 - - [18/Feb/2021 14:48:24] "[37mGET /get_ps5 HTTP/1.1[0m" 200 -
[14:48:25] {/usr/local/lib/python3.9/site-packages/werkzeug/_internal.py:113} INFO - 172.17.0.1 - - [18/Feb/2021 14:48:25] "[37mGET /get_ps5 HTTP/1.1[0m" 200 -
[14:48:26] {/usr/local/lib/python3.9/site-packages/werkzeug/_internal.py:113} INFO - 172.17.0.1 - - [18/Feb/2021 14:48:26] "[37mGET /get_ps5 HTTP/1.1[0m" 200 -
[14:48:27] {/usr/local/lib/python3.9/site-packages/werkzeug/_internal.py:113} INFO - 172.17.0.1 - - [18/Feb/2021 14:48:27] "[37mGET /get_ps5 HTTP/1.1[0m" 200 -
[14:48:28] {/usr/local/lib/python3.9/site-packages/werkzeug/_internal.py:113} INFO - 172.17.0.1 - - [18/Feb/2021 14:48:28] "[37mGET /get_ps5 HTTP/1.1[0m" 200 -
[14:48:29] {/usr/local/lib/python3.9/site-packages/werkzeug/_internal.py:113} INFO - 172.17.0.1 - - [18/Feb/2021 14:48:29] "[37mGET /get_ps5 HTTP/1.1[0m" 200 -
[14:48:30] {/usr/local/lib/python3.9/site-packages/werkzeug/_internal.py:113} INFO - 172.17.0.1 - - [18/Feb/2021 14:48:30] "[37mGET /get_ps5 HTTP/1.1[0m" 200 -
[14:48:31] {/usr/local/lib/python3.9/site-packages/werkzeug/_internal.py:113} INFO - 172.17.0.1 - - [18/Feb/2021 14:48:31] "[37mGET /get_ps5 HTTP/1.1[0m" 200 -
[14:48:34] {/usr/local/lib/python3.9/site-packages/werkzeug/_internal.py:113} INFO - 172.17.0.1 - - [18/Feb/2021 14:48:34] "[37mGET /get_ps5 HTTP/1.1[0m" 200 -
[14:48:35] {/usr/local/lib/python3.9/site-packages/werkzeug/_internal.py:113} INFO - 172.17.0.1 - - [18/Feb/2021 14:48:35] "[37mGET /get_ps5 HTTP/1.1[0m" 200 -
[14:48:36] {/usr/local/lib/python3.9/site-packages/werkzeug/_internal.py:113} INFO - 172.17.0.1 - - [18/Feb/2021 14:48:36] "[37mGET /get_ps5 HTTP/1.1[0m" 200 -
[14:48:38] {/usr/local/lib/python3.9/site-packages/werkzeug/_internal.py:113} INFO - 172.17.0.1 - - [18/Feb/2021 14:48:38] "[37mGET /get_ps5 HTTP/1.1[0m" 200 -
[14:49:18] {/usr/local/lib/python3.9/site-packages/werkzeug/_internal.py:113} INFO - 172.17.0.1 - - [18/Feb/2021 14:49:18] "[37mGET /get_ps5 HTTP/1.1[0m" 200 -
[14:49:19] {/usr/local/lib/python3.9/site-packages/werkzeug/_internal.py:113} INFO - 172.17.0.1 - - [18/Feb/2021 14:49:19] "[37mGET /get_ps5 HTTP/1.1[0m" 200 -
[14:49:21] {/usr/local/lib/python3.9/site-packages/werkzeug/_internal.py:113} INFO - 172.17.0.1 - - [18/Feb/2021 14:49:21] "[37mGET /get_ps5 HTTP/1.1[0m" 200 -
[14:49:22] {/usr/local/lib/python3.9/site-packages/werkzeug/_internal.py:113} INFO - 172.17.0.1 - - [18/Feb/2021 14:49:22] "[37mGET /get_ps5 HTTP/1.1[0m" 200 -
[14:49:22] {/usr/local/lib/python3.9/site-packages/werkzeug/_internal.py:113} INFO - 172.17.0.1 - - [18/Feb/2021 14:49:22] "[37mGET /get_ps5 HTTP/1.1[0m" 200 -
[14:49:24] {/usr/local/lib/python3.9/site-packages/werkzeug/_internal.py:113} INFO - 172.17.0.1 - - [18/Feb/2021 14:49:24] "[37mGET /get_ps5 HTTP/1.1[0m" 200 -
[14:49:25] {/usr/local/lib/python3.9/site-packages/werkzeug/_internal.py:113} INFO - 172.17.0.1 - - [18/Feb/2021 14:49:25] "[37mGET /get_ps5 HTTP/1.1[0m" 200 -
[14:49:26] {/usr/local/lib/python3.9/site-packages/werkzeug/_internal.py:113} INFO - 172.17.0.1 - - [18/Feb/2021 14:49:26] "[37mGET /get_ps5 HTTP/1.1[0m" 200 -
[14:49:28] {/usr/local/lib/python3.9/site-packages/werkzeug/_internal.py:113} INFO - 172.17.0.1 - - [18/Feb/2021 14:49:28] "[37mGET /get_ps5 HTTP/1.1[0m" 200 -
[14:49:35] {/usr/local/lib/python3.9/site-packages/werkzeug/_internal.py:113} INFO - 172.17.0.1 - - [18/Feb/2021 14:49:35] "[37mGET /get_ps5 HTTP/1.1[0m" 200 -
[14:49:36] {/usr/local/lib/python3.9/site-packages/werkzeug/_internal.py:113} INFO - 172.17.0.1 - - [18/Feb/2021 14:49:36] "[37mGET /get_ps5 HTTP/1.1[0m" 200 -
[14:49:44] {/usr/local/lib/python3.9/site-packages/werkzeug/_internal.py:113} INFO - 172.17.0.1 - - [18/Feb/2021 14:49:44] "[37mGET /get_ps5 HTTP/1.1[0m" 200 -
[14:49:45] {/usr/local/lib/python3.9/site-packages/werkzeug/_internal.py:113} INFO - 172.17.0.1 - - [18/Feb/2021 14:49:45] "[37mGET /get_ps5 HTTP/1.1[0m" 200 -
[14:49:46] {/usr/local/lib/python3.9/site-packages/werkzeug/_internal.py:113} INFO - 172.17.0.1 - - [18/Feb/2021 14:49:46] "[37mGET /get_ps5 HTTP/1.1[0m" 200 -
[14:49:48] {/usr/local/lib/python3.9/site-packages/werkzeug/_internal.py:113} INFO - 172.17.0.1 - - [18/Feb/2021 14:49:48] "[37mGET /get_ps5 HTTP/1.1[0m" 200 -
[14:49:52] {/usr/local/lib/python3.9/site-packages/werkzeug/_internal.py:113} INFO - 172.17.0.1 - - [18/Feb/2021 14:49:52] "[37mGET /get_ps5 HTTP/1.1[0m" 200 -
[14:49:53] {/usr/local/lib/python3.9/site-packages/werkzeug/_internal.py:113} INFO - 172.17.0.1 - - [18/Feb/2021 14:49:53] "[37mGET /get_ps5 HTTP/1.1[0m" 200 -
[14:49:55] {/usr/local/lib/python3.9/site-packages/werkzeug/_internal.py:113} INFO - 172.17.0.1 - - [18/Feb/2021 14:49:55] "[37mGET /get_ps5 HTTP/1.1[0m" 200 -
[14:55:12] {/usr/local/lib/python3.9/site-packages/werkzeug/_internal.py:113} INFO - 172.17.0.1 - - [18/Feb/2021 14:55:12] "[37mGET /get_ps5 HTTP/1.1[0m" 200 -
[14:55:13] {/usr/local/lib/python3.9/site-packages/werkzeug/_internal.py:113} INFO - 172.17.0.1 - - [18/Feb/2021 14:55:13] "[37mGET /get_ps5 HTTP/1.1[0m" 200 -
[14:55:14] {/usr/local/lib/python3.9/site-packages/werkzeug/_internal.py:113} INFO - 172.17.0.1 - - [18/Feb/2021 14:55:14] "[37mGET /get_ps5 HTTP/1.1[0m" 200 -
[14:55:15] {/usr/local/lib/python3.9/site-packages/werkzeug/_internal.py:113} INFO - 172.17.0.1 - - [18/Feb/2021 14:55:15] "[37mGET /get_ps5 HTTP/1.1[0m" 200 -
[14:55:17] {/usr/local/lib/python3.9/site-packages/werkzeug/_internal.py:113} INFO - 172.17.0.1 - - [18/Feb/2021 14:55:17] "[37mGET /get_ps5 HTTP/1.1[0m" 200 -
[14:55:18] {/usr/local/lib/python3.9/site-packages/werkzeug/_internal.py:113} INFO - 172.17.0.1 - - [18/Feb/2021 14:55:18] "[37mGET /get_ps5 HTTP/1.1[0m" 200 -
[14:55:19] {/usr/local/lib/python3.9/site-packages/werkzeug/_internal.py:113} INFO - 172.17.0.1 - - [18/Feb/2021 14:55:19] "[37mGET /get_ps5 HTTP/1.1[0m" 200 -
[14:55:22] {/usr/local/lib/python3.9/site-packages/werkzeug/_internal.py:113} INFO - 172.17.0.1 - - [18/Feb/2021 14:55:22] "[37mGET /get_ps5 HTTP/1.1[0m" 200 -
[14:55:23] {/usr/local/lib/python3.9/site-packages/werkzeug/_internal.py:113} INFO - 172.17.0.1 - - [18/Feb/2021 14:55:23] "[37mGET /get_ps5 HTTP/1.1[0m" 200 -
[14:55:24] {/usr/local/lib/python3.9/site-packages/werkzeug/_internal.py:113} INFO - 172.17.0.1 - - [18/Feb/2021 14:55:24] "[37mGET /get_ps5 HTTP/1.1[0m" 200 -
[14:55:26] {/usr/local/lib/python3.9/site-packages/werkzeug/_internal.py:113} INFO - 172.17.0.1 - - [18/Feb/2021 14:55:26] "[37mGET /get_ps5 HTTP/1.1[0m" 200 -
[14:55:29] {/usr/local/lib/python3.9/site-packages/werkzeug/_internal.py:113} INFO - 172.17.0.1 - - [18/Feb/2021 14:55:29] "[37mGET /get_ps5 HTTP/1.1[0m" 200 -
[14:55:30] {/usr/local/lib/python3.9/site-packages/werkzeug/_internal.py:113} INFO - 172.17.0.1 - - [18/Feb/2021 14:55:30] "[37mGET /get_ps5 HTTP/1.1[0m" 200 -
[14:55:32] {/usr/local/lib/python3.9/site-packages/werkzeug/_internal.py:113} INFO - 172.17.0.1 - - [18/Feb/2021 14:55:32] "[37mGET /get_ps5 HTTP/1.1[0m" 200 -
[14:55:33] {/usr/local/lib/python3.9/site-packages/werkzeug/_internal.py:113} INFO - 172.17.0.1 - - [18/Feb/2021 14:55:33] "[37mGET /get_ps5 HTTP/1.1[0m" 200 -
[14:55:34] {/usr/local/lib/python3.9/site-packages/werkzeug/_internal.py:113} INFO - 172.17.0.1 - - [18/Feb/2021 14:55:34] "[37mGET /get_ps5 HTTP/1.1[0m" 200 -
[14:55:35] {/usr/local/lib/python3.9/site-packages/werkzeug/_internal.py:113} INFO - 172.17.0.1 - - [18/Feb/2021 14:55:35] "[37mGET /get_ps5 HTTP/1.1[0m" 200 -
[14:55:36] {/usr/local/lib/python3.9/site-packages/werkzeug/_internal.py:113} INFO - 172.17.0.1 - - [18/Feb/2021 14:55:36] "[37mGET /get_ps5 HTTP/1.1[0m" 200 -
[14:55:38] {/usr/local/lib/python3.9/site-packages/werkzeug/_internal.py:113} INFO - 172.17.0.1 - - [18/Feb/2021 14:55:38] "[37mGET /get_ps5 HTTP/1.1[0m" 200 -
[14:55:40] {/usr/local/lib/python3.9/site-packages/werkzeug/_internal.py:113} INFO - 172.17.0.1 - - [18/Feb/2021 14:55:40] "[37mGET /get_ps5 HTTP/1.1[0m" 200 -
[14:55:42] {/usr/local/lib/python3.9/site-packages/werkzeug/_internal.py:113} INFO - 172.17.0.1 - - [18/Feb/2021 14:55:42] "[37mGET /get_ps5 HTTP/1.1[0m" 200 -
[14:55:51] {/usr/local/lib/python3.9/site-packages/werkzeug/_internal.py:113} INFO - 172.17.0.1 - - [18/Feb/2021 14:55:51] "[37mGET /get_ps5 HTTP/1.1[0m" 200 -
[14:55:57] {/usr/local/lib/python3.9/site-packages/werkzeug/_internal.py:113} INFO - 172.17.0.1 - - [18/Feb/2021 14:55:57] "[37mGET /get_ps5 HTTP/1.1[0m" 200 -
[14:56:00] {/usr/local/lib/python3.9/site-packages/werkzeug/_internal.py:113} INFO - 172.17.0.1 - - [18/Feb/2021 14:56:00] "[37mGET /get_ps5 HTTP/1.1[0m" 200 -
[14:56:02] {/usr/local/lib/python3.9/site-packages/werkzeug/_internal.py:113} INFO - 172.17.0.1 - - [18/Feb/2021 14:56:02] "[37mGET /get_ps5 HTTP/1.1[0m" 200 -
[14:56:08] {/usr/local/lib/python3.9/site-packages/werkzeug/_internal.py:113} INFO - 172.17.0.1 - - [18/Feb/2021 14:56:08] "[37mGET /get_ps5 HTTP/1.1[0m" 200 -
[15:00:28] {/usr/local/lib/python3.9/site-packages/werkzeug/_internal.py:113} INFO - 172.17.0.1 - - [18/Feb/2021 15:00:28] "[37mGET /get_ps5 HTTP/1.1[0m" 200 -
[15:01:04] {/usr/local/lib/python3.9/site-packages/werkzeug/_internal.py:113} INFO - 172.17.0.1 - - [18/Feb/2021 15:01:04] "[37mGET /get_ps5 HTTP/1.1[0m" 200 -
[15:01:07] {/usr/local/lib/python3.9/site-packages/werkzeug/_internal.py:113} INFO - 172.17.0.1 - - [18/Feb/2021 15:01:07] "[37mGET /get_ps5 HTTP/1.1[0m" 200 -
[15:01:10] {/usr/local/lib/python3.9/site-packages/werkzeug/_internal.py:113} INFO - 172.17.0.1 - - [18/Feb/2021 15:01:10] "[37mGET /get_ps5 HTTP/1.1[0m" 200 -
[15:01:11] {/usr/local/lib/python3.9/site-packages/werkzeug/_internal.py:113} INFO - 172.17.0.1 - - [18/Feb/2021 15:01:11] "[37mGET /get_ps5 HTTP/1.1[0m" 200 -
[15:01:12] {/usr/local/lib/python3.9/site-packages/werkzeug/_internal.py:113} INFO - 172.17.0.1 - - [18/Feb/2021 15:01:12] "[37mGET /get_ps5 HTTP/1.1[0m" 200 -
[15:01:14] {/usr/local/lib/python3.9/site-packages/werkzeug/_internal.py:113} INFO - 172.17.0.1 - - [18/Feb/2021 15:01:14] "[37mGET /get_ps5 HTTP/1.1[0m" 200 -
[15:01:15] {/usr/local/lib/python3.9/site-packages/werkzeug/_internal.py:113} INFO - 172.17.0.1 - - [18/Feb/2021 15:01:15] "[37mGET /get_ps5 HTTP/1.1[0m" 200 -
[15:01:15] {/usr/local/lib/python3.9/site-packages/werkzeug/_internal.py:113} INFO - 172.17.0.1 - - [18/Feb/2021 15:01:15] "[37mGET /get_ps5 HTTP/1.1[0m" 200 -
[15:01:17] {/usr/local/lib/python3.9/site-packages/werkzeug/_internal.py:113} INFO - 172.17.0.1 - - [18/Feb/2021 15:01:17] "[37mGET /get_ps5 HTTP/1.1[0m" 200 -
[15:01:17] {/usr/local/lib/python3.9/site-packages/werkzeug/_internal.py:113} INFO - 172.17.0.1 - - [18/Feb/2021 15:01:17] "[37mGET /get_ps5 HTTP/1.1[0m" 200 -
[15:01:18] {/usr/local/lib/python3.9/site-packages/werkzeug/_internal.py:113} INFO - 172.17.0.1 - - [18/Feb/2021 15:01:18] "[37mGET /get_ps5 HTTP/1.1[0m" 200 -
[15:01:19] {/usr/local/lib/python3.9/site-packages/werkzeug/_internal.py:113} INFO - 172.17.0.1 - - [18/Feb/2021 15:01:19] "[37mGET /get_ps5 HTTP/1.1[0m" 200 -
[15:01:21] {/usr/local/lib/python3.9/site-packages/werkzeug/_internal.py:113} INFO - 172.17.0.1 - - [18/Feb/2021 15:01:21] "[37mGET /get_ps5 HTTP/1.1[0m" 200 -
[15:01:22] {/usr/local/lib/python3.9/site-packages/werkzeug/_internal.py:113} INFO - 172.17.0.1 - - [18/Feb/2021 15:01:22] "[37mGET /get_ps5 HTTP/1.1[0m" 200 -
[15:01:22] {/usr/local/lib/python3.9/site-packages/werkzeug/_internal.py:113} INFO - 172.17.0.1 - - [18/Feb/2021 15:01:22] "[37mGET /get_ps5 HTTP/1.1[0m" 200 -
[15:01:24] {/usr/local/lib/python3.9/site-packages/werkzeug/_internal.py:113} INFO - 172.17.0.1 - - [18/Feb/2021 15:01:24] "[37mGET /get_ps5 HTTP/1.1[0m" 200 -
[15:01:26] {/usr/local/lib/python3.9/site-packages/werkzeug/_internal.py:113} INFO - 172.17.0.1 - - [18/Feb/2021 15:01:26] "[37mGET /get_ps5 HTTP/1.1[0m" 200 -
[15:13:49] {/usr/local/lib/python3.9/site-packages/werkzeug/_internal.py:113} INFO - 172.17.0.1 - - [18/Feb/2021 15:13:49] "[35m[1mGET /get_ps5 HTTP/1.1[0m" 500 -
[15:13:49] {/usr/local/lib/python3.9/site-packages/werkzeug/_internal.py:113} INFO - 172.17.0.1 - - [18/Feb/2021 15:13:49] "[35m[1mGET /get_ps5 HTTP/1.1[0m" 500 -
[15:13:50] {/usr/local/lib/python3.9/site-packages/werkzeug/_internal.py:113} INFO - 172.17.0.1 - - [18/Feb/2021 15:13:50] "[35m[1mGET /get_ps5 HTTP/1.1[0m" 500 -
[15:13:50] {/usr/local/lib/python3.9/site-packages/werkzeug/_internal.py:113} INFO - 172.17.0.1 - - [18/Feb/2021 15:13:50] "[35m[1mGET /get_ps5 HTTP/1.1[0m" 500 -
[15:13:50] {/usr/local/lib/python3.9/site-packages/werkzeug/_internal.py:113} INFO - 172.17.0.1 - - [18/Feb/2021 15:13:50] "[35m[1mGET /get_ps5 HTTP/1.1[0m" 500 -
[15:13:51] {/usr/local/lib/python3.9/site-packages/werkzeug/_internal.py:113} INFO - 172.17.0.1 - - [18/Feb/2021 15:13:51] "[35m[1mGET /get_ps5 HTTP/1.1[0m" 500 -
[15:13:51] {/usr/local/lib/python3.9/site-packages/werkzeug/_internal.py:113} INFO - 172.17.0.1 - - [18/Feb/2021 15:13:51] "[35m[1mGET /get_ps5 HTTP/1.1[0m" 500 -
[15:13:51] {/usr/local/lib/python3.9/site-packages/werkzeug/_internal.py:113} INFO - 172.17.0.1 - - [18/Feb/2021 15:13:51] "[35m[1mGET /get_ps5 HTTP/1.1[0m" 500 -
[15:13:52] {/usr/local/lib/python3.9/site-packages/werkzeug/_internal.py:113} INFO - 172.17.0.1 - - [18/Feb/2021 15:13:52] "[35m[1mGET /get_ps5 HTTP/1.1[0m" 500 -
[15:13:52] {/usr/local/lib/python3.9/site-packages/werkzeug/_internal.py:113} INFO - 172.17.0.1 - - [18/Feb/2021 15:13:52] "[35m[1mGET /get_ps5 HTTP/1.1[0m" 500 -
[15:13:52] {/usr/local/lib/python3.9/site-packages/werkzeug/_internal.py:113} INFO - 172.17.0.1 - - [18/Feb/2021 15:13:52] "[35m[1mGET /get_ps5 HTTP/1.1[0m" 500 -
[15:13:53] {/usr/local/lib/python3.9/site-packages/werkzeug/_internal.py:113} INFO - 172.17.0.1 - - [18/Feb/2021 15:13:53] "[35m[1mGET /get_ps5 HTTP/1.1[0m" 500 -
[15:13:53] {/usr/local/lib/python3.9/site-packages/werkzeug/_internal.py:113} INFO - 172.17.0.1 - - [18/Feb/2021 15:13:53] "[35m[1mGET /get_ps5 HTTP/1.1[0m" 500 -
[15:13:54] {/usr/local/lib/python3.9/site-packages/werkzeug/_internal.py:113} INFO - 172.17.0.1 - - [18/Feb/2021 15:13:54] "[35m[1mGET /get_ps5 HTTP/1.1[0m" 500 -
[15:13:54] {/usr/local/lib/python3.9/site-packages/werkzeug/_internal.py:113} INFO - 172.17.0.1 - - [18/Feb/2021 15:13:54] "[35m[1mGET /get_ps5 HTTP/1.1[0m" 500 -
[15:13:54] {/usr/local/lib/python3.9/site-packages/werkzeug/_internal.py:113} INFO - 172.17.0.1 - - [18/Feb/2021 15:13:54] "[35m[1mGET /get_ps5 HTTP/1.1[0m" 500 -
[15:13:55] {/usr/local/lib/python3.9/site-packages/werkzeug/_internal.py:113} INFO - 172.17.0.1 - - [18/Feb/2021 15:13:55] "[35m[1mGET /get_ps5 HTTP/1.1[0m" 500 -
[15:13:55] {/usr/local/lib/python3.9/site-packages/werkzeug/_internal.py:113} INFO - 172.17.0.1 - - [18/Feb/2021 15:13:55] "[35m[1mGET /get_ps5 HTTP/1.1[0m" 500 -
[15:13:55] {/usr/local/lib/python3.9/site-packages/werkzeug/_internal.py:113} INFO - 172.17.0.1 - - [18/Feb/2021 15:13:55] "[35m[1mGET /get_ps5 HTTP/1.1[0m" 500 -
[15:13:56] {/usr/local/lib/python3.9/site-packages/werkzeug/_internal.py:113} INFO - 172.17.0.1 - - [18/Feb/2021 15:13:56] "[35m[1mGET /get_ps5 HTTP/1.1[0m" 500 -
[15:13:56] {/usr/local/lib/python3.9/site-packages/werkzeug/_internal.py:113} INFO - 172.17.0.1 - - [18/Feb/2021 15:13:56] "[35m[1mGET /get_ps5 HTTP/1.1[0m" 500 -
[15:13:56] {/usr/local/lib/python3.9/site-packages/werkzeug/_internal.py:113} INFO - 172.17.0.1 - - [18/Feb/2021 15:13:56] "[35m[1mGET /get_ps5 HTTP/1.1[0m" 500 -
[15:13:56] {/usr/local/lib/python3.9/site-packages/werkzeug/_internal.py:113} INFO - 172.17.0.1 - - [18/Feb/2021 15:13:56] "[35m[1mGET /get_ps5 HTTP/1.1[0m" 500 -
[15:13:57] {/usr/local/lib/python3.9/site-packages/werkzeug/_internal.py:113} INFO - 172.17.0.1 - - [18/Feb/2021 15:13:57] "[35m[1mGET /get_ps5 HTTP/1.1[0m" 500 -
[15:13:57] {/usr/local/lib/python3.9/site-packages/werkzeug/_internal.py:113} INFO - 172.17.0.1 - - [18/Feb/2021 15:13:57] "[35m[1mGET /get_ps5 HTTP/1.1[0m" 500 -
[15:13:58] {/usr/local/lib/python3.9/site-packages/werkzeug/_internal.py:113} INFO - 172.17.0.1 - - [18/Feb/2021 15:13:58] "[35m[1mGET /get_ps5 HTTP/1.1[0m" 500 -
[15:13:58] {/usr/local/lib/python3.9/site-packages/werkzeug/_internal.py:113} INFO - 172.17.0.1 - - [18/Feb/2021 15:13:58] "[35m[1mGET /get_ps5 HTTP/1.1[0m" 500 -
[15:13:58] {/usr/local/lib/python3.9/site-packages/werkzeug/_internal.py:113} INFO - 172.17.0.1 - - [18/Feb/2021 15:13:58] "[35m[1mGET /get_ps5 HTTP/1.1[0m" 500 -
[15:13:59] {/usr/local/lib/python3.9/site-packages/werkzeug/_internal.py:113} INFO - 172.17.0.1 - - [18/Feb/2021 15:13:59] "[35m[1mGET /get_ps5 HTTP/1.1[0m" 500 -
[15:13:59] {/usr/local/lib/python3.9/site-packages/werkzeug/_internal.py:113} INFO - 172.17.0.1 - - [18/Feb/2021 15:13:59] "[35m[1mGET /get_ps5 HTTP/1.1[0m" 500 -
[15:13:59] {/usr/local/lib/python3.9/site-packages/werkzeug/_internal.py:113} INFO - 172.17.0.1 - - [18/Feb/2021 15:13:59] "[35m[1mGET /get_ps5 HTTP/1.1[0m" 500 -
[15:14:00] {/usr/local/lib/python3.9/site-packages/werkzeug/_internal.py:113} INFO - 172.17.0.1 - - [18/Feb/2021 15:14:00] "[35m[1mGET /get_ps5 HTTP/1.1[0m" 500 -
[15:14:00] {/usr/local/lib/python3.9/site-packages/werkzeug/_internal.py:113} INFO - 172.17.0.1 - - [18/Feb/2021 15:14:00] "[35m[1mGET /get_ps5 HTTP/1.1[0m" 500 -
[15:14:01] {/usr/local/lib/python3.9/site-packages/werkzeug/_internal.py:113} INFO - 172.17.0.1 - - [18/Feb/2021 15:14:01] "[35m[1mGET /get_ps5 HTTP/1.1[0m" 500 -
[15:14:01] {/usr/local/lib/python3.9/site-packages/werkzeug/_internal.py:113} INFO - 172.17.0.1 - - [18/Feb/2021 15:14:01] "[35m[1mGET /get_ps5 HTTP/1.1[0m" 500 -
[15:14:01] {/usr/local/lib/python3.9/site-packages/werkzeug/_internal.py:113} INFO - 172.17.0.1 - - [18/Feb/2021 15:14:01] "[35m[1mGET /get_ps5 HTTP/1.1[0m" 500 -
[15:14:01] {/usr/local/lib/python3.9/site-packages/werkzeug/_internal.py:113} INFO - 172.17.0.1 - - [18/Feb/2021 15:14:01] "[35m[1mGET /get_ps5 HTTP/1.1[0m" 500 -
[15:14:02] {/usr/local/lib/python3.9/site-packages/werkzeug/_internal.py:113} INFO - 172.17.0.1 - - [18/Feb/2021 15:14:02] "[35m[1mGET /get_ps5 HTTP/1.1[0m" 500 -
[15:14:02] {/usr/local/lib/python3.9/site-packages/werkzeug/_internal.py:113} INFO - 172.17.0.1 - - [18/Feb/2021 15:14:02] "[35m[1mGET /get_ps5 HTTP/1.1[0m" 500 -
[15:14:03] {/usr/local/lib/python3.9/site-packages/werkzeug/_internal.py:113} INFO - 172.17.0.1 - - [18/Feb/2021 15:14:03] "[35m[1mGET /get_ps5 HTTP/1.1[0m" 500 -
[15:14:03] {/usr/local/lib/python3.9/site-packages/werkzeug/_internal.py:113} INFO - 172.17.0.1 - - [18/Feb/2021 15:14:03] "[35m[1mGET /get_ps5 HTTP/1.1[0m" 500 -
[15:14:03] {/usr/local/lib/python3.9/site-packages/werkzeug/_internal.py:113} INFO - 172.17.0.1 - - [18/Feb/2021 15:14:03] "[35m[1mGET /get_ps5 HTTP/1.1[0m" 500 -
[15:14:04] {/usr/local/lib/python3.9/site-packages/werkzeug/_internal.py:113} INFO - 172.17.0.1 - - [18/Feb/2021 15:14:04] "[35m[1mGET /get_ps5 HTTP/1.1[0m" 500 -
[15:14:04] {/usr/local/lib/python3.9/site-packages/werkzeug/_internal.py:113} INFO - 172.17.0.1 - - [18/Feb/2021 15:14:04] "[35m[1mGET /get_ps5 HTTP/1.1[0m" 500 -
[15:14:04] {/usr/local/lib/python3.9/site-packages/werkzeug/_internal.py:113} INFO - 172.17.0.1 - - [18/Feb/2021 15:14:04] "[35m[1mGET /get_ps5 HTTP/1.1[0m" 500 -
[15:14:05] {/usr/local/lib/python3.9/site-packages/werkzeug/_internal.py:113} INFO - 172.17.0.1 - - [18/Feb/2021 15:14:05] "[35m[1mGET /get_ps5 HTTP/1.1[0m" 500 -
[15:14:05] {/usr/local/lib/python3.9/site-packages/werkzeug/_internal.py:113} INFO - 172.17.0.1 - - [18/Feb/2021 15:14:05] "[35m[1mGET /get_ps5 HTTP/1.1[0m" 500 -
[15:14:05] {/usr/local/lib/python3.9/site-packages/werkzeug/_internal.py:113} INFO - 172.17.0.1 - - [18/Feb/2021 15:14:05] "[35m[1mGET /get_ps5 HTTP/1.1[0m" 500 -
[15:14:06] {/usr/local/lib/python3.9/site-packages/werkzeug/_internal.py:113} INFO - 172.17.0.1 - - [18/Feb/2021 15:14:06] "[35m[1mGET /get_ps5 HTTP/1.1[0m" 500 -
[15:14:06] {/usr/local/lib/python3.9/site-packages/werkzeug/_internal.py:113} INFO - 172.17.0.1 - - [18/Feb/2021 15:14:06] "[35m[1mGET /get_ps5 HTTP/1.1[0m" 500 -
[15:14:07] {/usr/local/lib/python3.9/site-packages/werkzeug/_internal.py:113} INFO - 172.17.0.1 - - [18/Feb/2021 15:14:07] "[35m[1mGET /get_ps5 HTTP/1.1[0m" 500 -
[15:14:07] {/usr/local/lib/python3.9/site-packages/werkzeug/_internal.py:113} INFO - 172.17.0.1 - - [18/Feb/2021 15:14:07] "[35m[1mGET /get_ps5 HTTP/1.1[0m" 500 -
[15:14:07] {/usr/local/lib/python3.9/site-packages/werkzeug/_internal.py:113} INFO - 172.17.0.1 - - [18/Feb/2021 15:14:07] "[35m[1mGET /get_ps5 HTTP/1.1[0m" 500 -
[15:14:08] {/usr/local/lib/python3.9/site-packages/werkzeug/_internal.py:113} INFO - 172.17.0.1 - - [18/Feb/2021 15:14:08] "[35m[1mGET /get_ps5 HTTP/1.1[0m" 500 -
[15:14:08] {/usr/local/lib/python3.9/site-packages/werkzeug/_internal.py:113} INFO - 172.17.0.1 - - [18/Feb/2021 15:14:08] "[35m[1mGET /get_ps5 HTTP/1.1[0m" 500 -
[15:14:08] {/usr/local/lib/python3.9/site-packages/werkzeug/_internal.py:113} INFO - 172.17.0.1 - - [18/Feb/2021 15:14:08] "[35m[1mGET /get_ps5 HTTP/1.1[0m" 500 -
[15:14:09] {/usr/local/lib/python3.9/site-packages/werkzeug/_internal.py:113} INFO - 172.17.0.1 - - [18/Feb/2021 15:14:09] "[35m[1mGET /get_ps5 HTTP/1.1[0m" 500 -
[15:14:09] {/usr/local/lib/python3.9/site-packages/werkzeug/_internal.py:113} INFO - 172.17.0.1 - - [18/Feb/2021 15:14:09] "[35m[1mGET /get_ps5 HTTP/1.1[0m" 500 -
[15:14:09] {/usr/local/lib/python3.9/site-packages/werkzeug/_internal.py:113} INFO - 172.17.0.1 - - [18/Feb/2021 15:14:09] "[35m[1mGET /get_ps5 HTTP/1.1[0m" 500 -
[15:14:10] {/usr/local/lib/python3.9/site-packages/werkzeug/_internal.py:113} INFO - 172.17.0.1 - - [18/Feb/2021 15:14:10] "[35m[1mGET /get_ps5 HTTP/1.1[0m" 500 -
[15:14:11] {/usr/local/lib/python3.9/site-packages/werkzeug/_internal.py:113} INFO - 172.17.0.1 - - [18/Feb/2021 15:14:11] "[35m[1mGET /get_ps5 HTTP/1.1[0m" 500 -
[15:14:11] {/usr/local/lib/python3.9/site-packages/werkzeug/_internal.py:113} INFO - 172.17.0.1 - - [18/Feb/2021 15:14:11] "[35m[1mGET /get_ps5 HTTP/1.1[0m" 500 -
[15:14:12] {/usr/local/lib/python3.9/site-packages/werkzeug/_internal.py:113} INFO - 172.17.0.1 - - [18/Feb/2021 15:14:12] "[35m[1mGET /get_ps5 HTTP/1.1[0m" 500 -
[15:14:12] {/usr/local/lib/python3.9/site-packages/werkzeug/_internal.py:113} INFO - 172.17.0.1 - - [18/Feb/2021 15:14:12] "[35m[1mGET /get_ps5 HTTP/1.1[0m" 500 -
[15:14:13] {/usr/local/lib/python3.9/site-packages/werkzeug/_internal.py:113} INFO - 172.17.0.1 - - [18/Feb/2021 15:14:13] "[35m[1mGET /get_ps5 HTTP/1.1[0m" 500 -
[15:14:13] {/usr/local/lib/python3.9/site-packages/werkzeug/_internal.py:113} INFO - 172.17.0.1 - - [18/Feb/2021 15:14:13] "[35m[1mGET /get_ps5 HTTP/1.1[0m" 500 -
[15:14:13] {/usr/local/lib/python3.9/site-packages/werkzeug/_internal.py:113} INFO - 172.17.0.1 - - [18/Feb/2021 15:14:13] "[35m[1mGET /get_ps5 HTTP/1.1[0m" 500 -
[15:14:14] {/usr/local/lib/python3.9/site-packages/werkzeug/_internal.py:113} INFO - 172.17.0.1 - - [18/Feb/2021 15:14:14] "[35m[1mGET /get_ps5 HTTP/1.1[0m" 500 -
[15:14:14] {/usr/local/lib/python3.9/site-packages/werkzeug/_internal.py:113} INFO - 172.17.0.1 - - [18/Feb/2021 15:14:14] "[35m[1mGET /get_ps5 HTTP/1.1[0m" 500 -
[15:14:15] {/usr/local/lib/python3.9/site-packages/werkzeug/_internal.py:113} INFO - 172.17.0.1 - - [18/Feb/2021 15:14:15] "[35m[1mGET /get_ps5 HTTP/1.1[0m" 500 -
[15:14:15] {/usr/local/lib/python3.9/site-packages/werkzeug/_internal.py:113} INFO - 172.17.0.1 - - [18/Feb/2021 15:14:15] "[35m[1mGET /get_ps5 HTTP/1.1[0m" 500 -
[15:14:15] {/usr/local/lib/python3.9/site-packages/werkzeug/_internal.py:113} INFO - 172.17.0.1 - - [18/Feb/2021 15:14:15] "[35m[1mGET /get_ps5 HTTP/1.1[0m" 500 -
[15:14:15] {/usr/local/lib/python3.9/site-packages/werkzeug/_internal.py:113} INFO - 172.17.0.1 - - [18/Feb/2021 15:14:15] "[35m[1mGET /get_ps5 HTTP/1.1[0m" 500 -
[15:14:16] {/usr/local/lib/python3.9/site-packages/werkzeug/_internal.py:113} INFO - 172.17.0.1 - - [18/Feb/2021 15:14:16] "[35m[1mGET /get_ps5 HTTP/1.1[0m" 500 -
[15:14:16] {/usr/local/lib/python3.9/site-packages/werkzeug/_internal.py:113} INFO - 172.17.0.1 - - [18/Feb/2021 15:14:16] "[35m[1mGET /get_ps5 HTTP/1.1[0m" 500 -
[15:14:16] {/usr/local/lib/python3.9/site-packages/werkzeug/_internal.py:113} INFO - 172.17.0.1 - - [18/Feb/2021 15:14:16] "[35m[1mGET /get_ps5 HTTP/1.1[0m" 500 -
[15:14:17] {/usr/local/lib/python3.9/site-packages/werkzeug/_internal.py:113} INFO - 172.17.0.1 - - [18/Feb/2021 15:14:17] "[35m[1mGET /get_ps5 HTTP/1.1[0m" 500 -
[15:14:17] {/usr/local/lib/python3.9/site-packages/werkzeug/_internal.py:113} INFO - 172.17.0.1 - - [18/Feb/2021 15:14:17] "[35m[1mGET /get_ps5 HTTP/1.1[0m" 500 -
[15:14:17] {/usr/local/lib/python3.9/site-packages/werkzeug/_internal.py:113} INFO - 172.17.0.1 - - [18/Feb/2021 15:14:17] "[35m[1mGET /get_ps5 HTTP/1.1[0m" 500 -
[15:14:18] {/usr/local/lib/python3.9/site-packages/werkzeug/_internal.py:113} INFO - 172.17.0.1 - - [18/Feb/2021 15:14:18] "[35m[1mGET /get_ps5 HTTP/1.1[0m" 500 -
[15:14:18] {/usr/local/lib/python3.9/site-packages/werkzeug/_internal.py:113} INFO - 172.17.0.1 - - [18/Feb/2021 15:14:18] "[35m[1mGET /get_ps5 HTTP/1.1[0m" 500 -
[15:14:19] {/usr/local/lib/python3.9/site-packages/werkzeug/_internal.py:113} INFO - 172.17.0.1 - - [18/Feb/2021 15:14:19] "[35m[1mGET /get_ps5 HTTP/1.1[0m" 500 -
[15:14:19] {/usr/local/lib/python3.9/site-packages/werkzeug/_internal.py:113} INFO - 172.17.0.1 - - [18/Feb/2021 15:14:19] "[35m[1mGET /get_ps5 HTTP/1.1[0m" 500 -
[15:14:19] {/usr/local/lib/python3.9/site-packages/werkzeug/_internal.py:113} INFO - 172.17.0.1 - - [18/Feb/2021 15:14:19] "[35m[1mGET /get_ps5 HTTP/1.1[0m" 500 -
[15:14:20] {/usr/local/lib/python3.9/site-packages/werkzeug/_internal.py:113} INFO - 172.17.0.1 - - [18/Feb/2021 15:14:20] "[35m[1mGET /get_ps5 HTTP/1.1[0m" 500 -
[15:14:20] {/usr/local/lib/python3.9/site-packages/werkzeug/_internal.py:113} INFO - 172.17.0.1 - - [18/Feb/2021 15:14:20] "[35m[1mGET /get_ps5 HTTP/1.1[0m" 500 -
[15:14:21] {/usr/local/lib/python3.9/site-packages/werkzeug/_internal.py:113} INFO - 172.17.0.1 - - [18/Feb/2021 15:14:21] "[35m[1mGET /get_ps5 HTTP/1.1[0m" 500 -
[15:14:21] {/usr/local/lib/python3.9/site-packages/werkzeug/_internal.py:113} INFO - 172.17.0.1 - - [18/Feb/2021 15:14:21] "[35m[1mGET /get_ps5 HTTP/1.1[0m" 500 -
[15:14:21] {/usr/local/lib/python3.9/site-packages/werkzeug/_internal.py:113} INFO - 172.17.0.1 - - [18/Feb/2021 15:14:21] "[35m[1mGET /get_ps5 HTTP/1.1[0m" 500 -
[15:14:21] {/usr/local/lib/python3.9/site-packages/werkzeug/_internal.py:113} INFO - 172.17.0.1 - - [18/Feb/2021 15:14:21] "[35m[1mGET /get_ps5 HTTP/1.1[0m" 500 -
[15:14:22] {/usr/local/lib/python3.9/site-packages/werkzeug/_internal.py:113} INFO - 172.17.0.1 - - [18/Feb/2021 15:14:22] "[35m[1mGET /get_ps5 HTTP/1.1[0m" 500 -
[15:14:22] {/usr/local/lib/python3.9/site-packages/werkzeug/_internal.py:113} INFO - 172.17.0.1 - - [18/Feb/2021 15:14:22] "[35m[1mGET /get_ps5 HTTP/1.1[0m" 500 -
[15:14:22] {/usr/local/lib/python3.9/site-packages/werkzeug/_internal.py:113} INFO - 172.17.0.1 - - [18/Feb/2021 15:14:22] "[35m[1mGET /get_ps5 HTTP/1.1[0m" 500 -
[15:14:23] {/usr/local/lib/python3.9/site-packages/werkzeug/_internal.py:113} INFO - 172.17.0.1 - - [18/Feb/2021 15:14:23] "[35m[1mGET /get_ps5 HTTP/1.1[0m" 500 -
[15:14:23] {/usr/local/lib/python3.9/site-packages/werkzeug/_internal.py:113} INFO - 172.17.0.1 - - [18/Feb/2021 15:14:23] "[35m[1mGET /get_ps5 HTTP/1.1[0m" 500 -
[15:14:24] {/usr/local/lib/python3.9/site-packages/werkzeug/_internal.py:113} INFO - 172.17.0.1 - - [18/Feb/2021 15:14:24] "[35m[1mGET /get_ps5 HTTP/1.1[0m" 500 -
[15:14:24] {/usr/local/lib/python3.9/site-packages/werkzeug/_internal.py:113} INFO - 172.17.0.1 - - [18/Feb/2021 15:14:24] "[35m[1mGET /get_ps5 HTTP/1.1[0m" 500 -
[15:14:25] {/usr/local/lib/python3.9/site-packages/werkzeug/_internal.py:113} INFO - 172.17.0.1 - - [18/Feb/2021 15:14:25] "[35m[1mGET /get_ps5 HTTP/1.1[0m" 500 -
[15:14:25] {/usr/local/lib/python3.9/site-packages/werkzeug/_internal.py:113} INFO - 172.17.0.1 - - [18/Feb/2021 15:14:25] "[35m[1mGET /get_ps5 HTTP/1.1[0m" 500 -
[15:14:25] {/usr/local/lib/python3.9/site-packages/werkzeug/_internal.py:113} INFO - 172.17.0.1 - - [18/Feb/2021 15:14:25] "[35m[1mGET /get_ps5 HTTP/1.1[0m" 500 -
[15:14:26] {/usr/local/lib/python3.9/site-packages/werkzeug/_internal.py:113} INFO - 172.17.0.1 - - [18/Feb/2021 15:14:26] "[35m[1mGET /get_ps5 HTTP/1.1[0m" 500 -
[15:14:26] {/usr/local/lib/python3.9/site-packages/werkzeug/_internal.py:113} INFO - 172.17.0.1 - - [18/Feb/2021 15:14:26] "[35m[1mGET /get_ps5 HTTP/1.1[0m" 500 -
[15:14:26] {/usr/local/lib/python3.9/site-packages/werkzeug/_internal.py:113} INFO - 172.17.0.1 - - [18/Feb/2021 15:14:26] "[35m[1mGET /get_ps5 HTTP/1.1[0m" 500 -
[15:14:27] {/usr/local/lib/python3.9/site-packages/werkzeug/_internal.py:113} INFO - 172.17.0.1 - - [18/Feb/2021 15:14:27] "[35m[1mGET /get_ps5 HTTP/1.1[0m" 500 -
[15:14:27] {/usr/local/lib/python3.9/site-packages/werkzeug/_internal.py:113} INFO - 172.17.0.1 - - [18/Feb/2021 15:14:27] "[35m[1mGET /get_ps5 HTTP/1.1[0m" 500 -
[15:14:28] {/usr/local/lib/python3.9/site-packages/werkzeug/_internal.py:113} INFO - 172.17.0.1 - - [18/Feb/2021 15:14:28] "[35m[1mGET /get_ps5 HTTP/1.1[0m" 500 -
[15:14:28] {/usr/local/lib/python3.9/site-packages/werkzeug/_internal.py:113} INFO - 172.17.0.1 - - [18/Feb/2021 15:14:28] "[35m[1mGET /get_ps5 HTTP/1.1[0m" 500 -
[15:16:42] {/usr/local/lib/python3.9/site-packages/werkzeug/_internal.py:113} INFO - 172.17.0.1 - - [18/Feb/2021 15:16:42] "[37mGET /get_ps5 HTTP/1.1[0m" 200 -
[15:16:43] {/usr/local/lib/python3.9/site-packages/werkzeug/_internal.py:113} INFO - 172.17.0.1 - - [18/Feb/2021 15:16:43] "[37mGET /get_ps5 HTTP/1.1[0m" 200 -
[15:16:44] {/usr/local/lib/python3.9/site-packages/werkzeug/_internal.py:113} INFO - 172.17.0.1 - - [18/Feb/2021 15:16:44] "[37mGET /get_ps5 HTTP/1.1[0m" 200 -
[15:16:44] {/usr/local/lib/python3.9/site-packages/werkzeug/_internal.py:113} INFO - 172.17.0.1 - - [18/Feb/2021 15:16:44] "[37mGET /get_ps5 HTTP/1.1[0m" 200 -
[15:16:45] {/usr/local/lib/python3.9/site-packages/werkzeug/_internal.py:113} INFO - 172.17.0.1 - - [18/Feb/2021 15:16:45] "[37mGET /get_ps5 HTTP/1.1[0m" 200 -
[15:16:56] {/usr/local/lib/python3.9/site-packages/werkzeug/_internal.py:113} INFO - 172.17.0.1 - - [18/Feb/2021 15:16:56] "[37mGET /get_ps5 HTTP/1.1[0m" 200 -
[15:16:57] {/usr/local/lib/python3.9/site-packages/werkzeug/_internal.py:113} INFO - 172.17.0.1 - - [18/Feb/2021 15:16:57] "[37mGET /get_ps5 HTTP/1.1[0m" 200 -
[15:16:58] {/usr/local/lib/python3.9/site-packages/werkzeug/_internal.py:113} INFO - 172.17.0.1 - - [18/Feb/2021 15:16:58] "[37mGET /get_ps5 HTTP/1.1[0m" 200 -
[15:16:59] {/usr/local/lib/python3.9/site-packages/werkzeug/_internal.py:113} INFO - 172.17.0.1 - - [18/Feb/2021 15:16:59] "[37mGET /get_ps5 HTTP/1.1[0m" 200 -
[15:26:51] {/usr/local/lib/python3.9/site-packages/werkzeug/_internal.py:113} INFO -  * Detected change in '/scrapping/app.py', reloading
[15:26:52] {/usr/local/lib/python3.9/site-packages/werkzeug/_internal.py:113} INFO -  * Restarting with stat
[15:26:52] {/scrapping/app.py:17} INFO - script start
[15:26:52] {/scrapping/app.py:18} INFO - Scrapping element of xbox one page with class from url link jeux videos.com
[15:26:52] {/scrapping/app.py:50} INFO - scrapping element ps5 title in page jeux videos.com 
[15:26:52] {/scrapping/app.py:75} INFO - scrapping element pc title in page jeux videos.com 
[15:26:52] {/scrapping/app.py:93} INFO - end of script
[15:26:53] {/usr/local/lib/python3.9/site-packages/werkzeug/_internal.py:113} WARNING -  * Debugger is active!
[15:26:53] {/usr/local/lib/python3.9/site-packages/werkzeug/_internal.py:113} INFO -  * Debugger PIN: 253-768-365
[15:27:00] {/usr/local/lib/python3.9/site-packages/werkzeug/_internal.py:113} INFO -  * Detected change in '/scrapping/app.py', reloading
[15:27:00] {/usr/local/lib/python3.9/site-packages/werkzeug/_internal.py:113} INFO -  * Restarting with stat
[15:27:01] {/scrapping/app.py:17} INFO - script start
[15:27:01] {/scrapping/app.py:18} INFO - Scrapping element of xbox one page with class from url link jeux videos.com
[15:27:01] {/scrapping/app.py:50} INFO - scrapping element ps5 title in page jeux videos.com 
[15:27:01] {/scrapping/app.py:75} INFO - scrapping element pc title in page jeux videos.com 
[15:27:01] {/scrapping/app.py:93} INFO - end of script
[15:27:01] {/usr/local/lib/python3.9/site-packages/werkzeug/_internal.py:113} WARNING -  * Debugger is active!
[15:27:01] {/usr/local/lib/python3.9/site-packages/werkzeug/_internal.py:113} INFO -  * Debugger PIN: 253-768-365
[15:27:04] {/usr/local/lib/python3.9/site-packages/werkzeug/_internal.py:113} INFO -  * Detected change in '/scrapping/app.py', reloading
[15:27:04] {/usr/local/lib/python3.9/site-packages/werkzeug/_internal.py:113} INFO -  * Restarting with stat
[15:27:05] {/scrapping/app.py:17} INFO - script start
[15:27:05] {/scrapping/app.py:18} INFO - Scrapping element of xbox one page with class from url link jeux videos.com
[15:27:05] {/scrapping/app.py:50} INFO - scrapping element ps5 title in page jeux videos.com 
[15:28:51] {/scrapping/app.py:17} INFO - script start
[15:28:51] {/scrapping/app.py:18} INFO - Scrapping element of xbox one page with class from url link jeux videos.com
[15:28:51] {/scrapping/app.py:50} INFO - scrapping element ps5 title in page jeux videos.com 
[15:28:51] {/scrapping/app.py:75} INFO - scrapping element pc title in page jeux videos.com 
[15:28:51] {/scrapping/app.py:93} INFO - end of script
[15:28:51] {/usr/local/lib/python3.9/site-packages/werkzeug/_internal.py:113} INFO -  * Running on http://0.0.0.0:3000/ (Press CTRL+C to quit)
[15:28:51] {/usr/local/lib/python3.9/site-packages/werkzeug/_internal.py:113} INFO -  * Restarting with stat
[15:28:52] {/scrapping/app.py:17} INFO - script start
[15:28:52] {/scrapping/app.py:18} INFO - Scrapping element of xbox one page with class from url link jeux videos.com
[15:28:52] {/scrapping/app.py:50} INFO - scrapping element ps5 title in page jeux videos.com 
[15:28:52] {/scrapping/app.py:75} INFO - scrapping element pc title in page jeux videos.com 
[15:28:52] {/scrapping/app.py:93} INFO - end of script
[15:28:52] {/usr/local/lib/python3.9/site-packages/werkzeug/_internal.py:113} WARNING -  * Debugger is active!
[15:28:52] {/usr/local/lib/python3.9/site-packages/werkzeug/_internal.py:113} INFO -  * Debugger PIN: 253-768-365
[15:29:00] {/usr/local/lib/python3.9/site-packages/werkzeug/_internal.py:113} INFO - 172.17.0.1 - - [18/Feb/2021 15:29:00] "[33mGET /selec_games HTTP/1.1[0m" 404 -
[15:29:04] {/usr/local/lib/python3.9/site-packages/werkzeug/_internal.py:113} INFO - 172.17.0.1 - - [18/Feb/2021 15:29:04] "[35m[1mGET /select_games HTTP/1.1[0m" 500 -
[15:29:04] {/usr/local/lib/python3.9/site-packages/werkzeug/_internal.py:113} INFO - 172.17.0.1 - - [18/Feb/2021 15:29:04] "[37mGET /select_games?__debugger__=yes&cmd=resource&f=style.css HTTP/1.1[0m" 200 -
[15:29:04] {/usr/local/lib/python3.9/site-packages/werkzeug/_internal.py:113} INFO - 172.17.0.1 - - [18/Feb/2021 15:29:04] "[37mGET /select_games?__debugger__=yes&cmd=resource&f=jquery.js HTTP/1.1[0m" 200 -
[15:29:04] {/usr/local/lib/python3.9/site-packages/werkzeug/_internal.py:113} INFO - 172.17.0.1 - - [18/Feb/2021 15:29:04] "[37mGET /select_games?__debugger__=yes&cmd=resource&f=debugger.js HTTP/1.1[0m" 200 -
[15:29:05] {/usr/local/lib/python3.9/site-packages/werkzeug/_internal.py:113} INFO - 172.17.0.1 - - [18/Feb/2021 15:29:05] "[37mGET /select_games?__debugger__=yes&cmd=resource&f=console.png HTTP/1.1[0m" 200 -
[15:29:05] {/usr/local/lib/python3.9/site-packages/werkzeug/_internal.py:113} INFO - 172.17.0.1 - - [18/Feb/2021 15:29:05] "[37mGET /select_games?__debugger__=yes&cmd=resource&f=ubuntu.ttf HTTP/1.1[0m" 200 -
[15:29:05] {/usr/local/lib/python3.9/site-packages/werkzeug/_internal.py:113} INFO - 172.17.0.1 - - [18/Feb/2021 15:29:05] "[37mGET /select_games?__debugger__=yes&cmd=resource&f=console.png HTTP/1.1[0m" 200 -
[15:29:34] {/usr/local/lib/python3.9/site-packages/werkzeug/_internal.py:113} INFO -  * Detected change in '/scrapping/app.py', reloading
[15:29:34] {/usr/local/lib/python3.9/site-packages/werkzeug/_internal.py:113} INFO -  * Restarting with stat
[15:29:34] {/scrapping/app.py:17} INFO - script start
[15:29:34] {/scrapping/app.py:18} INFO - Scrapping element of xbox one page with class from url link jeux videos.com
[15:29:34] {/scrapping/app.py:50} INFO - scrapping element ps5 title in page jeux videos.com 
[15:29:34] {/scrapping/app.py:75} INFO - scrapping element pc title in page jeux videos.com 
[15:29:34] {/scrapping/app.py:93} INFO - end of script
[15:29:34] {/usr/local/lib/python3.9/site-packages/werkzeug/_internal.py:113} WARNING -  * Debugger is active!
[15:29:34] {/usr/local/lib/python3.9/site-packages/werkzeug/_internal.py:113} INFO -  * Debugger PIN: 253-768-365
[15:29:35] {/usr/local/lib/python3.9/site-packages/werkzeug/_internal.py:113} INFO -  * Detected change in '/scrapping/app.py', reloading
[15:29:36] {/usr/local/lib/python3.9/site-packages/werkzeug/_internal.py:113} INFO -  * Restarting with stat
[15:36:45] {/scrapping/app.py:17} INFO - script start
[15:36:45] {/scrapping/app.py:18} INFO - Scrapping element of xbox one page with class from url link jeux videos.com
[15:36:45] {/scrapping/app.py:51} INFO - scrapping element ps5 title in page jeux videos.com 
[15:36:45] {/scrapping/app.py:78} INFO - scrapping element pc title in page jeux videos.com 
[15:36:45] {/scrapping/app.py:96} INFO - end of script
[15:36:45] {/usr/local/lib/python3.9/site-packages/werkzeug/_internal.py:113} INFO -  * Running on http://0.0.0.0:3000/ (Press CTRL+C to quit)
[15:36:45] {/usr/local/lib/python3.9/site-packages/werkzeug/_internal.py:113} INFO -  * Restarting with stat
[15:36:45] {/scrapping/app.py:17} INFO - script start
[15:36:45] {/scrapping/app.py:18} INFO - Scrapping element of xbox one page with class from url link jeux videos.com
[15:36:45] {/scrapping/app.py:51} INFO - scrapping element ps5 title in page jeux videos.com 
[15:36:45] {/scrapping/app.py:78} INFO - scrapping element pc title in page jeux videos.com 
[15:36:45] {/scrapping/app.py:96} INFO - end of script
[15:36:46] {/usr/local/lib/python3.9/site-packages/werkzeug/_internal.py:113} WARNING -  * Debugger is active!
[15:36:46] {/usr/local/lib/python3.9/site-packages/werkzeug/_internal.py:113} INFO -  * Debugger PIN: 253-768-365
[15:36:50] {/usr/local/lib/python3.9/site-packages/werkzeug/_internal.py:113} INFO - 172.17.0.1 - - [18/Feb/2021 15:36:50] "[35m[1mGET /select_games HTTP/1.1[0m" 500 -
[15:36:50] {/usr/local/lib/python3.9/site-packages/werkzeug/_internal.py:113} INFO - 172.17.0.1 - - [18/Feb/2021 15:36:50] "[37mGET /select_games?__debugger__=yes&cmd=resource&f=style.css HTTP/1.1[0m" 200 -
[15:36:51] {/usr/local/lib/python3.9/site-packages/werkzeug/_internal.py:113} INFO - 172.17.0.1 - - [18/Feb/2021 15:36:51] "[37mGET /select_games?__debugger__=yes&cmd=resource&f=jquery.js HTTP/1.1[0m" 200 -
[15:36:51] {/usr/local/lib/python3.9/site-packages/werkzeug/_internal.py:113} INFO - 172.17.0.1 - - [18/Feb/2021 15:36:51] "[37mGET /select_games?__debugger__=yes&cmd=resource&f=debugger.js HTTP/1.1[0m" 200 -
[15:36:51] {/usr/local/lib/python3.9/site-packages/werkzeug/_internal.py:113} INFO - 172.17.0.1 - - [18/Feb/2021 15:36:51] "[37mGET /select_games?__debugger__=yes&cmd=resource&f=console.png HTTP/1.1[0m" 200 -
[15:36:51] {/usr/local/lib/python3.9/site-packages/werkzeug/_internal.py:113} INFO - 172.17.0.1 - - [18/Feb/2021 15:36:51] "[37mGET /select_games?__debugger__=yes&cmd=resource&f=ubuntu.ttf HTTP/1.1[0m" 200 -
[15:36:51] {/usr/local/lib/python3.9/site-packages/werkzeug/_internal.py:113} INFO - 172.17.0.1 - - [18/Feb/2021 15:36:51] "[37mGET /select_games?__debugger__=yes&cmd=resource&f=console.png HTTP/1.1[0m" 200 -
[15:37:17] {/usr/local/lib/python3.9/site-packages/werkzeug/_internal.py:113} INFO -  * Detected change in '/scrapping/app.py', reloading
[15:37:17] {/usr/local/lib/python3.9/site-packages/werkzeug/_internal.py:113} INFO -  * Restarting with stat
[15:37:18] {/scrapping/app.py:17} INFO - script start
[15:37:18] {/scrapping/app.py:18} INFO - Scrapping element of xbox one page with class from url link jeux videos.com
[15:37:18] {/scrapping/app.py:51} INFO - scrapping element ps5 title in page jeux videos.com 
[15:37:18] {/scrapping/app.py:69} INFO - scrapping element pc title in page jeux videos.com 
[15:37:18] {/scrapping/app.py:87} INFO - end of script
[15:37:18] {/usr/local/lib/python3.9/site-packages/werkzeug/_internal.py:113} WARNING -  * Debugger is active!
[15:37:18] {/usr/local/lib/python3.9/site-packages/werkzeug/_internal.py:113} INFO -  * Debugger PIN: 253-768-365
[15:37:20] {/usr/local/lib/python3.9/site-packages/werkzeug/_internal.py:113} INFO -  * Detected change in '/scrapping/app.py', reloading
[15:37:20] {/usr/local/lib/python3.9/site-packages/werkzeug/_internal.py:113} INFO -  * Restarting with stat
[15:37:21] {/scrapping/app.py:17} INFO - script start
[15:37:21] {/scrapping/app.py:18} INFO - Scrapping element of xbox one page with class from url link jeux videos.com
[15:37:21] {/scrapping/app.py:51} INFO - scrapping element ps5 title in page jeux videos.com 
[15:37:21] {/scrapping/app.py:68} INFO - scrapping element pc title in page jeux videos.com 
[15:37:21] {/scrapping/app.py:86} INFO - end of script
[15:37:21] {/usr/local/lib/python3.9/site-packages/werkzeug/_internal.py:113} WARNING -  * Debugger is active!
[15:37:21] {/usr/local/lib/python3.9/site-packages/werkzeug/_internal.py:113} INFO -  * Debugger PIN: 253-768-365
[15:37:27] {/usr/local/lib/python3.9/site-packages/werkzeug/_internal.py:113} INFO -  * Detected change in '/scrapping/app.py', reloading
[15:37:27] {/usr/local/lib/python3.9/site-packages/werkzeug/_internal.py:113} INFO -  * Restarting with stat
[15:37:28] {/scrapping/app.py:17} INFO - script start
[15:37:28] {/scrapping/app.py:18} INFO - Scrapping element of xbox one page with class from url link jeux videos.com
[15:37:28] {/scrapping/app.py:51} INFO - scrapping element ps5 title in page jeux videos.com 
[15:37:28] {/scrapping/app.py:68} INFO - scrapping element pc title in page jeux videos.com 
[15:37:28] {/scrapping/app.py:86} INFO - end of script
[15:37:28] {/usr/local/lib/python3.9/site-packages/werkzeug/_internal.py:113} WARNING -  * Debugger is active!
[15:37:28] {/usr/local/lib/python3.9/site-packages/werkzeug/_internal.py:113} INFO -  * Debugger PIN: 253-768-365
[15:37:30] {/usr/local/lib/python3.9/site-packages/werkzeug/_internal.py:113} INFO -  * Detected change in '/scrapping/app.py', reloading
[15:37:30] {/usr/local/lib/python3.9/site-packages/werkzeug/_internal.py:113} INFO -  * Restarting with stat
[15:37:30] {/scrapping/app.py:17} INFO - script start
[15:37:30] {/scrapping/app.py:18} INFO - Scrapping element of xbox one page with class from url link jeux videos.com
[15:37:30] {/scrapping/app.py:51} INFO - scrapping element ps5 title in page jeux videos.com 
[15:37:30] {/scrapping/app.py:68} INFO - scrapping element pc title in page jeux videos.com 
[15:37:30] {/scrapping/app.py:86} INFO - end of script
[15:37:30] {/usr/local/lib/python3.9/site-packages/werkzeug/_internal.py:113} WARNING -  * Debugger is active!
[15:37:30] {/usr/local/lib/python3.9/site-packages/werkzeug/_internal.py:113} INFO -  * Debugger PIN: 253-768-365
[15:37:31] {/usr/local/lib/python3.9/site-packages/werkzeug/_internal.py:113} INFO -  * Detected change in '/scrapping/app.py', reloading
[15:37:31] {/usr/local/lib/python3.9/site-packages/werkzeug/_internal.py:113} INFO -  * Restarting with stat
[15:37:32] {/scrapping/app.py:17} INFO - script start
[15:37:32] {/scrapping/app.py:18} INFO - Scrapping element of xbox one page with class from url link jeux videos.com
[15:37:32] {/scrapping/app.py:51} INFO - scrapping element ps5 title in page jeux videos.com 
[15:37:32] {/scrapping/app.py:68} INFO - scrapping element pc title in page jeux videos.com 
[15:37:32] {/scrapping/app.py:86} INFO - end of script
[15:37:32] {/usr/local/lib/python3.9/site-packages/werkzeug/_internal.py:113} WARNING -  * Debugger is active!
[15:37:32] {/usr/local/lib/python3.9/site-packages/werkzeug/_internal.py:113} INFO -  * Debugger PIN: 253-768-365
[15:37:37] {/usr/local/lib/python3.9/site-packages/werkzeug/_internal.py:113} INFO -  * Detected change in '/scrapping/app.py', reloading
[15:37:37] {/usr/local/lib/python3.9/site-packages/werkzeug/_internal.py:113} INFO -  * Restarting with stat
[15:37:38] {/scrapping/app.py:17} INFO - script start
[15:37:38] {/scrapping/app.py:18} INFO - Scrapping element of xbox one page with class from url link jeux videos.com
[15:37:38] {/scrapping/app.py:51} INFO - scrapping element ps5 title in page jeux videos.com 
[15:39:20] {/scrapping/app.py:17} INFO - script start
[15:39:20] {/scrapping/app.py:18} INFO - Scrapping element of xbox one page with class from url link jeux videos.com
[15:39:20] {/scrapping/app.py:51} INFO - scrapping element ps5 title in page jeux videos.com 
[15:39:20] {/scrapping/app.py:69} INFO - scrapping element pc title in page jeux videos.com 
[15:39:20] {/scrapping/app.py:87} INFO - end of script
[15:39:20] {/usr/local/lib/python3.9/site-packages/werkzeug/_internal.py:113} INFO -  * Running on http://0.0.0.0:3000/ (Press CTRL+C to quit)
[15:39:20] {/usr/local/lib/python3.9/site-packages/werkzeug/_internal.py:113} INFO -  * Restarting with stat
[15:39:21] {/scrapping/app.py:17} INFO - script start
[15:39:21] {/scrapping/app.py:18} INFO - Scrapping element of xbox one page with class from url link jeux videos.com
[15:39:21] {/scrapping/app.py:51} INFO - scrapping element ps5 title in page jeux videos.com 
[15:39:21] {/scrapping/app.py:69} INFO - scrapping element pc title in page jeux videos.com 
[15:39:21] {/scrapping/app.py:87} INFO - end of script
[15:39:21] {/usr/local/lib/python3.9/site-packages/werkzeug/_internal.py:113} WARNING -  * Debugger is active!
[15:39:21] {/usr/local/lib/python3.9/site-packages/werkzeug/_internal.py:113} INFO -  * Debugger PIN: 253-768-365
[15:39:22] {/usr/local/lib/python3.9/site-packages/werkzeug/_internal.py:113} INFO - 172.17.0.1 - - [18/Feb/2021 15:39:22] "[37mGET /get_ps5 HTTP/1.1[0m" 200 -
[15:41:15] {/usr/local/lib/python3.9/site-packages/werkzeug/_internal.py:113} INFO -  * Detected change in '/scrapping/app.py', reloading
[15:41:15] {/usr/local/lib/python3.9/site-packages/werkzeug/_internal.py:113} INFO -  * Restarting with stat
.py:69} INFO - scrapping element pc title in page jeux videos.com 
[16:39:48] {app.py:87} INFO - end of script
[16:39:48] {/Library/Frameworks/Python.framework/Versions/3.8/lib/python3.8/site-packages/werkzeug/_internal.py:113} INFO -  * Running on http://0.0.0.0:3000/ (Press CTRL+C to quit)
[16:39:48] {/Library/Frameworks/Python.framework/Versions/3.8/lib/python3.8/site-packages/werkzeug/_internal.py:113} INFO -  * Restarting with stat
[16:39:48] {/Users/farouk/Documents/simplon/amine/scrapping/app.py:17} INFO - script start
[16:39:48] {/Users/farouk/Documents/simplon/amine/scrapping/app.py:18} INFO - Scrapping element of xbox one page with class from url link jeux videos.com
[16:39:48] {/Users/farouk/Documents/simplon/amine/scrapping/app.py:51} INFO - scrapping element ps5 title in page jeux videos.com 
[16:39:48] {/Users/farouk/Documents/simplon/amine/scrapping/app.py:69} INFO - scrapping element pc title in page jeux videos.com 
[16:39:48] {/Users/farouk/Documents/simplon/amine/scrapping/app.py:87} INFO - end of script
[16:39:49] {/Library/Frameworks/Python.framework/Versions/3.8/lib/python3.8/site-packages/werkzeug/_internal.py:113} WARNING -  * Debugger is active!
[16:39:49] {/Library/Frameworks/Python.framework/Versions/3.8/lib/python3.8/site-packages/werkzeug/_internal.py:113} INFO -  * Debugger PIN: 269-784-912
[16:41:15] {/Library/Frameworks/Python.framework/Versions/3.8/lib/python3.8/site-packages/werkzeug/_internal.py:113} INFO -  * Detected change in '/Users/farouk/Documents/simplon/amine/scrapping/app.py', reloading
[16:41:15] {/Library/Frameworks/Python.framework/Versions/3.8/lib/python3.8/site-packages/werkzeug/_internal.py:113} INFO -  * Restarting with stat
[15:41:17] {/scrapping/app.py:17} INFO - script start
[15:41:17] {/scrapping/app.py:18} INFO - Scrapping element of xbox one page with class from url link jeux videos.com
[15:41:17] {/scrapping/app.py:51} INFO - scrapping element ps5 title in page jeux videos.com 
[15:41:17] {/scrapping/app.py:68} INFO - scrapping element pc title in page jeux videos.com 
[15:41:17] {/scrapping/app.py:86} INFO - end of script
[15:41:17] {/usr/local/lib/python3.9/site-packages/werkzeug/_internal.py:113} WARNING -  * Debugger is active!
[15:41:17] {/usr/local/lib/python3.9/site-packages/werkzeug/_internal.py:113} INFO -  * Debugger PIN: 253-768-365
[15:41:17] {/usr/local/lib/python3.9/site-packages/werkzeug/_internal.py:113} INFO - 172.17.0.1 - - [18/Feb/2021 15:41:17] "[37mGET /get_ps5 HTTP/1.1[0m" 200 -
[15:59:02] {/usr/local/lib/python3.9/site-packages/werkzeug/_internal.py:113} INFO - 172.17.0.1 - - [18/Feb/2021 15:59:02] "[37mGET /get_ps5 HTTP/1.1[0m" 200 -
[15:59:03] {/usr/local/lib/python3.9/site-packages/werkzeug/_internal.py:113} INFO - 172.17.0.1 - - [18/Feb/2021 15:59:03] "[37mGET /get_ps5 HTTP/1.1[0m" 200 -
[15:59:04] {/usr/local/lib/python3.9/site-packages/werkzeug/_internal.py:113} INFO - 172.17.0.1 - - [18/Feb/2021 15:59:04] "[37mGET /get_ps5 HTTP/1.1[0m" 200 -
[15:59:04] {/usr/local/lib/python3.9/site-packages/werkzeug/_internal.py:113} INFO - 172.17.0.1 - - [18/Feb/2021 15:59:04] "[37mGET /get_ps5 HTTP/1.1[0m" 200 -
[15:59:05] {/usr/local/lib/python3.9/site-packages/werkzeug/_internal.py:113} INFO - 172.17.0.1 - - [18/Feb/2021 15:59:05] "[37mGET /get_ps5 HTTP/1.1[0m" 200 -
[15:59:06] {/usr/local/lib/python3.9/site-packages/werkzeug/_internal.py:113} INFO - 172.17.0.1 - - [18/Feb/2021 15:59:06] "[37mGET /get_ps5 HTTP/1.1[0m" 200 -
[15:59:09] {/usr/local/lib/python3.9/site-packages/werkzeug/_internal.py:113} INFO - 172.17.0.1 - - [18/Feb/2021 15:59:09] "[37mGET /get_ps5 HTTP/1.1[0m" 200 -
[15:59:10] {/usr/local/lib/python3.9/site-packages/werkzeug/_internal.py:113} INFO - 172.17.0.1 - - [18/Feb/2021 15:59:10] "[37mGET /get_ps5 HTTP/1.1[0m" 200 -
[15:59:10] {/usr/local/lib/python3.9/site-packages/werkzeug/_internal.py:113} INFO - 172.17.0.1 - - [18/Feb/2021 15:59:10] "[37mGET /get_ps5 HTTP/1.1[0m" 200 -
[15:59:12] {/usr/local/lib/python3.9/site-packages/werkzeug/_internal.py:113} INFO - 172.17.0.1 - - [18/Feb/2021 15:59:12] "[37mGET /get_ps5 HTTP/1.1[0m" 200 -
[15:59:13] {/usr/local/lib/python3.9/site-packages/werkzeug/_internal.py:113} INFO - 172.17.0.1 - - [18/Feb/2021 15:59:13] "[37mGET /get_ps5 HTTP/1.1[0m" 200 -
[15:59:13] {/usr/local/lib/python3.9/site-packages/werkzeug/_internal.py:113} INFO - 172.17.0.1 - - [18/Feb/2021 15:59:13] "[37mGET /get_ps5 HTTP/1.1[0m" 200 -
[15:59:14] {/usr/local/lib/python3.9/site-packages/werkzeug/_internal.py:113} INFO - 172.17.0.1 - - [18/Feb/2021 15:59:14] "[37mGET /get_ps5 HTTP/1.1[0m" 200 -
[15:59:15] {/usr/local/lib/python3.9/site-packages/werkzeug/_internal.py:113} INFO - 172.17.0.1 - - [18/Feb/2021 15:59:15] "[37mGET /get_ps5 HTTP/1.1[0m" 200 -
[15:59:16] {/usr/local/lib/python3.9/site-packages/werkzeug/_internal.py:113} INFO - 172.17.0.1 - - [18/Feb/2021 15:59:16] "[37mGET /get_ps5 HTTP/1.1[0m" 200 -
[15:59:17] {/usr/local/lib/python3.9/site-packages/werkzeug/_internal.py:113} INFO - 172.17.0.1 - - [18/Feb/2021 15:59:17] "[37mGET /get_ps5 HTTP/1.1[0m" 200 -
[15:59:17] {/usr/local/lib/python3.9/site-packages/werkzeug/_internal.py:113} INFO - 172.17.0.1 - - [18/Feb/2021 15:59:17] "[37mGET /get_ps5 HTTP/1.1[0m" 200 -
[15:59:18] {/usr/local/lib/python3.9/site-packages/werkzeug/_internal.py:113} INFO - 172.17.0.1 - - [18/Feb/2021 15:59:18] "[37mGET /get_ps5 HTTP/1.1[0m" 200 -
[15:59:19] {/usr/local/lib/python3.9/site-packages/werkzeug/_internal.py:113} INFO - 172.17.0.1 - - [18/Feb/2021 15:59:19] "[37mGET /get_ps5 HTTP/1.1[0m" 200 -
[15:59:20] {/usr/local/lib/python3.9/site-packages/werkzeug/_internal.py:113} INFO - 172.17.0.1 - - [18/Feb/2021 15:59:20] "[37mGET /get_ps5 HTTP/1.1[0m" 200 -
[15:59:21] {/usr/local/lib/python3.9/site-packages/werkzeug/_internal.py:113} INFO - 172.17.0.1 - - [18/Feb/2021 15:59:21] "[37mGET /get_ps5 HTTP/1.1[0m" 200 -
[15:59:22] {/usr/local/lib/python3.9/site-packages/werkzeug/_internal.py:113} INFO - 172.17.0.1 - - [18/Feb/2021 15:59:22] "[37mGET /get_ps5 HTTP/1.1[0m" 200 -
[15:59:23] {/usr/local/lib/python3.9/site-packages/werkzeug/_internal.py:113} INFO - 172.17.0.1 - - [18/Feb/2021 15:59:23] "[37mGET /get_ps5 HTTP/1.1[0m" 200 -
[15:59:24] {/usr/local/lib/python3.9/site-packages/werkzeug/_internal.py:113} INFO - 172.17.0.1 - - [18/Feb/2021 15:59:24] "[37mGET /get_ps5 HTTP/1.1[0m" 200 -
[15:59:24] {/usr/local/lib/python3.9/site-packages/werkzeug/_internal.py:113} INFO - 172.17.0.1 - - [18/Feb/2021 15:59:24] "[37mGET /get_ps5 HTTP/1.1[0m" 200 -
[15:59:25] {/usr/local/lib/python3.9/site-packages/werkzeug/_internal.py:113} INFO - 172.17.0.1 - - [18/Feb/2021 15:59:25] "[37mGET /get_ps5 HTTP/1.1[0m" 200 -
[15:59:26] {/usr/local/lib/python3.9/site-packages/werkzeug/_internal.py:113} INFO - 172.17.0.1 - - [18/Feb/2021 15:59:26] "[37mGET /get_ps5 HTTP/1.1[0m" 200 -
[15:59:27] {/usr/local/lib/python3.9/site-packages/werkzeug/_internal.py:113} INFO - 172.17.0.1 - - [18/Feb/2021 15:59:27] "[37mGET /get_ps5 HTTP/1.1[0m" 200 -
[15:59:27] {/usr/local/lib/python3.9/site-packages/werkzeug/_internal.py:113} INFO - 172.17.0.1 - - [18/Feb/2021 15:59:27] "[37mGET /get_ps5 HTTP/1.1[0m" 200 -
[15:59:28] {/usr/local/lib/python3.9/site-packages/werkzeug/_internal.py:113} INFO - 172.17.0.1 - - [18/Feb/2021 15:59:28] "[37mGET /get_ps5 HTTP/1.1[0m" 200 -
[15:59:29] {/usr/local/lib/python3.9/site-packages/werkzeug/_internal.py:113} INFO - 172.17.0.1 - - [18/Feb/2021 15:59:29] "[37mGET /get_ps5 HTTP/1.1[0m" 200 -
[15:59:30] {/usr/local/lib/python3.9/site-packages/werkzeug/_internal.py:113} INFO - 172.17.0.1 - - [18/Feb/2021 15:59:30] "[37mGET /get_ps5 HTTP/1.1[0m" 200 -
[15:59:30] {/usr/local/lib/python3.9/site-packages/werkzeug/_internal.py:113} INFO - 172.17.0.1 - - [18/Feb/2021 15:59:30] "[37mGET /get_ps5 HTTP/1.1[0m" 200 -
[15:59:31] {/usr/local/lib/python3.9/site-packages/werkzeug/_internal.py:113} INFO - 172.17.0.1 - - [18/Feb/2021 15:59:31] "[37mGET /get_ps5 HTTP/1.1[0m" 200 -
[15:59:32] {/usr/local/lib/python3.9/site-packages/werkzeug/_internal.py:113} INFO - 172.17.0.1 - - [18/Feb/2021 15:59:32] "[37mGET /get_ps5 HTTP/1.1[0m" 200 -
[15:59:33] {/usr/local/lib/python3.9/site-packages/werkzeug/_internal.py:113} INFO - 172.17.0.1 - - [18/Feb/2021 15:59:33] "[37mGET /get_ps5 HTTP/1.1[0m" 200 -
[15:59:34] {/usr/local/lib/python3.9/site-packages/werkzeug/_internal.py:113} INFO - 172.17.0.1 - - [18/Feb/2021 15:59:34] "[37mGET /get_ps5 HTTP/1.1[0m" 200 -
[15:59:34] {/usr/local/lib/python3.9/site-packages/werkzeug/_internal.py:113} INFO - 172.17.0.1 - - [18/Feb/2021 15:59:34] "[37mGET /get_ps5 HTTP/1.1[0m" 200 -
[15:59:35] {/usr/local/lib/python3.9/site-packages/werkzeug/_internal.py:113} INFO - 172.17.0.1 - - [18/Feb/2021 15:59:35] "[37mGET /get_ps5 HTTP/1.1[0m" 200 -
[15:59:36] {/usr/local/lib/python3.9/site-packages/werkzeug/_internal.py:113} INFO - 172.17.0.1 - - [18/Feb/2021 15:59:36] "[37mGET /get_ps5 HTTP/1.1[0m" 200 -
[15:59:36] {/usr/local/lib/python3.9/site-packages/werkzeug/_internal.py:113} INFO - 172.17.0.1 - - [18/Feb/2021 15:59:36] "[37mGET /get_ps5 HTTP/1.1[0m" 200 -
[15:59:37] {/usr/local/lib/python3.9/site-packages/werkzeug/_internal.py:113} INFO - 172.17.0.1 - - [18/Feb/2021 15:59:37] "[37mGET /get_ps5 HTTP/1.1[0m" 200 -
[15:59:38] {/usr/local/lib/python3.9/site-packages/werkzeug/_internal.py:113} INFO - 172.17.0.1 - - [18/Feb/2021 15:59:38] "[37mGET /get_ps5 HTTP/1.1[0m" 200 -
[15:59:39] {/usr/local/lib/python3.9/site-packages/werkzeug/_internal.py:113} INFO - 172.17.0.1 - - [18/Feb/2021 15:59:39] "[37mGET /get_ps5 HTTP/1.1[0m" 200 -
[15:59:39] {/usr/local/lib/python3.9/site-packages/werkzeug/_internal.py:113} INFO - 172.17.0.1 - - [18/Feb/2021 15:59:39] "[37mGET /get_ps5 HTTP/1.1[0m" 200 -
[15:59:40] {/usr/local/lib/python3.9/site-packages/werkzeug/_internal.py:113} INFO - 172.17.0.1 - - [18/Feb/2021 15:59:40] "[37mGET /get_ps5 HTTP/1.1[0m" 200 -
[15:59:41] {/usr/local/lib/python3.9/site-packages/werkzeug/_internal.py:113} INFO - 172.17.0.1 - - [18/Feb/2021 15:59:41] "[37mGET /get_ps5 HTTP/1.1[0m" 200 -
[15:59:42] {/usr/local/lib/python3.9/site-packages/werkzeug/_internal.py:113} INFO - 172.17.0.1 - - [18/Feb/2021 15:59:42] "[37mGET /get_ps5 HTTP/1.1[0m" 200 -
[15:59:43] {/usr/local/lib/python3.9/site-packages/werkzeug/_internal.py:113} INFO - 172.17.0.1 - - [18/Feb/2021 15:59:43] "[37mGET /get_ps5 HTTP/1.1[0m" 200 -
[15:59:43] {/usr/local/lib/python3.9/site-packages/werkzeug/_internal.py:113} INFO - 172.17.0.1 - - [18/Feb/2021 15:59:43] "[37mGET /get_ps5 HTTP/1.1[0m" 200 -
[15:59:44] {/usr/local/lib/python3.9/site-packages/werkzeug/_internal.py:113} INFO - 172.17.0.1 - - [18/Feb/2021 15:59:44] "[37mGET /get_ps5 HTTP/1.1[0m" 200 -
[15:59:45] {/usr/local/lib/python3.9/site-packages/werkzeug/_internal.py:113} INFO - 172.17.0.1 - - [18/Feb/2021 15:59:45] "[37mGET /get_ps5 HTTP/1.1[0m" 200 -
[15:59:46] {/usr/local/lib/python3.9/site-packages/werkzeug/_internal.py:113} INFO - 172.17.0.1 - - [18/Feb/2021 15:59:46] "[37mGET /get_ps5 HTTP/1.1[0m" 200 -
[15:59:46] {/usr/local/lib/python3.9/site-packages/werkzeug/_internal.py:113} INFO - 172.17.0.1 - - [18/Feb/2021 15:59:46] "[37mGET /get_ps5 HTTP/1.1[0m" 200 -
[15:59:47] {/usr/local/lib/python3.9/site-packages/werkzeug/_internal.py:113} INFO - 172.17.0.1 - - [18/Feb/2021 15:59:47] "[37mGET /get_ps5 HTTP/1.1[0m" 200 -
[15:59:48] {/usr/local/lib/python3.9/site-packages/werkzeug/_internal.py:113} INFO - 172.17.0.1 - - [18/Feb/2021 15:59:48] "[37mGET /get_ps5 HTTP/1.1[0m" 200 -
[15:59:49] {/usr/local/lib/python3.9/site-packages/werkzeug/_internal.py:113} INFO - 172.17.0.1 - - [18/Feb/2021 15:59:49] "[37mGET /get_ps5 HTTP/1.1[0m" 200 -
[15:59:49] {/usr/local/lib/python3.9/site-packages/werkzeug/_internal.py:113} INFO - 172.17.0.1 - - [18/Feb/2021 15:59:49] "[37mGET /get_ps5 HTTP/1.1[0m" 200 -
[15:59:50] {/usr/local/lib/python3.9/site-packages/werkzeug/_internal.py:113} INFO - 172.17.0.1 - - [18/Feb/2021 15:59:50] "[37mGET /get_ps5 HTTP/1.1[0m" 200 -
[15:59:51] {/usr/local/lib/python3.9/site-packages/werkzeug/_internal.py:113} INFO - 172.17.0.1 - - [18/Feb/2021 15:59:51] "[37mGET /get_ps5 HTTP/1.1[0m" 200 -
[15:59:53] {/usr/local/lib/python3.9/site-packages/werkzeug/_internal.py:113} INFO - 172.17.0.1 - - [18/Feb/2021 15:59:53] "[37mGET /get_ps5 HTTP/1.1[0m" 200 -
[15:59:54] {/usr/local/lib/python3.9/site-packages/werkzeug/_internal.py:113} INFO - 172.17.0.1 - - [18/Feb/2021 15:59:54] "[37mGET /get_ps5 HTTP/1.1[0m" 200 -
[15:59:55] {/usr/local/lib/python3.9/site-packages/werkzeug/_internal.py:113} INFO - 172.17.0.1 - - [18/Feb/2021 15:59:55] "[37mGET /get_ps5 HTTP/1.1[0m" 200 -
[15:59:56] {/usr/local/lib/python3.9/site-packages/werkzeug/_internal.py:113} INFO - 172.17.0.1 - - [18/Feb/2021 15:59:56] "[37mGET /get_ps5 HTTP/1.1[0m" 200 -
[15:59:57] {/usr/local/lib/python3.9/site-packages/werkzeug/_internal.py:113} INFO - 172.17.0.1 - - [18/Feb/2021 15:59:57] "[37mGET /get_ps5 HTTP/1.1[0m" 200 -
[15:59:58] {/usr/local/lib/python3.9/site-packages/werkzeug/_internal.py:113} INFO - 172.17.0.1 - - [18/Feb/2021 15:59:58] "[37mGET /get_ps5 HTTP/1.1[0m" 200 -
[15:59:59] {/usr/local/lib/python3.9/site-packages/werkzeug/_internal.py:113} INFO - 172.17.0.1 - - [18/Feb/2021 15:59:59] "[37mGET /get_ps5 HTTP/1.1[0m" 200 -
[15:59:59] {/usr/local/lib/python3.9/site-packages/werkzeug/_internal.py:113} INFO - 172.17.0.1 - - [18/Feb/2021 15:59:59] "[37mGET /get_ps5 HTTP/1.1[0m" 200 -
[16:00:00] {/usr/local/lib/python3.9/site-packages/werkzeug/_internal.py:113} INFO - 172.17.0.1 - - [18/Feb/2021 16:00:00] "[37mGET /get_ps5 HTTP/1.1[0m" 200 -
[16:00:01] {/usr/local/lib/python3.9/site-packages/werkzeug/_internal.py:113} INFO - 172.17.0.1 - - [18/Feb/2021 16:00:01] "[37mGET /get_ps5 HTTP/1.1[0m" 200 -
[16:00:02] {/usr/local/lib/python3.9/site-packages/werkzeug/_internal.py:113} INFO - 172.17.0.1 - - [18/Feb/2021 16:00:02] "[37mGET /get_ps5 HTTP/1.1[0m" 200 -
[16:00:03] {/usr/local/lib/python3.9/site-packages/werkzeug/_internal.py:113} INFO - 172.17.0.1 - - [18/Feb/2021 16:00:03] "[37mGET /get_ps5 HTTP/1.1[0m" 200 -
[16:00:04] {/usr/local/lib/python3.9/site-packages/werkzeug/_internal.py:113} INFO - 172.17.0.1 - - [18/Feb/2021 16:00:04] "[37mGET /get_ps5 HTTP/1.1[0m" 200 -
[16:00:06] {/usr/local/lib/python3.9/site-packages/werkzeug/_internal.py:113} INFO - 172.17.0.1 - - [18/Feb/2021 16:00:06] "[37mGET /get_ps5 HTTP/1.1[0m" 200 -
[16:00:07] {/usr/local/lib/python3.9/site-packages/werkzeug/_internal.py:113} INFO - 172.17.0.1 - - [18/Feb/2021 16:00:07] "[37mGET /get_ps5 HTTP/1.1[0m" 200 -
[16:00:08] {/usr/local/lib/python3.9/site-packages/werkzeug/_internal.py:113} INFO - 172.17.0.1 - - [18/Feb/2021 16:00:08] "[37mGET /get_ps5 HTTP/1.1[0m" 200 -
[16:00:08] {/usr/local/lib/python3.9/site-packages/werkzeug/_internal.py:113} INFO - 172.17.0.1 - - [18/Feb/2021 16:00:08] "[37mGET /get_ps5 HTTP/1.1[0m" 200 -
[16:00:09] {/usr/local/lib/python3.9/site-packages/werkzeug/_internal.py:113} INFO - 172.17.0.1 - - [18/Feb/2021 16:00:09] "[37mGET /get_ps5 HTTP/1.1[0m" 200 -
[16:00:10] {/usr/local/lib/python3.9/site-packages/werkzeug/_internal.py:113} INFO - 172.17.0.1 - - [18/Feb/2021 16:00:10] "[37mGET /get_ps5 HTTP/1.1[0m" 200 -
[16:00:14] {/usr/local/lib/python3.9/site-packages/werkzeug/_internal.py:113} INFO - 172.17.0.1 - - [18/Feb/2021 16:00:14] "[37mGET /get_ps5 HTTP/1.1[0m" 200 -
[16:00:15] {/usr/local/lib/python3.9/site-packages/werkzeug/_internal.py:113} INFO - 172.17.0.1 - - [18/Feb/2021 16:00:15] "[37mGET /get_ps5 HTTP/1.1[0m" 200 -
[16:00:16] {/usr/local/lib/python3.9/site-packages/werkzeug/_internal.py:113} INFO - 172.17.0.1 - - [18/Feb/2021 16:00:16] "[37mGET /get_ps5 HTTP/1.1[0m" 200 -
[16:00:16] {/usr/local/lib/python3.9/site-packages/werkzeug/_internal.py:113} INFO - 172.17.0.1 - - [18/Feb/2021 16:00:16] "[37mGET /get_ps5 HTTP/1.1[0m" 200 -
[16:00:17] {/usr/local/lib/python3.9/site-packages/werkzeug/_internal.py:113} INFO - 172.17.0.1 - - [18/Feb/2021 16:00:17] "[37mGET /get_ps5 HTTP/1.1[0m" 200 -
[16:00:18] {/usr/local/lib/python3.9/site-packages/werkzeug/_internal.py:113} INFO - 172.17.0.1 - - [18/Feb/2021 16:00:18] "[37mGET /get_ps5 HTTP/1.1[0m" 200 -
[16:00:19] {/usr/local/lib/python3.9/site-packages/werkzeug/_internal.py:113} INFO - 172.17.0.1 - - [18/Feb/2021 16:00:19] "[37mGET /get_ps5 HTTP/1.1[0m" 200 -
[16:00:20] {/usr/local/lib/python3.9/site-packages/werkzeug/_internal.py:113} INFO - 172.17.0.1 - - [18/Feb/2021 16:00:20] "[37mGET /get_ps5 HTTP/1.1[0m" 200 -
[16:00:20] {/usr/local/lib/python3.9/site-packages/werkzeug/_internal.py:113} INFO - 172.17.0.1 - - [18/Feb/2021 16:00:20] "[37mGET /get_ps5 HTTP/1.1[0m" 200 -
[16:00:21] {/usr/local/lib/python3.9/site-packages/werkzeug/_internal.py:113} INFO - 172.17.0.1 - - [18/Feb/2021 16:00:21] "[37mGET /get_ps5 HTTP/1.1[0m" 200 -
[16:00:22] {/usr/local/lib/python3.9/site-packages/werkzeug/_internal.py:113} INFO - 172.17.0.1 - - [18/Feb/2021 16:00:22] "[37mGET /get_ps5 HTTP/1.1[0m" 200 -
[16:00:23] {/usr/local/lib/python3.9/site-packages/werkzeug/_internal.py:113} INFO - 172.17.0.1 - - [18/Feb/2021 16:00:23] "[37mGET /get_ps5 HTTP/1.1[0m" 200 -
[16:00:24] {/usr/local/lib/python3.9/site-packages/werkzeug/_internal.py:113} INFO - 172.17.0.1 - - [18/Feb/2021 16:00:24] "[37mGET /get_ps5 HTTP/1.1[0m" 200 -
[16:00:25] {/usr/local/lib/python3.9/site-packages/werkzeug/_internal.py:113} INFO - 172.17.0.1 - - [18/Feb/2021 16:00:25] "[37mGET /get_ps5 HTTP/1.1[0m" 200 -
[16:00:25] {/usr/local/lib/python3.9/site-packages/werkzeug/_internal.py:113} INFO - 172.17.0.1 - - [18/Feb/2021 16:00:25] "[37mGET /get_ps5 HTTP/1.1[0m" 200 -
[16:00:26] {/usr/local/lib/python3.9/site-packages/werkzeug/_internal.py:113} INFO - 172.17.0.1 - - [18/Feb/2021 16:00:26] "[37mGET /get_ps5 HTTP/1.1[0m" 200 -
[16:00:27] {/usr/local/lib/python3.9/site-packages/werkzeug/_internal.py:113} INFO - 172.17.0.1 - - [18/Feb/2021 16:00:27] "[37mGET /get_ps5 HTTP/1.1[0m" 200 -
[16:00:28] {/usr/local/lib/python3.9/site-packages/werkzeug/_internal.py:113} INFO - 172.17.0.1 - - [18/Feb/2021 16:00:28] "[37mGET /get_ps5 HTTP/1.1[0m" 200 -
[16:00:33] {/usr/local/lib/python3.9/site-packages/werkzeug/_internal.py:113} INFO - 172.17.0.1 - - [18/Feb/2021 16:00:33] "[37mGET /get_ps5 HTTP/1.1[0m" 200 -
[16:00:33] {/usr/local/lib/python3.9/site-packages/werkzeug/_internal.py:113} INFO - 172.17.0.1 - - [18/Feb/2021 16:00:33] "[37mGET /get_ps5 HTTP/1.1[0m" 200 -
[16:00:34] {/usr/local/lib/python3.9/site-packages/werkzeug/_internal.py:113} INFO - 172.17.0.1 - - [18/Feb/2021 16:00:34] "[37mGET /get_ps5 HTTP/1.1[0m" 200 -
[16:00:35] {/usr/local/lib/python3.9/site-packages/werkzeug/_internal.py:113} INFO - 172.17.0.1 - - [18/Feb/2021 16:00:35] "[37mGET /get_ps5 HTTP/1.1[0m" 200 -
[16:00:36] {/usr/local/lib/python3.9/site-packages/werkzeug/_internal.py:113} INFO - 172.17.0.1 - - [18/Feb/2021 16:00:36] "[37mGET /get_ps5 HTTP/1.1[0m" 200 -
[16:00:37] {/usr/local/lib/python3.9/site-packages/werkzeug/_internal.py:113} INFO - 172.17.0.1 - - [18/Feb/2021 16:00:37] "[37mGET /get_ps5 HTTP/1.1[0m" 200 -
[16:00:38] {/usr/local/lib/python3.9/site-packages/werkzeug/_internal.py:113} INFO - 172.17.0.1 - - [18/Feb/2021 16:00:38] "[37mGET /get_ps5 HTTP/1.1[0m" 200 -
[16:00:39] {/usr/local/lib/python3.9/site-packages/werkzeug/_internal.py:113} INFO - 172.17.0.1 - - [18/Feb/2021 16:00:39] "[37mGET /get_ps5 HTTP/1.1[0m" 200 -
[16:00:40] {/usr/local/lib/python3.9/site-packages/werkzeug/_internal.py:113} INFO - 172.17.0.1 - - [18/Feb/2021 16:00:40] "[37mGET /get_ps5 HTTP/1.1[0m" 200 -
[16:00:41] {/usr/local/lib/python3.9/site-packages/werkzeug/_internal.py:113} INFO - 172.17.0.1 - - [18/Feb/2021 16:00:41] "[37mGET /get_ps5 HTTP/1.1[0m" 200 -
[16:00:42] {/usr/local/lib/python3.9/site-packages/werkzeug/_internal.py:113} INFO - 172.17.0.1 - - [18/Feb/2021 16:00:42] "[37mGET /get_ps5 HTTP/1.1[0m" 200 -
[16:00:42] {/usr/local/lib/python3.9/site-packages/werkzeug/_internal.py:113} INFO - 172.17.0.1 - - [18/Feb/2021 16:00:42] "[37mGET /get_ps5 HTTP/1.1[0m" 200 -
[16:00:43] {/usr/local/lib/python3.9/site-packages/werkzeug/_internal.py:113} INFO - 172.17.0.1 - - [18/Feb/2021 16:00:43] "[37mGET /get_ps5 HTTP/1.1[0m" 200 -
[16:00:44] {/usr/local/lib/python3.9/site-packages/werkzeug/_internal.py:113} INFO - 172.17.0.1 - - [18/Feb/2021 16:00:44] "[37mGET /get_ps5 HTTP/1.1[0m" 200 -
[16:00:45] {/usr/local/lib/python3.9/site-packages/werkzeug/_internal.py:113} INFO - 172.17.0.1 - - [18/Feb/2021 16:00:45] "[37mGET /get_ps5 HTTP/1.1[0m" 200 -
[16:00:46] {/usr/local/lib/python3.9/site-packages/werkzeug/_internal.py:113} INFO - 172.17.0.1 - - [18/Feb/2021 16:00:46] "[37mGET /get_ps5 HTTP/1.1[0m" 200 -
[16:00:46] {/usr/local/lib/python3.9/site-packages/werkzeug/_internal.py:113} INFO - 172.17.0.1 - - [18/Feb/2021 16:00:46] "[37mGET /get_ps5 HTTP/1.1[0m" 200 -
[16:00:47] {/usr/local/lib/python3.9/site-packages/werkzeug/_internal.py:113} INFO - 172.17.0.1 - - [18/Feb/2021 16:00:47] "[37mGET /get_ps5 HTTP/1.1[0m" 200 -
[16:00:48] {/usr/local/lib/python3.9/site-packages/werkzeug/_internal.py:113} INFO - 172.17.0.1 - - [18/Feb/2021 16:00:48] "[37mGET /get_ps5 HTTP/1.1[0m" 200 -
[16:00:49] {/usr/local/lib/python3.9/site-packages/werkzeug/_internal.py:113} INFO - 172.17.0.1 - - [18/Feb/2021 16:00:49] "[37mGET /get_ps5 HTTP/1.1[0m" 200 -
[16:00:50] {/usr/local/lib/python3.9/site-packages/werkzeug/_internal.py:113} INFO - 172.17.0.1 - - [18/Feb/2021 16:00:50] "[37mGET /get_ps5 HTTP/1.1[0m" 200 -
[16:00:51] {/usr/local/lib/python3.9/site-packages/werkzeug/_internal.py:113} INFO - 172.17.0.1 - - [18/Feb/2021 16:00:51] "[37mGET /get_ps5 HTTP/1.1[0m" 200 -
[16:00:52] {/usr/local/lib/python3.9/site-packages/werkzeug/_internal.py:113} INFO - 172.17.0.1 - - [18/Feb/2021 16:00:52] "[37mGET /get_ps5 HTTP/1.1[0m" 200 -
[16:00:53] {/usr/local/lib/python3.9/site-packages/werkzeug/_internal.py:113} INFO - 172.17.0.1 - - [18/Feb/2021 16:00:53] "[37mGET /get_ps5 HTTP/1.1[0m" 200 -
[16:00:54] {/usr/local/lib/python3.9/site-packages/werkzeug/_internal.py:113} INFO - 172.17.0.1 - - [18/Feb/2021 16:00:54] "[37mGET /get_ps5 HTTP/1.1[0m" 200 -
[16:00:55] {/usr/local/lib/python3.9/site-packages/werkzeug/_internal.py:113} INFO - 172.17.0.1 - - [18/Feb/2021 16:00:55] "[37mGET /get_ps5 HTTP/1.1[0m" 200 -
[16:00:56] {/usr/local/lib/python3.9/site-packages/werkzeug/_internal.py:113} INFO - 172.17.0.1 - - [18/Feb/2021 16:00:56] "[37mGET /get_ps5 HTTP/1.1[0m" 200 -
[16:00:57] {/usr/local/lib/python3.9/site-packages/werkzeug/_internal.py:113} INFO - 172.17.0.1 - - [18/Feb/2021 16:00:57] "[37mGET /get_ps5 HTTP/1.1[0m" 200 -
[16:00:58] {/usr/local/lib/python3.9/site-packages/werkzeug/_internal.py:113} INFO - 172.17.0.1 - - [18/Feb/2021 16:00:58] "[37mGET /get_ps5 HTTP/1.1[0m" 200 -
[16:00:59] {/usr/local/lib/python3.9/site-packages/werkzeug/_internal.py:113} INFO - 172.17.0.1 - - [18/Feb/2021 16:00:59] "[37mGET /get_ps5 HTTP/1.1[0m" 200 -
[16:00:59] {/usr/local/lib/python3.9/site-packages/werkzeug/_internal.py:113} INFO - 172.17.0.1 - - [18/Feb/2021 16:00:59] "[37mGET /get_ps5 HTTP/1.1[0m" 200 -
[16:01:01] {/usr/local/lib/python3.9/site-packages/werkzeug/_internal.py:113} INFO - 172.17.0.1 - - [18/Feb/2021 16:01:01] "[37mGET /get_ps5 HTTP/1.1[0m" 200 -
[16:01:03] {/usr/local/lib/python3.9/site-packages/werkzeug/_internal.py:113} INFO - 172.17.0.1 - - [18/Feb/2021 16:01:03] "[37mGET /get_ps5 HTTP/1.1[0m" 200 -
[16:01:03] {/usr/local/lib/python3.9/site-packages/werkzeug/_internal.py:113} INFO - 172.17.0.1 - - [18/Feb/2021 16:01:03] "[37mGET /get_ps5 HTTP/1.1[0m" 200 -
[16:01:04] {/usr/local/lib/python3.9/site-packages/werkzeug/_internal.py:113} INFO - 172.17.0.1 - - [18/Feb/2021 16:01:04] "[37mGET /get_ps5 HTTP/1.1[0m" 200 -
[16:01:05] {/usr/local/lib/python3.9/site-packages/werkzeug/_internal.py:113} INFO - 172.17.0.1 - - [18/Feb/2021 16:01:05] "[37mGET /get_ps5 HTTP/1.1[0m" 200 -
[16:01:06] {/usr/local/lib/python3.9/site-packages/werkzeug/_internal.py:113} INFO - 172.17.0.1 - - [18/Feb/2021 16:01:06] "[37mGET /get_ps5 HTTP/1.1[0m" 200 -
[16:01:07] {/usr/local/lib/python3.9/site-packages/werkzeug/_internal.py:113} INFO - 172.17.0.1 - - [18/Feb/2021 16:01:07] "[37mGET /get_ps5 HTTP/1.1[0m" 200 -
[16:01:07] {/usr/local/lib/python3.9/site-packages/werkzeug/_internal.py:113} INFO - 172.17.0.1 - - [18/Feb/2021 16:01:07] "[37mGET /get_ps5 HTTP/1.1[0m" 200 -
[16:01:08] {/usr/local/lib/python3.9/site-packages/werkzeug/_internal.py:113} INFO - 172.17.0.1 - - [18/Feb/2021 16:01:08] "[37mGET /get_ps5 HTTP/1.1[0m" 200 -
[16:01:09] {/usr/local/lib/python3.9/site-packages/werkzeug/_internal.py:113} INFO - 172.17.0.1 - - [18/Feb/2021 16:01:09] "[37mGET /get_ps5 HTTP/1.1[0m" 200 -
[16:01:10] {/usr/local/lib/python3.9/site-packages/werkzeug/_internal.py:113} INFO - 172.17.0.1 - - [18/Feb/2021 16:01:10] "[37mGET /get_ps5 HTTP/1.1[0m" 200 -
[16:01:10] {/usr/local/lib/python3.9/site-packages/werkzeug/_internal.py:113} INFO - 172.17.0.1 - - [18/Feb/2021 16:01:10] "[37mGET /get_ps5 HTTP/1.1[0m" 200 -
[16:01:11] {/usr/local/lib/python3.9/site-packages/werkzeug/_internal.py:113} INFO - 172.17.0.1 - - [18/Feb/2021 16:01:11] "[37mGET /get_ps5 HTTP/1.1[0m" 200 -
[16:01:12] {/usr/local/lib/python3.9/site-packages/werkzeug/_internal.py:113} INFO - 172.17.0.1 - - [18/Feb/2021 16:01:12] "[37mGET /get_ps5 HTTP/1.1[0m" 200 -
[16:01:14] {/usr/local/lib/python3.9/site-packages/werkzeug/_internal.py:113} INFO - 172.17.0.1 - - [18/Feb/2021 16:01:14] "[37mGET /get_ps5 HTTP/1.1[0m" 200 -
[16:01:15] {/usr/local/lib/python3.9/site-packages/werkzeug/_internal.py:113} INFO - 172.17.0.1 - - [18/Feb/2021 16:01:15] "[37mGET /get_ps5 HTTP/1.1[0m" 200 -
[16:01:16] {/usr/local/lib/python3.9/site-packages/werkzeug/_internal.py:113} INFO - 172.17.0.1 - - [18/Feb/2021 16:01:16] "[37mGET /get_ps5 HTTP/1.1[0m" 200 -
[16:01:17] {/usr/local/lib/python3.9/site-packages/werkzeug/_internal.py:113} INFO - 172.17.0.1 - - [18/Feb/2021 16:01:17] "[37mGET /get_ps5 HTTP/1.1[0m" 200 -
[16:01:18] {/usr/local/lib/python3.9/site-packages/werkzeug/_internal.py:113} INFO - 172.17.0.1 - - [18/Feb/2021 16:01:18] "[37mGET /get_ps5 HTTP/1.1[0m" 200 -
[16:01:19] {/usr/local/lib/python3.9/site-packages/werkzeug/_internal.py:113} INFO - 172.17.0.1 - - [18/Feb/2021 16:01:19] "[37mGET /get_ps5 HTTP/1.1[0m" 200 -
[16:01:20] {/usr/local/lib/python3.9/site-packages/werkzeug/_internal.py:113} INFO - 172.17.0.1 - - [18/Feb/2021 16:01:20] "[37mGET /get_ps5 HTTP/1.1[0m" 200 -
[16:01:21] {/usr/local/lib/python3.9/site-packages/werkzeug/_internal.py:113} INFO - 172.17.0.1 - - [18/Feb/2021 16:01:21] "[37mGET /get_ps5 HTTP/1.1[0m" 200 -
[16:01:21] {/usr/local/lib/python3.9/site-packages/werkzeug/_internal.py:113} INFO - 172.17.0.1 - - [18/Feb/2021 16:01:21] "[37mGET /get_ps5 HTTP/1.1[0m" 200 -
[16:01:22] {/usr/local/lib/python3.9/site-packages/werkzeug/_internal.py:113} INFO - 172.17.0.1 - - [18/Feb/2021 16:01:22] "[37mGET /get_ps5 HTTP/1.1[0m" 200 -
[16:01:26] {/usr/local/lib/python3.9/site-packages/werkzeug/_internal.py:113} INFO - 172.17.0.1 - - [18/Feb/2021 16:01:26] "[37mGET /get_ps5 HTTP/1.1[0m" 200 -
[16:01:27] {/usr/local/lib/python3.9/site-packages/werkzeug/_internal.py:113} INFO - 172.17.0.1 - - [18/Feb/2021 16:01:27] "[37mGET /get_ps5 HTTP/1.1[0m" 200 -
[16:01:28] {/usr/local/lib/python3.9/site-packages/werkzeug/_internal.py:113} INFO - 172.17.0.1 - - [18/Feb/2021 16:01:28] "[37mGET /get_ps5 HTTP/1.1[0m" 200 -
[16:01:28] {/usr/local/lib/python3.9/site-packages/werkzeug/_internal.py:113} INFO - 172.17.0.1 - - [18/Feb/2021 16:01:28] "[37mGET /get_ps5 HTTP/1.1[0m" 200 -
[16:01:29] {/usr/local/lib/python3.9/site-packages/werkzeug/_internal.py:113} INFO - 172.17.0.1 - - [18/Feb/2021 16:01:29] "[37mGET /get_ps5 HTTP/1.1[0m" 200 -
[16:01:30] {/usr/local/lib/python3.9/site-packages/werkzeug/_internal.py:113} INFO - 172.17.0.1 - - [18/Feb/2021 16:01:30] "[37mGET /get_ps5 HTTP/1.1[0m" 200 -
[16:01:31] {/usr/local/lib/python3.9/site-packages/werkzeug/_internal.py:113} INFO - 172.17.0.1 - - [18/Feb/2021 16:01:31] "[37mGET /get_ps5 HTTP/1.1[0m" 200 -
[16:01:32] {/usr/local/lib/python3.9/site-packages/werkzeug/_internal.py:113} INFO - 172.17.0.1 - - [18/Feb/2021 16:01:32] "[37mGET /get_ps5 HTTP/1.1[0m" 200 -
[16:01:32] {/usr/local/lib/python3.9/site-packages/werkzeug/_internal.py:113} INFO - 172.17.0.1 - - [18/Feb/2021 16:01:32] "[37mGET /get_ps5 HTTP/1.1[0m" 200 -
[16:01:33] {/usr/local/lib/python3.9/site-packages/werkzeug/_internal.py:113} INFO - 172.17.0.1 - - [18/Feb/2021 16:01:33] "[37mGET /get_ps5 HTTP/1.1[0m" 200 -
[16:01:34] {/usr/local/lib/python3.9/site-packages/werkzeug/_internal.py:113} INFO - 172.17.0.1 - - [18/Feb/2021 16:01:34] "[37mGET /get_ps5 HTTP/1.1[0m" 200 -
[16:01:35] {/usr/local/lib/python3.9/site-packages/werkzeug/_internal.py:113} INFO - 172.17.0.1 - - [18/Feb/2021 16:01:35] "[37mGET /get_ps5 HTTP/1.1[0m" 200 -
[16:01:36] {/usr/local/lib/python3.9/site-packages/werkzeug/_internal.py:113} INFO - 172.17.0.1 - - [18/Feb/2021 16:01:36] "[37mGET /get_ps5 HTTP/1.1[0m" 200 -
[16:01:37] {/usr/local/lib/python3.9/site-packages/werkzeug/_internal.py:113} INFO - 172.17.0.1 - - [18/Feb/2021 16:01:37] "[37mGET /get_ps5 HTTP/1.1[0m" 200 -
[16:01:38] {/usr/local/lib/python3.9/site-packages/werkzeug/_internal.py:113} INFO - 172.17.0.1 - - [18/Feb/2021 16:01:38] "[37mGET /get_ps5 HTTP/1.1[0m" 200 -
[16:01:38] {/usr/local/lib/python3.9/site-packages/werkzeug/_internal.py:113} INFO - 172.17.0.1 - - [18/Feb/2021 16:01:38] "[37mGET /get_ps5 HTTP/1.1[0m" 200 -
[16:01:39] {/usr/local/lib/python3.9/site-packages/werkzeug/_internal.py:113} INFO - 172.17.0.1 - - [18/Feb/2021 16:01:39] "[37mGET /get_ps5 HTTP/1.1[0m" 200 -
[16:01:40] {/usr/local/lib/python3.9/site-packages/werkzeug/_internal.py:113} INFO - 172.17.0.1 - - [18/Feb/2021 16:01:40] "[37mGET /get_ps5 HTTP/1.1[0m" 200 -
[16:01:40] {/usr/local/lib/python3.9/site-packages/werkzeug/_internal.py:113} INFO - 172.17.0.1 - - [18/Feb/2021 16:01:40] "[37mGET /get_ps5 HTTP/1.1[0m" 200 -
[16:01:42] {/usr/local/lib/python3.9/site-packages/werkzeug/_internal.py:113} INFO - 172.17.0.1 - - [18/Feb/2021 16:01:42] "[37mGET /get_ps5 HTTP/1.1[0m" 200 -
[16:01:42] {/usr/local/lib/python3.9/site-packages/werkzeug/_internal.py:113} INFO - 172.17.0.1 - - [18/Feb/2021 16:01:42] "[37mGET /get_ps5 HTTP/1.1[0m" 200 -
[16:01:43] {/usr/local/lib/python3.9/site-packages/werkzeug/_internal.py:113} INFO - 172.17.0.1 - - [18/Feb/2021 16:01:43] "[37mGET /get_ps5 HTTP/1.1[0m" 200 -
[16:01:44] {/usr/local/lib/python3.9/site-packages/werkzeug/_internal.py:113} INFO - 172.17.0.1 - - [18/Feb/2021 16:01:44] "[37mGET /get_ps5 HTTP/1.1[0m" 200 -
[16:01:45] {/usr/local/lib/python3.9/site-packages/werkzeug/_internal.py:113} INFO - 172.17.0.1 - - [18/Feb/2021 16:01:45] "[37mGET /get_ps5 HTTP/1.1[0m" 200 -
[16:01:48] {/usr/local/lib/python3.9/site-packages/werkzeug/_internal.py:113} INFO - 172.17.0.1 - - [18/Feb/2021 16:01:48] "[37mGET /get_ps5 HTTP/1.1[0m" 200 -
[16:01:49] {/usr/local/lib/python3.9/site-packages/werkzeug/_internal.py:113} INFO - 172.17.0.1 - - [18/Feb/2021 16:01:49] "[37mGET /get_ps5 HTTP/1.1[0m" 200 -
[16:01:50] {/usr/local/lib/python3.9/site-packages/werkzeug/_internal.py:113} INFO - 172.17.0.1 - - [18/Feb/2021 16:01:50] "[37mGET /get_ps5 HTTP/1.1[0m" 200 -
[16:01:51] {/usr/local/lib/python3.9/site-packages/werkzeug/_internal.py:113} INFO - 172.17.0.1 - - [18/Feb/2021 16:01:51] "[37mGET /get_ps5 HTTP/1.1[0m" 200 -
[16:01:52] {/usr/local/lib/python3.9/site-packages/werkzeug/_internal.py:113} INFO - 172.17.0.1 - - [18/Feb/2021 16:01:52] "[37mGET /get_ps5 HTTP/1.1[0m" 200 -
[16:01:52] {/usr/local/lib/python3.9/site-packages/werkzeug/_internal.py:113} INFO - 172.17.0.1 - - [18/Feb/2021 16:01:52] "[37mGET /get_ps5 HTTP/1.1[0m" 200 -
[16:01:53] {/usr/local/lib/python3.9/site-packages/werkzeug/_internal.py:113} INFO - 172.17.0.1 - - [18/Feb/2021 16:01:53] "[37mGET /get_ps5 HTTP/1.1[0m" 200 -
[16:01:54] {/usr/local/lib/python3.9/site-packages/werkzeug/_internal.py:113} INFO - 172.17.0.1 - - [18/Feb/2021 16:01:54] "[37mGET /get_ps5 HTTP/1.1[0m" 200 -
[16:01:55] {/usr/local/lib/python3.9/site-packages/werkzeug/_internal.py:113} INFO - 172.17.0.1 - - [18/Feb/2021 16:01:55] "[37mGET /get_ps5 HTTP/1.1[0m" 200 -
[16:01:56] {/usr/local/lib/python3.9/site-packages/werkzeug/_internal.py:113} INFO - 172.17.0.1 - - [18/Feb/2021 16:01:56] "[37mGET /get_ps5 HTTP/1.1[0m" 200 -
[16:01:56] {/usr/local/lib/python3.9/site-packages/werkzeug/_internal.py:113} INFO - 172.17.0.1 - - [18/Feb/2021 16:01:56] "[37mGET /get_ps5 HTTP/1.1[0m" 200 -
[16:01:57] {/usr/local/lib/python3.9/site-packages/werkzeug/_internal.py:113} INFO - 172.17.0.1 - - [18/Feb/2021 16:01:57] "[37mGET /get_ps5 HTTP/1.1[0m" 200 -
[16:01:58] {/usr/local/lib/python3.9/site-packages/werkzeug/_internal.py:113} INFO - 172.17.0.1 - - [18/Feb/2021 16:01:58] "[37mGET /get_ps5 HTTP/1.1[0m" 200 -
[16:01:59] {/usr/local/lib/python3.9/site-packages/werkzeug/_internal.py:113} INFO - 172.17.0.1 - - [18/Feb/2021 16:01:59] "[37mGET /get_ps5 HTTP/1.1[0m" 200 -
[16:02:00] {/usr/local/lib/python3.9/site-packages/werkzeug/_internal.py:113} INFO - 172.17.0.1 - - [18/Feb/2021 16:02:00] "[37mGET /get_ps5 HTTP/1.1[0m" 200 -
[16:02:01] {/usr/local/lib/python3.9/site-packages/werkzeug/_internal.py:113} INFO - 172.17.0.1 - - [18/Feb/2021 16:02:01] "[37mGET /get_ps5 HTTP/1.1[0m" 200 -
[16:02:02] {/usr/local/lib/python3.9/site-packages/werkzeug/_internal.py:113} INFO - 172.17.0.1 - - [18/Feb/2021 16:02:02] "[37mGET /get_ps5 HTTP/1.1[0m" 200 -
[16:02:03] {/usr/local/lib/python3.9/site-packages/werkzeug/_internal.py:113} INFO - 172.17.0.1 - - [18/Feb/2021 16:02:03] "[37mGET /get_ps5 HTTP/1.1[0m" 200 -
[16:02:03] {/usr/local/lib/python3.9/site-packages/werkzeug/_internal.py:113} INFO - 172.17.0.1 - - [18/Feb/2021 16:02:03] "[37mGET /get_ps5 HTTP/1.1[0m" 200 -
[16:02:05] {/usr/local/lib/python3.9/site-packages/werkzeug/_internal.py:113} INFO - 172.17.0.1 - - [18/Feb/2021 16:02:05] "[37mGET /get_ps5 HTTP/1.1[0m" 200 -
[16:02:06] {/usr/local/lib/python3.9/site-packages/werkzeug/_internal.py:113} INFO - 172.17.0.1 - - [18/Feb/2021 16:02:06] "[37mGET /get_ps5 HTTP/1.1[0m" 200 -
[16:02:06] {/usr/local/lib/python3.9/site-packages/werkzeug/_internal.py:113} INFO - 172.17.0.1 - - [18/Feb/2021 16:02:06] "[37mGET /get_ps5 HTTP/1.1[0m" 200 -
[16:02:09] {/usr/local/lib/python3.9/site-packages/werkzeug/_internal.py:113} INFO - 172.17.0.1 - - [18/Feb/2021 16:02:09] "[37mGET /get_ps5 HTTP/1.1[0m" 200 -
[16:02:10] {/usr/local/lib/python3.9/site-packages/werkzeug/_internal.py:113} INFO - 172.17.0.1 - - [18/Feb/2021 16:02:10] "[37mGET /get_ps5 HTTP/1.1[0m" 200 -
[16:02:11] {/usr/local/lib/python3.9/site-packages/werkzeug/_internal.py:113} INFO - 172.17.0.1 - - [18/Feb/2021 16:02:11] "[37mGET /get_ps5 HTTP/1.1[0m" 200 -
[16:02:11] {/usr/local/lib/python3.9/site-packages/werkzeug/_internal.py:113} INFO - 172.17.0.1 - - [18/Feb/2021 16:02:11] "[37mGET /get_ps5 HTTP/1.1[0m" 200 -
[16:02:12] {/usr/local/lib/python3.9/site-packages/werkzeug/_internal.py:113} INFO - 172.17.0.1 - - [18/Feb/2021 16:02:12] "[37mGET /get_ps5 HTTP/1.1[0m" 200 -
[16:02:13] {/usr/local/lib/python3.9/site-packages/werkzeug/_internal.py:113} INFO - 172.17.0.1 - - [18/Feb/2021 16:02:13] "[37mGET /get_ps5 HTTP/1.1[0m" 200 -
[16:02:14] {/usr/local/lib/python3.9/site-packages/werkzeug/_internal.py:113} INFO - 172.17.0.1 - - [18/Feb/2021 16:02:14] "[37mGET /get_ps5 HTTP/1.1[0m" 200 -
[16:02:15] {/usr/local/lib/python3.9/site-packages/werkzeug/_internal.py:113} INFO - 172.17.0.1 - - [18/Feb/2021 16:02:15] "[37mGET /get_ps5 HTTP/1.1[0m" 200 -
[16:02:17] {/usr/local/lib/python3.9/site-packages/werkzeug/_internal.py:113} INFO - 172.17.0.1 - - [18/Feb/2021 16:02:17] "[37mGET /get_ps5 HTTP/1.1[0m" 200 -
[16:02:18] {/usr/local/lib/python3.9/site-packages/werkzeug/_internal.py:113} INFO - 172.17.0.1 - - [18/Feb/2021 16:02:18] "[37mGET /get_ps5 HTTP/1.1[0m" 200 -
[16:02:19] {/usr/local/lib/python3.9/site-packages/werkzeug/_internal.py:113} INFO - 172.17.0.1 - - [18/Feb/2021 16:02:19] "[37mGET /get_ps5 HTTP/1.1[0m" 200 -
[16:02:20] {/usr/local/lib/python3.9/site-packages/werkzeug/_internal.py:113} INFO - 172.17.0.1 - - [18/Feb/2021 16:02:20] "[37mGET /get_ps5 HTTP/1.1[0m" 200 -
[16:02:21] {/usr/local/lib/python3.9/site-packages/werkzeug/_internal.py:113} INFO - 172.17.0.1 - - [18/Feb/2021 16:02:21] "[37mGET /get_ps5 HTTP/1.1[0m" 200 -
[16:02:21] {/usr/local/lib/python3.9/site-packages/werkzeug/_internal.py:113} INFO - 172.17.0.1 - - [18/Feb/2021 16:02:21] "[37mGET /get_ps5 HTTP/1.1[0m" 200 -
[16:02:22] {/usr/local/lib/python3.9/site-packages/werkzeug/_internal.py:113} INFO - 172.17.0.1 - - [18/Feb/2021 16:02:22] "[37mGET /get_ps5 HTTP/1.1[0m" 200 -
[16:02:23] {/usr/local/lib/python3.9/site-packages/werkzeug/_internal.py:113} INFO - 172.17.0.1 - - [18/Feb/2021 16:02:23] "[37mGET /get_ps5 HTTP/1.1[0m" 200 -
[16:02:24] {/usr/local/lib/python3.9/site-packages/werkzeug/_internal.py:113} INFO - 172.17.0.1 - - [18/Feb/2021 16:02:24] "[37mGET /get_ps5 HTTP/1.1[0m" 200 -
[16:02:25] {/usr/local/lib/python3.9/site-packages/werkzeug/_internal.py:113} INFO - 172.17.0.1 - - [18/Feb/2021 16:02:25] "[37mGET /get_ps5 HTTP/1.1[0m" 200 -
[16:02:27] {/usr/local/lib/python3.9/site-packages/werkzeug/_internal.py:113} INFO - 172.17.0.1 - - [18/Feb/2021 16:02:27] "[37mGET /get_ps5 HTTP/1.1[0m" 200 -
[16:02:31] {/usr/local/lib/python3.9/site-packages/werkzeug/_internal.py:113} INFO - 172.17.0.1 - - [18/Feb/2021 16:02:31] "[37mGET /get_ps5 HTTP/1.1[0m" 200 -
[16:02:32] {/usr/local/lib/python3.9/site-packages/werkzeug/_internal.py:113} INFO - 172.17.0.1 - - [18/Feb/2021 16:02:32] "[37mGET /get_ps5 HTTP/1.1[0m" 200 -
[16:02:33] {/usr/local/lib/python3.9/site-packages/werkzeug/_internal.py:113} INFO - 172.17.0.1 - - [18/Feb/2021 16:02:33] "[37mGET /get_ps5 HTTP/1.1[0m" 200 -
[16:02:34] {/usr/local/lib/python3.9/site-packages/werkzeug/_internal.py:113} INFO - 172.17.0.1 - - [18/Feb/2021 16:02:34] "[37mGET /get_ps5 HTTP/1.1[0m" 200 -
[16:02:35] {/usr/local/lib/python3.9/site-packages/werkzeug/_internal.py:113} INFO - 172.17.0.1 - - [18/Feb/2021 16:02:35] "[37mGET /get_ps5 HTTP/1.1[0m" 200 -
[16:02:35] {/usr/local/lib/python3.9/site-packages/werkzeug/_internal.py:113} INFO - 172.17.0.1 - - [18/Feb/2021 16:02:35] "[37mGET /get_ps5 HTTP/1.1[0m" 200 -
[16:02:36] {/usr/local/lib/python3.9/site-packages/werkzeug/_internal.py:113} INFO - 172.17.0.1 - - [18/Feb/2021 16:02:36] "[37mGET /get_ps5 HTTP/1.1[0m" 200 -
[16:02:37] {/usr/local/lib/python3.9/site-packages/werkzeug/_internal.py:113} INFO - 172.17.0.1 - - [18/Feb/2021 16:02:37] "[37mGET /get_ps5 HTTP/1.1[0m" 200 -
[16:02:37] {/usr/local/lib/python3.9/site-packages/werkzeug/_internal.py:113} INFO - 172.17.0.1 - - [18/Feb/2021 16:02:37] "[37mGET /get_ps5 HTTP/1.1[0m" 200 -
[16:02:39] {/usr/local/lib/python3.9/site-packages/werkzeug/_internal.py:113} INFO - 172.17.0.1 - - [18/Feb/2021 16:02:39] "[37mGET /get_ps5 HTTP/1.1[0m" 200 -
[16:02:39] {/usr/local/lib/python3.9/site-packages/werkzeug/_internal.py:113} INFO - 172.17.0.1 - - [18/Feb/2021 16:02:39] "[37mGET /get_ps5 HTTP/1.1[0m" 200 -
[16:02:40] {/usr/local/lib/python3.9/site-packages/werkzeug/_internal.py:113} INFO - 172.17.0.1 - - [18/Feb/2021 16:02:40] "[37mGET /get_ps5 HTTP/1.1[0m" 200 -
[16:02:41] {/usr/local/lib/python3.9/site-packages/werkzeug/_internal.py:113} INFO - 172.17.0.1 - - [18/Feb/2021 16:02:41] "[37mGET /get_ps5 HTTP/1.1[0m" 200 -
[16:02:41] {/usr/local/lib/python3.9/site-packages/werkzeug/_internal.py:113} INFO - 172.17.0.1 - - [18/Feb/2021 16:02:41] "[37mGET /get_ps5 HTTP/1.1[0m" 200 -
[16:02:43] {/usr/local/lib/python3.9/site-packages/werkzeug/_internal.py:113} INFO - 172.17.0.1 - - [18/Feb/2021 16:02:43] "[37mGET /get_ps5 HTTP/1.1[0m" 200 -
[16:02:44] {/usr/local/lib/python3.9/site-packages/werkzeug/_internal.py:113} INFO - 172.17.0.1 - - [18/Feb/2021 16:02:44] "[37mGET /get_ps5 HTTP/1.1[0m" 200 -
[16:02:46] {/usr/local/lib/python3.9/site-packages/werkzeug/_internal.py:113} INFO - 172.17.0.1 - - [18/Feb/2021 16:02:46] "[37mGET /get_ps5 HTTP/1.1[0m" 200 -
[16:02:47] {/usr/local/lib/python3.9/site-packages/werkzeug/_internal.py:113} INFO - 172.17.0.1 - - [18/Feb/2021 16:02:47] "[37mGET /get_ps5 HTTP/1.1[0m" 200 -
[16:02:47] {/usr/local/lib/python3.9/site-packages/werkzeug/_internal.py:113} INFO - 172.17.0.1 - - [18/Feb/2021 16:02:47] "[37mGET /get_ps5 HTTP/1.1[0m" 200 -
[16:02:48] {/usr/local/lib/python3.9/site-packages/werkzeug/_internal.py:113} INFO - 172.17.0.1 - - [18/Feb/2021 16:02:48] "[37mGET /get_ps5 HTTP/1.1[0m" 200 -
[16:02:49] {/usr/local/lib/python3.9/site-packages/werkzeug/_internal.py:113} INFO - 172.17.0.1 - - [18/Feb/2021 16:02:49] "[37mGET /get_ps5 HTTP/1.1[0m" 200 -
[16:02:50] {/usr/local/lib/python3.9/site-packages/werkzeug/_internal.py:113} INFO - 172.17.0.1 - - [18/Feb/2021 16:02:50] "[37mGET /get_ps5 HTTP/1.1[0m" 200 -
[16:02:50] {/usr/local/lib/python3.9/site-packages/werkzeug/_internal.py:113} INFO - 172.17.0.1 - - [18/Feb/2021 16:02:50] "[37mGET /get_ps5 HTTP/1.1[0m" 200 -
[16:02:51] {/usr/local/lib/python3.9/site-packages/werkzeug/_internal.py:113} INFO - 172.17.0.1 - - [18/Feb/2021 16:02:51] "[37mGET /get_ps5 HTTP/1.1[0m" 200 -
[16:02:52] {/usr/local/lib/python3.9/site-packages/werkzeug/_internal.py:113} INFO - 172.17.0.1 - - [18/Feb/2021 16:02:52] "[37mGET /get_ps5 HTTP/1.1[0m" 200 -
[16:02:53] {/usr/local/lib/python3.9/site-packages/werkzeug/_internal.py:113} INFO - 172.17.0.1 - - [18/Feb/2021 16:02:53] "[37mGET /get_ps5 HTTP/1.1[0m" 200 -
[16:02:53] {/usr/local/lib/python3.9/site-packages/werkzeug/_internal.py:113} INFO - 172.17.0.1 - - [18/Feb/2021 16:02:53] "[37mGET /get_ps5 HTTP/1.1[0m" 200 -
[16:02:54] {/usr/local/lib/python3.9/site-packages/werkzeug/_internal.py:113} INFO - 172.17.0.1 - - [18/Feb/2021 16:02:54] "[37mGET /get_ps5 HTTP/1.1[0m" 200 -
[16:02:55] {/usr/local/lib/python3.9/site-packages/werkzeug/_internal.py:113} INFO - 172.17.0.1 - - [18/Feb/2021 16:02:55] "[37mGET /get_ps5 HTTP/1.1[0m" 200 -
[16:02:55] {/usr/local/lib/python3.9/site-packages/werkzeug/_internal.py:113} INFO - 172.17.0.1 - - [18/Feb/2021 16:02:55] "[37mGET /get_ps5 HTTP/1.1[0m" 200 -
[16:02:56] {/usr/local/lib/python3.9/site-packages/werkzeug/_internal.py:113} INFO - 172.17.0.1 - - [18/Feb/2021 16:02:56] "[37mGET /get_ps5 HTTP/1.1[0m" 200 -
[16:02:57] {/usr/local/lib/python3.9/site-packages/werkzeug/_internal.py:113} INFO - 172.17.0.1 - - [18/Feb/2021 16:02:57] "[37mGET /get_ps5 HTTP/1.1[0m" 200 -
[16:02:58] {/usr/local/lib/python3.9/site-packages/werkzeug/_internal.py:113} INFO - 172.17.0.1 - - [18/Feb/2021 16:02:58] "[37mGET /get_ps5 HTTP/1.1[0m" 200 -
[16:02:59] {/usr/local/lib/python3.9/site-packages/werkzeug/_internal.py:113} INFO - 172.17.0.1 - - [18/Feb/2021 16:02:59] "[37mGET /get_ps5 HTTP/1.1[0m" 200 -
[16:03:00] {/usr/local/lib/python3.9/site-packages/werkzeug/_internal.py:113} INFO - 172.17.0.1 - - [18/Feb/2021 16:03:00] "[37mGET /get_ps5 HTTP/1.1[0m" 200 -
[16:03:01] {/usr/local/lib/python3.9/site-packages/werkzeug/_internal.py:113} INFO - 172.17.0.1 - - [18/Feb/2021 16:03:01] "[37mGET /get_ps5 HTTP/1.1[0m" 200 -
[16:03:04] {/usr/local/lib/python3.9/site-packages/werkzeug/_internal.py:113} INFO - 172.17.0.1 - - [18/Feb/2021 16:03:04] "[37mGET /get_ps5 HTTP/1.1[0m" 200 -
[16:03:05] {/usr/local/lib/python3.9/site-packages/werkzeug/_internal.py:113} INFO - 172.17.0.1 - - [18/Feb/2021 16:03:05] "[37mGET /get_ps5 HTTP/1.1[0m" 200 -
[16:03:06] {/usr/local/lib/python3.9/site-packages/werkzeug/_internal.py:113} INFO - 172.17.0.1 - - [18/Feb/2021 16:03:06] "[37mGET /get_ps5 HTTP/1.1[0m" 200 -
[16:03:07] {/usr/local/lib/python3.9/site-packages/werkzeug/_internal.py:113} INFO - 172.17.0.1 - - [18/Feb/2021 16:03:07] "[37mGET /get_ps5 HTTP/1.1[0m" 200 -
[16:03:08] {/usr/local/lib/python3.9/site-packages/werkzeug/_internal.py:113} INFO - 172.17.0.1 - - [18/Feb/2021 16:03:08] "[37mGET /get_ps5 HTTP/1.1[0m" 200 -
[16:03:08] {/usr/local/lib/python3.9/site-packages/werkzeug/_internal.py:113} INFO - 172.17.0.1 - - [18/Feb/2021 16:03:08] "[37mGET /get_ps5 HTTP/1.1[0m" 200 -
[16:03:09] {/usr/local/lib/python3.9/site-packages/werkzeug/_internal.py:113} INFO - 172.17.0.1 - - [18/Feb/2021 16:03:09] "[37mGET /get_ps5 HTTP/1.1[0m" 200 -
[16:03:10] {/usr/local/lib/python3.9/site-packages/werkzeug/_internal.py:113} INFO - 172.17.0.1 - - [18/Feb/2021 16:03:10] "[37mGET /get_ps5 HTTP/1.1[0m" 200 -
[16:03:11] {/usr/local/lib/python3.9/site-packages/werkzeug/_internal.py:113} INFO - 172.17.0.1 - - [18/Feb/2021 16:03:11] "[37mGET /get_ps5 HTTP/1.1[0m" 200 -
[16:03:11] {/usr/local/lib/python3.9/site-packages/werkzeug/_internal.py:113} INFO - 172.17.0.1 - - [18/Feb/2021 16:03:11] "[37mGET /get_ps5 HTTP/1.1[0m" 200 -
[16:03:12] {/usr/local/lib/python3.9/site-packages/werkzeug/_internal.py:113} INFO - 172.17.0.1 - - [18/Feb/2021 16:03:12] "[37mGET /get_ps5 HTTP/1.1[0m" 200 -
[16:03:13] {/usr/local/lib/python3.9/site-packages/werkzeug/_internal.py:113} INFO - 172.17.0.1 - - [18/Feb/2021 16:03:13] "[37mGET /get_ps5 HTTP/1.1[0m" 200 -
[16:03:14] {/usr/local/lib/python3.9/site-packages/werkzeug/_internal.py:113} INFO - 172.17.0.1 - - [18/Feb/2021 16:03:14] "[37mGET /get_ps5 HTTP/1.1[0m" 200 -
[16:03:14] {/usr/local/lib/python3.9/site-packages/werkzeug/_internal.py:113} INFO - 172.17.0.1 - - [18/Feb/2021 16:03:14] "[37mGET /get_ps5 HTTP/1.1[0m" 200 -
[16:03:15] {/usr/local/lib/python3.9/site-packages/werkzeug/_internal.py:113} INFO - 172.17.0.1 - - [18/Feb/2021 16:03:15] "[37mGET /get_ps5 HTTP/1.1[0m" 200 -
[16:03:16] {/usr/local/lib/python3.9/site-packages/werkzeug/_internal.py:113} INFO - 172.17.0.1 - - [18/Feb/2021 16:03:16] "[37mGET /get_ps5 HTTP/1.1[0m" 200 -
[16:03:17] {/usr/local/lib/python3.9/site-packages/werkzeug/_internal.py:113} INFO - 172.17.0.1 - - [18/Feb/2021 16:03:17] "[37mGET /get_ps5 HTTP/1.1[0m" 200 -
[16:03:17] {/usr/local/lib/python3.9/site-packages/werkzeug/_internal.py:113} INFO - 172.17.0.1 - - [18/Feb/2021 16:03:17] "[37mGET /get_ps5 HTTP/1.1[0m" 200 -
[16:03:18] {/usr/local/lib/python3.9/site-packages/werkzeug/_internal.py:113} INFO - 172.17.0.1 - - [18/Feb/2021 16:03:18] "[37mGET /get_ps5 HTTP/1.1[0m" 200 -
[16:03:19] {/usr/local/lib/python3.9/site-packages/werkzeug/_internal.py:113} INFO - 172.17.0.1 - - [18/Feb/2021 16:03:19] "[37mGET /get_ps5 HTTP/1.1[0m" 200 -
[16:03:20] {/usr/local/lib/python3.9/site-packages/werkzeug/_internal.py:113} INFO - 172.17.0.1 - - [18/Feb/2021 16:03:20] "[37mGET /get_ps5 HTTP/1.1[0m" 200 -
[16:03:21] {/usr/local/lib/python3.9/site-packages/werkzeug/_internal.py:113} INFO - 172.17.0.1 - - [18/Feb/2021 16:03:21] "[37mGET /get_ps5 HTTP/1.1[0m" 200 -
[16:03:21] {/usr/local/lib/python3.9/site-packages/werkzeug/_internal.py:113} INFO - 172.17.0.1 - - [18/Feb/2021 16:03:21] "[37mGET /get_ps5 HTTP/1.1[0m" 200 -
[16:03:22] {/usr/local/lib/python3.9/site-packages/werkzeug/_internal.py:113} INFO - 172.17.0.1 - - [18/Feb/2021 16:03:22] "[37mGET /get_ps5 HTTP/1.1[0m" 200 -
[16:03:23] {/usr/local/lib/python3.9/site-packages/werkzeug/_internal.py:113} INFO - 172.17.0.1 - - [18/Feb/2021 16:03:23] "[37mGET /get_ps5 HTTP/1.1[0m" 200 -
[16:03:24] {/usr/local/lib/python3.9/site-packages/werkzeug/_internal.py:113} INFO - 172.17.0.1 - - [18/Feb/2021 16:03:24] "[37mGET /get_ps5 HTTP/1.1[0m" 200 -
[16:03:24] {/usr/local/lib/python3.9/site-packages/werkzeug/_internal.py:113} INFO - 172.17.0.1 - - [18/Feb/2021 16:03:24] "[37mGET /get_ps5 HTTP/1.1[0m" 200 -
[16:03:25] {/usr/local/lib/python3.9/site-packages/werkzeug/_internal.py:113} INFO - 172.17.0.1 - - [18/Feb/2021 16:03:25] "[37mGET /get_ps5 HTTP/1.1[0m" 200 -
[16:03:26] {/usr/local/lib/python3.9/site-packages/werkzeug/_internal.py:113} INFO - 172.17.0.1 - - [18/Feb/2021 16:03:26] "[37mGET /get_ps5 HTTP/1.1[0m" 200 -
[16:03:27] {/usr/local/lib/python3.9/site-packages/werkzeug/_internal.py:113} INFO - 172.17.0.1 - - [18/Feb/2021 16:03:27] "[37mGET /get_ps5 HTTP/1.1[0m" 200 -
[16:03:27] {/usr/local/lib/python3.9/site-packages/werkzeug/_internal.py:113} INFO - 172.17.0.1 - - [18/Feb/2021 16:03:27] "[37mGET /get_ps5 HTTP/1.1[0m" 200 -
[16:03:28] {/usr/local/lib/python3.9/site-packages/werkzeug/_internal.py:113} INFO - 172.17.0.1 - - [18/Feb/2021 16:03:28] "[37mGET /get_ps5 HTTP/1.1[0m" 200 -
[16:03:29] {/usr/local/lib/python3.9/site-packages/werkzeug/_internal.py:113} INFO - 172.17.0.1 - - [18/Feb/2021 16:03:29] "[37mGET /get_ps5 HTTP/1.1[0m" 200 -
[16:03:30] {/usr/local/lib/python3.9/site-packages/werkzeug/_internal.py:113} INFO - 172.17.0.1 - - [18/Feb/2021 16:03:30] "[37mGET /get_ps5 HTTP/1.1[0m" 200 -
[16:03:31] {/usr/local/lib/python3.9/site-packages/werkzeug/_internal.py:113} INFO - 172.17.0.1 - - [18/Feb/2021 16:03:31] "[37mGET /get_ps5 HTTP/1.1[0m" 200 -
[16:03:32] {/usr/local/lib/python3.9/site-packages/werkzeug/_internal.py:113} INFO - 172.17.0.1 - - [18/Feb/2021 16:03:32] "[37mGET /get_ps5 HTTP/1.1[0m" 200 -
[16:03:35] {/usr/local/lib/python3.9/site-packages/werkzeug/_internal.py:113} INFO - 172.17.0.1 - - [18/Feb/2021 16:03:35] "[37mGET /get_ps5 HTTP/1.1[0m" 200 -
[16:03:35] {/usr/local/lib/python3.9/site-packages/werkzeug/_internal.py:113} INFO - 172.17.0.1 - - [18/Feb/2021 16:03:35] "[37mGET /get_ps5 HTTP/1.1[0m" 200 -
[16:03:36] {/usr/local/lib/python3.9/site-packages/werkzeug/_internal.py:113} INFO - 172.17.0.1 - - [18/Feb/2021 16:03:36] "[37mGET /get_ps5 HTTP/1.1[0m" 200 -
[16:03:37] {/usr/local/lib/python3.9/site-packages/werkzeug/_internal.py:113} INFO - 172.17.0.1 - - [18/Feb/2021 16:03:37] "[37mGET /get_ps5 HTTP/1.1[0m" 200 -
[16:03:38] {/usr/local/lib/python3.9/site-packages/werkzeug/_internal.py:113} INFO - 172.17.0.1 - - [18/Feb/2021 16:03:38] "[37mGET /get_ps5 HTTP/1.1[0m" 200 -
[16:03:38] {/usr/local/lib/python3.9/site-packages/werkzeug/_internal.py:113} INFO - 172.17.0.1 - - [18/Feb/2021 16:03:38] "[37mGET /get_ps5 HTTP/1.1[0m" 200 -
[16:03:39] {/usr/local/lib/python3.9/site-packages/werkzeug/_internal.py:113} INFO - 172.17.0.1 - - [18/Feb/2021 16:03:39] "[37mGET /get_ps5 HTTP/1.1[0m" 200 -
[16:03:40] {/usr/local/lib/python3.9/site-packages/werkzeug/_internal.py:113} INFO - 172.17.0.1 - - [18/Feb/2021 16:03:40] "[37mGET /get_ps5 HTTP/1.1[0m" 200 -
[16:03:41] {/usr/local/lib/python3.9/site-packages/werkzeug/_internal.py:113} INFO - 172.17.0.1 - - [18/Feb/2021 16:03:41] "[37mGET /get_ps5 HTTP/1.1[0m" 200 -
[16:08:08] {/usr/local/lib/python3.9/site-packages/werkzeug/_internal.py:113} INFO - 172.17.0.1 - - [18/Feb/2021 16:08:08] "[37mGET /get_ps5?mode=cors HTTP/1.1[0m" 200 -
[16:08:09] {/usr/local/lib/python3.9/site-packages/werkzeug/_internal.py:113} INFO - 172.17.0.1 - - [18/Feb/2021 16:08:09] "[37mGET /get_ps5?mode=cors HTTP/1.1[0m" 200 -
[16:08:14] {/usr/local/lib/python3.9/site-packages/werkzeug/_internal.py:113} INFO - 172.17.0.1 - - [18/Feb/2021 16:08:14] "[37mGET /get_ps5?mode=cors HTTP/1.1[0m" 200 -
[16:08:16] {/usr/local/lib/python3.9/site-packages/werkzeug/_internal.py:113} INFO - 172.17.0.1 - - [18/Feb/2021 16:08:16] "[37mGET /get_ps5?mode=cors HTTP/1.1[0m" 200 -
[16:08:16] {/usr/local/lib/python3.9/site-packages/werkzeug/_internal.py:113} INFO - 172.17.0.1 - - [18/Feb/2021 16:08:16] "[37mGET /get_ps5?mode=cors HTTP/1.1[0m" 200 -
[16:08:17] {/usr/local/lib/python3.9/site-packages/werkzeug/_internal.py:113} INFO - 172.17.0.1 - - [18/Feb/2021 16:08:17] "[37mGET /get_ps5?mode=cors HTTP/1.1[0m" 200 -
[16:08:19] {/usr/local/lib/python3.9/site-packages/werkzeug/_internal.py:113} INFO - 172.17.0.1 - - [18/Feb/2021 16:08:19] "[37mGET /get_ps5?mode=cors HTTP/1.1[0m" 200 -
[16:12:17] {/scrapping/app.py:17} INFO - script start
[16:12:17] {/scrapping/app.py:18} INFO - Scrapping element of xbox one page with class from url link jeux videos.com
[16:12:17] {/scrapping/app.py:51} INFO - scrapping element ps5 title in page jeux videos.com 
[16:12:17] {/scrapping/app.py:68} INFO - scrapping element pc title in page jeux videos.com 
[16:12:17] {/scrapping/app.py:86} INFO - end of script
[16:12:17] {/usr/local/lib/python3.9/site-packages/werkzeug/_internal.py:113} INFO -  * Running on http://0.0.0.0:3000/ (Press CTRL+C to quit)
[16:12:17] {/usr/local/lib/python3.9/site-packages/werkzeug/_internal.py:113} INFO -  * Restarting with stat
[16:12:18] {/scrapping/app.py:17} INFO - script start
[16:12:18] {/scrapping/app.py:18} INFO - Scrapping element of xbox one page with class from url link jeux videos.com
[16:12:18] {/scrapping/app.py:51} INFO - scrapping element ps5 title in page jeux videos.com 
[16:12:18] {/scrapping/app.py:68} INFO - scrapping element pc title in page jeux videos.com 
[16:12:18] {/scrapping/app.py:86} INFO - end of script
[16:12:18] {/usr/local/lib/python3.9/site-packages/werkzeug/_internal.py:113} WARNING -  * Debugger is active!
[16:12:18] {/usr/local/lib/python3.9/site-packages/werkzeug/_internal.py:113} INFO -  * Debugger PIN: 253-768-365
[16:12:29] {/usr/local/lib/python3.9/site-packages/werkzeug/_internal.py:113} INFO - 172.17.0.1 - - [18/Feb/2021 16:12:29] "[37mGET /get_ps5 HTTP/1.1[0m" 200 -
[16:12:33] {/usr/local/lib/python3.9/site-packages/werkzeug/_internal.py:113} INFO - 172.17.0.1 - - [18/Feb/2021 16:12:33] "[37mGET /get_ps5 HTTP/1.1[0m" 200 -
[16:12:34] {/usr/local/lib/python3.9/site-packages/werkzeug/_internal.py:113} INFO - 172.17.0.1 - - [18/Feb/2021 16:12:34] "[37mGET /get_ps5 HTTP/1.1[0m" 200 -
[16:12:35] {/usr/local/lib/python3.9/site-packages/werkzeug/_internal.py:113} INFO - 172.17.0.1 - - [18/Feb/2021 16:12:35] "[37mGET /get_ps5 HTTP/1.1[0m" 200 -
[16:12:36] {/usr/local/lib/python3.9/site-packages/werkzeug/_internal.py:113} INFO - 172.17.0.1 - - [18/Feb/2021 16:12:36] "[37mGET /get_ps5 HTTP/1.1[0m" 200 -
[16:12:36] {/usr/local/lib/python3.9/site-packages/werkzeug/_internal.py:113} INFO - 172.17.0.1 - - [18/Feb/2021 16:12:36] "[37mGET /get_ps5 HTTP/1.1[0m" 200 -
[16:12:37] {/usr/local/lib/python3.9/site-packages/werkzeug/_internal.py:113} INFO - 172.17.0.1 - - [18/Feb/2021 16:12:37] "[37mGET /get_ps5 HTTP/1.1[0m" 200 -
[16:12:38] {/usr/local/lib/python3.9/site-packages/werkzeug/_internal.py:113} INFO - 172.17.0.1 - - [18/Feb/2021 16:12:38] "[37mGET /get_ps5 HTTP/1.1[0m" 200 -
[16:12:39] {/usr/local/lib/python3.9/site-packages/werkzeug/_internal.py:113} INFO - 172.17.0.1 - - [18/Feb/2021 16:12:39] "[37mGET /get_ps5 HTTP/1.1[0m" 200 -
[18:00:36] {/scrapping/app.py:17} INFO - script start
[18:00:36] {/scrapping/app.py:18} INFO - Scrapping element of xbox one page with class from url link jeux videos.com
[18:00:36] {/scrapping/app.py:51} INFO - scrapping element ps5 title in page jeux videos.com 
[18:00:36] {/scrapping/app.py:68} INFO - scrapping element pc title in page jeux videos.com 
[18:00:36] {/scrapping/app.py:85} INFO - end of script
[18:00:36] {/usr/local/lib/python3.9/site-packages/werkzeug/_internal.py:113} INFO -  * Running on http://0.0.0.0:3000/ (Press CTRL+C to quit)
[18:00:36] {/usr/local/lib/python3.9/site-packages/werkzeug/_internal.py:113} INFO -  * Restarting with stat
[18:00:37] {/scrapping/app.py:17} INFO - script start
[18:00:37] {/scrapping/app.py:18} INFO - Scrapping element of xbox one page with class from url link jeux videos.com
[18:00:37] {/scrapping/app.py:51} INFO - scrapping element ps5 title in page jeux videos.com 
[18:00:37] {/scrapping/app.py:68} INFO - scrapping element pc title in page jeux videos.com 
[18:00:37] {/scrapping/app.py:85} INFO - end of script
[18:00:37] {/usr/local/lib/python3.9/site-packages/werkzeug/_internal.py:113} WARNING -  * Debugger is active!
[18:00:37] {/usr/local/lib/python3.9/site-packages/werkzeug/_internal.py:113} INFO -  * Debugger PIN: 536-851-134
[18:00:45] {/usr/local/lib/python3.9/site-packages/werkzeug/_internal.py:113} INFO - 172.17.0.1 - - [18/Feb/2021 18:00:45] "[37mGET /get_ps5 HTTP/1.1[0m" 200 -
[18:00:46] {/usr/local/lib/python3.9/site-packages/werkzeug/_internal.py:113} INFO - 172.17.0.1 - - [18/Feb/2021 18:00:46] "[37mGET /get_ps5 HTTP/1.1[0m" 200 -
[18:00:46] {/usr/local/lib/python3.9/site-packages/werkzeug/_internal.py:113} INFO - 172.17.0.1 - - [18/Feb/2021 18:00:46] "[33mGET /favicon.ico HTTP/1.1[0m" 404 -
[18:04:33] {/usr/local/lib/python3.9/site-packages/werkzeug/_internal.py:113} INFO - 172.17.0.1 - - [18/Feb/2021 18:04:33] "[37mGET /get_ps5 HTTP/1.1[0m" 200 -
[18:04:34] {/usr/local/lib/python3.9/site-packages/werkzeug/_internal.py:113} INFO - 172.17.0.1 - - [18/Feb/2021 18:04:34] "[37mGET /get_ps5 HTTP/1.1[0m" 200 -
[18:04:34] {/usr/local/lib/python3.9/site-packages/werkzeug/_internal.py:113} INFO - 172.17.0.1 - - [18/Feb/2021 18:04:34] "[37mGET /get_ps5 HTTP/1.1[0m" 200 -
[18:04:35] {/usr/local/lib/python3.9/site-packages/werkzeug/_internal.py:113} INFO - 172.17.0.1 - - [18/Feb/2021 18:04:35] "[37mGET /get_ps5 HTTP/1.1[0m" 200 -
[18:04:36] {/usr/local/lib/python3.9/site-packages/werkzeug/_internal.py:113} INFO - 172.17.0.1 - - [18/Feb/2021 18:04:36] "[37mGET /get_ps5 HTTP/1.1[0m" 200 -
[18:04:36] {/usr/local/lib/python3.9/site-packages/werkzeug/_internal.py:113} INFO - 172.17.0.1 - - [18/Feb/2021 18:04:36] "[37mGET /get_ps5 HTTP/1.1[0m" 200 -
[18:04:37] {/usr/local/lib/python3.9/site-packages/werkzeug/_internal.py:113} INFO - 172.17.0.1 - - [18/Feb/2021 18:04:37] "[37mGET /get_ps5 HTTP/1.1[0m" 200 -
[18:04:37] {/usr/local/lib/python3.9/site-packages/werkzeug/_internal.py:113} INFO - 172.17.0.1 - - [18/Feb/2021 18:04:37] "[37mGET /get_ps5 HTTP/1.1[0m" 200 -
[18:04:38] {/usr/local/lib/python3.9/site-packages/werkzeug/_internal.py:113} INFO - 172.17.0.1 - - [18/Feb/2021 18:04:38] "[37mGET /get_ps5 HTTP/1.1[0m" 200 -
[18:04:39] {/usr/local/lib/python3.9/site-packages/werkzeug/_internal.py:113} INFO - 172.17.0.1 - - [18/Feb/2021 18:04:39] "[37mGET /get_ps5 HTTP/1.1[0m" 200 -
[18:04:39] {/usr/local/lib/python3.9/site-packages/werkzeug/_internal.py:113} INFO - 172.17.0.1 - - [18/Feb/2021 18:04:39] "[37mGET /get_ps5 HTTP/1.1[0m" 200 -
[18:04:40] {/usr/local/lib/python3.9/site-packages/werkzeug/_internal.py:113} INFO - 172.17.0.1 - - [18/Feb/2021 18:04:40] "[37mGET /get_ps5 HTTP/1.1[0m" 200 -
[18:04:41] {/usr/local/lib/python3.9/site-packages/werkzeug/_internal.py:113} INFO - 172.17.0.1 - - [18/Feb/2021 18:04:41] "[37mGET /get_ps5 HTTP/1.1[0m" 200 -
[18:04:41] {/usr/local/lib/python3.9/site-packages/werkzeug/_internal.py:113} INFO - 172.17.0.1 - - [18/Feb/2021 18:04:41] "[37mGET /get_ps5 HTTP/1.1[0m" 200 -
[18:04:42] {/usr/local/lib/python3.9/site-packages/werkzeug/_internal.py:113} INFO - 172.17.0.1 - - [18/Feb/2021 18:04:42] "[37mGET /get_ps5 HTTP/1.1[0m" 200 -
[18:04:46] {/usr/local/lib/python3.9/site-packages/werkzeug/_internal.py:113} INFO - 172.17.0.1 - - [18/Feb/2021 18:04:46] "[37mGET /get_ps5 HTTP/1.1[0m" 200 -
[18:04:47] {/usr/local/lib/python3.9/site-packages/werkzeug/_internal.py:113} INFO - 172.17.0.1 - - [18/Feb/2021 18:04:47] "[37mGET /get_ps5 HTTP/1.1[0m" 200 -
[18:04:47] {/usr/local/lib/python3.9/site-packages/werkzeug/_internal.py:113} INFO - 172.17.0.1 - - [18/Feb/2021 18:04:47] "[37mGET /get_ps5 HTTP/1.1[0m" 200 -
[18:04:48] {/usr/local/lib/python3.9/site-packages/werkzeug/_internal.py:113} INFO - 172.17.0.1 - - [18/Feb/2021 18:04:48] "[37mGET /get_ps5 HTTP/1.1[0m" 200 -
[18:04:49] {/usr/local/lib/python3.9/site-packages/werkzeug/_internal.py:113} INFO - 172.17.0.1 - - [18/Feb/2021 18:04:49] "[37mGET /get_ps5 HTTP/1.1[0m" 200 -
[18:04:49] {/usr/local/lib/python3.9/site-packages/werkzeug/_internal.py:113} INFO - 172.17.0.1 - - [18/Feb/2021 18:04:49] "[37mGET /get_ps5 HTTP/1.1[0m" 200 -
[18:04:50] {/usr/local/lib/python3.9/site-packages/werkzeug/_internal.py:113} INFO - 172.17.0.1 - - [18/Feb/2021 18:04:50] "[37mGET /get_ps5 HTTP/1.1[0m" 200 -
[18:04:50] {/usr/local/lib/python3.9/site-packages/werkzeug/_internal.py:113} INFO - 172.17.0.1 - - [18/Feb/2021 18:04:50] "[37mGET /get_ps5 HTTP/1.1[0m" 200 -
[18:04:51] {/usr/local/lib/python3.9/site-packages/werkzeug/_internal.py:113} INFO - 172.17.0.1 - - [18/Feb/2021 18:04:51] "[37mGET /get_ps5 HTTP/1.1[0m" 200 -
[18:04:51] {/usr/local/lib/python3.9/site-packages/werkzeug/_internal.py:113} INFO - 172.17.0.1 - - [18/Feb/2021 18:04:51] "[37mGET /get_ps5 HTTP/1.1[0m" 200 -
[18:04:52] {/usr/local/lib/python3.9/site-packages/werkzeug/_internal.py:113} INFO - 172.17.0.1 - - [18/Feb/2021 18:04:52] "[37mGET /get_ps5 HTTP/1.1[0m" 200 -
[18:04:53] {/usr/local/lib/python3.9/site-packages/werkzeug/_internal.py:113} INFO - 172.17.0.1 - - [18/Feb/2021 18:04:53] "[37mGET /get_ps5 HTTP/1.1[0m" 200 -
[18:04:53] {/usr/local/lib/python3.9/site-packages/werkzeug/_internal.py:113} INFO - 172.17.0.1 - - [18/Feb/2021 18:04:53] "[37mGET /get_ps5 HTTP/1.1[0m" 200 -
[18:04:54] {/usr/local/lib/python3.9/site-packages/werkzeug/_internal.py:113} INFO - 172.17.0.1 - - [18/Feb/2021 18:04:54] "[37mGET /get_ps5 HTTP/1.1[0m" 200 -
[18:04:54] {/usr/local/lib/python3.9/site-packages/werkzeug/_internal.py:113} INFO - 172.17.0.1 - - [18/Feb/2021 18:04:54] "[37mGET /get_ps5 HTTP/1.1[0m" 200 -
[18:04:55] {/usr/local/lib/python3.9/site-packages/werkzeug/_internal.py:113} INFO - 172.17.0.1 - - [18/Feb/2021 18:04:55] "[37mGET /get_ps5 HTTP/1.1[0m" 200 -
[18:04:56] {/usr/local/lib/python3.9/site-packages/werkzeug/_internal.py:113} INFO - 172.17.0.1 - - [18/Feb/2021 18:04:56] "[37mGET /get_ps5 HTTP/1.1[0m" 200 -
[18:04:57] {/usr/local/lib/python3.9/site-packages/werkzeug/_internal.py:113} INFO - 172.17.0.1 - - [18/Feb/2021 18:04:57] "[37mGET /get_ps5 HTTP/1.1[0m" 200 -
[18:04:58] {/usr/local/lib/python3.9/site-packages/werkzeug/_internal.py:113} INFO - 172.17.0.1 - - [18/Feb/2021 18:04:58] "[37mGET /get_ps5 HTTP/1.1[0m" 200 -
[18:04:58] {/usr/local/lib/python3.9/site-packages/werkzeug/_internal.py:113} INFO - 172.17.0.1 - - [18/Feb/2021 18:04:58] "[37mGET /get_ps5 HTTP/1.1[0m" 200 -
[18:04:59] {/usr/local/lib/python3.9/site-packages/werkzeug/_internal.py:113} INFO - 172.17.0.1 - - [18/Feb/2021 18:04:59] "[37mGET /get_ps5 HTTP/1.1[0m" 200 -
[18:05:00] {/usr/local/lib/python3.9/site-packages/werkzeug/_internal.py:113} INFO - 172.17.0.1 - - [18/Feb/2021 18:05:00] "[37mGET /get_ps5 HTTP/1.1[0m" 200 -
[18:05:00] {/usr/local/lib/python3.9/site-packages/werkzeug/_internal.py:113} INFO - 172.17.0.1 - - [18/Feb/2021 18:05:00] "[37mGET /get_ps5 HTTP/1.1[0m" 200 -
[18:05:01] {/usr/local/lib/python3.9/site-packages/werkzeug/_internal.py:113} INFO - 172.17.0.1 - - [18/Feb/2021 18:05:01] "[37mGET /get_ps5 HTTP/1.1[0m" 200 -
[18:05:02] {/usr/local/lib/python3.9/site-packages/werkzeug/_internal.py:113} INFO - 172.17.0.1 - - [18/Feb/2021 18:05:02] "[37mGET /get_ps5 HTTP/1.1[0m" 200 -
[18:05:02] {/usr/local/lib/python3.9/site-packages/werkzeug/_internal.py:113} INFO - 172.17.0.1 - - [18/Feb/2021 18:05:02] "[37mGET /get_ps5 HTTP/1.1[0m" 200 -
[18:05:03] {/usr/local/lib/python3.9/site-packages/werkzeug/_internal.py:113} INFO - 172.17.0.1 - - [18/Feb/2021 18:05:03] "[37mGET /get_ps5 HTTP/1.1[0m" 200 -
[18:08:19] {/usr/local/lib/python3.9/site-packages/werkzeug/_internal.py:113} INFO - 172.17.0.1 - - [18/Feb/2021 18:08:19] "[37mGET /get_ps5 HTTP/1.1[0m" 200 -
[18:08:19] {/usr/local/lib/python3.9/site-packages/werkzeug/_internal.py:113} INFO - 172.17.0.1 - - [18/Feb/2021 18:08:19] "[37mGET /get_ps5 HTTP/1.1[0m" 200 -
[18:08:20] {/usr/local/lib/python3.9/site-packages/werkzeug/_internal.py:113} INFO - 172.17.0.1 - - [18/Feb/2021 18:08:20] "[37mGET /get_ps5 HTTP/1.1[0m" 200 -
[18:08:20] {/usr/local/lib/python3.9/site-packages/werkzeug/_internal.py:113} INFO - 172.17.0.1 - - [18/Feb/2021 18:08:20] "[37mGET /get_ps5 HTTP/1.1[0m" 200 -
[18:08:21] {/usr/local/lib/python3.9/site-packages/werkzeug/_internal.py:113} INFO - 172.17.0.1 - - [18/Feb/2021 18:08:21] "[37mGET /get_ps5 HTTP/1.1[0m" 200 -
[18:08:21] {/usr/local/lib/python3.9/site-packages/werkzeug/_internal.py:113} INFO - 172.17.0.1 - - [18/Feb/2021 18:08:21] "[37mGET /get_ps5 HTTP/1.1[0m" 200 -
[18:08:22] {/usr/local/lib/python3.9/site-packages/werkzeug/_internal.py:113} INFO - 172.17.0.1 - - [18/Feb/2021 18:08:22] "[37mGET /get_ps5 HTTP/1.1[0m" 200 -
[18:08:23] {/usr/local/lib/python3.9/site-packages/werkzeug/_internal.py:113} INFO - 172.17.0.1 - - [18/Feb/2021 18:08:23] "[37mGET /get_ps5 HTTP/1.1[0m" 200 -
[18:08:23] {/usr/local/lib/python3.9/site-packages/werkzeug/_internal.py:113} INFO - 172.17.0.1 - - [18/Feb/2021 18:08:23] "[37mGET /get_ps5 HTTP/1.1[0m" 200 -
[18:08:24] {/usr/local/lib/python3.9/site-packages/werkzeug/_internal.py:113} INFO - 172.17.0.1 - - [18/Feb/2021 18:08:24] "[37mGET /get_ps5 HTTP/1.1[0m" 200 -
[18:08:24] {/usr/local/lib/python3.9/site-packages/werkzeug/_internal.py:113} INFO - 172.17.0.1 - - [18/Feb/2021 18:08:24] "[37mGET /get_ps5 HTTP/1.1[0m" 200 -
[18:08:25] {/usr/local/lib/python3.9/site-packages/werkzeug/_internal.py:113} INFO - 172.17.0.1 - - [18/Feb/2021 18:08:25] "[37mGET /get_ps5 HTTP/1.1[0m" 200 -
[18:08:26] {/usr/local/lib/python3.9/site-packages/werkzeug/_internal.py:113} INFO - 172.17.0.1 - - [18/Feb/2021 18:08:26] "[37mGET /get_ps5 HTTP/1.1[0m" 200 -
[18:08:26] {/usr/local/lib/python3.9/site-packages/werkzeug/_internal.py:113} INFO - 172.17.0.1 - - [18/Feb/2021 18:08:26] "[37mGET /get_ps5 HTTP/1.1[0m" 200 -
[18:08:27] {/usr/local/lib/python3.9/site-packages/werkzeug/_internal.py:113} INFO - 172.17.0.1 - - [18/Feb/2021 18:08:27] "[37mGET /get_ps5 HTTP/1.1[0m" 200 -
[18:08:28] {/usr/local/lib/python3.9/site-packages/werkzeug/_internal.py:113} INFO - 172.17.0.1 - - [18/Feb/2021 18:08:28] "[37mGET /get_ps5 HTTP/1.1[0m" 200 -
[18:08:28] {/usr/local/lib/python3.9/site-packages/werkzeug/_internal.py:113} INFO - 172.17.0.1 - - [18/Feb/2021 18:08:28] "[37mGET /get_ps5 HTTP/1.1[0m" 200 -
[18:08:29] {/usr/local/lib/python3.9/site-packages/werkzeug/_internal.py:113} INFO - 172.17.0.1 - - [18/Feb/2021 18:08:29] "[37mGET /get_ps5 HTTP/1.1[0m" 200 -
[18:08:29] {/usr/local/lib/python3.9/site-packages/werkzeug/_internal.py:113} INFO - 172.17.0.1 - - [18/Feb/2021 18:08:29] "[37mGET /get_ps5 HTTP/1.1[0m" 200 -
[18:08:30] {/usr/local/lib/python3.9/site-packages/werkzeug/_internal.py:113} INFO - 172.17.0.1 - - [18/Feb/2021 18:08:30] "[37mGET /get_ps5 HTTP/1.1[0m" 200 -
[18:08:30] {/usr/local/lib/python3.9/site-packages/werkzeug/_internal.py:113} INFO - 172.17.0.1 - - [18/Feb/2021 18:08:30] "[37mGET /get_ps5 HTTP/1.1[0m" 200 -
[18:08:33] {/usr/local/lib/python3.9/site-packages/werkzeug/_internal.py:113} INFO - 172.17.0.1 - - [18/Feb/2021 18:08:33] "[37mGET /get_ps5 HTTP/1.1[0m" 200 -
[18:08:34] {/usr/local/lib/python3.9/site-packages/werkzeug/_internal.py:113} INFO - 172.17.0.1 - - [18/Feb/2021 18:08:34] "[37mGET /get_ps5 HTTP/1.1[0m" 200 -
[18:08:34] {/usr/local/lib/python3.9/site-packages/werkzeug/_internal.py:113} INFO - 172.17.0.1 - - [18/Feb/2021 18:08:34] "[37mGET /get_ps5 HTTP/1.1[0m" 200 -
[18:08:35] {/usr/local/lib/python3.9/site-packages/werkzeug/_internal.py:113} INFO - 172.17.0.1 - - [18/Feb/2021 18:08:35] "[37mGET /get_ps5 HTTP/1.1[0m" 200 -
[18:08:35] {/usr/local/lib/python3.9/site-packages/werkzeug/_internal.py:113} INFO - 172.17.0.1 - - [18/Feb/2021 18:08:35] "[37mGET /get_ps5 HTTP/1.1[0m" 200 -
[18:08:36] {/usr/local/lib/python3.9/site-packages/werkzeug/_internal.py:113} INFO - 172.17.0.1 - - [18/Feb/2021 18:08:36] "[37mGET /get_ps5 HTTP/1.1[0m" 200 -
[18:08:37] {/usr/local/lib/python3.9/site-packages/werkzeug/_internal.py:113} INFO - 172.17.0.1 - - [18/Feb/2021 18:08:37] "[37mGET /get_ps5 HTTP/1.1[0m" 200 -
[18:08:37] {/usr/local/lib/python3.9/site-packages/werkzeug/_internal.py:113} INFO - 172.17.0.1 - - [18/Feb/2021 18:08:37] "[37mGET /get_ps5 HTTP/1.1[0m" 200 -
[18:08:38] {/usr/local/lib/python3.9/site-packages/werkzeug/_internal.py:113} INFO - 172.17.0.1 - - [18/Feb/2021 18:08:38] "[37mGET /get_ps5 HTTP/1.1[0m" 200 -
[18:08:39] {/usr/local/lib/python3.9/site-packages/werkzeug/_internal.py:113} INFO - 172.17.0.1 - - [18/Feb/2021 18:08:39] "[37mGET /get_ps5 HTTP/1.1[0m" 200 -
[18:08:39] {/usr/local/lib/python3.9/site-packages/werkzeug/_internal.py:113} INFO - 172.17.0.1 - - [18/Feb/2021 18:08:39] "[37mGET /get_ps5 HTTP/1.1[0m" 200 -
[18:08:40] {/usr/local/lib/python3.9/site-packages/werkzeug/_internal.py:113} INFO - 172.17.0.1 - - [18/Feb/2021 18:08:40] "[37mGET /get_ps5 HTTP/1.1[0m" 200 -
[18:08:40] {/usr/local/lib/python3.9/site-packages/werkzeug/_internal.py:113} INFO - 172.17.0.1 - - [18/Feb/2021 18:08:40] "[37mGET /get_ps5 HTTP/1.1[0m" 200 -
[18:08:41] {/usr/local/lib/python3.9/site-packages/werkzeug/_internal.py:113} INFO - 172.17.0.1 - - [18/Feb/2021 18:08:41] "[37mGET /get_ps5 HTTP/1.1[0m" 200 -
[18:08:42] {/usr/local/lib/python3.9/site-packages/werkzeug/_internal.py:113} INFO - 172.17.0.1 - - [18/Feb/2021 18:08:42] "[37mGET /get_ps5 HTTP/1.1[0m" 200 -
[18:08:42] {/usr/local/lib/python3.9/site-packages/werkzeug/_internal.py:113} INFO - 172.17.0.1 - - [18/Feb/2021 18:08:42] "[37mGET /get_ps5 HTTP/1.1[0m" 200 -
[18:08:43] {/usr/local/lib/python3.9/site-packages/werkzeug/_internal.py:113} INFO - 172.17.0.1 - - [18/Feb/2021 18:08:43] "[37mGET /get_ps5 HTTP/1.1[0m" 200 -
[18:08:43] {/usr/local/lib/python3.9/site-packages/werkzeug/_internal.py:113} INFO - 172.17.0.1 - - [18/Feb/2021 18:08:43] "[37mGET /get_ps5 HTTP/1.1[0m" 200 -
[18:08:44] {/usr/local/lib/python3.9/site-packages/werkzeug/_internal.py:113} INFO - 172.17.0.1 - - [18/Feb/2021 18:08:44] "[37mGET /get_ps5 HTTP/1.1[0m" 200 -
[18:08:45] {/usr/local/lib/python3.9/site-packages/werkzeug/_internal.py:113} INFO - 172.17.0.1 - - [18/Feb/2021 18:08:45] "[37mGET /get_ps5 HTTP/1.1[0m" 200 -
[18:08:45] {/usr/local/lib/python3.9/site-packages/werkzeug/_internal.py:113} INFO - 172.17.0.1 - - [18/Feb/2021 18:08:45] "[37mGET /get_ps5 HTTP/1.1[0m" 200 -
[18:08:46] {/usr/local/lib/python3.9/site-packages/werkzeug/_internal.py:113} INFO - 172.17.0.1 - - [18/Feb/2021 18:08:46] "[37mGET /get_ps5 HTTP/1.1[0m" 200 -
[18:08:47] {/usr/local/lib/python3.9/site-packages/werkzeug/_internal.py:113} INFO - 172.17.0.1 - - [18/Feb/2021 18:08:47] "[37mGET /get_ps5 HTTP/1.1[0m" 200 -
[18:08:47] {/usr/local/lib/python3.9/site-packages/werkzeug/_internal.py:113} INFO - 172.17.0.1 - - [18/Feb/2021 18:08:47] "[37mGET /get_ps5 HTTP/1.1[0m" 200 -
[18:08:48] {/usr/local/lib/python3.9/site-packages/werkzeug/_internal.py:113} INFO - 172.17.0.1 - - [18/Feb/2021 18:08:48] "[37mGET /get_ps5 HTTP/1.1[0m" 200 -
[18:08:48] {/usr/local/lib/python3.9/site-packages/werkzeug/_internal.py:113} INFO - 172.17.0.1 - - [18/Feb/2021 18:08:48] "[37mGET /get_ps5 HTTP/1.1[0m" 200 -
[18:08:49] {/usr/local/lib/python3.9/site-packages/werkzeug/_internal.py:113} INFO - 172.17.0.1 - - [18/Feb/2021 18:08:49] "[37mGET /get_ps5 HTTP/1.1[0m" 200 -
[18:08:50] {/usr/local/lib/python3.9/site-packages/werkzeug/_internal.py:113} INFO - 172.17.0.1 - - [18/Feb/2021 18:08:50] "[37mGET /get_ps5 HTTP/1.1[0m" 200 -
[18:08:50] {/usr/local/lib/python3.9/site-packages/werkzeug/_internal.py:113} INFO - 172.17.0.1 - - [18/Feb/2021 18:08:50] "[37mGET /get_ps5 HTTP/1.1[0m" 200 -
[18:08:55] {/usr/local/lib/python3.9/site-packages/werkzeug/_internal.py:113} INFO - 172.17.0.1 - - [18/Feb/2021 18:08:55] "[37mGET /get_ps5 HTTP/1.1[0m" 200 -
[18:11:36] {/scrapping/app.py:17} INFO - script start
[18:11:36] {/scrapping/app.py:18} INFO - Scrapping element of xbox one page with class from url link jeux videos.com
[18:11:36] {/scrapping/app.py:51} INFO - scrapping element ps5 title in page jeux videos.com 
[18:11:36] {/scrapping/app.py:68} INFO - scrapping element pc title in page jeux videos.com 
[18:11:36] {/scrapping/app.py:85} INFO - end of script
[18:11:36] {/usr/local/lib/python3.9/site-packages/werkzeug/_internal.py:113} INFO -  * Running on http://0.0.0.0:3000/ (Press CTRL+C to quit)
[18:11:36] {/usr/local/lib/python3.9/site-packages/werkzeug/_internal.py:113} INFO -  * Restarting with stat
[18:11:36] {/scrapping/app.py:17} INFO - script start
[18:11:36] {/scrapping/app.py:18} INFO - Scrapping element of xbox one page with class from url link jeux videos.com
[18:11:36] {/scrapping/app.py:51} INFO - scrapping element ps5 title in page jeux videos.com 
[18:11:36] {/scrapping/app.py:68} INFO - scrapping element pc title in page jeux videos.com 
[18:11:36] {/scrapping/app.py:85} INFO - end of script
[18:11:36] {/usr/local/lib/python3.9/site-packages/werkzeug/_internal.py:113} WARNING -  * Debugger is active!
[18:11:36] {/usr/local/lib/python3.9/site-packages/werkzeug/_internal.py:113} INFO -  * Debugger PIN: 536-851-134
[18:14:25] {/usr/local/lib/python3.9/site-packages/werkzeug/_internal.py:113} INFO - 172.17.0.1 - - [18/Feb/2021 18:14:25] "[37mGET /get_ps5 HTTP/1.1[0m" 200 -
[18:14:26] {/usr/local/lib/python3.9/site-packages/werkzeug/_internal.py:113} INFO - 172.17.0.1 - - [18/Feb/2021 18:14:26] "[37mGET /get_ps5 HTTP/1.1[0m" 200 -
[18:14:26] {/usr/local/lib/python3.9/site-packages/werkzeug/_internal.py:113} INFO - 172.17.0.1 - - [18/Feb/2021 18:14:26] "[37mGET /get_ps5 HTTP/1.1[0m" 200 -
[18:14:27] {/usr/local/lib/python3.9/site-packages/werkzeug/_internal.py:113} INFO - 172.17.0.1 - - [18/Feb/2021 18:14:27] "[37mGET /get_ps5 HTTP/1.1[0m" 200 -
[18:14:27] {/usr/local/lib/python3.9/site-packages/werkzeug/_internal.py:113} INFO - 172.17.0.1 - - [18/Feb/2021 18:14:27] "[37mGET /get_ps5 HTTP/1.1[0m" 200 -
[18:14:28] {/usr/local/lib/python3.9/site-packages/werkzeug/_internal.py:113} INFO - 172.17.0.1 - - [18/Feb/2021 18:14:28] "[37mGET /get_ps5 HTTP/1.1[0m" 200 -
[18:14:28] {/usr/local/lib/python3.9/site-packages/werkzeug/_internal.py:113} INFO - 172.17.0.1 - - [18/Feb/2021 18:14:28] "[37mGET /get_ps5 HTTP/1.1[0m" 200 -
[18:14:29] {/usr/local/lib/python3.9/site-packages/werkzeug/_internal.py:113} INFO - 172.17.0.1 - - [18/Feb/2021 18:14:29] "[37mGET /get_ps5 HTTP/1.1[0m" 200 -
[18:14:29] {/usr/local/lib/python3.9/site-packages/werkzeug/_internal.py:113} INFO - 172.17.0.1 - - [18/Feb/2021 18:14:29] "[37mGET /get_ps5 HTTP/1.1[0m" 200 -
[18:14:30] {/usr/local/lib/python3.9/site-packages/werkzeug/_internal.py:113} INFO - 172.17.0.1 - - [18/Feb/2021 18:14:30] "[37mGET /get_ps5 HTTP/1.1[0m" 200 -
[18:14:31] {/usr/local/lib/python3.9/site-packages/werkzeug/_internal.py:113} INFO - 172.17.0.1 - - [18/Feb/2021 18:14:31] "[37mGET /get_ps5 HTTP/1.1[0m" 200 -
[18:14:31] {/usr/local/lib/python3.9/site-packages/werkzeug/_internal.py:113} INFO - 172.17.0.1 - - [18/Feb/2021 18:14:31] "[37mGET /get_ps5 HTTP/1.1[0m" 200 -
[18:14:32] {/usr/local/lib/python3.9/site-packages/werkzeug/_internal.py:113} INFO - 172.17.0.1 - - [18/Feb/2021 18:14:32] "[37mGET /get_ps5 HTTP/1.1[0m" 200 -
[18:14:32] {/usr/local/lib/python3.9/site-packages/werkzeug/_internal.py:113} INFO - 172.17.0.1 - - [18/Feb/2021 18:14:32] "[37mGET /get_ps5 HTTP/1.1[0m" 200 -
[18:14:33] {/usr/local/lib/python3.9/site-packages/werkzeug/_internal.py:113} INFO - 172.17.0.1 - - [18/Feb/2021 18:14:33] "[37mGET /get_ps5 HTTP/1.1[0m" 200 -
[18:14:34] {/usr/local/lib/python3.9/site-packages/werkzeug/_internal.py:113} INFO - 172.17.0.1 - - [18/Feb/2021 18:14:34] "[37mGET /get_ps5 HTTP/1.1[0m" 200 -
[18:14:34] {/usr/local/lib/python3.9/site-packages/werkzeug/_internal.py:113} INFO - 172.17.0.1 - - [18/Feb/2021 18:14:34] "[37mGET /get_ps5 HTTP/1.1[0m" 200 -
[18:14:35] {/usr/local/lib/python3.9/site-packages/werkzeug/_internal.py:113} INFO - 172.17.0.1 - - [18/Feb/2021 18:14:35] "[37mGET /get_ps5 HTTP/1.1[0m" 200 -
[18:14:36] {/usr/local/lib/python3.9/site-packages/werkzeug/_internal.py:113} INFO - 172.17.0.1 - - [18/Feb/2021 18:14:36] "[37mGET /get_ps5 HTTP/1.1[0m" 200 -
[18:14:36] {/usr/local/lib/python3.9/site-packages/werkzeug/_internal.py:113} INFO - 172.17.0.1 - - [18/Feb/2021 18:14:36] "[37mGET /get_ps5 HTTP/1.1[0m" 200 -
[18:14:37] {/usr/local/lib/python3.9/site-packages/werkzeug/_internal.py:113} INFO - 172.17.0.1 - - [18/Feb/2021 18:14:37] "[37mGET /get_ps5 HTTP/1.1[0m" 200 -
[18:14:37] {/usr/local/lib/python3.9/site-packages/werkzeug/_internal.py:113} INFO - 172.17.0.1 - - [18/Feb/2021 18:14:37] "[37mGET /get_ps5 HTTP/1.1[0m" 200 -
[18:14:38] {/usr/local/lib/python3.9/site-packages/werkzeug/_internal.py:113} INFO - 172.17.0.1 - - [18/Feb/2021 18:14:38] "[37mGET /get_ps5 HTTP/1.1[0m" 200 -
[18:14:39] {/usr/local/lib/python3.9/site-packages/werkzeug/_internal.py:113} INFO - 172.17.0.1 - - [18/Feb/2021 18:14:39] "[37mGET /get_ps5 HTTP/1.1[0m" 200 -
[18:14:39] {/usr/local/lib/python3.9/site-packages/werkzeug/_internal.py:113} INFO - 172.17.0.1 - - [18/Feb/2021 18:14:39] "[37mGET /get_ps5 HTTP/1.1[0m" 200 -
[18:14:40] {/usr/local/lib/python3.9/site-packages/werkzeug/_internal.py:113} INFO - 172.17.0.1 - - [18/Feb/2021 18:14:40] "[37mGET /get_ps5 HTTP/1.1[0m" 200 -
[18:14:40] {/usr/local/lib/python3.9/site-packages/werkzeug/_internal.py:113} INFO - 172.17.0.1 - - [18/Feb/2021 18:14:40] "[37mGET /get_ps5 HTTP/1.1[0m" 200 -
[18:14:41] {/usr/local/lib/python3.9/site-packages/werkzeug/_internal.py:113} INFO - 172.17.0.1 - - [18/Feb/2021 18:14:41] "[37mGET /get_ps5 HTTP/1.1[0m" 200 -
[18:14:42] {/usr/local/lib/python3.9/site-packages/werkzeug/_internal.py:113} INFO - 172.17.0.1 - - [18/Feb/2021 18:14:42] "[37mGET /get_ps5 HTTP/1.1[0m" 200 -
[18:14:42] {/usr/local/lib/python3.9/site-packages/werkzeug/_internal.py:113} INFO - 172.17.0.1 - - [18/Feb/2021 18:14:42] "[37mGET /get_ps5 HTTP/1.1[0m" 200 -
[18:14:43] {/usr/local/lib/python3.9/site-packages/werkzeug/_internal.py:113} INFO - 172.17.0.1 - - [18/Feb/2021 18:14:43] "[37mGET /get_ps5 HTTP/1.1[0m" 200 -
[18:14:44] {/usr/local/lib/python3.9/site-packages/werkzeug/_internal.py:113} INFO - 172.17.0.1 - - [18/Feb/2021 18:14:44] "[37mGET /get_ps5 HTTP/1.1[0m" 200 -
[18:14:44] {/usr/local/lib/python3.9/site-packages/werkzeug/_internal.py:113} INFO - 172.17.0.1 - - [18/Feb/2021 18:14:44] "[37mGET /get_ps5 HTTP/1.1[0m" 200 -
[18:18:16] {/usr/local/lib/python3.9/site-packages/werkzeug/_internal.py:113} INFO - 172.17.0.1 - - [18/Feb/2021 18:18:16] "[37mOPTIONS /get_ps5 HTTP/1.1[0m" 200 -
[18:18:16] {/usr/local/lib/python3.9/site-packages/werkzeug/_internal.py:113} INFO - 172.17.0.1 - - [18/Feb/2021 18:18:16] "[37mOPTIONS /get_ps5 HTTP/1.1[0m" 200 -
[18:18:16] {/usr/local/lib/python3.9/site-packages/werkzeug/_internal.py:113} INFO - 172.17.0.1 - - [18/Feb/2021 18:18:16] "[37mOPTIONS /get_ps5 HTTP/1.1[0m" 200 -
[18:18:17] {/usr/local/lib/python3.9/site-packages/werkzeug/_internal.py:113} INFO - 172.17.0.1 - - [18/Feb/2021 18:18:17] "[37mOPTIONS /get_ps5 HTTP/1.1[0m" 200 -
[18:18:17] {/usr/local/lib/python3.9/site-packages/werkzeug/_internal.py:113} INFO - 172.17.0.1 - - [18/Feb/2021 18:18:17] "[37mOPTIONS /get_ps5 HTTP/1.1[0m" 200 -
[18:18:17] {/usr/local/lib/python3.9/site-packages/werkzeug/_internal.py:113} INFO - 172.17.0.1 - - [18/Feb/2021 18:18:17] "[37mOPTIONS /get_ps5 HTTP/1.1[0m" 200 -
[18:18:17] {/usr/local/lib/python3.9/site-packages/werkzeug/_internal.py:113} INFO - 172.17.0.1 - - [18/Feb/2021 18:18:17] "[37mOPTIONS /get_ps5 HTTP/1.1[0m" 200 -
[18:18:18] {/usr/local/lib/python3.9/site-packages/werkzeug/_internal.py:113} INFO - 172.17.0.1 - - [18/Feb/2021 18:18:18] "[37mOPTIONS /get_ps5 HTTP/1.1[0m" 200 -
[18:18:18] {/usr/local/lib/python3.9/site-packages/werkzeug/_internal.py:113} INFO - 172.17.0.1 - - [18/Feb/2021 18:18:18] "[37mOPTIONS /get_ps5 HTTP/1.1[0m" 200 -
[18:18:18] {/usr/local/lib/python3.9/site-packages/werkzeug/_internal.py:113} INFO - 172.17.0.1 - - [18/Feb/2021 18:18:18] "[37mOPTIONS /get_ps5 HTTP/1.1[0m" 200 -
[18:18:19] {/usr/local/lib/python3.9/site-packages/werkzeug/_internal.py:113} INFO - 172.17.0.1 - - [18/Feb/2021 18:18:19] "[37mOPTIONS /get_ps5 HTTP/1.1[0m" 200 -
[18:18:19] {/usr/local/lib/python3.9/site-packages/werkzeug/_internal.py:113} INFO - 172.17.0.1 - - [18/Feb/2021 18:18:19] "[37mOPTIONS /get_ps5 HTTP/1.1[0m" 200 -
[18:18:19] {/usr/local/lib/python3.9/site-packages/werkzeug/_internal.py:113} INFO - 172.17.0.1 - - [18/Feb/2021 18:18:19] "[37mOPTIONS /get_ps5 HTTP/1.1[0m" 200 -
[18:18:20] {/usr/local/lib/python3.9/site-packages/werkzeug/_internal.py:113} INFO - 172.17.0.1 - - [18/Feb/2021 18:18:20] "[37mOPTIONS /get_ps5 HTTP/1.1[0m" 200 -
[18:18:20] {/usr/local/lib/python3.9/site-packages/werkzeug/_internal.py:113} INFO - 172.17.0.1 - - [18/Feb/2021 18:18:20] "[37mOPTIONS /get_ps5 HTTP/1.1[0m" 200 -
[18:18:20] {/usr/local/lib/python3.9/site-packages/werkzeug/_internal.py:113} INFO - 172.17.0.1 - - [18/Feb/2021 18:18:20] "[37mOPTIONS /get_ps5 HTTP/1.1[0m" 200 -
[18:18:21] {/usr/local/lib/python3.9/site-packages/werkzeug/_internal.py:113} INFO - 172.17.0.1 - - [18/Feb/2021 18:18:21] "[37mOPTIONS /get_ps5 HTTP/1.1[0m" 200 -
[18:18:21] {/usr/local/lib/python3.9/site-packages/werkzeug/_internal.py:113} INFO - 172.17.0.1 - - [18/Feb/2021 18:18:21] "[37mOPTIONS /get_ps5 HTTP/1.1[0m" 200 -
[18:18:21] {/usr/local/lib/python3.9/site-packages/werkzeug/_internal.py:113} INFO - 172.17.0.1 - - [18/Feb/2021 18:18:21] "[37mOPTIONS /get_ps5 HTTP/1.1[0m" 200 -
[18:18:21] {/usr/local/lib/python3.9/site-packages/werkzeug/_internal.py:113} INFO - 172.17.0.1 - - [18/Feb/2021 18:18:21] "[37mOPTIONS /get_ps5 HTTP/1.1[0m" 200 -
[18:18:22] {/usr/local/lib/python3.9/site-packages/werkzeug/_internal.py:113} INFO - 172.17.0.1 - - [18/Feb/2021 18:18:22] "[37mOPTIONS /get_ps5 HTTP/1.1[0m" 200 -
[18:18:22] {/usr/local/lib/python3.9/site-packages/werkzeug/_internal.py:113} INFO - 172.17.0.1 - - [18/Feb/2021 18:18:22] "[37mOPTIONS /get_ps5 HTTP/1.1[0m" 200 -
[18:18:22] {/usr/local/lib/python3.9/site-packages/werkzeug/_internal.py:113} INFO - 172.17.0.1 - - [18/Feb/2021 18:18:22] "[37mOPTIONS /get_ps5 HTTP/1.1[0m" 200 -
[18:18:23] {/usr/local/lib/python3.9/site-packages/werkzeug/_internal.py:113} INFO - 172.17.0.1 - - [18/Feb/2021 18:18:23] "[37mOPTIONS /get_ps5 HTTP/1.1[0m" 200 -
[18:18:23] {/usr/local/lib/python3.9/site-packages/werkzeug/_internal.py:113} INFO - 172.17.0.1 - - [18/Feb/2021 18:18:23] "[37mOPTIONS /get_ps5 HTTP/1.1[0m" 200 -
[18:18:23] {/usr/local/lib/python3.9/site-packages/werkzeug/_internal.py:113} INFO - 172.17.0.1 - - [18/Feb/2021 18:18:23] "[37mOPTIONS /get_ps5 HTTP/1.1[0m" 200 -
[18:18:24] {/usr/local/lib/python3.9/site-packages/werkzeug/_internal.py:113} INFO - 172.17.0.1 - - [18/Feb/2021 18:18:24] "[37mOPTIONS /get_ps5 HTTP/1.1[0m" 200 -
[18:18:24] {/usr/local/lib/python3.9/site-packages/werkzeug/_internal.py:113} INFO - 172.17.0.1 - - [18/Feb/2021 18:18:24] "[37mOPTIONS /get_ps5 HTTP/1.1[0m" 200 -
[18:18:24] {/usr/local/lib/python3.9/site-packages/werkzeug/_internal.py:113} INFO - 172.17.0.1 - - [18/Feb/2021 18:18:24] "[37mOPTIONS /get_ps5 HTTP/1.1[0m" 200 -
[18:18:24] {/usr/local/lib/python3.9/site-packages/werkzeug/_internal.py:113} INFO - 172.17.0.1 - - [18/Feb/2021 18:18:24] "[37mOPTIONS /get_ps5 HTTP/1.1[0m" 200 -
[18:18:25] {/usr/local/lib/python3.9/site-packages/werkzeug/_internal.py:113} INFO - 172.17.0.1 - - [18/Feb/2021 18:18:25] "[37mOPTIONS /get_ps5 HTTP/1.1[0m" 200 -
[18:18:25] {/usr/local/lib/python3.9/site-packages/werkzeug/_internal.py:113} INFO - 172.17.0.1 - - [18/Feb/2021 18:18:25] "[37mOPTIONS /get_ps5 HTTP/1.1[0m" 200 -
[18:18:25] {/usr/local/lib/python3.9/site-packages/werkzeug/_internal.py:113} INFO - 172.17.0.1 - - [18/Feb/2021 18:18:25] "[37mOPTIONS /get_ps5 HTTP/1.1[0m" 200 -
[18:18:26] {/usr/local/lib/python3.9/site-packages/werkzeug/_internal.py:113} INFO - 172.17.0.1 - - [18/Feb/2021 18:18:26] "[37mOPTIONS /get_ps5 HTTP/1.1[0m" 200 -
[18:18:26] {/usr/local/lib/python3.9/site-packages/werkzeug/_internal.py:113} INFO - 172.17.0.1 - - [18/Feb/2021 18:18:26] "[37mOPTIONS /get_ps5 HTTP/1.1[0m" 200 -
[18:22:36] {/usr/local/lib/python3.9/site-packages/werkzeug/_internal.py:113} INFO -  * Detected change in '/scrapping/app.py', reloading
[18:22:36] {/usr/local/lib/python3.9/site-packages/werkzeug/_internal.py:113} INFO -  * Restarting with stat
[18:22:37] {/scrapping/app.py:17} INFO - script start
[18:22:37] {/scrapping/app.py:18} INFO - Scrapping element of xbox one page with class from url link jeux videos.com
[18:22:37] {/scrapping/app.py:51} INFO - scrapping element ps5 title in page jeux videos.com 
[18:22:37] {/scrapping/app.py:68} INFO - scrapping element pc title in page jeux videos.com 
[18:22:37] {/scrapping/app.py:85} INFO - end of script
[18:22:37] {/usr/local/lib/python3.9/site-packages/werkzeug/_internal.py:113} WARNING -  * Debugger is active!
[18:22:37] {/usr/local/lib/python3.9/site-packages/werkzeug/_internal.py:113} INFO -  * Debugger PIN: 536-851-134
[18:22:40] {/usr/local/lib/python3.9/site-packages/werkzeug/_internal.py:113} INFO -  * Detected change in '/scrapping/app.py', reloading
[18:22:40] {/usr/local/lib/python3.9/site-packages/werkzeug/_internal.py:113} INFO -  * Restarting with stat
[18:22:41] {/scrapping/app.py:17} INFO - script start
[18:22:41] {/scrapping/app.py:18} INFO - Scrapping element of xbox one page with class from url link jeux videos.com
[18:22:41] {/scrapping/app.py:51} INFO - scrapping element ps5 title in page jeux videos.com 
[18:22:41] {/scrapping/app.py:68} INFO - scrapping element pc title in page jeux videos.com 
[18:22:41] {/scrapping/app.py:85} INFO - end of script
[18:22:41] {/usr/local/lib/python3.9/site-packages/werkzeug/_internal.py:113} WARNING -  * Debugger is active!
[18:22:41] {/usr/local/lib/python3.9/site-packages/werkzeug/_internal.py:113} INFO -  * Debugger PIN: 536-851-134
[18:22:43] {/usr/local/lib/python3.9/site-packages/werkzeug/_internal.py:113} INFO -  * Detected change in '/scrapping/app.py', reloading
[18:22:43] {/usr/local/lib/python3.9/site-packages/werkzeug/_internal.py:113} INFO -  * Restarting with stat
[18:22:43] {/scrapping/app.py:17} INFO - script start
[18:22:43] {/scrapping/app.py:18} INFO - Scrapping element of xbox one page with class from url link jeux videos.com
[18:22:43] {/scrapping/app.py:51} INFO - scrapping element ps5 title in page jeux videos.com 
[18:22:43] {/scrapping/app.py:68} INFO - scrapping element pc title in page jeux videos.com 
[18:22:43] {/scrapping/app.py:85} INFO - end of script
[18:22:43] {/usr/local/lib/python3.9/site-packages/werkzeug/_internal.py:113} WARNING -  * Debugger is active!
[18:22:44] {/usr/local/lib/python3.9/site-packages/werkzeug/_internal.py:113} INFO -  * Debugger PIN: 536-851-134
[18:22:57] {/usr/local/lib/python3.9/site-packages/werkzeug/_internal.py:113} INFO - 172.17.0.1 - - [18/Feb/2021 18:22:57] "[33mGET /get_ps5?result=1 HTTP/1.1[0m" 404 -
[18:23:02] {/usr/local/lib/python3.9/site-packages/werkzeug/_internal.py:113} INFO - 172.17.0.1 - - [18/Feb/2021 18:23:02] "[33mGET /get_ps5?result=1 HTTP/1.1[0m" 404 -
[18:23:15] {/usr/local/lib/python3.9/site-packages/werkzeug/_internal.py:113} INFO - 172.17.0.1 - - [18/Feb/2021 18:23:15] "[33mGET /get_ps5?result=1 HTTP/1.1[0m" 404 -
[18:23:21] {/scrapping/app.py:17} INFO - script start
[18:23:21] {/scrapping/app.py:18} INFO - Scrapping element of xbox one page with class from url link jeux videos.com
[18:23:21] {/scrapping/app.py:51} INFO - scrapping element ps5 title in page jeux videos.com 
[18:23:21] {/scrapping/app.py:68} INFO - scrapping element pc title in page jeux videos.com 
[18:23:21] {/scrapping/app.py:85} INFO - end of script
[18:23:21] {/usr/local/lib/python3.9/site-packages/werkzeug/_internal.py:113} INFO -  * Running on http://0.0.0.0:3000/ (Press CTRL+C to quit)
[18:23:21] {/usr/local/lib/python3.9/site-packages/werkzeug/_internal.py:113} INFO -  * Restarting with stat
[18:23:22] {/scrapping/app.py:17} INFO - script start
[18:23:22] {/scrapping/app.py:18} INFO - Scrapping element of xbox one page with class from url link jeux videos.com
[18:23:22] {/scrapping/app.py:51} INFO - scrapping element ps5 title in page jeux videos.com 
[18:23:22] {/scrapping/app.py:68} INFO - scrapping element pc title in page jeux videos.com 
[18:23:22] {/scrapping/app.py:85} INFO - end of script
[18:23:22] {/usr/local/lib/python3.9/site-packages/werkzeug/_internal.py:113} WARNING -  * Debugger is active!
[18:23:22] {/usr/local/lib/python3.9/site-packages/werkzeug/_internal.py:113} INFO -  * Debugger PIN: 536-851-134
[18:23:24] {/usr/local/lib/python3.9/site-packages/werkzeug/_internal.py:113} INFO - 172.17.0.1 - - [18/Feb/2021 18:23:24] "[33mGET /get_ps5?result=1 HTTP/1.1[0m" 404 -
[18:23:25] {/usr/local/lib/python3.9/site-packages/werkzeug/_internal.py:113} INFO - 172.17.0.1 - - [18/Feb/2021 18:23:25] "[33mGET /get_ps5?result=1 HTTP/1.1[0m" 404 -
[18:23:35] {/usr/local/lib/python3.9/site-packages/werkzeug/_internal.py:113} INFO -  * Detected change in '/scrapping/app.py', reloading
[18:23:35] {/usr/local/lib/python3.9/site-packages/werkzeug/_internal.py:113} INFO -  * Restarting with stat
[18:23:36] {/scrapping/app.py:17} INFO - script start
[18:23:36] {/scrapping/app.py:18} INFO - Scrapping element of xbox one page with class from url link jeux videos.com
[18:23:36] {/scrapping/app.py:51} INFO - scrapping element ps5 title in page jeux videos.com 
[18:23:36] {/scrapping/app.py:68} INFO - scrapping element pc title in page jeux videos.com 
[18:23:36] {/scrapping/app.py:85} INFO - end of script
[18:23:36] {/usr/local/lib/python3.9/site-packages/werkzeug/_internal.py:113} WARNING -  * Debugger is active!
[18:23:36] {/usr/local/lib/python3.9/site-packages/werkzeug/_internal.py:113} INFO -  * Debugger PIN: 536-851-134
[18:23:38] {/usr/local/lib/python3.9/site-packages/werkzeug/_internal.py:113} INFO - 172.17.0.1 - - [18/Feb/2021 18:23:38] "[37mGET /get_ps5 HTTP/1.1[0m" 200 -
[18:28:34] {/usr/local/lib/python3.9/site-packages/werkzeug/_internal.py:113} INFO - 172.17.0.1 - - [18/Feb/2021 18:28:34] "[37mGET /get_ps5 HTTP/1.1[0m" 200 -
[18:28:34] {/usr/local/lib/python3.9/site-packages/werkzeug/_internal.py:113} INFO - 172.17.0.1 - - [18/Feb/2021 18:28:34] "[37mGET /get_ps5 HTTP/1.1[0m" 200 -
[18:28:35] {/usr/local/lib/python3.9/site-packages/werkzeug/_internal.py:113} INFO - 172.17.0.1 - - [18/Feb/2021 18:28:35] "[37mGET /get_ps5 HTTP/1.1[0m" 200 -
[18:28:35] {/usr/local/lib/python3.9/site-packages/werkzeug/_internal.py:113} INFO - 172.17.0.1 - - [18/Feb/2021 18:28:35] "[37mGET /get_ps5 HTTP/1.1[0m" 200 -
[18:28:36] {/usr/local/lib/python3.9/site-packages/werkzeug/_internal.py:113} INFO - 172.17.0.1 - - [18/Feb/2021 18:28:36] "[37mGET /get_ps5 HTTP/1.1[0m" 200 -
[18:28:37] {/usr/local/lib/python3.9/site-packages/werkzeug/_internal.py:113} INFO - 172.17.0.1 - - [18/Feb/2021 18:28:37] "[37mGET /get_ps5 HTTP/1.1[0m" 200 -
[18:28:37] {/usr/local/lib/python3.9/site-packages/werkzeug/_internal.py:113} INFO - 172.17.0.1 - - [18/Feb/2021 18:28:37] "[37mGET /get_ps5 HTTP/1.1[0m" 200 -
[18:28:38] {/usr/local/lib/python3.9/site-packages/werkzeug/_internal.py:113} INFO - 172.17.0.1 - - [18/Feb/2021 18:28:38] "[37mGET /get_ps5 HTTP/1.1[0m" 200 -
[18:28:38] {/usr/local/lib/python3.9/site-packages/werkzeug/_internal.py:113} INFO - 172.17.0.1 - - [18/Feb/2021 18:28:38] "[37mGET /get_ps5 HTTP/1.1[0m" 200 -
[18:28:39] {/usr/local/lib/python3.9/site-packages/werkzeug/_internal.py:113} INFO - 172.17.0.1 - - [18/Feb/2021 18:28:39] "[37mGET /get_ps5 HTTP/1.1[0m" 200 -
[18:28:39] {/usr/local/lib/python3.9/site-packages/werkzeug/_internal.py:113} INFO - 172.17.0.1 - - [18/Feb/2021 18:28:39] "[37mGET /get_ps5 HTTP/1.1[0m" 200 -
[18:28:40] {/usr/local/lib/python3.9/site-packages/werkzeug/_internal.py:113} INFO - 172.17.0.1 - - [18/Feb/2021 18:28:40] "[37mGET /get_ps5 HTTP/1.1[0m" 200 -
[18:28:41] {/usr/local/lib/python3.9/site-packages/werkzeug/_internal.py:113} INFO - 172.17.0.1 - - [18/Feb/2021 18:28:41] "[37mGET /get_ps5 HTTP/1.1[0m" 200 -
[18:28:41] {/usr/local/lib/python3.9/site-packages/werkzeug/_internal.py:113} INFO - 172.17.0.1 - - [18/Feb/2021 18:28:41] "[37mGET /get_ps5 HTTP/1.1[0m" 200 -
[18:28:42] {/usr/local/lib/python3.9/site-packages/werkzeug/_internal.py:113} INFO - 172.17.0.1 - - [18/Feb/2021 18:28:42] "[37mGET /get_ps5 HTTP/1.1[0m" 200 -
[18:28:43] {/usr/local/lib/python3.9/site-packages/werkzeug/_internal.py:113} INFO - 172.17.0.1 - - [18/Feb/2021 18:28:43] "[37mGET /get_ps5 HTTP/1.1[0m" 200 -
[18:28:43] {/usr/local/lib/python3.9/site-packages/werkzeug/_internal.py:113} INFO - 172.17.0.1 - - [18/Feb/2021 18:28:43] "[37mGET /get_ps5 HTTP/1.1[0m" 200 -
[18:28:44] {/usr/local/lib/python3.9/site-packages/werkzeug/_internal.py:113} INFO - 172.17.0.1 - - [18/Feb/2021 18:28:44] "[37mGET /get_ps5 HTTP/1.1[0m" 200 -
[18:28:45] {/usr/local/lib/python3.9/site-packages/werkzeug/_internal.py:113} INFO - 172.17.0.1 - - [18/Feb/2021 18:28:45] "[37mGET /get_ps5 HTTP/1.1[0m" 200 -
[18:29:25] {/usr/local/lib/python3.9/site-packages/werkzeug/_internal.py:113} INFO - 172.17.0.1 - - [18/Feb/2021 18:29:25] "[37mGET /get_ps5 HTTP/1.1[0m" 200 -
[18:29:25] {/usr/local/lib/python3.9/site-packages/werkzeug/_internal.py:113} INFO - 172.17.0.1 - - [18/Feb/2021 18:29:25] "[37mGET /get_ps5 HTTP/1.1[0m" 200 -
[18:29:26] {/usr/local/lib/python3.9/site-packages/werkzeug/_internal.py:113} INFO - 172.17.0.1 - - [18/Feb/2021 18:29:26] "[37mGET /get_ps5 HTTP/1.1[0m" 200 -
[18:29:27] {/usr/local/lib/python3.9/site-packages/werkzeug/_internal.py:113} INFO - 172.17.0.1 - - [18/Feb/2021 18:29:27] "[37mGET /get_ps5 HTTP/1.1[0m" 200 -
[18:29:27] {/usr/local/lib/python3.9/site-packages/werkzeug/_internal.py:113} INFO - 172.17.0.1 - - [18/Feb/2021 18:29:27] "[37mGET /get_ps5 HTTP/1.1[0m" 200 -
[18:29:28] {/usr/local/lib/python3.9/site-packages/werkzeug/_internal.py:113} INFO - 172.17.0.1 - - [18/Feb/2021 18:29:28] "[37mGET /get_ps5 HTTP/1.1[0m" 200 -
[18:29:53] {/usr/local/lib/python3.9/site-packages/werkzeug/_internal.py:113} INFO - 172.17.0.1 - - [18/Feb/2021 18:29:53] "[37mGET /get_ps5 HTTP/1.1[0m" 200 -
[18:30:16] {/usr/local/lib/python3.9/site-packages/werkzeug/_internal.py:113} INFO - 172.17.0.1 - - [18/Feb/2021 18:30:16] "[33mGET /%221%22 HTTP/1.1[0m" 404 -
[18:30:27] {/usr/local/lib/python3.9/site-packages/werkzeug/_internal.py:113} INFO -  * Detected change in '/scrapping/app.py', reloading
[18:30:27] {/usr/local/lib/python3.9/site-packages/werkzeug/_internal.py:113} INFO -  * Restarting with stat
[18:30:28] {/scrapping/app.py:17} INFO - script start
[18:30:28] {/scrapping/app.py:18} INFO - Scrapping element of xbox one page with class from url link jeux videos.com
[18:30:28] {/scrapping/app.py:51} INFO - scrapping element ps5 title in page jeux videos.com 
[18:30:28] {/scrapping/app.py:68} INFO - scrapping element pc title in page jeux videos.com 
[18:30:28] {/scrapping/app.py:85} INFO - end of script
[18:30:28] {/usr/local/lib/python3.9/site-packages/werkzeug/_internal.py:113} WARNING -  * Debugger is active!
[18:30:28] {/usr/local/lib/python3.9/site-packages/werkzeug/_internal.py:113} INFO -  * Debugger PIN: 536-851-134
[18:30:29] {/usr/local/lib/python3.9/site-packages/werkzeug/_internal.py:113} INFO -  * Detected change in '/scrapping/app.py', reloading
[18:30:29] {/usr/local/lib/python3.9/site-packages/werkzeug/_internal.py:113} INFO -  * Restarting with stat
[18:30:30] {/scrapping/app.py:17} INFO - script start
[18:30:30] {/scrapping/app.py:18} INFO - Scrapping element of xbox one page with class from url link jeux videos.com
[18:30:30] {/scrapping/app.py:51} INFO - scrapping element ps5 title in page jeux videos.com 
[18:30:30] {/scrapping/app.py:68} INFO - scrapping element pc title in page jeux videos.com 
[18:30:30] {/scrapping/app.py:85} INFO - end of script
[18:30:30] {/usr/local/lib/python3.9/site-packages/werkzeug/_internal.py:113} WARNING -  * Debugger is active!
[18:30:30] {/usr/local/lib/python3.9/site-packages/werkzeug/_internal.py:113} INFO -  * Debugger PIN: 536-851-134
[18:30:31] {/usr/local/lib/python3.9/site-packages/werkzeug/_internal.py:113} INFO -  * Detected change in '/scrapping/app.py', reloading
[18:30:31] {/usr/local/lib/python3.9/site-packages/werkzeug/_internal.py:113} INFO -  * Restarting with stat
[18:30:32] {/scrapping/app.py:17} INFO - script start
[18:30:32] {/scrapping/app.py:18} INFO - Scrapping element of xbox one page with class from url link jeux videos.com
[18:30:32] {/scrapping/app.py:51} INFO - scrapping element ps5 title in page jeux videos.com 
[18:30:32] {/scrapping/app.py:68} INFO - scrapping element pc title in page jeux videos.com 
[18:30:32] {/scrapping/app.py:85} INFO - end of script
[18:30:32] {/usr/local/lib/python3.9/site-packages/werkzeug/_internal.py:113} WARNING -  * Debugger is active!
[18:30:32] {/usr/local/lib/python3.9/site-packages/werkzeug/_internal.py:113} INFO -  * Debugger PIN: 536-851-134
[18:30:33] {/usr/local/lib/python3.9/site-packages/werkzeug/_internal.py:113} INFO -  * Detected change in '/scrapping/app.py', reloading
[18:30:33] {/usr/local/lib/python3.9/site-packages/werkzeug/_internal.py:113} INFO -  * Restarting with stat
[18:30:34] {/scrapping/app.py:17} INFO - script start
[18:30:34] {/scrapping/app.py:18} INFO - Scrapping element of xbox one page with class from url link jeux videos.com
[18:30:34] {/scrapping/app.py:51} INFO - scrapping element ps5 title in page jeux videos.com 
[18:30:34] {/scrapping/app.py:68} INFO - scrapping element pc title in page jeux videos.com 
[18:30:34] {/scrapping/app.py:85} INFO - end of script
[18:30:34] {/usr/local/lib/python3.9/site-packages/werkzeug/_internal.py:113} WARNING -  * Debugger is active!
[18:30:34] {/usr/local/lib/python3.9/site-packages/werkzeug/_internal.py:113} INFO -  * Debugger PIN: 536-851-134
[18:30:38] {/usr/local/lib/python3.9/site-packages/werkzeug/_internal.py:113} INFO -  * Detected change in '/scrapping/app.py', reloading
[18:30:38] {/usr/local/lib/python3.9/site-packages/werkzeug/_internal.py:113} INFO -  * Restarting with stat
[18:30:38] {/scrapping/app.py:17} INFO - script start
[18:30:38] {/scrapping/app.py:18} INFO - Scrapping element of xbox one page with class from url link jeux videos.com
[18:30:38] {/scrapping/app.py:51} INFO - scrapping element ps5 title in page jeux videos.com 
[18:30:38] {/scrapping/app.py:68} INFO - scrapping element pc title in page jeux videos.com 
[18:30:38] {/scrapping/app.py:85} INFO - end of script
[18:30:38] {/usr/local/lib/python3.9/site-packages/werkzeug/_internal.py:113} WARNING -  * Debugger is active!
[18:30:38] {/usr/local/lib/python3.9/site-packages/werkzeug/_internal.py:113} INFO -  * Debugger PIN: 536-851-134
[18:30:42] {/usr/local/lib/python3.9/site-packages/werkzeug/_internal.py:113} INFO -  * Detected change in '/scrapping/app.py', reloading
[18:30:42] {/usr/local/lib/python3.9/site-packages/werkzeug/_internal.py:113} INFO -  * Restarting with stat
[18:30:43] {/scrapping/app.py:17} INFO - script start
[18:30:43] {/scrapping/app.py:18} INFO - Scrapping element of xbox one page with class from url link jeux videos.com
[18:30:43] {/scrapping/app.py:51} INFO - scrapping element ps5 title in page jeux videos.com 
[18:30:43] {/scrapping/app.py:68} INFO - scrapping element pc title in page jeux videos.com 
[18:30:43] {/scrapping/app.py:85} INFO - end of script
[18:30:43] {/usr/local/lib/python3.9/site-packages/werkzeug/_internal.py:113} WARNING -  * Debugger is active!
[18:30:43] {/usr/local/lib/python3.9/site-packages/werkzeug/_internal.py:113} INFO -  * Debugger PIN: 536-851-134
[18:30:43] {/usr/local/lib/python3.9/site-packages/werkzeug/_internal.py:113} INFO - 172.17.0.1 - - [18/Feb/2021 18:30:43] "[33mGET /%221%22 HTTP/1.1[0m" 404 -
[18:30:49] {/usr/local/lib/python3.9/site-packages/werkzeug/_internal.py:113} INFO - 172.17.0.1 - - [18/Feb/2021 18:30:49] "[37mGET /get_ps5 HTTP/1.1[0m" 200 -
[18:33:01] {/usr/local/lib/python3.9/site-packages/werkzeug/_internal.py:113} INFO - 172.17.0.1 - - [18/Feb/2021 18:33:01] "[37mGET /get_ps5 HTTP/1.1[0m" 200 -
[18:33:37] {/usr/local/lib/python3.9/site-packages/werkzeug/_internal.py:113} INFO - 172.17.0.1 - - [18/Feb/2021 18:33:37] "[37mGET /get_ps5 HTTP/1.1[0m" 200 -
[18:33:37] {/usr/local/lib/python3.9/site-packages/werkzeug/_internal.py:113} INFO - 172.17.0.1 - - [18/Feb/2021 18:33:37] "[37mGET /get_ps5 HTTP/1.1[0m" 200 -
[18:33:38] {/usr/local/lib/python3.9/site-packages/werkzeug/_internal.py:113} INFO - 172.17.0.1 - - [18/Feb/2021 18:33:38] "[37mGET /get_ps5 HTTP/1.1[0m" 200 -
[18:33:38] {/usr/local/lib/python3.9/site-packages/werkzeug/_internal.py:113} INFO - 172.17.0.1 - - [18/Feb/2021 18:33:38] "[37mGET /get_ps5 HTTP/1.1[0m" 200 -
[18:33:39] {/usr/local/lib/python3.9/site-packages/werkzeug/_internal.py:113} INFO - 172.17.0.1 - - [18/Feb/2021 18:33:39] "[37mGET /get_ps5 HTTP/1.1[0m" 200 -
[18:33:40] {/usr/local/lib/python3.9/site-packages/werkzeug/_internal.py:113} INFO - 172.17.0.1 - - [18/Feb/2021 18:33:40] "[37mGET /get_ps5 HTTP/1.1[0m" 200 -
[18:33:40] {/usr/local/lib/python3.9/site-packages/werkzeug/_internal.py:113} INFO - 172.17.0.1 - - [18/Feb/2021 18:33:40] "[37mGET /get_ps5 HTTP/1.1[0m" 200 -
[18:33:41] {/usr/local/lib/python3.9/site-packages/werkzeug/_internal.py:113} INFO - 172.17.0.1 - - [18/Feb/2021 18:33:41] "[37mGET /get_ps5 HTTP/1.1[0m" 200 -
[18:33:41] {/usr/local/lib/python3.9/site-packages/werkzeug/_internal.py:113} INFO - 172.17.0.1 - - [18/Feb/2021 18:33:41] "[37mGET /get_ps5 HTTP/1.1[0m" 200 -
[18:33:42] {/usr/local/lib/python3.9/site-packages/werkzeug/_internal.py:113} INFO - 172.17.0.1 - - [18/Feb/2021 18:33:42] "[37mGET /get_ps5 HTTP/1.1[0m" 200 -
[18:33:43] {/usr/local/lib/python3.9/site-packages/werkzeug/_internal.py:113} INFO - 172.17.0.1 - - [18/Feb/2021 18:33:43] "[37mGET /get_ps5 HTTP/1.1[0m" 200 -
[18:35:32] {/usr/local/lib/python3.9/site-packages/werkzeug/_internal.py:113} INFO - 172.17.0.1 - - [18/Feb/2021 18:35:32] "[37mGET /get_ps5 HTTP/1.1[0m" 200 -
[18:35:32] {/usr/local/lib/python3.9/site-packages/werkzeug/_internal.py:113} INFO - 172.17.0.1 - - [18/Feb/2021 18:35:32] "[37mGET /get_ps5 HTTP/1.1[0m" 200 -
[18:35:33] {/usr/local/lib/python3.9/site-packages/werkzeug/_internal.py:113} INFO - 172.17.0.1 - - [18/Feb/2021 18:35:33] "[37mGET /get_ps5 HTTP/1.1[0m" 200 -
[18:35:33] {/usr/local/lib/python3.9/site-packages/werkzeug/_internal.py:113} INFO - 172.17.0.1 - - [18/Feb/2021 18:35:33] "[37mGET /get_ps5 HTTP/1.1[0m" 200 -
[18:35:34] {/usr/local/lib/python3.9/site-packages/werkzeug/_internal.py:113} INFO - 172.17.0.1 - - [18/Feb/2021 18:35:34] "[37mGET /get_ps5 HTTP/1.1[0m" 200 -
[18:35:35] {/usr/local/lib/python3.9/site-packages/werkzeug/_internal.py:113} INFO - 172.17.0.1 - - [18/Feb/2021 18:35:35] "[37mGET /get_ps5 HTTP/1.1[0m" 200 -
[18:35:35] {/usr/local/lib/python3.9/site-packages/werkzeug/_internal.py:113} INFO - 172.17.0.1 - - [18/Feb/2021 18:35:35] "[37mGET /get_ps5 HTTP/1.1[0m" 200 -
[18:35:36] {/usr/local/lib/python3.9/site-packages/werkzeug/_internal.py:113} INFO - 172.17.0.1 - - [18/Feb/2021 18:35:36] "[37mGET /get_ps5 HTTP/1.1[0m" 200 -
[18:35:37] {/usr/local/lib/python3.9/site-packages/werkzeug/_internal.py:113} INFO - 172.17.0.1 - - [18/Feb/2021 18:35:37] "[37mGET /get_ps5 HTTP/1.1[0m" 200 -
[18:35:37] {/usr/local/lib/python3.9/site-packages/werkzeug/_internal.py:113} INFO - 172.17.0.1 - - [18/Feb/2021 18:35:37] "[37mGET /get_ps5 HTTP/1.1[0m" 200 -
[18:35:38] {/usr/local/lib/python3.9/site-packages/werkzeug/_internal.py:113} INFO - 172.17.0.1 - - [18/Feb/2021 18:35:38] "[37mGET /get_ps5 HTTP/1.1[0m" 200 -
[18:35:39] {/usr/local/lib/python3.9/site-packages/werkzeug/_internal.py:113} INFO - 172.17.0.1 - - [18/Feb/2021 18:35:39] "[37mGET /get_ps5 HTTP/1.1[0m" 200 -
[18:37:19] {/usr/local/lib/python3.9/site-packages/werkzeug/_internal.py:113} INFO - 172.17.0.1 - - [18/Feb/2021 18:37:19] "[37mGET /get_ps5 HTTP/1.1[0m" 200 -
[18:37:19] {/usr/local/lib/python3.9/site-packages/werkzeug/_internal.py:113} INFO - 172.17.0.1 - - [18/Feb/2021 18:37:19] "[37mGET /get_ps5 HTTP/1.1[0m" 200 -
[18:37:20] {/usr/local/lib/python3.9/site-packages/werkzeug/_internal.py:113} INFO - 172.17.0.1 - - [18/Feb/2021 18:37:20] "[37mGET /get_ps5 HTTP/1.1[0m" 200 -
[18:37:21] {/usr/local/lib/python3.9/site-packages/werkzeug/_internal.py:113} INFO - 172.17.0.1 - - [18/Feb/2021 18:37:21] "[37mGET /get_ps5 HTTP/1.1[0m" 200 -
[18:37:21] {/usr/local/lib/python3.9/site-packages/werkzeug/_internal.py:113} INFO - 172.17.0.1 - - [18/Feb/2021 18:37:21] "[37mGET /get_ps5 HTTP/1.1[0m" 200 -
[18:37:22] {/usr/local/lib/python3.9/site-packages/werkzeug/_internal.py:113} INFO - 172.17.0.1 - - [18/Feb/2021 18:37:22] "[37mGET /get_ps5 HTTP/1.1[0m" 200 -
[18:37:23] {/usr/local/lib/python3.9/site-packages/werkzeug/_internal.py:113} INFO - 172.17.0.1 - - [18/Feb/2021 18:37:23] "[37mGET /get_ps5 HTTP/1.1[0m" 200 -
[18:37:24] {/usr/local/lib/python3.9/site-packages/werkzeug/_internal.py:113} INFO - 172.17.0.1 - - [18/Feb/2021 18:37:24] "[37mGET /get_ps5 HTTP/1.1[0m" 200 -
[18:37:24] {/usr/local/lib/python3.9/site-packages/werkzeug/_internal.py:113} INFO - 172.17.0.1 - - [18/Feb/2021 18:37:24] "[37mGET /get_ps5 HTTP/1.1[0m" 200 -
[18:37:25] {/usr/local/lib/python3.9/site-packages/werkzeug/_internal.py:113} INFO - 172.17.0.1 - - [18/Feb/2021 18:37:25] "[37mGET /get_ps5 HTTP/1.1[0m" 200 -
[18:37:26] {/usr/local/lib/python3.9/site-packages/werkzeug/_internal.py:113} INFO - 172.17.0.1 - - [18/Feb/2021 18:37:26] "[37mGET /get_ps5 HTTP/1.1[0m" 200 -
[18:37:27] {/usr/local/lib/python3.9/site-packages/werkzeug/_internal.py:113} INFO - 172.17.0.1 - - [18/Feb/2021 18:37:27] "[37mGET /get_ps5 HTTP/1.1[0m" 200 -
[18:37:27] {/usr/local/lib/python3.9/site-packages/werkzeug/_internal.py:113} INFO - 172.17.0.1 - - [18/Feb/2021 18:37:27] "[37mGET /get_ps5 HTTP/1.1[0m" 200 -
[18:37:28] {/usr/local/lib/python3.9/site-packages/werkzeug/_internal.py:113} INFO - 172.17.0.1 - - [18/Feb/2021 18:37:28] "[37mGET /get_ps5 HTTP/1.1[0m" 200 -
[18:37:29] {/usr/local/lib/python3.9/site-packages/werkzeug/_internal.py:113} INFO - 172.17.0.1 - - [18/Feb/2021 18:37:29] "[37mGET /get_ps5 HTTP/1.1[0m" 200 -
[18:37:29] {/usr/local/lib/python3.9/site-packages/werkzeug/_internal.py:113} INFO - 172.17.0.1 - - [18/Feb/2021 18:37:29] "[37mGET /get_ps5 HTTP/1.1[0m" 200 -
[08:07:24] {/scrapping/app.py:17} INFO - script start
[08:07:24] {/scrapping/app.py:18} INFO - Scrapping element of xbox one page with class from url link jeux videos.com
[08:07:24] {/scrapping/app.py:51} INFO - scrapping element ps5 title in page jeux videos.com 
[08:07:24] {/scrapping/app.py:68} INFO - scrapping element pc title in page jeux videos.com 
[08:07:24] {/scrapping/app.py:85} INFO - end of script
[08:07:24] {/usr/local/lib/python3.9/site-packages/werkzeug/_internal.py:113} INFO -  * Running on http://0.0.0.0:3000/ (Press CTRL+C to quit)
[08:07:24] {/usr/local/lib/python3.9/site-packages/werkzeug/_internal.py:113} INFO -  * Restarting with stat
[08:07:25] {/scrapping/app.py:17} INFO - script start
[08:07:25] {/scrapping/app.py:18} INFO - Scrapping element of xbox one page with class from url link jeux videos.com
[08:07:25] {/scrapping/app.py:51} INFO - scrapping element ps5 title in page jeux videos.com 
[08:07:25] {/scrapping/app.py:68} INFO - scrapping element pc title in page jeux videos.com 
[08:07:25] {/scrapping/app.py:85} INFO - end of script
[08:07:25] {/usr/local/lib/python3.9/site-packages/werkzeug/_internal.py:113} WARNING -  * Debugger is active!
[08:07:25] {/usr/local/lib/python3.9/site-packages/werkzeug/_internal.py:113} INFO -  * Debugger PIN: 253-768-365
[08:09:19] {/usr/local/lib/python3.9/site-packages/werkzeug/_internal.py:113} INFO - 172.17.0.1 - - [19/Feb/2021 08:09:19] "[37mGET /get_ps5 HTTP/1.1[0m" 200 -
[08:09:22] {/usr/local/lib/python3.9/site-packages/werkzeug/_internal.py:113} INFO - 172.17.0.1 - - [19/Feb/2021 08:09:22] "[37mGET /get_ps5 HTTP/1.1[0m" 200 -
[08:09:26] {/usr/local/lib/python3.9/site-packages/werkzeug/_internal.py:113} INFO - 172.17.0.1 - - [19/Feb/2021 08:09:26] "[37mGET /get_ps5 HTTP/1.1[0m" 200 -
[08:10:32] {/usr/local/lib/python3.9/site-packages/werkzeug/_internal.py:113} INFO - 172.17.0.1 - - [19/Feb/2021 08:10:32] "[37mGET /get_ps5 HTTP/1.1[0m" 200 -
[08:10:33] {/usr/local/lib/python3.9/site-packages/werkzeug/_internal.py:113} INFO - 172.17.0.1 - - [19/Feb/2021 08:10:33] "[33mGET /favicon.ico HTTP/1.1[0m" 404 -
[08:11:07] {/usr/local/lib/python3.9/site-packages/werkzeug/_internal.py:113} INFO - 172.17.0.1 - - [19/Feb/2021 08:11:07] "[37mGET /get_ps5 HTTP/1.1[0m" 200 -
[08:11:08] {/usr/local/lib/python3.9/site-packages/werkzeug/_internal.py:113} INFO - 172.17.0.1 - - [19/Feb/2021 08:11:08] "[37mGET /get_ps5 HTTP/1.1[0m" 200 -
[08:11:09] {/usr/local/lib/python3.9/site-packages/werkzeug/_internal.py:113} INFO - 172.17.0.1 - - [19/Feb/2021 08:11:09] "[37mGET /get_ps5 HTTP/1.1[0m" 200 -
[08:29:30] {/usr/local/lib/python3.9/site-packages/werkzeug/_internal.py:113} INFO - 172.17.0.1 - - [19/Feb/2021 08:29:30] "[37mGET /get_ps5 HTTP/1.1[0m" 200 -
[08:29:30] {/usr/local/lib/python3.9/site-packages/werkzeug/_internal.py:113} INFO - 172.17.0.1 - - [19/Feb/2021 08:29:30] "[37mGET /get_ps5 HTTP/1.1[0m" 200 -
[08:29:31] {/usr/local/lib/python3.9/site-packages/werkzeug/_internal.py:113} INFO - 172.17.0.1 - - [19/Feb/2021 08:29:31] "[37mGET /get_ps5 HTTP/1.1[0m" 200 -
[08:29:31] {/usr/local/lib/python3.9/site-packages/werkzeug/_internal.py:113} INFO - 172.17.0.1 - - [19/Feb/2021 08:29:31] "[37mGET /get_ps5 HTTP/1.1[0m" 200 -
[08:29:32] {/usr/local/lib/python3.9/site-packages/werkzeug/_internal.py:113} INFO - 172.17.0.1 - - [19/Feb/2021 08:29:32] "[37mGET /get_ps5 HTTP/1.1[0m" 200 -
[08:29:32] {/usr/local/lib/python3.9/site-packages/werkzeug/_internal.py:113} INFO - 172.17.0.1 - - [19/Feb/2021 08:29:32] "[37mGET /get_ps5 HTTP/1.1[0m" 200 -
[08:29:33] {/usr/local/lib/python3.9/site-packages/werkzeug/_internal.py:113} INFO - 172.17.0.1 - - [19/Feb/2021 08:29:33] "[37mGET /get_ps5 HTTP/1.1[0m" 200 -
[08:29:33] {/usr/local/lib/python3.9/site-packages/werkzeug/_internal.py:113} INFO - 172.17.0.1 - - [19/Feb/2021 08:29:33] "[37mGET /get_ps5 HTTP/1.1[0m" 200 -
[08:29:34] {/usr/local/lib/python3.9/site-packages/werkzeug/_internal.py:113} INFO - 172.17.0.1 - - [19/Feb/2021 08:29:34] "[37mGET /get_ps5 HTTP/1.1[0m" 200 -
[08:29:34] {/usr/local/lib/python3.9/site-packages/werkzeug/_internal.py:113} INFO - 172.17.0.1 - - [19/Feb/2021 08:29:34] "[37mGET /get_ps5 HTTP/1.1[0m" 200 -
[08:29:35] {/usr/local/lib/python3.9/site-packages/werkzeug/_internal.py:113} INFO - 172.17.0.1 - - [19/Feb/2021 08:29:35] "[37mGET /get_ps5 HTTP/1.1[0m" 200 -
[08:29:35] {/usr/local/lib/python3.9/site-packages/werkzeug/_internal.py:113} INFO - 172.17.0.1 - - [19/Feb/2021 08:29:35] "[37mGET /get_ps5 HTTP/1.1[0m" 200 -
[08:29:36] {/usr/local/lib/python3.9/site-packages/werkzeug/_internal.py:113} INFO - 172.17.0.1 - - [19/Feb/2021 08:29:36] "[37mGET /get_ps5 HTTP/1.1[0m" 200 -
[08:29:36] {/usr/local/lib/python3.9/site-packages/werkzeug/_internal.py:113} INFO - 172.17.0.1 - - [19/Feb/2021 08:29:36] "[37mGET /get_ps5 HTTP/1.1[0m" 200 -
[08:29:37] {/usr/local/lib/python3.9/site-packages/werkzeug/_internal.py:113} INFO - 172.17.0.1 - - [19/Feb/2021 08:29:37] "[37mGET /get_ps5 HTTP/1.1[0m" 200 -
[08:29:37] {/usr/local/lib/python3.9/site-packages/werkzeug/_internal.py:113} INFO - 172.17.0.1 - - [19/Feb/2021 08:29:37] "[37mGET /get_ps5 HTTP/1.1[0m" 200 -
[08:29:38] {/usr/local/lib/python3.9/site-packages/werkzeug/_internal.py:113} INFO - 172.17.0.1 - - [19/Feb/2021 08:29:38] "[37mGET /get_ps5 HTTP/1.1[0m" 200 -
[08:29:38] {/usr/local/lib/python3.9/site-packages/werkzeug/_internal.py:113} INFO - 172.17.0.1 - - [19/Feb/2021 08:29:38] "[37mGET /get_ps5 HTTP/1.1[0m" 200 -
[08:29:39] {/usr/local/lib/python3.9/site-packages/werkzeug/_internal.py:113} INFO - 172.17.0.1 - - [19/Feb/2021 08:29:39] "[37mGET /get_ps5 HTTP/1.1[0m" 200 -
[08:29:40] {/usr/local/lib/python3.9/site-packages/werkzeug/_internal.py:113} INFO - 172.17.0.1 - - [19/Feb/2021 08:29:40] "[37mGET /get_ps5 HTTP/1.1[0m" 200 -
[08:29:40] {/usr/local/lib/python3.9/site-packages/werkzeug/_internal.py:113} INFO - 172.17.0.1 - - [19/Feb/2021 08:29:40] "[37mGET /get_ps5 HTTP/1.1[0m" 200 -
[08:29:41] {/usr/local/lib/python3.9/site-packages/werkzeug/_internal.py:113} INFO - 172.17.0.1 - - [19/Feb/2021 08:29:41] "[37mGET /get_ps5 HTTP/1.1[0m" 200 -
[08:29:41] {/usr/local/lib/python3.9/site-packages/werkzeug/_internal.py:113} INFO - 172.17.0.1 - - [19/Feb/2021 08:29:41] "[37mGET /get_ps5 HTTP/1.1[0m" 200 -
[08:29:42] {/usr/local/lib/python3.9/site-packages/werkzeug/_internal.py:113} INFO - 172.17.0.1 - - [19/Feb/2021 08:29:42] "[37mGET /get_ps5 HTTP/1.1[0m" 200 -
[08:29:43] {/usr/local/lib/python3.9/site-packages/werkzeug/_internal.py:113} INFO - 172.17.0.1 - - [19/Feb/2021 08:29:43] "[37mGET /get_ps5 HTTP/1.1[0m" 200 -
[08:29:43] {/usr/local/lib/python3.9/site-packages/werkzeug/_internal.py:113} INFO - 172.17.0.1 - - [19/Feb/2021 08:29:43] "[37mGET /get_ps5 HTTP/1.1[0m" 200 -
[08:29:44] {/usr/local/lib/python3.9/site-packages/werkzeug/_internal.py:113} INFO - 172.17.0.1 - - [19/Feb/2021 08:29:44] "[37mGET /get_ps5 HTTP/1.1[0m" 200 -
[08:29:45] {/usr/local/lib/python3.9/site-packages/werkzeug/_internal.py:113} INFO - 172.17.0.1 - - [19/Feb/2021 08:29:45] "[37mGET /get_ps5 HTTP/1.1[0m" 200 -
[08:29:46] {/usr/local/lib/python3.9/site-packages/werkzeug/_internal.py:113} INFO - 172.17.0.1 - - [19/Feb/2021 08:29:46] "[37mGET /get_ps5 HTTP/1.1[0m" 200 -
[08:29:46] {/usr/local/lib/python3.9/site-packages/werkzeug/_internal.py:113} INFO - 172.17.0.1 - - [19/Feb/2021 08:29:46] "[37mGET /get_ps5 HTTP/1.1[0m" 200 -
[08:29:47] {/usr/local/lib/python3.9/site-packages/werkzeug/_internal.py:113} INFO - 172.17.0.1 - - [19/Feb/2021 08:29:47] "[37mGET /get_ps5 HTTP/1.1[0m" 200 -
[08:29:48] {/usr/local/lib/python3.9/site-packages/werkzeug/_internal.py:113} INFO - 172.17.0.1 - - [19/Feb/2021 08:29:48] "[37mGET /get_ps5 HTTP/1.1[0m" 200 -
[08:29:48] {/usr/local/lib/python3.9/site-packages/werkzeug/_internal.py:113} INFO - 172.17.0.1 - - [19/Feb/2021 08:29:48] "[37mGET /get_ps5 HTTP/1.1[0m" 200 -
[08:29:49] {/usr/local/lib/python3.9/site-packages/werkzeug/_internal.py:113} INFO - 172.17.0.1 - - [19/Feb/2021 08:29:49] "[37mGET /get_ps5 HTTP/1.1[0m" 200 -
[08:29:49] {/usr/local/lib/python3.9/site-packages/werkzeug/_internal.py:113} INFO - 172.17.0.1 - - [19/Feb/2021 08:29:49] "[37mGET /get_ps5 HTTP/1.1[0m" 200 -
[08:29:50] {/usr/local/lib/python3.9/site-packages/werkzeug/_internal.py:113} INFO - 172.17.0.1 - - [19/Feb/2021 08:29:50] "[37mGET /get_ps5 HTTP/1.1[0m" 200 -
[08:29:50] {/usr/local/lib/python3.9/site-packages/werkzeug/_internal.py:113} INFO - 172.17.0.1 - - [19/Feb/2021 08:29:50] "[37mGET /get_ps5 HTTP/1.1[0m" 200 -
[08:29:51] {/usr/local/lib/python3.9/site-packages/werkzeug/_internal.py:113} INFO - 172.17.0.1 - - [19/Feb/2021 08:29:51] "[37mGET /get_ps5 HTTP/1.1[0m" 200 -
[08:29:52] {/usr/local/lib/python3.9/site-packages/werkzeug/_internal.py:113} INFO - 172.17.0.1 - - [19/Feb/2021 08:29:52] "[37mGET /get_ps5 HTTP/1.1[0m" 200 -
[08:29:52] {/usr/local/lib/python3.9/site-packages/werkzeug/_internal.py:113} INFO - 172.17.0.1 - - [19/Feb/2021 08:29:52] "[37mGET /get_ps5 HTTP/1.1[0m" 200 -
[08:29:53] {/usr/local/lib/python3.9/site-packages/werkzeug/_internal.py:113} INFO - 172.17.0.1 - - [19/Feb/2021 08:29:53] "[37mGET /get_ps5 HTTP/1.1[0m" 200 -
[08:29:53] {/usr/local/lib/python3.9/site-packages/werkzeug/_internal.py:113} INFO - 172.17.0.1 - - [19/Feb/2021 08:29:53] "[37mGET /get_ps5 HTTP/1.1[0m" 200 -
[08:29:54] {/usr/local/lib/python3.9/site-packages/werkzeug/_internal.py:113} INFO - 172.17.0.1 - - [19/Feb/2021 08:29:54] "[37mGET /get_ps5 HTTP/1.1[0m" 200 -
[08:29:55] {/usr/local/lib/python3.9/site-packages/werkzeug/_internal.py:113} INFO - 172.17.0.1 - - [19/Feb/2021 08:29:55] "[37mGET /get_ps5 HTTP/1.1[0m" 200 -
[08:29:55] {/usr/local/lib/python3.9/site-packages/werkzeug/_internal.py:113} INFO - 172.17.0.1 - - [19/Feb/2021 08:29:55] "[37mGET /get_ps5 HTTP/1.1[0m" 200 -
[08:29:56] {/usr/local/lib/python3.9/site-packages/werkzeug/_internal.py:113} INFO - 172.17.0.1 - - [19/Feb/2021 08:29:56] "[37mGET /get_ps5 HTTP/1.1[0m" 200 -
[08:29:57] {/usr/local/lib/python3.9/site-packages/werkzeug/_internal.py:113} INFO - 172.17.0.1 - - [19/Feb/2021 08:29:57] "[37mGET /get_ps5 HTTP/1.1[0m" 200 -
[08:29:57] {/usr/local/lib/python3.9/site-packages/werkzeug/_internal.py:113} INFO - 172.17.0.1 - - [19/Feb/2021 08:29:57] "[37mGET /get_ps5 HTTP/1.1[0m" 200 -
[08:29:58] {/usr/local/lib/python3.9/site-packages/werkzeug/_internal.py:113} INFO - 172.17.0.1 - - [19/Feb/2021 08:29:58] "[37mGET /get_ps5 HTTP/1.1[0m" 200 -
[08:29:58] {/usr/local/lib/python3.9/site-packages/werkzeug/_internal.py:113} INFO - 172.17.0.1 - - [19/Feb/2021 08:29:58] "[37mGET /get_ps5 HTTP/1.1[0m" 200 -
[08:29:59] {/usr/local/lib/python3.9/site-packages/werkzeug/_internal.py:113} INFO - 172.17.0.1 - - [19/Feb/2021 08:29:59] "[37mGET /get_ps5 HTTP/1.1[0m" 200 -
[08:30:00] {/usr/local/lib/python3.9/site-packages/werkzeug/_internal.py:113} INFO - 172.17.0.1 - - [19/Feb/2021 08:30:00] "[37mGET /get_ps5 HTTP/1.1[0m" 200 -
[08:30:00] {/usr/local/lib/python3.9/site-packages/werkzeug/_internal.py:113} INFO - 172.17.0.1 - - [19/Feb/2021 08:30:00] "[37mGET /get_ps5 HTTP/1.1[0m" 200 -
[08:30:01] {/usr/local/lib/python3.9/site-packages/werkzeug/_internal.py:113} INFO - 172.17.0.1 - - [19/Feb/2021 08:30:01] "[37mGET /get_ps5 HTTP/1.1[0m" 200 -
[08:30:02] {/usr/local/lib/python3.9/site-packages/werkzeug/_internal.py:113} INFO - 172.17.0.1 - - [19/Feb/2021 08:30:02] "[37mGET /get_ps5 HTTP/1.1[0m" 200 -
[08:30:02] {/usr/local/lib/python3.9/site-packages/werkzeug/_internal.py:113} INFO - 172.17.0.1 - - [19/Feb/2021 08:30:02] "[37mGET /get_ps5 HTTP/1.1[0m" 200 -
[08:30:03] {/usr/local/lib/python3.9/site-packages/werkzeug/_internal.py:113} INFO - 172.17.0.1 - - [19/Feb/2021 08:30:03] "[37mGET /get_ps5 HTTP/1.1[0m" 200 -
[08:30:04] {/usr/local/lib/python3.9/site-packages/werkzeug/_internal.py:113} INFO - 172.17.0.1 - - [19/Feb/2021 08:30:04] "[37mGET /get_ps5 HTTP/1.1[0m" 200 -
[08:30:04] {/usr/local/lib/python3.9/site-packages/werkzeug/_internal.py:113} INFO - 172.17.0.1 - - [19/Feb/2021 08:30:04] "[37mGET /get_ps5 HTTP/1.1[0m" 200 -
[08:30:05] {/usr/local/lib/python3.9/site-packages/werkzeug/_internal.py:113} INFO - 172.17.0.1 - - [19/Feb/2021 08:30:05] "[37mGET /get_ps5 HTTP/1.1[0m" 200 -
[08:30:06] {/usr/local/lib/python3.9/site-packages/werkzeug/_internal.py:113} INFO - 172.17.0.1 - - [19/Feb/2021 08:30:06] "[37mGET /get_ps5 HTTP/1.1[0m" 200 -
[08:30:06] {/usr/local/lib/python3.9/site-packages/werkzeug/_internal.py:113} INFO - 172.17.0.1 - - [19/Feb/2021 08:30:06] "[37mGET /get_ps5 HTTP/1.1[0m" 200 -
[08:30:07] {/usr/local/lib/python3.9/site-packages/werkzeug/_internal.py:113} INFO - 172.17.0.1 - - [19/Feb/2021 08:30:07] "[37mGET /get_ps5 HTTP/1.1[0m" 200 -
[08:30:08] {/usr/local/lib/python3.9/site-packages/werkzeug/_internal.py:113} INFO - 172.17.0.1 - - [19/Feb/2021 08:30:08] "[37mGET /get_ps5 HTTP/1.1[0m" 200 -
[08:30:08] {/usr/local/lib/python3.9/site-packages/werkzeug/_internal.py:113} INFO - 172.17.0.1 - - [19/Feb/2021 08:30:08] "[37mGET /get_ps5 HTTP/1.1[0m" 200 -
[08:30:10] {/usr/local/lib/python3.9/site-packages/werkzeug/_internal.py:113} INFO - 172.17.0.1 - - [19/Feb/2021 08:30:10] "[37mGET /get_ps5 HTTP/1.1[0m" 200 -
[08:30:10] {/usr/local/lib/python3.9/site-packages/werkzeug/_internal.py:113} INFO - 172.17.0.1 - - [19/Feb/2021 08:30:10] "[37mGET /get_ps5 HTTP/1.1[0m" 200 -
[08:30:11] {/usr/local/lib/python3.9/site-packages/werkzeug/_internal.py:113} INFO - 172.17.0.1 - - [19/Feb/2021 08:30:11] "[37mGET /get_ps5 HTTP/1.1[0m" 200 -
[08:30:13] {/usr/local/lib/python3.9/site-packages/werkzeug/_internal.py:113} INFO - 172.17.0.1 - - [19/Feb/2021 08:30:13] "[37mGET /get_ps5 HTTP/1.1[0m" 200 -
[08:30:14] {/usr/local/lib/python3.9/site-packages/werkzeug/_internal.py:113} INFO - 172.17.0.1 - - [19/Feb/2021 08:30:14] "[37mGET /get_ps5 HTTP/1.1[0m" 200 -
[08:30:15] {/usr/local/lib/python3.9/site-packages/werkzeug/_internal.py:113} INFO - 172.17.0.1 - - [19/Feb/2021 08:30:15] "[37mGET /get_ps5 HTTP/1.1[0m" 200 -
[08:30:16] {/usr/local/lib/python3.9/site-packages/werkzeug/_internal.py:113} INFO - 172.17.0.1 - - [19/Feb/2021 08:30:16] "[37mGET /get_ps5 HTTP/1.1[0m" 200 -
[08:30:17] {/usr/local/lib/python3.9/site-packages/werkzeug/_internal.py:113} INFO - 172.17.0.1 - - [19/Feb/2021 08:30:17] "[37mGET /get_ps5 HTTP/1.1[0m" 200 -
[08:30:18] {/usr/local/lib/python3.9/site-packages/werkzeug/_internal.py:113} INFO - 172.17.0.1 - - [19/Feb/2021 08:30:18] "[37mGET /get_ps5 HTTP/1.1[0m" 200 -
[08:30:19] {/usr/local/lib/python3.9/site-packages/werkzeug/_internal.py:113} INFO - 172.17.0.1 - - [19/Feb/2021 08:30:19] "[37mGET /get_ps5 HTTP/1.1[0m" 200 -
[08:30:20] {/usr/local/lib/python3.9/site-packages/werkzeug/_internal.py:113} INFO - 172.17.0.1 - - [19/Feb/2021 08:30:20] "[37mGET /get_ps5 HTTP/1.1[0m" 200 -
[08:30:20] {/usr/local/lib/python3.9/site-packages/werkzeug/_internal.py:113} INFO - 172.17.0.1 - - [19/Feb/2021 08:30:20] "[37mGET /get_ps5 HTTP/1.1[0m" 200 -
[08:30:21] {/usr/local/lib/python3.9/site-packages/werkzeug/_internal.py:113} INFO - 172.17.0.1 - - [19/Feb/2021 08:30:21] "[37mGET /get_ps5 HTTP/1.1[0m" 200 -
[08:30:22] {/usr/local/lib/python3.9/site-packages/werkzeug/_internal.py:113} INFO - 172.17.0.1 - - [19/Feb/2021 08:30:22] "[37mGET /get_ps5 HTTP/1.1[0m" 200 -
[08:30:22] {/usr/local/lib/python3.9/site-packages/werkzeug/_internal.py:113} INFO - 172.17.0.1 - - [19/Feb/2021 08:30:22] "[37mGET /get_ps5 HTTP/1.1[0m" 200 -
[08:30:23] {/usr/local/lib/python3.9/site-packages/werkzeug/_internal.py:113} INFO - 172.17.0.1 - - [19/Feb/2021 08:30:23] "[37mGET /get_ps5 HTTP/1.1[0m" 200 -
[08:30:24] {/usr/local/lib/python3.9/site-packages/werkzeug/_internal.py:113} INFO - 172.17.0.1 - - [19/Feb/2021 08:30:24] "[37mGET /get_ps5 HTTP/1.1[0m" 200 -
[08:30:24] {/usr/local/lib/python3.9/site-packages/werkzeug/_internal.py:113} INFO - 172.17.0.1 - - [19/Feb/2021 08:30:24] "[37mGET /get_ps5 HTTP/1.1[0m" 200 -
[08:30:25] {/usr/local/lib/python3.9/site-packages/werkzeug/_internal.py:113} INFO - 172.17.0.1 - - [19/Feb/2021 08:30:25] "[37mGET /get_ps5 HTTP/1.1[0m" 200 -
[08:30:25] {/usr/local/lib/python3.9/site-packages/werkzeug/_internal.py:113} INFO - 172.17.0.1 - - [19/Feb/2021 08:30:25] "[37mGET /get_ps5 HTTP/1.1[0m" 200 -
[08:30:26] {/usr/local/lib/python3.9/site-packages/werkzeug/_internal.py:113} INFO - 172.17.0.1 - - [19/Feb/2021 08:30:26] "[37mGET /get_ps5 HTTP/1.1[0m" 200 -
[08:30:27] {/usr/local/lib/python3.9/site-packages/werkzeug/_internal.py:113} INFO - 172.17.0.1 - - [19/Feb/2021 08:30:27] "[37mGET /get_ps5 HTTP/1.1[0m" 200 -
[08:30:27] {/usr/local/lib/python3.9/site-packages/werkzeug/_internal.py:113} INFO - 172.17.0.1 - - [19/Feb/2021 08:30:27] "[37mGET /get_ps5 HTTP/1.1[0m" 200 -
[08:30:28] {/usr/local/lib/python3.9/site-packages/werkzeug/_internal.py:113} INFO - 172.17.0.1 - - [19/Feb/2021 08:30:28] "[37mGET /get_ps5 HTTP/1.1[0m" 200 -
[08:30:29] {/usr/local/lib/python3.9/site-packages/werkzeug/_internal.py:113} INFO - 172.17.0.1 - - [19/Feb/2021 08:30:29] "[37mGET /get_ps5 HTTP/1.1[0m" 200 -
[08:30:30] {/usr/local/lib/python3.9/site-packages/werkzeug/_internal.py:113} INFO - 172.17.0.1 - - [19/Feb/2021 08:30:30] "[37mGET /get_ps5 HTTP/1.1[0m" 200 -
[08:30:31] {/usr/local/lib/python3.9/site-packages/werkzeug/_internal.py:113} INFO - 172.17.0.1 - - [19/Feb/2021 08:30:31] "[37mGET /get_ps5 HTTP/1.1[0m" 200 -
[08:30:32] {/usr/local/lib/python3.9/site-packages/werkzeug/_internal.py:113} INFO - 172.17.0.1 - - [19/Feb/2021 08:30:32] "[37mGET /get_ps5 HTTP/1.1[0m" 200 -
[08:30:33] {/usr/local/lib/python3.9/site-packages/werkzeug/_internal.py:113} INFO - 172.17.0.1 - - [19/Feb/2021 08:30:33] "[37mGET /get_ps5 HTTP/1.1[0m" 200 -
[08:30:35] {/usr/local/lib/python3.9/site-packages/werkzeug/_internal.py:113} INFO - 172.17.0.1 - - [19/Feb/2021 08:30:35] "[37mGET /get_ps5 HTTP/1.1[0m" 200 -
[08:30:36] {/usr/local/lib/python3.9/site-packages/werkzeug/_internal.py:113} INFO - 172.17.0.1 - - [19/Feb/2021 08:30:36] "[37mGET /get_ps5 HTTP/1.1[0m" 200 -
[08:30:37] {/usr/local/lib/python3.9/site-packages/werkzeug/_internal.py:113} INFO - 172.17.0.1 - - [19/Feb/2021 08:30:37] "[37mGET /get_ps5 HTTP/1.1[0m" 200 -
[08:30:38] {/usr/local/lib/python3.9/site-packages/werkzeug/_internal.py:113} INFO - 172.17.0.1 - - [19/Feb/2021 08:30:38] "[37mGET /get_ps5 HTTP/1.1[0m" 200 -
[08:30:39] {/usr/local/lib/python3.9/site-packages/werkzeug/_internal.py:113} INFO - 172.17.0.1 - - [19/Feb/2021 08:30:39] "[37mGET /get_ps5 HTTP/1.1[0m" 200 -
[08:30:41] {/usr/local/lib/python3.9/site-packages/werkzeug/_internal.py:113} INFO - 172.17.0.1 - - [19/Feb/2021 08:30:41] "[37mGET /get_ps5 HTTP/1.1[0m" 200 -
[08:30:42] {/usr/local/lib/python3.9/site-packages/werkzeug/_internal.py:113} INFO - 172.17.0.1 - - [19/Feb/2021 08:30:42] "[37mGET /get_ps5 HTTP/1.1[0m" 200 -
[08:30:43] {/usr/local/lib/python3.9/site-packages/werkzeug/_internal.py:113} INFO - 172.17.0.1 - - [19/Feb/2021 08:30:43] "[37mGET /get_ps5 HTTP/1.1[0m" 200 -
[08:30:44] {/usr/local/lib/python3.9/site-packages/werkzeug/_internal.py:113} INFO - 172.17.0.1 - - [19/Feb/2021 08:30:44] "[37mGET /get_ps5 HTTP/1.1[0m" 200 -
[08:30:45] {/usr/local/lib/python3.9/site-packages/werkzeug/_internal.py:113} INFO - 172.17.0.1 - - [19/Feb/2021 08:30:45] "[37mGET /get_ps5 HTTP/1.1[0m" 200 -
[08:30:46] {/usr/local/lib/python3.9/site-packages/werkzeug/_internal.py:113} INFO - 172.17.0.1 - - [19/Feb/2021 08:30:46] "[37mGET /get_ps5 HTTP/1.1[0m" 200 -
[08:30:48] {/usr/local/lib/python3.9/site-packages/werkzeug/_internal.py:113} INFO - 172.17.0.1 - - [19/Feb/2021 08:30:48] "[37mGET /get_ps5 HTTP/1.1[0m" 200 -
[08:30:49] {/usr/local/lib/python3.9/site-packages/werkzeug/_internal.py:113} INFO - 172.17.0.1 - - [19/Feb/2021 08:30:49] "[37mGET /get_ps5 HTTP/1.1[0m" 200 -
[08:30:50] {/usr/local/lib/python3.9/site-packages/werkzeug/_internal.py:113} INFO - 172.17.0.1 - - [19/Feb/2021 08:30:50] "[37mGET /get_ps5 HTTP/1.1[0m" 200 -
[08:30:51] {/usr/local/lib/python3.9/site-packages/werkzeug/_internal.py:113} INFO - 172.17.0.1 - - [19/Feb/2021 08:30:51] "[37mGET /get_ps5 HTTP/1.1[0m" 200 -
[08:30:52] {/usr/local/lib/python3.9/site-packages/werkzeug/_internal.py:113} INFO - 172.17.0.1 - - [19/Feb/2021 08:30:52] "[37mGET /get_ps5 HTTP/1.1[0m" 200 -
[08:30:54] {/usr/local/lib/python3.9/site-packages/werkzeug/_internal.py:113} INFO - 172.17.0.1 - - [19/Feb/2021 08:30:54] "[37mGET /get_ps5 HTTP/1.1[0m" 200 -
[08:30:55] {/usr/local/lib/python3.9/site-packages/werkzeug/_internal.py:113} INFO - 172.17.0.1 - - [19/Feb/2021 08:30:55] "[37mGET /get_ps5 HTTP/1.1[0m" 200 -
[08:30:56] {/usr/local/lib/python3.9/site-packages/werkzeug/_internal.py:113} INFO - 172.17.0.1 - - [19/Feb/2021 08:30:56] "[37mGET /get_ps5 HTTP/1.1[0m" 200 -
[08:30:57] {/usr/local/lib/python3.9/site-packages/werkzeug/_internal.py:113} INFO - 172.17.0.1 - - [19/Feb/2021 08:30:57] "[37mGET /get_ps5 HTTP/1.1[0m" 200 -
[08:30:58] {/usr/local/lib/python3.9/site-packages/werkzeug/_internal.py:113} INFO - 172.17.0.1 - - [19/Feb/2021 08:30:58] "[37mGET /get_ps5 HTTP/1.1[0m" 200 -
[08:31:00] {/usr/local/lib/python3.9/site-packages/werkzeug/_internal.py:113} INFO - 172.17.0.1 - - [19/Feb/2021 08:31:00] "[37mGET /get_ps5 HTTP/1.1[0m" 200 -
[08:31:01] {/usr/local/lib/python3.9/site-packages/werkzeug/_internal.py:113} INFO - 172.17.0.1 - - [19/Feb/2021 08:31:01] "[37mGET /get_ps5 HTTP/1.1[0m" 200 -
[08:31:02] {/usr/local/lib/python3.9/site-packages/werkzeug/_internal.py:113} INFO - 172.17.0.1 - - [19/Feb/2021 08:31:02] "[37mGET /get_ps5 HTTP/1.1[0m" 200 -
[08:31:03] {/usr/local/lib/python3.9/site-packages/werkzeug/_internal.py:113} INFO - 172.17.0.1 - - [19/Feb/2021 08:31:03] "[37mGET /get_ps5 HTTP/1.1[0m" 200 -
[08:31:05] {/usr/local/lib/python3.9/site-packages/werkzeug/_internal.py:113} INFO - 172.17.0.1 - - [19/Feb/2021 08:31:05] "[37mGET /get_ps5 HTTP/1.1[0m" 200 -
[08:31:06] {/usr/local/lib/python3.9/site-packages/werkzeug/_internal.py:113} INFO - 172.17.0.1 - - [19/Feb/2021 08:31:06] "[37mGET /get_ps5 HTTP/1.1[0m" 200 -
[08:31:08] {/usr/local/lib/python3.9/site-packages/werkzeug/_internal.py:113} INFO - 172.17.0.1 - - [19/Feb/2021 08:31:08] "[37mGET /get_ps5 HTTP/1.1[0m" 200 -
[08:31:09] {/usr/local/lib/python3.9/site-packages/werkzeug/_internal.py:113} INFO - 172.17.0.1 - - [19/Feb/2021 08:31:09] "[37mGET /get_ps5 HTTP/1.1[0m" 200 -
[08:31:10] {/usr/local/lib/python3.9/site-packages/werkzeug/_internal.py:113} INFO - 172.17.0.1 - - [19/Feb/2021 08:31:10] "[37mGET /get_ps5 HTTP/1.1[0m" 200 -
[08:31:11] {/usr/local/lib/python3.9/site-packages/werkzeug/_internal.py:113} INFO - 172.17.0.1 - - [19/Feb/2021 08:31:11] "[37mGET /get_ps5 HTTP/1.1[0m" 200 -
[08:31:12] {/usr/local/lib/python3.9/site-packages/werkzeug/_internal.py:113} INFO - 172.17.0.1 - - [19/Feb/2021 08:31:12] "[37mGET /get_ps5 HTTP/1.1[0m" 200 -
[08:31:14] {/usr/local/lib/python3.9/site-packages/werkzeug/_internal.py:113} INFO - 172.17.0.1 - - [19/Feb/2021 08:31:14] "[37mGET /get_ps5 HTTP/1.1[0m" 200 -
[08:31:15] {/usr/local/lib/python3.9/site-packages/werkzeug/_internal.py:113} INFO - 172.17.0.1 - - [19/Feb/2021 08:31:15] "[37mGET /get_ps5 HTTP/1.1[0m" 200 -
[08:31:17] {/usr/local/lib/python3.9/site-packages/werkzeug/_internal.py:113} INFO - 172.17.0.1 - - [19/Feb/2021 08:31:17] "[37mGET /get_ps5 HTTP/1.1[0m" 200 -
[08:31:18] {/usr/local/lib/python3.9/site-packages/werkzeug/_internal.py:113} INFO - 172.17.0.1 - - [19/Feb/2021 08:31:18] "[37mGET /get_ps5 HTTP/1.1[0m" 200 -
[08:31:20] {/usr/local/lib/python3.9/site-packages/werkzeug/_internal.py:113} INFO - 172.17.0.1 - - [19/Feb/2021 08:31:20] "[37mGET /get_ps5 HTTP/1.1[0m" 200 -
[08:31:21] {/usr/local/lib/python3.9/site-packages/werkzeug/_internal.py:113} INFO - 172.17.0.1 - - [19/Feb/2021 08:31:21] "[37mGET /get_ps5 HTTP/1.1[0m" 200 -
[08:31:22] {/usr/local/lib/python3.9/site-packages/werkzeug/_internal.py:113} INFO - 172.17.0.1 - - [19/Feb/2021 08:31:22] "[37mGET /get_ps5 HTTP/1.1[0m" 200 -
[08:31:24] {/usr/local/lib/python3.9/site-packages/werkzeug/_internal.py:113} INFO - 172.17.0.1 - - [19/Feb/2021 08:31:24] "[37mGET /get_ps5 HTTP/1.1[0m" 200 -
[08:31:25] {/usr/local/lib/python3.9/site-packages/werkzeug/_internal.py:113} INFO - 172.17.0.1 - - [19/Feb/2021 08:31:25] "[37mGET /get_ps5 HTTP/1.1[0m" 200 -
[08:31:26] {/usr/local/lib/python3.9/site-packages/werkzeug/_internal.py:113} INFO - 172.17.0.1 - - [19/Feb/2021 08:31:26] "[37mGET /get_ps5 HTTP/1.1[0m" 200 -
[08:31:27] {/usr/local/lib/python3.9/site-packages/werkzeug/_internal.py:113} INFO - 172.17.0.1 - - [19/Feb/2021 08:31:27] "[37mGET /get_ps5 HTTP/1.1[0m" 200 -
[08:31:28] {/usr/local/lib/python3.9/site-packages/werkzeug/_internal.py:113} INFO - 172.17.0.1 - - [19/Feb/2021 08:31:28] "[37mGET /get_ps5 HTTP/1.1[0m" 200 -
[08:31:29] {/usr/local/lib/python3.9/site-packages/werkzeug/_internal.py:113} INFO - 172.17.0.1 - - [19/Feb/2021 08:31:29] "[37mGET /get_ps5 HTTP/1.1[0m" 200 -
[08:31:31] {/usr/local/lib/python3.9/site-packages/werkzeug/_internal.py:113} INFO - 172.17.0.1 - - [19/Feb/2021 08:31:31] "[37mGET /get_ps5 HTTP/1.1[0m" 200 -
[08:31:32] {/usr/local/lib/python3.9/site-packages/werkzeug/_internal.py:113} INFO - 172.17.0.1 - - [19/Feb/2021 08:31:32] "[37mGET /get_ps5 HTTP/1.1[0m" 200 -
[08:31:33] {/usr/local/lib/python3.9/site-packages/werkzeug/_internal.py:113} INFO - 172.17.0.1 - - [19/Feb/2021 08:31:33] "[37mGET /get_ps5 HTTP/1.1[0m" 200 -
[08:31:34] {/usr/local/lib/python3.9/site-packages/werkzeug/_internal.py:113} INFO - 172.17.0.1 - - [19/Feb/2021 08:31:34] "[37mGET /get_ps5 HTTP/1.1[0m" 200 -
[08:31:36] {/usr/local/lib/python3.9/site-packages/werkzeug/_internal.py:113} INFO - 172.17.0.1 - - [19/Feb/2021 08:31:36] "[37mGET /get_ps5 HTTP/1.1[0m" 200 -
[08:31:37] {/usr/local/lib/python3.9/site-packages/werkzeug/_internal.py:113} INFO - 172.17.0.1 - - [19/Feb/2021 08:31:37] "[37mGET /get_ps5 HTTP/1.1[0m" 200 -
[08:31:38] {/usr/local/lib/python3.9/site-packages/werkzeug/_internal.py:113} INFO - 172.17.0.1 - - [19/Feb/2021 08:31:38] "[37mGET /get_ps5 HTTP/1.1[0m" 200 -
[08:32:20] {/usr/local/lib/python3.9/site-packages/werkzeug/_internal.py:113} INFO - 172.17.0.1 - - [19/Feb/2021 08:32:20] "[37mGET /get_ps5 HTTP/1.1[0m" 200 -
[10:10:03] {/usr/local/lib/python3.9/site-packages/werkzeug/_internal.py:113} INFO - 172.17.0.1 - - [19/Feb/2021 10:10:03] "[37mGET /get_ps5 HTTP/1.1[0m" 200 -
[14:03:45] {/scrapping/app.py:19} INFO - script start
[14:03:45] {/scrapping/app.py:20} INFO - Scrapping element of xbox one page with class from url link jeux videos.com
[14:03:45] {/scrapping/app.py:54} INFO - scrapping element ps5 title in page jeux videos.com 
[14:03:45] {/scrapping/app.py:70} INFO - scrapping element pc title in page jeux videos.com 
[14:03:45] {/scrapping/app.py:87} INFO - end of script
[14:03:45] {/usr/local/lib/python3.9/site-packages/werkzeug/_internal.py:113} INFO -  * Running on http://0.0.0.0:3000/ (Press CTRL+C to quit)
[14:03:45] {/usr/local/lib/python3.9/site-packages/werkzeug/_internal.py:113} INFO -  * Restarting with stat
[14:03:45] {/scrapping/app.py:19} INFO - script start
[14:03:45] {/scrapping/app.py:20} INFO - Scrapping element of xbox one page with class from url link jeux videos.com
[14:03:45] {/scrapping/app.py:54} INFO - scrapping element ps5 title in page jeux videos.com 
[14:03:45] {/scrapping/app.py:70} INFO - scrapping element pc title in page jeux videos.com 
[14:03:45] {/scrapping/app.py:87} INFO - end of script
[14:03:45] {/usr/local/lib/python3.9/site-packages/werkzeug/_internal.py:113} WARNING -  * Debugger is active!
[14:03:45] {/usr/local/lib/python3.9/site-packages/werkzeug/_internal.py:113} INFO -  * Debugger PIN: 253-768-365
[14:03:46] {/usr/local/lib/python3.9/site-packages/werkzeug/_internal.py:113} INFO - 172.17.0.1 - - [19/Feb/2021 14:03:46] "[37mGET /get_ps5 HTTP/1.1[0m" 200 -
[14:03:46] {/usr/local/lib/python3.9/site-packages/werkzeug/_internal.py:113} INFO - 172.17.0.1 - - [19/Feb/2021 14:03:46] "[37mGET /get_ps5 HTTP/1.1[0m" 200 -
[14:03:47] {/usr/local/lib/python3.9/site-packages/werkzeug/_internal.py:113} INFO - 172.17.0.1 - - [19/Feb/2021 14:03:47] "[37mGET /get_ps5 HTTP/1.1[0m" 200 -
[14:03:47] {/usr/local/lib/python3.9/site-packages/werkzeug/_internal.py:113} INFO - 172.17.0.1 - - [19/Feb/2021 14:03:47] "[37mGET /get_ps5 HTTP/1.1[0m" 200 -
[14:03:48] {/usr/local/lib/python3.9/site-packages/werkzeug/_internal.py:113} INFO - 172.17.0.1 - - [19/Feb/2021 14:03:48] "[37mGET /get_ps5 HTTP/1.1[0m" 200 -
[14:03:48] {/usr/local/lib/python3.9/site-packages/werkzeug/_internal.py:113} INFO - 172.17.0.1 - - [19/Feb/2021 14:03:48] "[37mGET /get_ps5 HTTP/1.1[0m" 200 -
[14:03:49] {/usr/local/lib/python3.9/site-packages/werkzeug/_internal.py:113} INFO - 172.17.0.1 - - [19/Feb/2021 14:03:49] "[37mGET /get_ps5 HTTP/1.1[0m" 200 -
[14:03:50] {/usr/local/lib/python3.9/site-packages/werkzeug/_internal.py:113} INFO - 172.17.0.1 - - [19/Feb/2021 14:03:50] "[37mGET /get_ps5 HTTP/1.1[0m" 200 -
[14:03:50] {/usr/local/lib/python3.9/site-packages/werkzeug/_internal.py:113} INFO - 172.17.0.1 - - [19/Feb/2021 14:03:50] "[37mGET /get_ps5 HTTP/1.1[0m" 200 -
[14:03:51] {/usr/local/lib/python3.9/site-packages/werkzeug/_internal.py:113} INFO - 172.17.0.1 - - [19/Feb/2021 14:03:51] "[37mGET /get_ps5 HTTP/1.1[0m" 200 -
[14:03:51] {/usr/local/lib/python3.9/site-packages/werkzeug/_internal.py:113} INFO - 172.17.0.1 - - [19/Feb/2021 14:03:51] "[37mGET /get_ps5 HTTP/1.1[0m" 200 -
[14:03:52] {/usr/local/lib/python3.9/site-packages/werkzeug/_internal.py:113} INFO - 172.17.0.1 - - [19/Feb/2021 14:03:52] "[37mGET /get_ps5 HTTP/1.1[0m" 200 -
[14:03:52] {/usr/local/lib/python3.9/site-packages/werkzeug/_internal.py:113} INFO - 172.17.0.1 - - [19/Feb/2021 14:03:52] "[37mGET /get_ps5 HTTP/1.1[0m" 200 -
[14:03:53] {/usr/local/lib/python3.9/site-packages/werkzeug/_internal.py:113} INFO - 172.17.0.1 - - [19/Feb/2021 14:03:53] "[37mGET /get_ps5 HTTP/1.1[0m" 200 -
[14:03:53] {/usr/local/lib/python3.9/site-packages/werkzeug/_internal.py:113} INFO - 172.17.0.1 - - [19/Feb/2021 14:03:53] "[37mGET /get_ps5 HTTP/1.1[0m" 200 -
[14:03:54] {/usr/local/lib/python3.9/site-packages/werkzeug/_internal.py:113} INFO - 172.17.0.1 - - [19/Feb/2021 14:03:54] "[37mGET /get_ps5 HTTP/1.1[0m" 200 -
[14:03:55] {/usr/local/lib/python3.9/site-packages/werkzeug/_internal.py:113} INFO - 172.17.0.1 - - [19/Feb/2021 14:03:55] "[37mGET /get_ps5 HTTP/1.1[0m" 200 -
[14:03:55] {/usr/local/lib/python3.9/site-packages/werkzeug/_internal.py:113} INFO - 172.17.0.1 - - [19/Feb/2021 14:03:55] "[37mGET /get_ps5 HTTP/1.1[0m" 200 -
[14:03:56] {/usr/local/lib/python3.9/site-packages/werkzeug/_internal.py:113} INFO - 172.17.0.1 - - [19/Feb/2021 14:03:56] "[37mGET /get_ps5 HTTP/1.1[0m" 200 -
[14:03:56] {/usr/local/lib/python3.9/site-packages/werkzeug/_internal.py:113} INFO - 172.17.0.1 - - [19/Feb/2021 14:03:56] "[37mGET /get_ps5 HTTP/1.1[0m" 200 -
[14:03:57] {/usr/local/lib/python3.9/site-packages/werkzeug/_internal.py:113} INFO - 172.17.0.1 - - [19/Feb/2021 14:03:57] "[37mGET /get_ps5 HTTP/1.1[0m" 200 -
[14:03:58] {/usr/local/lib/python3.9/site-packages/werkzeug/_internal.py:113} INFO - 172.17.0.1 - - [19/Feb/2021 14:03:58] "[37mGET /get_ps5 HTTP/1.1[0m" 200 -
[14:03:58] {/usr/local/lib/python3.9/site-packages/werkzeug/_internal.py:113} INFO - 172.17.0.1 - - [19/Feb/2021 14:03:58] "[37mGET /get_ps5 HTTP/1.1[0m" 200 -
[14:03:59] {/usr/local/lib/python3.9/site-packages/werkzeug/_internal.py:113} INFO - 172.17.0.1 - - [19/Feb/2021 14:03:59] "[37mGET /get_ps5 HTTP/1.1[0m" 200 -
[14:03:59] {/usr/local/lib/python3.9/site-packages/werkzeug/_internal.py:113} INFO - 172.17.0.1 - - [19/Feb/2021 14:03:59] "[37mGET /get_ps5 HTTP/1.1[0m" 200 -
[14:04:00] {/usr/local/lib/python3.9/site-packages/werkzeug/_internal.py:113} INFO - 172.17.0.1 - - [19/Feb/2021 14:04:00] "[37mGET /get_ps5 HTTP/1.1[0m" 200 -
[14:04:00] {/usr/local/lib/python3.9/site-packages/werkzeug/_internal.py:113} INFO - 172.17.0.1 - - [19/Feb/2021 14:04:00] "[37mGET /get_ps5 HTTP/1.1[0m" 200 -
[14:04:01] {/usr/local/lib/python3.9/site-packages/werkzeug/_internal.py:113} INFO - 172.17.0.1 - - [19/Feb/2021 14:04:01] "[37mGET /get_ps5 HTTP/1.1[0m" 200 -
[14:04:01] {/usr/local/lib/python3.9/site-packages/werkzeug/_internal.py:113} INFO - 172.17.0.1 - - [19/Feb/2021 14:04:01] "[37mGET /get_ps5 HTTP/1.1[0m" 200 -
[14:04:02] {/usr/local/lib/python3.9/site-packages/werkzeug/_internal.py:113} INFO - 172.17.0.1 - - [19/Feb/2021 14:04:02] "[37mGET /get_ps5 HTTP/1.1[0m" 200 -
[14:04:02] {/usr/local/lib/python3.9/site-packages/werkzeug/_internal.py:113} INFO - 172.17.0.1 - - [19/Feb/2021 14:04:02] "[37mGET /get_ps5 HTTP/1.1[0m" 200 -
[14:04:03] {/usr/local/lib/python3.9/site-packages/werkzeug/_internal.py:113} INFO - 172.17.0.1 - - [19/Feb/2021 14:04:03] "[37mGET /get_ps5 HTTP/1.1[0m" 200 -
[14:04:04] {/usr/local/lib/python3.9/site-packages/werkzeug/_internal.py:113} INFO - 172.17.0.1 - - [19/Feb/2021 14:04:04] "[37mGET /get_ps5 HTTP/1.1[0m" 200 -
[14:04:04] {/usr/local/lib/python3.9/site-packages/werkzeug/_internal.py:113} INFO - 172.17.0.1 - - [19/Feb/2021 14:04:04] "[37mGET /get_ps5 HTTP/1.1[0m" 200 -
[14:04:05] {/usr/local/lib/python3.9/site-packages/werkzeug/_internal.py:113} INFO - 172.17.0.1 - - [19/Feb/2021 14:04:05] "[37mGET /get_ps5 HTTP/1.1[0m" 200 -
[14:04:05] {/usr/local/lib/python3.9/site-packages/werkzeug/_internal.py:113} INFO - 172.17.0.1 - - [19/Feb/2021 14:04:05] "[37mGET /get_ps5 HTTP/1.1[0m" 200 -
[14:04:06] {/usr/local/lib/python3.9/site-packages/werkzeug/_internal.py:113} INFO - 172.17.0.1 - - [19/Feb/2021 14:04:06] "[37mGET /get_ps5 HTTP/1.1[0m" 200 -
[14:04:06] {/usr/local/lib/python3.9/site-packages/werkzeug/_internal.py:113} INFO - 172.17.0.1 - - [19/Feb/2021 14:04:06] "[37mGET /get_ps5 HTTP/1.1[0m" 200 -
[14:04:07] {/usr/local/lib/python3.9/site-packages/werkzeug/_internal.py:113} INFO - 172.17.0.1 - - [19/Feb/2021 14:04:07] "[37mGET /get_ps5 HTTP/1.1[0m" 200 -
[14:04:08] {/usr/local/lib/python3.9/site-packages/werkzeug/_internal.py:113} INFO - 172.17.0.1 - - [19/Feb/2021 14:04:08] "[37mGET /get_ps5 HTTP/1.1[0m" 200 -
[14:04:08] {/usr/local/lib/python3.9/site-packages/werkzeug/_internal.py:113} INFO - 172.17.0.1 - - [19/Feb/2021 14:04:08] "[37mGET /get_ps5 HTTP/1.1[0m" 200 -
[14:04:09] {/usr/local/lib/python3.9/site-packages/werkzeug/_internal.py:113} INFO - 172.17.0.1 - - [19/Feb/2021 14:04:09] "[37mGET /get_ps5 HTTP/1.1[0m" 200 -
[14:04:10] {/usr/local/lib/python3.9/site-packages/werkzeug/_internal.py:113} INFO - 172.17.0.1 - - [19/Feb/2021 14:04:10] "[37mGET /get_ps5 HTTP/1.1[0m" 200 -
[14:04:10] {/usr/local/lib/python3.9/site-packages/werkzeug/_internal.py:113} INFO - 172.17.0.1 - - [19/Feb/2021 14:04:10] "[37mGET /get_ps5 HTTP/1.1[0m" 200 -
[14:04:11] {/usr/local/lib/python3.9/site-packages/werkzeug/_internal.py:113} INFO - 172.17.0.1 - - [19/Feb/2021 14:04:11] "[37mGET /get_ps5 HTTP/1.1[0m" 200 -
[14:04:11] {/usr/local/lib/python3.9/site-packages/werkzeug/_internal.py:113} INFO - 172.17.0.1 - - [19/Feb/2021 14:04:11] "[37mGET /get_ps5 HTTP/1.1[0m" 200 -
[14:04:12] {/usr/local/lib/python3.9/site-packages/werkzeug/_internal.py:113} INFO - 172.17.0.1 - - [19/Feb/2021 14:04:12] "[37mGET /get_ps5 HTTP/1.1[0m" 200 -
[14:04:12] {/usr/local/lib/python3.9/site-packages/werkzeug/_internal.py:113} INFO - 172.17.0.1 - - [19/Feb/2021 14:04:12] "[37mGET /get_ps5 HTTP/1.1[0m" 200 -
[14:04:13] {/usr/local/lib/python3.9/site-packages/werkzeug/_internal.py:113} INFO - 172.17.0.1 - - [19/Feb/2021 14:04:13] "[37mGET /get_ps5 HTTP/1.1[0m" 200 -
[14:04:14] {/usr/local/lib/python3.9/site-packages/werkzeug/_internal.py:113} INFO - 172.17.0.1 - - [19/Feb/2021 14:04:14] "[37mGET /get_ps5 HTTP/1.1[0m" 200 -
[14:04:14] {/usr/local/lib/python3.9/site-packages/werkzeug/_internal.py:113} INFO - 172.17.0.1 - - [19/Feb/2021 14:04:14] "[37mGET /get_ps5 HTTP/1.1[0m" 200 -
[14:04:15] {/usr/local/lib/python3.9/site-packages/werkzeug/_internal.py:113} INFO - 172.17.0.1 - - [19/Feb/2021 14:04:15] "[37mGET /get_ps5 HTTP/1.1[0m" 200 -
[14:04:16] {/usr/local/lib/python3.9/site-packages/werkzeug/_internal.py:113} INFO - 172.17.0.1 - - [19/Feb/2021 14:04:16] "[37mGET /get_ps5 HTTP/1.1[0m" 200 -
[14:04:16] {/usr/local/lib/python3.9/site-packages/werkzeug/_internal.py:113} INFO -  * Detected change in '/scrapping/app.py', reloading
[14:04:17] {/usr/local/lib/python3.9/site-packages/werkzeug/_internal.py:113} INFO -  * Restarting with stat
[14:04:18] {/scrapping/app.py:19} INFO - script start
[14:04:18] {/scrapping/app.py:20} INFO - Scrapping element of xbox one page with class from url link jeux videos.com
[14:04:18] {/scrapping/app.py:54} INFO - scrapping element ps5 title in page jeux videos.com 
[14:04:18] {/scrapping/app.py:70} INFO - scrapping element pc title in page jeux videos.com 
[14:04:18] {/scrapping/app.py:87} INFO - end of script
[14:04:18] {/usr/local/lib/python3.9/site-packages/werkzeug/_internal.py:113} WARNING -  * Debugger is active!
[14:04:18] {/usr/local/lib/python3.9/site-packages/werkzeug/_internal.py:113} INFO -  * Debugger PIN: 253-768-365
[14:04:19] {/usr/local/lib/python3.9/site-packages/werkzeug/_internal.py:113} INFO - 172.17.0.1 - - [19/Feb/2021 14:04:19] "[37mGET /get_ps5 HTTP/1.1[0m" 200 -
[14:04:19] {/usr/local/lib/python3.9/site-packages/werkzeug/_internal.py:113} INFO - 172.17.0.1 - - [19/Feb/2021 14:04:19] "[37mGET /get_ps5 HTTP/1.1[0m" 200 -
[14:04:19] {/usr/local/lib/python3.9/site-packages/werkzeug/_internal.py:113} INFO - 172.17.0.1 - - [19/Feb/2021 14:04:19] "[37mGET /get_ps5 HTTP/1.1[0m" 200 -
[14:04:20] {/usr/local/lib/python3.9/site-packages/werkzeug/_internal.py:113} INFO - 172.17.0.1 - - [19/Feb/2021 14:04:20] "[37mGET /get_ps5 HTTP/1.1[0m" 200 -
[14:04:20] {/usr/local/lib/python3.9/site-packages/werkzeug/_internal.py:113} INFO - 172.17.0.1 - - [19/Feb/2021 14:04:20] "[37mGET /get_ps5 HTTP/1.1[0m" 200 -
[14:04:23] {/scrapping/app.py:19} INFO - script start
[14:04:23] {/scrapping/app.py:20} INFO - Scrapping element of xbox one page with class from url link jeux videos.com
[14:04:23] {/scrapping/app.py:54} INFO - scrapping element ps5 title in page jeux videos.com 
[14:04:23] {/scrapping/app.py:70} INFO - scrapping element pc title in page jeux videos.com 
[14:04:23] {/scrapping/app.py:87} INFO - end of script
[14:04:23] {/usr/local/lib/python3.9/site-packages/werkzeug/_internal.py:113} INFO -  * Running on http://0.0.0.0:3000/ (Press CTRL+C to quit)
[14:04:23] {/usr/local/lib/python3.9/site-packages/werkzeug/_internal.py:113} INFO -  * Restarting with stat
[14:04:24] {/scrapping/app.py:19} INFO - script start
[14:04:24] {/scrapping/app.py:20} INFO - Scrapping element of xbox one page with class from url link jeux videos.com
[14:04:24] {/scrapping/app.py:54} INFO - scrapping element ps5 title in page jeux videos.com 
[14:04:24] {/scrapping/app.py:70} INFO - scrapping element pc title in page jeux videos.com 
[14:04:24] {/scrapping/app.py:87} INFO - end of script
[14:04:24] {/usr/local/lib/python3.9/site-packages/werkzeug/_internal.py:113} WARNING -  * Debugger is active!
[14:04:24] {/usr/local/lib/python3.9/site-packages/werkzeug/_internal.py:113} INFO -  * Debugger PIN: 253-768-365
[14:04:24] {/usr/local/lib/python3.9/site-packages/werkzeug/_internal.py:113} INFO - 172.17.0.1 - - [19/Feb/2021 14:04:24] "[37mGET /get_ps5 HTTP/1.1[0m" 200 -
[14:04:25] {/usr/local/lib/python3.9/site-packages/werkzeug/_internal.py:113} INFO - 172.17.0.1 - - [19/Feb/2021 14:04:25] "[37mGET /get_ps5 HTTP/1.1[0m" 200 -
[14:04:25] {/usr/local/lib/python3.9/site-packages/werkzeug/_internal.py:113} INFO - 172.17.0.1 - - [19/Feb/2021 14:04:25] "[37mGET /get_ps5 HTTP/1.1[0m" 200 -
[14:04:25] {/usr/local/lib/python3.9/site-packages/werkzeug/_internal.py:113} INFO - 172.17.0.1 - - [19/Feb/2021 14:04:25] "[37mGET /get_ps5 HTTP/1.1[0m" 200 -
[14:04:26] {/usr/local/lib/python3.9/site-packages/werkzeug/_internal.py:113} INFO - 172.17.0.1 - - [19/Feb/2021 14:04:26] "[37mGET /get_ps5 HTTP/1.1[0m" 200 -
[14:04:26] {/usr/local/lib/python3.9/site-packages/werkzeug/_internal.py:113} INFO - 172.17.0.1 - - [19/Feb/2021 14:04:26] "[37mGET / HTTP/1.1[0m" 200 -
[14:04:26] {/usr/local/lib/python3.9/site-packages/werkzeug/_internal.py:113} INFO - 172.17.0.1 - - [19/Feb/2021 14:04:26] "[37mGET /get_ps5 HTTP/1.1[0m" 200 -
[14:04:27] {/usr/local/lib/python3.9/site-packages/werkzeug/_internal.py:113} INFO - 172.17.0.1 - - [19/Feb/2021 14:04:27] "[37mGET /get_ps5 HTTP/1.1[0m" 200 -
[14:04:28] {/usr/local/lib/python3.9/site-packages/werkzeug/_internal.py:113} INFO - 172.17.0.1 - - [19/Feb/2021 14:04:28] "[37mGET /get_ps5 HTTP/1.1[0m" 200 -
[14:04:29] {/usr/local/lib/python3.9/site-packages/werkzeug/_internal.py:113} INFO - 172.17.0.1 - - [19/Feb/2021 14:04:29] "[37mGET /get_ps5 HTTP/1.1[0m" 200 -
[14:04:29] {/usr/local/lib/python3.9/site-packages/werkzeug/_internal.py:113} INFO - 172.17.0.1 - - [19/Feb/2021 14:04:29] "[37mGET /get_ps5 HTTP/1.1[0m" 200 -
[14:04:30] {/usr/local/lib/python3.9/site-packages/werkzeug/_internal.py:113} INFO - 172.17.0.1 - - [19/Feb/2021 14:04:30] "[37mGET /get_ps5 HTTP/1.1[0m" 200 -
[14:04:30] {/usr/local/lib/python3.9/site-packages/werkzeug/_internal.py:113} INFO - 172.17.0.1 - - [19/Feb/2021 14:04:30] "[37mGET /get_ps5 HTTP/1.1[0m" 200 -
[14:04:31] {/usr/local/lib/python3.9/site-packages/werkzeug/_internal.py:113} INFO - 172.17.0.1 - - [19/Feb/2021 14:04:31] "[37mGET /get_ps5 HTTP/1.1[0m" 200 -
[14:04:32] {/usr/local/lib/python3.9/site-packages/werkzeug/_internal.py:113} INFO - 172.17.0.1 - - [19/Feb/2021 14:04:32] "[37mGET /get_ps5 HTTP/1.1[0m" 200 -
[14:04:33] {/usr/local/lib/python3.9/site-packages/werkzeug/_internal.py:113} INFO - 172.17.0.1 - - [19/Feb/2021 14:04:33] "[37mGET /get_ps5 HTTP/1.1[0m" 200 -
[14:04:33] {/usr/local/lib/python3.9/site-packages/werkzeug/_internal.py:113} INFO - 172.17.0.1 - - [19/Feb/2021 14:04:33] "[37mGET /get_ps5 HTTP/1.1[0m" 200 -
[14:04:34] {/usr/local/lib/python3.9/site-packages/werkzeug/_internal.py:113} INFO - 172.17.0.1 - - [19/Feb/2021 14:04:34] "[37mGET /get_ps5 HTTP/1.1[0m" 200 -
[14:04:34] {/usr/local/lib/python3.9/site-packages/werkzeug/_internal.py:113} INFO - 172.17.0.1 - - [19/Feb/2021 14:04:34] "[37mGET /get_ps5 HTTP/1.1[0m" 200 -
[14:04:35] {/usr/local/lib/python3.9/site-packages/werkzeug/_internal.py:113} INFO - 172.17.0.1 - - [19/Feb/2021 14:04:35] "[37mGET /get_ps5 HTTP/1.1[0m" 200 -
[14:04:36] {/usr/local/lib/python3.9/site-packages/werkzeug/_internal.py:113} INFO - 172.17.0.1 - - [19/Feb/2021 14:04:36] "[37mGET /get_ps5 HTTP/1.1[0m" 200 -
[14:04:36] {/usr/local/lib/python3.9/site-packages/werkzeug/_internal.py:113} INFO - 172.17.0.1 - - [19/Feb/2021 14:04:36] "[37mGET /get_ps5 HTTP/1.1[0m" 200 -
[14:04:41] {/usr/local/lib/python3.9/site-packages/werkzeug/_internal.py:113} INFO - 172.17.0.1 - - [19/Feb/2021 14:04:41] "[37mGET /get_ps5 HTTP/1.1[0m" 200 -
[14:04:41] {/usr/local/lib/python3.9/site-packages/werkzeug/_internal.py:113} INFO - 172.17.0.1 - - [19/Feb/2021 14:04:41] "[37mGET /get_ps5 HTTP/1.1[0m" 200 -
[14:04:42] {/usr/local/lib/python3.9/site-packages/werkzeug/_internal.py:113} INFO - 172.17.0.1 - - [19/Feb/2021 14:04:42] "[37mGET /get_ps5 HTTP/1.1[0m" 200 -
[14:04:42] {/usr/local/lib/python3.9/site-packages/werkzeug/_internal.py:113} INFO - 172.17.0.1 - - [19/Feb/2021 14:04:42] "[37mGET /get_ps5 HTTP/1.1[0m" 200 -
[14:04:43] {/usr/local/lib/python3.9/site-packages/werkzeug/_internal.py:113} INFO - 172.17.0.1 - - [19/Feb/2021 14:04:43] "[37mGET /get_ps5 HTTP/1.1[0m" 200 -
[14:04:43] {/usr/local/lib/python3.9/site-packages/werkzeug/_internal.py:113} INFO - 172.17.0.1 - - [19/Feb/2021 14:04:43] "[37mGET /get_ps5 HTTP/1.1[0m" 200 -
[14:04:44] {/usr/local/lib/python3.9/site-packages/werkzeug/_internal.py:113} INFO - 172.17.0.1 - - [19/Feb/2021 14:04:44] "[37mGET /get_ps5 HTTP/1.1[0m" 200 -
[14:04:45] {/usr/local/lib/python3.9/site-packages/werkzeug/_internal.py:113} INFO - 172.17.0.1 - - [19/Feb/2021 14:04:45] "[37mGET /get_ps5 HTTP/1.1[0m" 200 -
[14:04:45] {/usr/local/lib/python3.9/site-packages/werkzeug/_internal.py:113} INFO - 172.17.0.1 - - [19/Feb/2021 14:04:45] "[37mGET /get_ps5 HTTP/1.1[0m" 200 -
[14:04:46] {/usr/local/lib/python3.9/site-packages/werkzeug/_internal.py:113} INFO - 172.17.0.1 - - [19/Feb/2021 14:04:46] "[37mGET /get_ps5 HTTP/1.1[0m" 200 -
[14:04:47] {/usr/local/lib/python3.9/site-packages/werkzeug/_internal.py:113} INFO - 172.17.0.1 - - [19/Feb/2021 14:04:47] "[37mGET /get_ps5 HTTP/1.1[0m" 200 -
[14:04:48] {/usr/local/lib/python3.9/site-packages/werkzeug/_internal.py:113} INFO - 172.17.0.1 - - [19/Feb/2021 14:04:48] "[37mGET /get_ps5 HTTP/1.1[0m" 200 -
[14:04:49] {/usr/local/lib/python3.9/site-packages/werkzeug/_internal.py:113} INFO - 172.17.0.1 - - [19/Feb/2021 14:04:49] "[37mGET /get_ps5 HTTP/1.1[0m" 200 -
[14:04:50] {/usr/local/lib/python3.9/site-packages/werkzeug/_internal.py:113} INFO - 172.17.0.1 - - [19/Feb/2021 14:04:50] "[37mGET /get_ps5 HTTP/1.1[0m" 200 -
[14:04:52] {/usr/local/lib/python3.9/site-packages/werkzeug/_internal.py:113} INFO - 172.17.0.1 - - [19/Feb/2021 14:04:52] "[37mGET /get_ps5 HTTP/1.1[0m" 200 -
[14:04:53] {/usr/local/lib/python3.9/site-packages/werkzeug/_internal.py:113} INFO - 172.17.0.1 - - [19/Feb/2021 14:04:53] "[37mGET /get_ps5 HTTP/1.1[0m" 200 -
[14:04:54] {/usr/local/lib/python3.9/site-packages/werkzeug/_internal.py:113} INFO - 172.17.0.1 - - [19/Feb/2021 14:04:54] "[37mGET /get_ps5 HTTP/1.1[0m" 200 -
[14:04:56] {/usr/local/lib/python3.9/site-packages/werkzeug/_internal.py:113} INFO - 172.17.0.1 - - [19/Feb/2021 14:04:56] "[37mGET /get_ps5 HTTP/1.1[0m" 200 -
[14:04:57] {/usr/local/lib/python3.9/site-packages/werkzeug/_internal.py:113} INFO - 172.17.0.1 - - [19/Feb/2021 14:04:57] "[37mGET /get_ps5 HTTP/1.1[0m" 200 -
[14:04:58] {/usr/local/lib/python3.9/site-packages/werkzeug/_internal.py:113} INFO - 172.17.0.1 - - [19/Feb/2021 14:04:58] "[37mGET /get_ps5 HTTP/1.1[0m" 200 -
[14:04:59] {/usr/local/lib/python3.9/site-packages/werkzeug/_internal.py:113} INFO - 172.17.0.1 - - [19/Feb/2021 14:04:59] "[37mGET /get_ps5 HTTP/1.1[0m" 200 -
[14:05:01] {/usr/local/lib/python3.9/site-packages/werkzeug/_internal.py:113} INFO - 172.17.0.1 - - [19/Feb/2021 14:05:01] "[37mGET /get_ps5 HTTP/1.1[0m" 200 -
[14:05:02] {/usr/local/lib/python3.9/site-packages/werkzeug/_internal.py:113} INFO - 172.17.0.1 - - [19/Feb/2021 14:05:02] "[37mGET /get_ps5 HTTP/1.1[0m" 200 -
[14:05:03] {/usr/local/lib/python3.9/site-packages/werkzeug/_internal.py:113} INFO - 172.17.0.1 - - [19/Feb/2021 14:05:03] "[37mGET /get_ps5 HTTP/1.1[0m" 200 -
[14:05:04] {/usr/local/lib/python3.9/site-packages/werkzeug/_internal.py:113} INFO - 172.17.0.1 - - [19/Feb/2021 14:05:04] "[37mGET /get_ps5 HTTP/1.1[0m" 200 -
[14:05:06] {/usr/local/lib/python3.9/site-packages/werkzeug/_internal.py:113} INFO - 172.17.0.1 - - [19/Feb/2021 14:05:06] "[37mGET /get_ps5 HTTP/1.1[0m" 200 -
[14:05:08] {/usr/local/lib/python3.9/site-packages/werkzeug/_internal.py:113} INFO - 172.17.0.1 - - [19/Feb/2021 14:05:08] "[37mGET /get_ps5 HTTP/1.1[0m" 200 -
[14:05:09] {/usr/local/lib/python3.9/site-packages/werkzeug/_internal.py:113} INFO - 172.17.0.1 - - [19/Feb/2021 14:05:09] "[37mGET /get_ps5 HTTP/1.1[0m" 200 -
[14:05:11] {/usr/local/lib/python3.9/site-packages/werkzeug/_internal.py:113} INFO - 172.17.0.1 - - [19/Feb/2021 14:05:11] "[37mGET /get_ps5 HTTP/1.1[0m" 200 -
[14:05:12] {/usr/local/lib/python3.9/site-packages/werkzeug/_internal.py:113} INFO - 172.17.0.1 - - [19/Feb/2021 14:05:12] "[37mGET /get_ps5 HTTP/1.1[0m" 200 -
[14:05:13] {/usr/local/lib/python3.9/site-packages/werkzeug/_internal.py:113} INFO - 172.17.0.1 - - [19/Feb/2021 14:05:13] "[37mGET /get_ps5 HTTP/1.1[0m" 200 -
[14:05:14] {/usr/local/lib/python3.9/site-packages/werkzeug/_internal.py:113} INFO - 172.17.0.1 - - [19/Feb/2021 14:05:14] "[37mGET /get_ps5 HTTP/1.1[0m" 200 -
[14:07:17] {/usr/local/lib/python3.9/site-packages/werkzeug/_internal.py:113} INFO - 172.17.0.1 - - [19/Feb/2021 14:07:17] "[37mGET /get_ps5 HTTP/1.1[0m" 200 -
[14:07:56] {/usr/local/lib/python3.9/site-packages/werkzeug/_internal.py:113} INFO -  * Detected change in '/scrapping/app.py', reloading
[14:07:57] {/usr/local/lib/python3.9/site-packages/werkzeug/_internal.py:113} INFO -  * Restarting with stat
[14:07:57] {/scrapping/app.py:19} INFO - script start
[14:07:57] {/scrapping/app.py:20} INFO - Scrapping element of xbox one page with class from url link jeux videos.com
[14:07:57] {/scrapping/app.py:54} INFO - scrapping element ps5 title in page jeux videos.com 
[14:07:57] {/scrapping/app.py:71} INFO - scrapping element pc title in page jeux videos.com 
[14:07:57] {/scrapping/app.py:88} INFO - end of script
[14:07:57] {/usr/local/lib/python3.9/site-packages/werkzeug/_internal.py:113} WARNING -  * Debugger is active!
[14:07:57] {/usr/local/lib/python3.9/site-packages/werkzeug/_internal.py:113} INFO -  * Debugger PIN: 253-768-365
[14:08:02] {/usr/local/lib/python3.9/site-packages/werkzeug/_internal.py:113} INFO - 172.17.0.1 - - [19/Feb/2021 14:08:02] "[37mGET /get_ps5 HTTP/1.1[0m" 200 -
[14:09:30] {/usr/local/lib/python3.9/site-packages/werkzeug/_internal.py:113} INFO - 172.17.0.1 - - [19/Feb/2021 14:09:30] "[37mGET /get_ps5 HTTP/1.1[0m" 200 -
[14:09:30] {/usr/local/lib/python3.9/site-packages/werkzeug/_internal.py:113} INFO - 172.17.0.1 - - [19/Feb/2021 14:09:30] "[37mGET /get_ps5 HTTP/1.1[0m" 200 -
[14:09:30] {/usr/local/lib/python3.9/site-packages/werkzeug/_internal.py:113} INFO - 172.17.0.1 - - [19/Feb/2021 14:09:30] "[37mGET /get_ps5 HTTP/1.1[0m" 200 -
[14:09:31] {/usr/local/lib/python3.9/site-packages/werkzeug/_internal.py:113} INFO - 172.17.0.1 - - [19/Feb/2021 14:09:31] "[37mGET /get_ps5 HTTP/1.1[0m" 200 -
[14:09:31] {/usr/local/lib/python3.9/site-packages/werkzeug/_internal.py:113} INFO - 172.17.0.1 - - [19/Feb/2021 14:09:31] "[37mGET /get_ps5 HTTP/1.1[0m" 200 -
[14:09:32] {/usr/local/lib/python3.9/site-packages/werkzeug/_internal.py:113} INFO - 172.17.0.1 - - [19/Feb/2021 14:09:32] "[37mGET /get_ps5 HTTP/1.1[0m" 200 -
[14:09:32] {/usr/local/lib/python3.9/site-packages/werkzeug/_internal.py:113} INFO - 172.17.0.1 - - [19/Feb/2021 14:09:32] "[37mGET /get_ps5 HTTP/1.1[0m" 200 -
[14:09:33] {/usr/local/lib/python3.9/site-packages/werkzeug/_internal.py:113} INFO - 172.17.0.1 - - [19/Feb/2021 14:09:33] "[37mGET /get_ps5 HTTP/1.1[0m" 200 -
[14:09:33] {/usr/local/lib/python3.9/site-packages/werkzeug/_internal.py:113} INFO - 172.17.0.1 - - [19/Feb/2021 14:09:33] "[37mGET /get_ps5 HTTP/1.1[0m" 200 -
[14:09:34] {/usr/local/lib/python3.9/site-packages/werkzeug/_internal.py:113} INFO - 172.17.0.1 - - [19/Feb/2021 14:09:34] "[37mGET /get_ps5 HTTP/1.1[0m" 200 -
[14:09:34] {/usr/local/lib/python3.9/site-packages/werkzeug/_internal.py:113} INFO - 172.17.0.1 - - [19/Feb/2021 14:09:34] "[37mGET /get_ps5 HTTP/1.1[0m" 200 -
[14:09:35] {/usr/local/lib/python3.9/site-packages/werkzeug/_internal.py:113} INFO - 172.17.0.1 - - [19/Feb/2021 14:09:35] "[37mGET /get_ps5 HTTP/1.1[0m" 200 -
[14:09:35] {/usr/local/lib/python3.9/site-packages/werkzeug/_internal.py:113} INFO - 172.17.0.1 - - [19/Feb/2021 14:09:35] "[37mGET /get_ps5 HTTP/1.1[0m" 200 -
[14:09:36] {/usr/local/lib/python3.9/site-packages/werkzeug/_internal.py:113} INFO - 172.17.0.1 - - [19/Feb/2021 14:09:36] "[37mGET /get_ps5 HTTP/1.1[0m" 200 -
[14:09:36] {/usr/local/lib/python3.9/site-packages/werkzeug/_internal.py:113} INFO - 172.17.0.1 - - [19/Feb/2021 14:09:36] "[37mGET /get_ps5 HTTP/1.1[0m" 200 -
[14:09:36] {/usr/local/lib/python3.9/site-packages/werkzeug/_internal.py:113} INFO - 172.17.0.1 - - [19/Feb/2021 14:09:36] "[37mGET /get_ps5 HTTP/1.1[0m" 200 -
[14:09:37] {/usr/local/lib/python3.9/site-packages/werkzeug/_internal.py:113} INFO - 172.17.0.1 - - [19/Feb/2021 14:09:37] "[37mGET /get_ps5 HTTP/1.1[0m" 200 -
[14:09:37] {/usr/local/lib/python3.9/site-packages/werkzeug/_internal.py:113} INFO - 172.17.0.1 - - [19/Feb/2021 14:09:37] "[37mGET /get_ps5 HTTP/1.1[0m" 200 -
[14:09:38] {/usr/local/lib/python3.9/site-packages/werkzeug/_internal.py:113} INFO - 172.17.0.1 - - [19/Feb/2021 14:09:38] "[37mGET /get_ps5 HTTP/1.1[0m" 200 -
[14:09:38] {/usr/local/lib/python3.9/site-packages/werkzeug/_internal.py:113} INFO - 172.17.0.1 - - [19/Feb/2021 14:09:38] "[37mGET /get_ps5 HTTP/1.1[0m" 200 -
[14:09:39] {/usr/local/lib/python3.9/site-packages/werkzeug/_internal.py:113} INFO - 172.17.0.1 - - [19/Feb/2021 14:09:39] "[37mGET /get_ps5 HTTP/1.1[0m" 200 -
[14:09:39] {/usr/local/lib/python3.9/site-packages/werkzeug/_internal.py:113} INFO - 172.17.0.1 - - [19/Feb/2021 14:09:39] "[37mGET /get_ps5 HTTP/1.1[0m" 200 -
[14:09:40] {/usr/local/lib/python3.9/site-packages/werkzeug/_internal.py:113} INFO - 172.17.0.1 - - [19/Feb/2021 14:09:40] "[37mGET /get_ps5 HTTP/1.1[0m" 200 -
[14:09:40] {/usr/local/lib/python3.9/site-packages/werkzeug/_internal.py:113} INFO - 172.17.0.1 - - [19/Feb/2021 14:09:40] "[37mGET /get_ps5 HTTP/1.1[0m" 200 -
[14:09:41] {/usr/local/lib/python3.9/site-packages/werkzeug/_internal.py:113} INFO - 172.17.0.1 - - [19/Feb/2021 14:09:41] "[37mGET /get_ps5 HTTP/1.1[0m" 200 -
[14:09:41] {/usr/local/lib/python3.9/site-packages/werkzeug/_internal.py:113} INFO - 172.17.0.1 - - [19/Feb/2021 14:09:41] "[37mGET /get_ps5 HTTP/1.1[0m" 200 -
[14:09:41] {/usr/local/lib/python3.9/site-packages/werkzeug/_internal.py:113} INFO - 172.17.0.1 - - [19/Feb/2021 14:09:41] "[37mGET /get_ps5 HTTP/1.1[0m" 200 -
[14:09:42] {/usr/local/lib/python3.9/site-packages/werkzeug/_internal.py:113} INFO - 172.17.0.1 - - [19/Feb/2021 14:09:42] "[37mGET /get_ps5 HTTP/1.1[0m" 200 -
[14:09:42] {/usr/local/lib/python3.9/site-packages/werkzeug/_internal.py:113} INFO - 172.17.0.1 - - [19/Feb/2021 14:09:42] "[37mGET /get_ps5 HTTP/1.1[0m" 200 -
[14:09:43] {/usr/local/lib/python3.9/site-packages/werkzeug/_internal.py:113} INFO - 172.17.0.1 - - [19/Feb/2021 14:09:43] "[37mGET /get_ps5 HTTP/1.1[0m" 200 -
[14:09:43] {/usr/local/lib/python3.9/site-packages/werkzeug/_internal.py:113} INFO - 172.17.0.1 - - [19/Feb/2021 14:09:43] "[37mGET /get_ps5 HTTP/1.1[0m" 200 -
[14:09:44] {/usr/local/lib/python3.9/site-packages/werkzeug/_internal.py:113} INFO - 172.17.0.1 - - [19/Feb/2021 14:09:44] "[37mGET /get_ps5 HTTP/1.1[0m" 200 -
[14:09:44] {/usr/local/lib/python3.9/site-packages/werkzeug/_internal.py:113} INFO - 172.17.0.1 - - [19/Feb/2021 14:09:44] "[37mGET /get_ps5 HTTP/1.1[0m" 200 -
[14:09:44] {/usr/local/lib/python3.9/site-packages/werkzeug/_internal.py:113} INFO - 172.17.0.1 - - [19/Feb/2021 14:09:44] "[37mGET /get_ps5 HTTP/1.1[0m" 200 -
[14:09:45] {/usr/local/lib/python3.9/site-packages/werkzeug/_internal.py:113} INFO - 172.17.0.1 - - [19/Feb/2021 14:09:45] "[37mGET /get_ps5 HTTP/1.1[0m" 200 -
[14:09:46] {/usr/local/lib/python3.9/site-packages/werkzeug/_internal.py:113} INFO - 172.17.0.1 - - [19/Feb/2021 14:09:46] "[37mGET /get_ps5 HTTP/1.1[0m" 200 -
[14:09:46] {/usr/local/lib/python3.9/site-packages/werkzeug/_internal.py:113} INFO - 172.17.0.1 - - [19/Feb/2021 14:09:46] "[37mGET /get_ps5 HTTP/1.1[0m" 200 -
[14:09:46] {/usr/local/lib/python3.9/site-packages/werkzeug/_internal.py:113} INFO - 172.17.0.1 - - [19/Feb/2021 14:09:46] "[37mGET /get_ps5 HTTP/1.1[0m" 200 -
[14:09:47] {/usr/local/lib/python3.9/site-packages/werkzeug/_internal.py:113} INFO - 172.17.0.1 - - [19/Feb/2021 14:09:47] "[37mGET /get_ps5 HTTP/1.1[0m" 200 -
[14:09:47] {/usr/local/lib/python3.9/site-packages/werkzeug/_internal.py:113} INFO - 172.17.0.1 - - [19/Feb/2021 14:09:47] "[37mGET /get_ps5 HTTP/1.1[0m" 200 -
[14:09:48] {/usr/local/lib/python3.9/site-packages/werkzeug/_internal.py:113} INFO - 172.17.0.1 - - [19/Feb/2021 14:09:48] "[37mGET /get_ps5 HTTP/1.1[0m" 200 -
[14:09:48] {/usr/local/lib/python3.9/site-packages/werkzeug/_internal.py:113} INFO - 172.17.0.1 - - [19/Feb/2021 14:09:48] "[37mGET /get_ps5 HTTP/1.1[0m" 200 -
[14:09:49] {/usr/local/lib/python3.9/site-packages/werkzeug/_internal.py:113} INFO - 172.17.0.1 - - [19/Feb/2021 14:09:49] "[37mGET /get_ps5 HTTP/1.1[0m" 200 -
[14:09:49] {/usr/local/lib/python3.9/site-packages/werkzeug/_internal.py:113} INFO - 172.17.0.1 - - [19/Feb/2021 14:09:49] "[37mGET /get_ps5 HTTP/1.1[0m" 200 -
[14:09:50] {/usr/local/lib/python3.9/site-packages/werkzeug/_internal.py:113} INFO - 172.17.0.1 - - [19/Feb/2021 14:09:50] "[37mGET /get_ps5 HTTP/1.1[0m" 200 -
[14:09:50] {/usr/local/lib/python3.9/site-packages/werkzeug/_internal.py:113} INFO - 172.17.0.1 - - [19/Feb/2021 14:09:50] "[37mGET /get_ps5 HTTP/1.1[0m" 200 -
[14:09:51] {/usr/local/lib/python3.9/site-packages/werkzeug/_internal.py:113} INFO - 172.17.0.1 - - [19/Feb/2021 14:09:51] "[37mGET /get_ps5 HTTP/1.1[0m" 200 -
[14:09:51] {/usr/local/lib/python3.9/site-packages/werkzeug/_internal.py:113} INFO - 172.17.0.1 - - [19/Feb/2021 14:09:51] "[37mGET /get_ps5 HTTP/1.1[0m" 200 -
[14:09:52] {/usr/local/lib/python3.9/site-packages/werkzeug/_internal.py:113} INFO - 172.17.0.1 - - [19/Feb/2021 14:09:52] "[37mGET /get_ps5 HTTP/1.1[0m" 200 -
[14:09:52] {/usr/local/lib/python3.9/site-packages/werkzeug/_internal.py:113} INFO - 172.17.0.1 - - [19/Feb/2021 14:09:52] "[37mGET /get_ps5 HTTP/1.1[0m" 200 -
[14:09:52] {/usr/local/lib/python3.9/site-packages/werkzeug/_internal.py:113} INFO - 172.17.0.1 - - [19/Feb/2021 14:09:52] "[37mGET /get_ps5 HTTP/1.1[0m" 200 -
[14:09:53] {/usr/local/lib/python3.9/site-packages/werkzeug/_internal.py:113} INFO - 172.17.0.1 - - [19/Feb/2021 14:09:53] "[37mGET /get_ps5 HTTP/1.1[0m" 200 -
[14:09:53] {/usr/local/lib/python3.9/site-packages/werkzeug/_internal.py:113} INFO - 172.17.0.1 - - [19/Feb/2021 14:09:53] "[37mGET /get_ps5 HTTP/1.1[0m" 200 -
[14:09:54] {/usr/local/lib/python3.9/site-packages/werkzeug/_internal.py:113} INFO - 172.17.0.1 - - [19/Feb/2021 14:09:54] "[37mGET /get_ps5 HTTP/1.1[0m" 200 -
[14:09:54] {/usr/local/lib/python3.9/site-packages/werkzeug/_internal.py:113} INFO - 172.17.0.1 - - [19/Feb/2021 14:09:54] "[37mGET /get_ps5 HTTP/1.1[0m" 200 -
[14:09:55] {/usr/local/lib/python3.9/site-packages/werkzeug/_internal.py:113} INFO - 172.17.0.1 - - [19/Feb/2021 14:09:55] "[37mGET /get_ps5 HTTP/1.1[0m" 200 -
[14:09:55] {/usr/local/lib/python3.9/site-packages/werkzeug/_internal.py:113} INFO - 172.17.0.1 - - [19/Feb/2021 14:09:55] "[37mGET /get_ps5 HTTP/1.1[0m" 200 -
[14:09:56] {/usr/local/lib/python3.9/site-packages/werkzeug/_internal.py:113} INFO - 172.17.0.1 - - [19/Feb/2021 14:09:56] "[37mGET /get_ps5 HTTP/1.1[0m" 200 -
[14:09:56] {/usr/local/lib/python3.9/site-packages/werkzeug/_internal.py:113} INFO - 172.17.0.1 - - [19/Feb/2021 14:09:56] "[37mGET /get_ps5 HTTP/1.1[0m" 200 -
[14:09:57] {/usr/local/lib/python3.9/site-packages/werkzeug/_internal.py:113} INFO - 172.17.0.1 - - [19/Feb/2021 14:09:57] "[37mGET /get_ps5 HTTP/1.1[0m" 200 -
[14:09:57] {/usr/local/lib/python3.9/site-packages/werkzeug/_internal.py:113} INFO - 172.17.0.1 - - [19/Feb/2021 14:09:57] "[37mGET /get_ps5 HTTP/1.1[0m" 200 -
[14:09:58] {/usr/local/lib/python3.9/site-packages/werkzeug/_internal.py:113} INFO - 172.17.0.1 - - [19/Feb/2021 14:09:58] "[37mGET /get_ps5 HTTP/1.1[0m" 200 -
[14:09:58] {/usr/local/lib/python3.9/site-packages/werkzeug/_internal.py:113} INFO - 172.17.0.1 - - [19/Feb/2021 14:09:58] "[37mGET /get_ps5 HTTP/1.1[0m" 200 -
[14:09:59] {/usr/local/lib/python3.9/site-packages/werkzeug/_internal.py:113} INFO - 172.17.0.1 - - [19/Feb/2021 14:09:59] "[37mGET /get_ps5 HTTP/1.1[0m" 200 -
[14:09:59] {/usr/local/lib/python3.9/site-packages/werkzeug/_internal.py:113} INFO - 172.17.0.1 - - [19/Feb/2021 14:09:59] "[37mGET /get_ps5 HTTP/1.1[0m" 200 -
[14:09:59] {/usr/local/lib/python3.9/site-packages/werkzeug/_internal.py:113} INFO - 172.17.0.1 - - [19/Feb/2021 14:09:59] "[37mGET /get_ps5 HTTP/1.1[0m" 200 -
[14:10:00] {/usr/local/lib/python3.9/site-packages/werkzeug/_internal.py:113} INFO - 172.17.0.1 - - [19/Feb/2021 14:10:00] "[37mGET /get_ps5 HTTP/1.1[0m" 200 -
[14:10:00] {/usr/local/lib/python3.9/site-packages/werkzeug/_internal.py:113} INFO - 172.17.0.1 - - [19/Feb/2021 14:10:00] "[37mGET /get_ps5 HTTP/1.1[0m" 200 -
[14:10:01] {/usr/local/lib/python3.9/site-packages/werkzeug/_internal.py:113} INFO - 172.17.0.1 - - [19/Feb/2021 14:10:01] "[37mGET /get_ps5 HTTP/1.1[0m" 200 -
[14:10:01] {/usr/local/lib/python3.9/site-packages/werkzeug/_internal.py:113} INFO - 172.17.0.1 - - [19/Feb/2021 14:10:01] "[37mGET /get_ps5 HTTP/1.1[0m" 200 -
[14:10:02] {/usr/local/lib/python3.9/site-packages/werkzeug/_internal.py:113} INFO - 172.17.0.1 - - [19/Feb/2021 14:10:02] "[37mGET /get_ps5 HTTP/1.1[0m" 200 -
[14:10:02] {/usr/local/lib/python3.9/site-packages/werkzeug/_internal.py:113} INFO - 172.17.0.1 - - [19/Feb/2021 14:10:02] "[37mGET /get_ps5 HTTP/1.1[0m" 200 -
[14:10:03] {/usr/local/lib/python3.9/site-packages/werkzeug/_internal.py:113} INFO - 172.17.0.1 - - [19/Feb/2021 14:10:03] "[37mGET /get_ps5 HTTP/1.1[0m" 200 -
[14:10:03] {/usr/local/lib/python3.9/site-packages/werkzeug/_internal.py:113} INFO - 172.17.0.1 - - [19/Feb/2021 14:10:03] "[37mGET /get_ps5 HTTP/1.1[0m" 200 -
[14:10:04] {/usr/local/lib/python3.9/site-packages/werkzeug/_internal.py:113} INFO - 172.17.0.1 - - [19/Feb/2021 14:10:04] "[37mGET /get_ps5 HTTP/1.1[0m" 200 -
[14:10:04] {/usr/local/lib/python3.9/site-packages/werkzeug/_internal.py:113} INFO - 172.17.0.1 - - [19/Feb/2021 14:10:04] "[37mGET /get_ps5 HTTP/1.1[0m" 200 -
[14:10:05] {/usr/local/lib/python3.9/site-packages/werkzeug/_internal.py:113} INFO - 172.17.0.1 - - [19/Feb/2021 14:10:05] "[37mGET /get_ps5 HTTP/1.1[0m" 200 -
[14:10:05] {/usr/local/lib/python3.9/site-packages/werkzeug/_internal.py:113} INFO - 172.17.0.1 - - [19/Feb/2021 14:10:05] "[37mGET /get_ps5 HTTP/1.1[0m" 200 -
[14:10:06] {/usr/local/lib/python3.9/site-packages/werkzeug/_internal.py:113} INFO - 172.17.0.1 - - [19/Feb/2021 14:10:06] "[37mGET /get_ps5 HTTP/1.1[0m" 200 -
[14:10:07] {/usr/local/lib/python3.9/site-packages/werkzeug/_internal.py:113} INFO - 172.17.0.1 - - [19/Feb/2021 14:10:07] "[37mGET /get_ps5 HTTP/1.1[0m" 200 -
[14:10:08] {/usr/local/lib/python3.9/site-packages/werkzeug/_internal.py:113} INFO - 172.17.0.1 - - [19/Feb/2021 14:10:08] "[37mGET /get_ps5 HTTP/1.1[0m" 200 -
[14:10:09] {/usr/local/lib/python3.9/site-packages/werkzeug/_internal.py:113} INFO - 172.17.0.1 - - [19/Feb/2021 14:10:09] "[37mGET /get_ps5 HTTP/1.1[0m" 200 -
[14:10:09] {/usr/local/lib/python3.9/site-packages/werkzeug/_internal.py:113} INFO - 172.17.0.1 - - [19/Feb/2021 14:10:09] "[37mGET /get_ps5 HTTP/1.1[0m" 200 -
[14:10:10] {/usr/local/lib/python3.9/site-packages/werkzeug/_internal.py:113} INFO - 172.17.0.1 - - [19/Feb/2021 14:10:10] "[37mGET /get_ps5 HTTP/1.1[0m" 200 -
[14:10:10] {/usr/local/lib/python3.9/site-packages/werkzeug/_internal.py:113} INFO - 172.17.0.1 - - [19/Feb/2021 14:10:10] "[37mGET /get_ps5 HTTP/1.1[0m" 200 -
[14:10:11] {/usr/local/lib/python3.9/site-packages/werkzeug/_internal.py:113} INFO - 172.17.0.1 - - [19/Feb/2021 14:10:11] "[37mGET /get_ps5 HTTP/1.1[0m" 200 -
[14:10:12] {/usr/local/lib/python3.9/site-packages/werkzeug/_internal.py:113} INFO - 172.17.0.1 - - [19/Feb/2021 14:10:12] "[37mGET /get_ps5 HTTP/1.1[0m" 200 -
[14:10:12] {/usr/local/lib/python3.9/site-packages/werkzeug/_internal.py:113} INFO - 172.17.0.1 - - [19/Feb/2021 14:10:12] "[37mGET /get_ps5 HTTP/1.1[0m" 200 -
[14:10:13] {/usr/local/lib/python3.9/site-packages/werkzeug/_internal.py:113} INFO - 172.17.0.1 - - [19/Feb/2021 14:10:13] "[37mGET /get_ps5 HTTP/1.1[0m" 200 -
[14:10:13] {/usr/local/lib/python3.9/site-packages/werkzeug/_internal.py:113} INFO - 172.17.0.1 - - [19/Feb/2021 14:10:13] "[37mGET /get_ps5 HTTP/1.1[0m" 200 -
[14:10:15] {/usr/local/lib/python3.9/site-packages/werkzeug/_internal.py:113} INFO - 172.17.0.1 - - [19/Feb/2021 14:10:15] "[37mGET /get_ps5 HTTP/1.1[0m" 200 -
[14:10:16] {/usr/local/lib/python3.9/site-packages/werkzeug/_internal.py:113} INFO - 172.17.0.1 - - [19/Feb/2021 14:10:16] "[37mGET /get_ps5 HTTP/1.1[0m" 200 -
[14:10:17] {/usr/local/lib/python3.9/site-packages/werkzeug/_internal.py:113} INFO - 172.17.0.1 - - [19/Feb/2021 14:10:17] "[37mGET /get_ps5 HTTP/1.1[0m" 200 -
[14:10:18] {/usr/local/lib/python3.9/site-packages/werkzeug/_internal.py:113} INFO - 172.17.0.1 - - [19/Feb/2021 14:10:18] "[37mGET /get_ps5 HTTP/1.1[0m" 200 -
[14:10:19] {/usr/local/lib/python3.9/site-packages/werkzeug/_internal.py:113} INFO - 172.17.0.1 - - [19/Feb/2021 14:10:19] "[37mGET /get_ps5 HTTP/1.1[0m" 200 -
[14:10:20] {/usr/local/lib/python3.9/site-packages/werkzeug/_internal.py:113} INFO - 172.17.0.1 - - [19/Feb/2021 14:10:20] "[37mGET /get_ps5 HTTP/1.1[0m" 200 -
[14:10:21] {/usr/local/lib/python3.9/site-packages/werkzeug/_internal.py:113} INFO - 172.17.0.1 - - [19/Feb/2021 14:10:21] "[37mGET /get_ps5 HTTP/1.1[0m" 200 -
[14:10:21] {/usr/local/lib/python3.9/site-packages/werkzeug/_internal.py:113} INFO - 172.17.0.1 - - [19/Feb/2021 14:10:21] "[37mGET /get_ps5 HTTP/1.1[0m" 200 -
[14:10:22] {/usr/local/lib/python3.9/site-packages/werkzeug/_internal.py:113} INFO - 172.17.0.1 - - [19/Feb/2021 14:10:22] "[37mGET /get_ps5 HTTP/1.1[0m" 200 -
[14:10:23] {/usr/local/lib/python3.9/site-packages/werkzeug/_internal.py:113} INFO - 172.17.0.1 - - [19/Feb/2021 14:10:23] "[37mGET /get_ps5 HTTP/1.1[0m" 200 -
[14:10:24] {/usr/local/lib/python3.9/site-packages/werkzeug/_internal.py:113} INFO - 172.17.0.1 - - [19/Feb/2021 14:10:24] "[37mGET /get_ps5 HTTP/1.1[0m" 200 -
[14:10:24] {/usr/local/lib/python3.9/site-packages/werkzeug/_internal.py:113} INFO - 172.17.0.1 - - [19/Feb/2021 14:10:24] "[37mGET /get_ps5 HTTP/1.1[0m" 200 -
[14:10:25] {/usr/local/lib/python3.9/site-packages/werkzeug/_internal.py:113} INFO - 172.17.0.1 - - [19/Feb/2021 14:10:25] "[37mGET /get_ps5 HTTP/1.1[0m" 200 -
[14:10:26] {/usr/local/lib/python3.9/site-packages/werkzeug/_internal.py:113} INFO - 172.17.0.1 - - [19/Feb/2021 14:10:26] "[37mGET /get_ps5 HTTP/1.1[0m" 200 -
[14:10:27] {/usr/local/lib/python3.9/site-packages/werkzeug/_internal.py:113} INFO - 172.17.0.1 - - [19/Feb/2021 14:10:27] "[37mGET /get_ps5 HTTP/1.1[0m" 200 -
[14:10:28] {/usr/local/lib/python3.9/site-packages/werkzeug/_internal.py:113} INFO - 172.17.0.1 - - [19/Feb/2021 14:10:28] "[37mGET /get_ps5 HTTP/1.1[0m" 200 -
[14:10:29] {/usr/local/lib/python3.9/site-packages/werkzeug/_internal.py:113} INFO - 172.17.0.1 - - [19/Feb/2021 14:10:29] "[37mGET /get_ps5 HTTP/1.1[0m" 200 -
[14:10:30] {/usr/local/lib/python3.9/site-packages/werkzeug/_internal.py:113} INFO - 172.17.0.1 - - [19/Feb/2021 14:10:30] "[37mGET /get_ps5 HTTP/1.1[0m" 200 -
[14:10:31] {/usr/local/lib/python3.9/site-packages/werkzeug/_internal.py:113} INFO - 172.17.0.1 - - [19/Feb/2021 14:10:31] "[37mGET /get_ps5 HTTP/1.1[0m" 200 -
[14:10:32] {/usr/local/lib/python3.9/site-packages/werkzeug/_internal.py:113} INFO - 172.17.0.1 - - [19/Feb/2021 14:10:32] "[37mGET /get_ps5 HTTP/1.1[0m" 200 -
[14:10:33] {/usr/local/lib/python3.9/site-packages/werkzeug/_internal.py:113} INFO - 172.17.0.1 - - [19/Feb/2021 14:10:33] "[37mGET /get_ps5 HTTP/1.1[0m" 200 -
[14:10:35] {/usr/local/lib/python3.9/site-packages/werkzeug/_internal.py:113} INFO - 172.17.0.1 - - [19/Feb/2021 14:10:35] "[37mGET /get_ps5 HTTP/1.1[0m" 200 -
[14:10:36] {/usr/local/lib/python3.9/site-packages/werkzeug/_internal.py:113} INFO - 172.17.0.1 - - [19/Feb/2021 14:10:36] "[37mGET /get_ps5 HTTP/1.1[0m" 200 -
[14:10:37] {/usr/local/lib/python3.9/site-packages/werkzeug/_internal.py:113} INFO - 172.17.0.1 - - [19/Feb/2021 14:10:37] "[37mGET /get_ps5 HTTP/1.1[0m" 200 -
[14:10:38] {/usr/local/lib/python3.9/site-packages/werkzeug/_internal.py:113} INFO - 172.17.0.1 - - [19/Feb/2021 14:10:38] "[37mGET /get_ps5 HTTP/1.1[0m" 200 -
[14:10:39] {/usr/local/lib/python3.9/site-packages/werkzeug/_internal.py:113} INFO - 172.17.0.1 - - [19/Feb/2021 14:10:39] "[37mGET /get_ps5 HTTP/1.1[0m" 200 -
[14:10:40] {/usr/local/lib/python3.9/site-packages/werkzeug/_internal.py:113} INFO - 172.17.0.1 - - [19/Feb/2021 14:10:40] "[37mGET /get_ps5 HTTP/1.1[0m" 200 -
[14:10:41] {/usr/local/lib/python3.9/site-packages/werkzeug/_internal.py:113} INFO - 172.17.0.1 - - [19/Feb/2021 14:10:41] "[37mGET /get_ps5 HTTP/1.1[0m" 200 -
[14:10:43] {/usr/local/lib/python3.9/site-packages/werkzeug/_internal.py:113} INFO - 172.17.0.1 - - [19/Feb/2021 14:10:43] "[37mGET /get_ps5 HTTP/1.1[0m" 200 -
[14:10:44] {/usr/local/lib/python3.9/site-packages/werkzeug/_internal.py:113} INFO - 172.17.0.1 - - [19/Feb/2021 14:10:44] "[37mGET /get_ps5 HTTP/1.1[0m" 200 -
[14:10:45] {/usr/local/lib/python3.9/site-packages/werkzeug/_internal.py:113} INFO - 172.17.0.1 - - [19/Feb/2021 14:10:45] "[37mGET /get_ps5 HTTP/1.1[0m" 200 -
[14:10:46] {/usr/local/lib/python3.9/site-packages/werkzeug/_internal.py:113} INFO - 172.17.0.1 - - [19/Feb/2021 14:10:46] "[37mGET /get_ps5 HTTP/1.1[0m" 200 -
[14:10:47] {/usr/local/lib/python3.9/site-packages/werkzeug/_internal.py:113} INFO - 172.17.0.1 - - [19/Feb/2021 14:10:47] "[37mGET /get_ps5 HTTP/1.1[0m" 200 -
[14:10:48] {/usr/local/lib/python3.9/site-packages/werkzeug/_internal.py:113} INFO - 172.17.0.1 - - [19/Feb/2021 14:10:48] "[37mGET /get_ps5 HTTP/1.1[0m" 200 -
[14:10:49] {/usr/local/lib/python3.9/site-packages/werkzeug/_internal.py:113} INFO - 172.17.0.1 - - [19/Feb/2021 14:10:49] "[37mGET /get_ps5 HTTP/1.1[0m" 200 -
[14:10:50] {/usr/local/lib/python3.9/site-packages/werkzeug/_internal.py:113} INFO - 172.17.0.1 - - [19/Feb/2021 14:10:50] "[37mGET /get_ps5 HTTP/1.1[0m" 200 -
[14:10:52] {/usr/local/lib/python3.9/site-packages/werkzeug/_internal.py:113} INFO - 172.17.0.1 - - [19/Feb/2021 14:10:52] "[37mGET /get_ps5 HTTP/1.1[0m" 200 -
[14:10:53] {/usr/local/lib/python3.9/site-packages/werkzeug/_internal.py:113} INFO - 172.17.0.1 - - [19/Feb/2021 14:10:53] "[37mGET /get_ps5 HTTP/1.1[0m" 200 -
[14:10:54] {/usr/local/lib/python3.9/site-packages/werkzeug/_internal.py:113} INFO - 172.17.0.1 - - [19/Feb/2021 14:10:54] "[37mGET /get_ps5 HTTP/1.1[0m" 200 -
[14:10:55] {/usr/local/lib/python3.9/site-packages/werkzeug/_internal.py:113} INFO - 172.17.0.1 - - [19/Feb/2021 14:10:55] "[37mGET /get_ps5 HTTP/1.1[0m" 200 -
[14:10:56] {/usr/local/lib/python3.9/site-packages/werkzeug/_internal.py:113} INFO - 172.17.0.1 - - [19/Feb/2021 14:10:56] "[37mGET /get_ps5 HTTP/1.1[0m" 200 -
[14:10:57] {/usr/local/lib/python3.9/site-packages/werkzeug/_internal.py:113} INFO - 172.17.0.1 - - [19/Feb/2021 14:10:57] "[37mGET /get_ps5 HTTP/1.1[0m" 200 -
[14:10:58] {/usr/local/lib/python3.9/site-packages/werkzeug/_internal.py:113} INFO - 172.17.0.1 - - [19/Feb/2021 14:10:58] "[37mGET /get_ps5 HTTP/1.1[0m" 200 -
[14:10:59] {/usr/local/lib/python3.9/site-packages/werkzeug/_internal.py:113} INFO - 172.17.0.1 - - [19/Feb/2021 14:10:59] "[37mGET /get_ps5 HTTP/1.1[0m" 200 -
[14:11:00] {/usr/local/lib/python3.9/site-packages/werkzeug/_internal.py:113} INFO - 172.17.0.1 - - [19/Feb/2021 14:11:00] "[37mGET /get_ps5 HTTP/1.1[0m" 200 -
[14:11:00] {/usr/local/lib/python3.9/site-packages/werkzeug/_internal.py:113} INFO - 172.17.0.1 - - [19/Feb/2021 14:11:00] "[37mGET /get_ps5 HTTP/1.1[0m" 200 -
[14:11:00] {/usr/local/lib/python3.9/site-packages/werkzeug/_internal.py:113} INFO - 172.17.0.1 - - [19/Feb/2021 14:11:00] "[37mGET /get_ps5 HTTP/1.1[0m" 200 -
[14:11:01] {/usr/local/lib/python3.9/site-packages/werkzeug/_internal.py:113} INFO - 172.17.0.1 - - [19/Feb/2021 14:11:01] "[37mGET /get_ps5 HTTP/1.1[0m" 200 -
[14:11:02] {/usr/local/lib/python3.9/site-packages/werkzeug/_internal.py:113} INFO - 172.17.0.1 - - [19/Feb/2021 14:11:02] "[37mGET /get_ps5 HTTP/1.1[0m" 200 -
[14:11:02] {/usr/local/lib/python3.9/site-packages/werkzeug/_internal.py:113} INFO - 172.17.0.1 - - [19/Feb/2021 14:11:02] "[37mGET /get_ps5 HTTP/1.1[0m" 200 -
[14:11:03] {/usr/local/lib/python3.9/site-packages/werkzeug/_internal.py:113} INFO - 172.17.0.1 - - [19/Feb/2021 14:11:03] "[37mGET /get_ps5 HTTP/1.1[0m" 200 -
[14:11:03] {/usr/local/lib/python3.9/site-packages/werkzeug/_internal.py:113} INFO - 172.17.0.1 - - [19/Feb/2021 14:11:03] "[37mGET /get_ps5 HTTP/1.1[0m" 200 -
[14:11:04] {/usr/local/lib/python3.9/site-packages/werkzeug/_internal.py:113} INFO - 172.17.0.1 - - [19/Feb/2021 14:11:04] "[37mGET /get_ps5 HTTP/1.1[0m" 200 -
[14:11:04] {/usr/local/lib/python3.9/site-packages/werkzeug/_internal.py:113} INFO - 172.17.0.1 - - [19/Feb/2021 14:11:04] "[37mGET /get_ps5 HTTP/1.1[0m" 200 -
[14:11:05] {/usr/local/lib/python3.9/site-packages/werkzeug/_internal.py:113} INFO - 172.17.0.1 - - [19/Feb/2021 14:11:05] "[37mGET /get_ps5 HTTP/1.1[0m" 200 -
[14:11:05] {/usr/local/lib/python3.9/site-packages/werkzeug/_internal.py:113} INFO - 172.17.0.1 - - [19/Feb/2021 14:11:05] "[37mGET /get_ps5 HTTP/1.1[0m" 200 -
[14:11:06] {/usr/local/lib/python3.9/site-packages/werkzeug/_internal.py:113} INFO - 172.17.0.1 - - [19/Feb/2021 14:11:06] "[37mGET /get_ps5 HTTP/1.1[0m" 200 -
[14:11:07] {/usr/local/lib/python3.9/site-packages/werkzeug/_internal.py:113} INFO - 172.17.0.1 - - [19/Feb/2021 14:11:07] "[37mGET /get_ps5 HTTP/1.1[0m" 200 -
[14:11:07] {/usr/local/lib/python3.9/site-packages/werkzeug/_internal.py:113} INFO - 172.17.0.1 - - [19/Feb/2021 14:11:07] "[37mGET /get_ps5 HTTP/1.1[0m" 200 -
[14:11:08] {/usr/local/lib/python3.9/site-packages/werkzeug/_internal.py:113} INFO - 172.17.0.1 - - [19/Feb/2021 14:11:08] "[37mGET /get_ps5 HTTP/1.1[0m" 200 -
[14:11:08] {/usr/local/lib/python3.9/site-packages/werkzeug/_internal.py:113} INFO - 172.17.0.1 - - [19/Feb/2021 14:11:08] "[37mGET /get_ps5 HTTP/1.1[0m" 200 -
[14:11:09] {/usr/local/lib/python3.9/site-packages/werkzeug/_internal.py:113} INFO - 172.17.0.1 - - [19/Feb/2021 14:11:09] "[37mGET /get_ps5 HTTP/1.1[0m" 200 -
[14:11:09] {/usr/local/lib/python3.9/site-packages/werkzeug/_internal.py:113} INFO - 172.17.0.1 - - [19/Feb/2021 14:11:09] "[37mGET /get_ps5 HTTP/1.1[0m" 200 -
[14:11:10] {/usr/local/lib/python3.9/site-packages/werkzeug/_internal.py:113} INFO - 172.17.0.1 - - [19/Feb/2021 14:11:10] "[37mGET /get_ps5 HTTP/1.1[0m" 200 -
[14:11:10] {/usr/local/lib/python3.9/site-packages/werkzeug/_internal.py:113} INFO - 172.17.0.1 - - [19/Feb/2021 14:11:10] "[37mGET /get_ps5 HTTP/1.1[0m" 200 -
[14:11:11] {/usr/local/lib/python3.9/site-packages/werkzeug/_internal.py:113} INFO - 172.17.0.1 - - [19/Feb/2021 14:11:11] "[37mGET /get_ps5 HTTP/1.1[0m" 200 -
[14:11:11] {/usr/local/lib/python3.9/site-packages/werkzeug/_internal.py:113} INFO - 172.17.0.1 - - [19/Feb/2021 14:11:11] "[37mGET /get_ps5 HTTP/1.1[0m" 200 -
[14:11:12] {/usr/local/lib/python3.9/site-packages/werkzeug/_internal.py:113} INFO - 172.17.0.1 - - [19/Feb/2021 14:11:12] "[37mGET /get_ps5 HTTP/1.1[0m" 200 -
[14:11:12] {/usr/local/lib/python3.9/site-packages/werkzeug/_internal.py:113} INFO - 172.17.0.1 - - [19/Feb/2021 14:11:12] "[37mGET /get_ps5 HTTP/1.1[0m" 200 -
[14:11:13] {/usr/local/lib/python3.9/site-packages/werkzeug/_internal.py:113} INFO - 172.17.0.1 - - [19/Feb/2021 14:11:13] "[37mGET /get_ps5 HTTP/1.1[0m" 200 -
[14:11:14] {/usr/local/lib/python3.9/site-packages/werkzeug/_internal.py:113} INFO - 172.17.0.1 - - [19/Feb/2021 14:11:14] "[37mGET /get_ps5 HTTP/1.1[0m" 200 -
[14:11:14] {/usr/local/lib/python3.9/site-packages/werkzeug/_internal.py:113} INFO - 172.17.0.1 - - [19/Feb/2021 14:11:14] "[37mGET /get_ps5 HTTP/1.1[0m" 200 -
[14:11:15] {/usr/local/lib/python3.9/site-packages/werkzeug/_internal.py:113} INFO - 172.17.0.1 - - [19/Feb/2021 14:11:15] "[37mGET /get_ps5 HTTP/1.1[0m" 200 -
[14:11:15] {/usr/local/lib/python3.9/site-packages/werkzeug/_internal.py:113} INFO - 172.17.0.1 - - [19/Feb/2021 14:11:15] "[37mGET /get_ps5 HTTP/1.1[0m" 200 -
[14:11:16] {/usr/local/lib/python3.9/site-packages/werkzeug/_internal.py:113} INFO - 172.17.0.1 - - [19/Feb/2021 14:11:16] "[37mGET /get_ps5 HTTP/1.1[0m" 200 -
[14:11:16] {/usr/local/lib/python3.9/site-packages/werkzeug/_internal.py:113} INFO - 172.17.0.1 - - [19/Feb/2021 14:11:16] "[37mGET /get_ps5 HTTP/1.1[0m" 200 -
[14:11:17] {/usr/local/lib/python3.9/site-packages/werkzeug/_internal.py:113} INFO - 172.17.0.1 - - [19/Feb/2021 14:11:17] "[37mGET /get_ps5 HTTP/1.1[0m" 200 -
[14:11:17] {/usr/local/lib/python3.9/site-packages/werkzeug/_internal.py:113} INFO - 172.17.0.1 - - [19/Feb/2021 14:11:17] "[37mGET /get_ps5 HTTP/1.1[0m" 200 -
[14:11:18] {/usr/local/lib/python3.9/site-packages/werkzeug/_internal.py:113} INFO - 172.17.0.1 - - [19/Feb/2021 14:11:18] "[37mGET /get_ps5 HTTP/1.1[0m" 200 -
[14:11:19] {/usr/local/lib/python3.9/site-packages/werkzeug/_internal.py:113} INFO - 172.17.0.1 - - [19/Feb/2021 14:11:19] "[37mGET /get_ps5 HTTP/1.1[0m" 200 -
[14:11:19] {/usr/local/lib/python3.9/site-packages/werkzeug/_internal.py:113} INFO - 172.17.0.1 - - [19/Feb/2021 14:11:19] "[37mGET /get_ps5 HTTP/1.1[0m" 200 -
[14:11:20] {/usr/local/lib/python3.9/site-packages/werkzeug/_internal.py:113} INFO - 172.17.0.1 - - [19/Feb/2021 14:11:20] "[37mGET /get_ps5 HTTP/1.1[0m" 200 -
[14:11:20] {/usr/local/lib/python3.9/site-packages/werkzeug/_internal.py:113} INFO - 172.17.0.1 - - [19/Feb/2021 14:11:20] "[37mGET /get_ps5 HTTP/1.1[0m" 200 -
[14:11:21] {/usr/local/lib/python3.9/site-packages/werkzeug/_internal.py:113} INFO - 172.17.0.1 - - [19/Feb/2021 14:11:21] "[37mGET /get_ps5 HTTP/1.1[0m" 200 -
[14:11:21] {/usr/local/lib/python3.9/site-packages/werkzeug/_internal.py:113} INFO - 172.17.0.1 - - [19/Feb/2021 14:11:21] "[37mGET /get_ps5 HTTP/1.1[0m" 200 -
[14:11:22] {/usr/local/lib/python3.9/site-packages/werkzeug/_internal.py:113} INFO - 172.17.0.1 - - [19/Feb/2021 14:11:22] "[37mGET /get_ps5 HTTP/1.1[0m" 200 -
[14:11:22] {/usr/local/lib/python3.9/site-packages/werkzeug/_internal.py:113} INFO - 172.17.0.1 - - [19/Feb/2021 14:11:22] "[37mGET /get_ps5 HTTP/1.1[0m" 200 -
[14:11:23] {/usr/local/lib/python3.9/site-packages/werkzeug/_internal.py:113} INFO - 172.17.0.1 - - [19/Feb/2021 14:11:23] "[37mGET /get_ps5 HTTP/1.1[0m" 200 -
[14:11:23] {/usr/local/lib/python3.9/site-packages/werkzeug/_internal.py:113} INFO - 172.17.0.1 - - [19/Feb/2021 14:11:23] "[37mGET /get_ps5 HTTP/1.1[0m" 200 -
[14:11:24] {/usr/local/lib/python3.9/site-packages/werkzeug/_internal.py:113} INFO - 172.17.0.1 - - [19/Feb/2021 14:11:24] "[37mGET /get_ps5 HTTP/1.1[0m" 200 -
[14:11:25] {/usr/local/lib/python3.9/site-packages/werkzeug/_internal.py:113} INFO - 172.17.0.1 - - [19/Feb/2021 14:11:25] "[37mGET /get_ps5 HTTP/1.1[0m" 200 -
[14:11:25] {/usr/local/lib/python3.9/site-packages/werkzeug/_internal.py:113} INFO - 172.17.0.1 - - [19/Feb/2021 14:11:25] "[37mGET /get_ps5 HTTP/1.1[0m" 200 -
[14:11:26] {/usr/local/lib/python3.9/site-packages/werkzeug/_internal.py:113} INFO - 172.17.0.1 - - [19/Feb/2021 14:11:26] "[37mGET /get_ps5 HTTP/1.1[0m" 200 -
[14:11:26] {/usr/local/lib/python3.9/site-packages/werkzeug/_internal.py:113} INFO - 172.17.0.1 - - [19/Feb/2021 14:11:26] "[37mGET /get_ps5 HTTP/1.1[0m" 200 -
[14:11:27] {/usr/local/lib/python3.9/site-packages/werkzeug/_internal.py:113} INFO - 172.17.0.1 - - [19/Feb/2021 14:11:27] "[37mGET /get_ps5 HTTP/1.1[0m" 200 -
[14:11:27] {/usr/local/lib/python3.9/site-packages/werkzeug/_internal.py:113} INFO - 172.17.0.1 - - [19/Feb/2021 14:11:27] "[37mGET /get_ps5 HTTP/1.1[0m" 200 -
[14:11:28] {/usr/local/lib/python3.9/site-packages/werkzeug/_internal.py:113} INFO - 172.17.0.1 - - [19/Feb/2021 14:11:28] "[37mGET /get_ps5 HTTP/1.1[0m" 200 -
[14:11:29] {/usr/local/lib/python3.9/site-packages/werkzeug/_internal.py:113} INFO - 172.17.0.1 - - [19/Feb/2021 14:11:29] "[37mGET /get_ps5 HTTP/1.1[0m" 200 -
[14:11:29] {/usr/local/lib/python3.9/site-packages/werkzeug/_internal.py:113} INFO - 172.17.0.1 - - [19/Feb/2021 14:11:29] "[37mGET /get_ps5 HTTP/1.1[0m" 200 -
[14:11:30] {/usr/local/lib/python3.9/site-packages/werkzeug/_internal.py:113} INFO - 172.17.0.1 - - [19/Feb/2021 14:11:30] "[37mGET /get_ps5 HTTP/1.1[0m" 200 -
[14:11:30] {/usr/local/lib/python3.9/site-packages/werkzeug/_internal.py:113} INFO - 172.17.0.1 - - [19/Feb/2021 14:11:30] "[37mGET /get_ps5 HTTP/1.1[0m" 200 -
[14:11:31] {/usr/local/lib/python3.9/site-packages/werkzeug/_internal.py:113} INFO - 172.17.0.1 - - [19/Feb/2021 14:11:31] "[37mGET /get_ps5 HTTP/1.1[0m" 200 -
[14:11:31] {/usr/local/lib/python3.9/site-packages/werkzeug/_internal.py:113} INFO - 172.17.0.1 - - [19/Feb/2021 14:11:31] "[37mGET /get_ps5 HTTP/1.1[0m" 200 -
[14:11:32] {/usr/local/lib/python3.9/site-packages/werkzeug/_internal.py:113} INFO - 172.17.0.1 - - [19/Feb/2021 14:11:32] "[37mGET /get_ps5 HTTP/1.1[0m" 200 -
[14:11:33] {/usr/local/lib/python3.9/site-packages/werkzeug/_internal.py:113} INFO - 172.17.0.1 - - [19/Feb/2021 14:11:33] "[37mGET /get_ps5 HTTP/1.1[0m" 200 -
[14:11:33] {/usr/local/lib/python3.9/site-packages/werkzeug/_internal.py:113} INFO - 172.17.0.1 - - [19/Feb/2021 14:11:33] "[37mGET /get_ps5 HTTP/1.1[0m" 200 -
[14:11:34] {/usr/local/lib/python3.9/site-packages/werkzeug/_internal.py:113} INFO - 172.17.0.1 - - [19/Feb/2021 14:11:34] "[37mGET /get_ps5 HTTP/1.1[0m" 200 -
[14:11:34] {/usr/local/lib/python3.9/site-packages/werkzeug/_internal.py:113} INFO - 172.17.0.1 - - [19/Feb/2021 14:11:34] "[37mGET /get_ps5 HTTP/1.1[0m" 200 -
[14:11:35] {/usr/local/lib/python3.9/site-packages/werkzeug/_internal.py:113} INFO - 172.17.0.1 - - [19/Feb/2021 14:11:35] "[37mGET /get_ps5 HTTP/1.1[0m" 200 -
[14:11:35] {/usr/local/lib/python3.9/site-packages/werkzeug/_internal.py:113} INFO - 172.17.0.1 - - [19/Feb/2021 14:11:35] "[37mGET /get_ps5 HTTP/1.1[0m" 200 -
[14:11:36] {/usr/local/lib/python3.9/site-packages/werkzeug/_internal.py:113} INFO - 172.17.0.1 - - [19/Feb/2021 14:11:36] "[37mGET /get_ps5 HTTP/1.1[0m" 200 -
[14:11:36] {/usr/local/lib/python3.9/site-packages/werkzeug/_internal.py:113} INFO - 172.17.0.1 - - [19/Feb/2021 14:11:36] "[37mGET /get_ps5 HTTP/1.1[0m" 200 -
[14:11:37] {/usr/local/lib/python3.9/site-packages/werkzeug/_internal.py:113} INFO - 172.17.0.1 - - [19/Feb/2021 14:11:37] "[37mGET /get_ps5 HTTP/1.1[0m" 200 -
[14:11:37] {/usr/local/lib/python3.9/site-packages/werkzeug/_internal.py:113} INFO - 172.17.0.1 - - [19/Feb/2021 14:11:37] "[37mGET /get_ps5 HTTP/1.1[0m" 200 -
[14:11:38] {/usr/local/lib/python3.9/site-packages/werkzeug/_internal.py:113} INFO - 172.17.0.1 - - [19/Feb/2021 14:11:38] "[37mGET /get_ps5 HTTP/1.1[0m" 200 -
[14:11:39] {/usr/local/lib/python3.9/site-packages/werkzeug/_internal.py:113} INFO - 172.17.0.1 - - [19/Feb/2021 14:11:39] "[37mGET /get_ps5 HTTP/1.1[0m" 200 -
[14:11:39] {/usr/local/lib/python3.9/site-packages/werkzeug/_internal.py:113} INFO - 172.17.0.1 - - [19/Feb/2021 14:11:39] "[37mGET /get_ps5 HTTP/1.1[0m" 200 -
[14:11:40] {/usr/local/lib/python3.9/site-packages/werkzeug/_internal.py:113} INFO - 172.17.0.1 - - [19/Feb/2021 14:11:40] "[37mGET /get_ps5 HTTP/1.1[0m" 200 -
[14:11:40] {/usr/local/lib/python3.9/site-packages/werkzeug/_internal.py:113} INFO - 172.17.0.1 - - [19/Feb/2021 14:11:40] "[37mGET /get_ps5 HTTP/1.1[0m" 200 -
[14:11:41] {/usr/local/lib/python3.9/site-packages/werkzeug/_internal.py:113} INFO - 172.17.0.1 - - [19/Feb/2021 14:11:41] "[37mGET /get_ps5 HTTP/1.1[0m" 200 -
[14:11:41] {/usr/local/lib/python3.9/site-packages/werkzeug/_internal.py:113} INFO - 172.17.0.1 - - [19/Feb/2021 14:11:41] "[37mGET /get_ps5 HTTP/1.1[0m" 200 -
[14:11:42] {/usr/local/lib/python3.9/site-packages/werkzeug/_internal.py:113} INFO - 172.17.0.1 - - [19/Feb/2021 14:11:42] "[37mGET /get_ps5 HTTP/1.1[0m" 200 -
[14:11:42] {/usr/local/lib/python3.9/site-packages/werkzeug/_internal.py:113} INFO - 172.17.0.1 - - [19/Feb/2021 14:11:42] "[37mGET /get_ps5 HTTP/1.1[0m" 200 -
[14:11:43] {/usr/local/lib/python3.9/site-packages/werkzeug/_internal.py:113} INFO - 172.17.0.1 - - [19/Feb/2021 14:11:43] "[37mGET /get_ps5 HTTP/1.1[0m" 200 -
[14:11:44] {/usr/local/lib/python3.9/site-packages/werkzeug/_internal.py:113} INFO - 172.17.0.1 - - [19/Feb/2021 14:11:44] "[37mGET /get_ps5 HTTP/1.1[0m" 200 -
[14:11:44] {/usr/local/lib/python3.9/site-packages/werkzeug/_internal.py:113} INFO - 172.17.0.1 - - [19/Feb/2021 14:11:44] "[37mGET /get_ps5 HTTP/1.1[0m" 200 -
[14:11:45] {/usr/local/lib/python3.9/site-packages/werkzeug/_internal.py:113} INFO - 172.17.0.1 - - [19/Feb/2021 14:11:45] "[37mGET /get_ps5 HTTP/1.1[0m" 200 -
[14:11:45] {/usr/local/lib/python3.9/site-packages/werkzeug/_internal.py:113} INFO - 172.17.0.1 - - [19/Feb/2021 14:11:45] "[37mGET /get_ps5 HTTP/1.1[0m" 200 -
[14:11:46] {/usr/local/lib/python3.9/site-packages/werkzeug/_internal.py:113} INFO - 172.17.0.1 - - [19/Feb/2021 14:11:46] "[37mGET /get_ps5 HTTP/1.1[0m" 200 -
[14:11:46] {/usr/local/lib/python3.9/site-packages/werkzeug/_internal.py:113} INFO - 172.17.0.1 - - [19/Feb/2021 14:11:46] "[37mGET /get_ps5 HTTP/1.1[0m" 200 -
[14:11:47] {/usr/local/lib/python3.9/site-packages/werkzeug/_internal.py:113} INFO - 172.17.0.1 - - [19/Feb/2021 14:11:47] "[37mGET /get_ps5 HTTP/1.1[0m" 200 -
[14:11:48] {/usr/local/lib/python3.9/site-packages/werkzeug/_internal.py:113} INFO - 172.17.0.1 - - [19/Feb/2021 14:11:48] "[37mGET /get_ps5 HTTP/1.1[0m" 200 -
[14:11:48] {/usr/local/lib/python3.9/site-packages/werkzeug/_internal.py:113} INFO - 172.17.0.1 - - [19/Feb/2021 14:11:48] "[37mGET /get_ps5 HTTP/1.1[0m" 200 -
[14:11:49] {/usr/local/lib/python3.9/site-packages/werkzeug/_internal.py:113} INFO - 172.17.0.1 - - [19/Feb/2021 14:11:49] "[37mGET /get_ps5 HTTP/1.1[0m" 200 -
[14:11:52] {/usr/local/lib/python3.9/site-packages/werkzeug/_internal.py:113} INFO - 172.17.0.1 - - [19/Feb/2021 14:11:52] "[37mGET /get_ps5 HTTP/1.1[0m" 200 -
[14:11:53] {/usr/local/lib/python3.9/site-packages/werkzeug/_internal.py:113} INFO - 172.17.0.1 - - [19/Feb/2021 14:11:53] "[37mGET /get_ps5 HTTP/1.1[0m" 200 -
[14:11:54] {/usr/local/lib/python3.9/site-packages/werkzeug/_internal.py:113} INFO - 172.17.0.1 - - [19/Feb/2021 14:11:54] "[37mGET /get_ps5 HTTP/1.1[0m" 200 -
[14:11:55] {/usr/local/lib/python3.9/site-packages/werkzeug/_internal.py:113} INFO - 172.17.0.1 - - [19/Feb/2021 14:11:55] "[37mGET /get_ps5 HTTP/1.1[0m" 200 -
[14:11:56] {/usr/local/lib/python3.9/site-packages/werkzeug/_internal.py:113} INFO - 172.17.0.1 - - [19/Feb/2021 14:11:56] "[37mGET /get_ps5 HTTP/1.1[0m" 200 -
[14:11:57] {/usr/local/lib/python3.9/site-packages/werkzeug/_internal.py:113} INFO - 172.17.0.1 - - [19/Feb/2021 14:11:57] "[37mGET /get_ps5 HTTP/1.1[0m" 200 -
[14:11:58] {/usr/local/lib/python3.9/site-packages/werkzeug/_internal.py:113} INFO - 172.17.0.1 - - [19/Feb/2021 14:11:58] "[37mGET /get_ps5 HTTP/1.1[0m" 200 -
[14:12:00] {/usr/local/lib/python3.9/site-packages/werkzeug/_internal.py:113} INFO - 172.17.0.1 - - [19/Feb/2021 14:12:00] "[37mGET /get_ps5 HTTP/1.1[0m" 200 -
[14:12:01] {/usr/local/lib/python3.9/site-packages/werkzeug/_internal.py:113} INFO - 172.17.0.1 - - [19/Feb/2021 14:12:01] "[37mGET /get_ps5 HTTP/1.1[0m" 200 -
[14:12:02] {/usr/local/lib/python3.9/site-packages/werkzeug/_internal.py:113} INFO - 172.17.0.1 - - [19/Feb/2021 14:12:02] "[37mGET /get_ps5 HTTP/1.1[0m" 200 -
[14:12:03] {/usr/local/lib/python3.9/site-packages/werkzeug/_internal.py:113} INFO - 172.17.0.1 - - [19/Feb/2021 14:12:03] "[37mGET /get_ps5 HTTP/1.1[0m" 200 -
[14:12:08] {/usr/local/lib/python3.9/site-packages/werkzeug/_internal.py:113} INFO - 172.17.0.1 - - [19/Feb/2021 14:12:08] "[37mGET /get_ps5 HTTP/1.1[0m" 200 -
[14:12:09] {/usr/local/lib/python3.9/site-packages/werkzeug/_internal.py:113} INFO - 172.17.0.1 - - [19/Feb/2021 14:12:09] "[37mGET /get_ps5 HTTP/1.1[0m" 200 -
[14:12:11] {/usr/local/lib/python3.9/site-packages/werkzeug/_internal.py:113} INFO - 172.17.0.1 - - [19/Feb/2021 14:12:11] "[37mGET /get_ps5 HTTP/1.1[0m" 200 -
[14:12:12] {/usr/local/lib/python3.9/site-packages/werkzeug/_internal.py:113} INFO - 172.17.0.1 - - [19/Feb/2021 14:12:12] "[37mGET /get_ps5 HTTP/1.1[0m" 200 -
[14:12:15] {/usr/local/lib/python3.9/site-packages/werkzeug/_internal.py:113} INFO - 172.17.0.1 - - [19/Feb/2021 14:12:15] "[37mGET /get_ps5 HTTP/1.1[0m" 200 -
[14:13:54] {/scrapping/app.py:19} INFO - script start
[14:13:54] {/scrapping/app.py:20} INFO - Scrapping element of xbox one page with class from url link jeux videos.com
[14:13:54] {/scrapping/app.py:54} INFO - scrapping element ps5 title in page jeux videos.com 
[14:13:54] {/scrapping/app.py:71} INFO - scrapping element pc title in page jeux videos.com 
[14:13:54] {/scrapping/app.py:88} INFO - end of script
[14:13:54] {/usr/local/lib/python3.9/site-packages/werkzeug/_internal.py:113} INFO -  * Running on http://0.0.0.0:3000/ (Press CTRL+C to quit)
[14:13:54] {/usr/local/lib/python3.9/site-packages/werkzeug/_internal.py:113} INFO -  * Restarting with stat
[14:13:54] {/scrapping/app.py:19} INFO - script start
[14:13:54] {/scrapping/app.py:20} INFO - Scrapping element of xbox one page with class from url link jeux videos.com
[14:13:54] {/scrapping/app.py:54} INFO - scrapping element ps5 title in page jeux videos.com 
[14:13:54] {/scrapping/app.py:71} INFO - scrapping element pc title in page jeux videos.com 
[14:13:54] {/scrapping/app.py:88} INFO - end of script
[14:13:54] {/usr/local/lib/python3.9/site-packages/werkzeug/_internal.py:113} WARNING -  * Debugger is active!
[14:13:54] {/usr/local/lib/python3.9/site-packages/werkzeug/_internal.py:113} INFO -  * Debugger PIN: 253-768-365
[14:13:59] {/usr/local/lib/python3.9/site-packages/werkzeug/_internal.py:113} INFO - 172.17.0.1 - - [19/Feb/2021 14:13:59] "[37mGET /get_ps5 HTTP/1.1[0m" 200 -
[14:14:00] {/usr/local/lib/python3.9/site-packages/werkzeug/_internal.py:113} INFO - 172.17.0.1 - - [19/Feb/2021 14:14:00] "[37mGET /get_ps5 HTTP/1.1[0m" 200 -
[14:14:00] {/usr/local/lib/python3.9/site-packages/werkzeug/_internal.py:113} INFO - 172.17.0.1 - - [19/Feb/2021 14:14:00] "[37mGET /get_ps5 HTTP/1.1[0m" 200 -
[14:14:01] {/usr/local/lib/python3.9/site-packages/werkzeug/_internal.py:113} INFO - 172.17.0.1 - - [19/Feb/2021 14:14:01] "[37mGET /get_ps5 HTTP/1.1[0m" 200 -
[14:14:02] {/usr/local/lib/python3.9/site-packages/werkzeug/_internal.py:113} INFO - 172.17.0.1 - - [19/Feb/2021 14:14:02] "[37mGET /get_ps5 HTTP/1.1[0m" 200 -
[14:14:02] {/usr/local/lib/python3.9/site-packages/werkzeug/_internal.py:113} INFO - 172.17.0.1 - - [19/Feb/2021 14:14:02] "[37mGET /get_ps5 HTTP/1.1[0m" 200 -
[14:14:03] {/usr/local/lib/python3.9/site-packages/werkzeug/_internal.py:113} INFO - 172.17.0.1 - - [19/Feb/2021 14:14:03] "[37mGET /get_ps5 HTTP/1.1[0m" 200 -
[14:14:03] {/usr/local/lib/python3.9/site-packages/werkzeug/_internal.py:113} INFO - 172.17.0.1 - - [19/Feb/2021 14:14:03] "[37mGET /get_ps5 HTTP/1.1[0m" 200 -
[14:14:03] {/usr/local/lib/python3.9/site-packages/werkzeug/_internal.py:113} INFO - 172.17.0.1 - - [19/Feb/2021 14:14:03] "[37mGET /get_ps5 HTTP/1.1[0m" 200 -
[14:14:04] {/usr/local/lib/python3.9/site-packages/werkzeug/_internal.py:113} INFO - 172.17.0.1 - - [19/Feb/2021 14:14:04] "[37mGET /get_ps5 HTTP/1.1[0m" 200 -
[14:14:05] {/usr/local/lib/python3.9/site-packages/werkzeug/_internal.py:113} INFO - 172.17.0.1 - - [19/Feb/2021 14:14:05] "[37mGET /get_ps5 HTTP/1.1[0m" 200 -
[14:14:05] {/usr/local/lib/python3.9/site-packages/werkzeug/_internal.py:113} INFO - 172.17.0.1 - - [19/Feb/2021 14:14:05] "[37mGET /get_ps5 HTTP/1.1[0m" 200 -
[14:14:06] {/usr/local/lib/python3.9/site-packages/werkzeug/_internal.py:113} INFO - 172.17.0.1 - - [19/Feb/2021 14:14:06] "[37mGET /get_ps5 HTTP/1.1[0m" 200 -
[14:14:06] {/usr/local/lib/python3.9/site-packages/werkzeug/_internal.py:113} INFO - 172.17.0.1 - - [19/Feb/2021 14:14:06] "[37mGET /get_ps5 HTTP/1.1[0m" 200 -
[14:14:07] {/usr/local/lib/python3.9/site-packages/werkzeug/_internal.py:113} INFO - 172.17.0.1 - - [19/Feb/2021 14:14:07] "[37mGET /get_ps5 HTTP/1.1[0m" 200 -
[14:14:07] {/usr/local/lib/python3.9/site-packages/werkzeug/_internal.py:113} INFO - 172.17.0.1 - - [19/Feb/2021 14:14:07] "[37mGET /get_ps5 HTTP/1.1[0m" 200 -
[14:14:08] {/usr/local/lib/python3.9/site-packages/werkzeug/_internal.py:113} INFO - 172.17.0.1 - - [19/Feb/2021 14:14:08] "[37mGET /get_ps5 HTTP/1.1[0m" 200 -
[14:14:08] {/usr/local/lib/python3.9/site-packages/werkzeug/_internal.py:113} INFO - 172.17.0.1 - - [19/Feb/2021 14:14:08] "[37mGET /get_ps5 HTTP/1.1[0m" 200 -
[14:14:09] {/usr/local/lib/python3.9/site-packages/werkzeug/_internal.py:113} INFO - 172.17.0.1 - - [19/Feb/2021 14:14:09] "[37mGET /get_ps5 HTTP/1.1[0m" 200 -
[14:14:09] {/usr/local/lib/python3.9/site-packages/werkzeug/_internal.py:113} INFO - 172.17.0.1 - - [19/Feb/2021 14:14:09] "[37mGET /get_ps5 HTTP/1.1[0m" 200 -
[14:14:10] {/usr/local/lib/python3.9/site-packages/werkzeug/_internal.py:113} INFO - 172.17.0.1 - - [19/Feb/2021 14:14:10] "[37mGET /get_ps5 HTTP/1.1[0m" 200 -
[14:14:11] {/usr/local/lib/python3.9/site-packages/werkzeug/_internal.py:113} INFO - 172.17.0.1 - - [19/Feb/2021 14:14:11] "[37mGET /get_ps5 HTTP/1.1[0m" 200 -
[14:14:11] {/usr/local/lib/python3.9/site-packages/werkzeug/_internal.py:113} INFO - 172.17.0.1 - - [19/Feb/2021 14:14:11] "[37mGET /get_ps5 HTTP/1.1[0m" 200 -
[14:14:12] {/usr/local/lib/python3.9/site-packages/werkzeug/_internal.py:113} INFO - 172.17.0.1 - - [19/Feb/2021 14:14:12] "[37mGET /get_ps5 HTTP/1.1[0m" 200 -
[14:14:13] {/usr/local/lib/python3.9/site-packages/werkzeug/_internal.py:113} INFO - 172.17.0.1 - - [19/Feb/2021 14:14:13] "[37mGET /get_ps5 HTTP/1.1[0m" 200 -
[14:14:13] {/usr/local/lib/python3.9/site-packages/werkzeug/_internal.py:113} INFO - 172.17.0.1 - - [19/Feb/2021 14:14:13] "[37mGET /get_ps5 HTTP/1.1[0m" 200 -
[14:14:14] {/usr/local/lib/python3.9/site-packages/werkzeug/_internal.py:113} INFO - 172.17.0.1 - - [19/Feb/2021 14:14:14] "[37mGET /get_ps5 HTTP/1.1[0m" 200 -
[14:14:17] {/usr/local/lib/python3.9/site-packages/werkzeug/_internal.py:113} INFO - 172.17.0.1 - - [19/Feb/2021 14:14:17] "[37mGET /get_ps5 HTTP/1.1[0m" 200 -
[14:15:43] {/usr/local/lib/python3.9/site-packages/werkzeug/_internal.py:113} INFO - 172.17.0.1 - - [19/Feb/2021 14:15:43] "[37mGET /get_ps5 HTTP/1.1[0m" 200 -
[14:15:46] {/usr/local/lib/python3.9/site-packages/werkzeug/_internal.py:113} INFO - 172.17.0.1 - - [19/Feb/2021 14:15:46] "[37mGET /get_ps5 HTTP/1.1[0m" 200 -
[14:16:48] {/usr/local/lib/python3.9/site-packages/werkzeug/_internal.py:113} INFO - 172.17.0.1 - - [19/Feb/2021 14:16:48] "[37mGET /get_ps5 HTTP/1.1[0m" 200 -
[14:18:32] {/scrapping/app.py:19} INFO - script start
[14:18:32] {/scrapping/app.py:20} INFO - Scrapping element of xbox one page with class from url link jeux videos.com
[14:18:32] {/scrapping/app.py:54} INFO - scrapping element ps5 title in page jeux videos.com 
[14:18:32] {/scrapping/app.py:71} INFO - scrapping element pc title in page jeux videos.com 
[14:18:32] {/scrapping/app.py:88} INFO - end of script
[14:18:32] {/usr/local/lib/python3.9/site-packages/werkzeug/_internal.py:113} INFO -  * Running on http://0.0.0.0:3000/ (Press CTRL+C to quit)
[14:18:32] {/usr/local/lib/python3.9/site-packages/werkzeug/_internal.py:113} INFO -  * Restarting with stat
[14:18:32] {/scrapping/app.py:19} INFO - script start
[14:18:32] {/scrapping/app.py:20} INFO - Scrapping element of xbox one page with class from url link jeux videos.com
[14:18:32] {/scrapping/app.py:54} INFO - scrapping element ps5 title in page jeux videos.com 
[14:18:32] {/scrapping/app.py:71} INFO - scrapping element pc title in page jeux videos.com 
[14:18:32] {/scrapping/app.py:88} INFO - end of script
[14:18:32] {/usr/local/lib/python3.9/site-packages/werkzeug/_internal.py:113} WARNING -  * Debugger is active!
[14:18:32] {/usr/local/lib/python3.9/site-packages/werkzeug/_internal.py:113} INFO -  * Debugger PIN: 253-768-365
[14:19:01] {/usr/local/lib/python3.9/site-packages/werkzeug/_internal.py:113} INFO -  * Detected change in '/scrapping/app.py', reloading
[14:19:01] {/usr/local/lib/python3.9/site-packages/werkzeug/_internal.py:113} INFO -  * Restarting with stat
[14:19:02] {/scrapping/app.py:22} INFO - script start
[14:19:02] {/scrapping/app.py:23} INFO - Scrapping element of xbox one page with class from url link jeux videos.com
[14:19:02] {/scrapping/app.py:57} INFO - scrapping element ps5 title in page jeux videos.com 
[14:19:02] {/scrapping/app.py:74} INFO - scrapping element pc title in page jeux videos.com 
[14:19:02] {/scrapping/app.py:91} INFO - end of script
[14:19:02] {/usr/local/lib/python3.9/site-packages/werkzeug/_internal.py:113} WARNING -  * Debugger is active!
[14:19:02] {/usr/local/lib/python3.9/site-packages/werkzeug/_internal.py:113} INFO -  * Debugger PIN: 253-768-365
[14:19:04] {/usr/local/lib/python3.9/site-packages/werkzeug/_internal.py:113} INFO -  * Detected change in '/scrapping/app.py', reloading
[14:19:04] {/usr/local/lib/python3.9/site-packages/werkzeug/_internal.py:113} INFO -  * Restarting with stat
[14:19:05] {/scrapping/app.py:20} INFO - script start
[14:19:05] {/scrapping/app.py:21} INFO - Scrapping element of xbox one page with class from url link jeux videos.com
[14:19:05] {/scrapping/app.py:55} INFO - scrapping element ps5 title in page jeux videos.com 
[14:19:05] {/scrapping/app.py:72} INFO - scrapping element pc title in page jeux videos.com 
[14:19:05] {/scrapping/app.py:89} INFO - end of script
[14:19:05] {/usr/local/lib/python3.9/site-packages/werkzeug/_internal.py:113} WARNING -  * Debugger is active!
[14:19:05] {/usr/local/lib/python3.9/site-packages/werkzeug/_internal.py:113} INFO -  * Debugger PIN: 253-768-365
[14:19:06] {/usr/local/lib/python3.9/site-packages/werkzeug/_internal.py:113} INFO -  * Detected change in '/scrapping/app.py', reloading
[14:19:06] {/usr/local/lib/python3.9/site-packages/werkzeug/_internal.py:113} INFO -  * Restarting with stat
[14:19:07] {/scrapping/app.py:21} INFO - script start
[14:19:07] {/scrapping/app.py:22} INFO - Scrapping element of xbox one page with class from url link jeux videos.com
[14:19:07] {/scrapping/app.py:56} INFO - scrapping element ps5 title in page jeux videos.com 
[14:19:07] {/scrapping/app.py:73} INFO - scrapping element pc title in page jeux videos.com 
[14:19:07] {/scrapping/app.py:90} INFO - end of script
[14:19:07] {/usr/local/lib/python3.9/site-packages/werkzeug/_internal.py:113} WARNING -  * Debugger is active!
[14:19:07] {/usr/local/lib/python3.9/site-packages/werkzeug/_internal.py:113} INFO -  * Debugger PIN: 253-768-365
[14:19:08] {/usr/local/lib/python3.9/site-packages/werkzeug/_internal.py:113} INFO -  * Detected change in '/scrapping/app.py', reloading
[14:19:08] {/usr/local/lib/python3.9/site-packages/werkzeug/_internal.py:113} INFO -  * Restarting with stat
[14:19:08] {/scrapping/app.py:23} INFO - script start
[14:19:08] {/scrapping/app.py:24} INFO - Scrapping element of xbox one page with class from url link jeux videos.com
[14:19:08] {/scrapping/app.py:58} INFO - scrapping element ps5 title in page jeux videos.com 
[14:19:08] {/scrapping/app.py:75} INFO - scrapping element pc title in page jeux videos.com 
[14:19:08] {/scrapping/app.py:92} INFO - end of script
[14:19:08] {/usr/local/lib/python3.9/site-packages/werkzeug/_internal.py:113} WARNING -  * Debugger is active!
[14:19:08] {/usr/local/lib/python3.9/site-packages/werkzeug/_internal.py:113} INFO -  * Debugger PIN: 253-768-365
[14:19:09] {/usr/local/lib/python3.9/site-packages/werkzeug/_internal.py:113} INFO -  * Detected change in '/scrapping/app.py', reloading
[14:19:09] {/usr/local/lib/python3.9/site-packages/werkzeug/_internal.py:113} INFO -  * Restarting with stat
[14:19:10] {/scrapping/app.py:22} INFO - script start
[14:19:10] {/scrapping/app.py:23} INFO - Scrapping element of xbox one page with class from url link jeux videos.com
[14:19:10] {/scrapping/app.py:57} INFO - scrapping element ps5 title in page jeux videos.com 
[14:19:10] {/scrapping/app.py:74} INFO - scrapping element pc title in page jeux videos.com 
[14:19:10] {/scrapping/app.py:91} INFO - end of script
[14:19:10] {/usr/local/lib/python3.9/site-packages/werkzeug/_internal.py:113} WARNING -  * Debugger is active!
[14:19:10] {/usr/local/lib/python3.9/site-packages/werkzeug/_internal.py:113} INFO -  * Debugger PIN: 253-768-365
[14:19:17] {/usr/local/lib/python3.9/site-packages/werkzeug/_internal.py:113} INFO - 172.17.0.1 - - [19/Feb/2021 14:19:17] "[37mGET /get_ps5 HTTP/1.1[0m" 200 -
[14:19:18] {/usr/local/lib/python3.9/site-packages/werkzeug/_internal.py:113} INFO - 172.17.0.1 - - [19/Feb/2021 14:19:18] "[37mGET /get_ps5 HTTP/1.1[0m" 200 -
[14:19:25] {/scrapping/app.py:22} INFO - script start
[14:19:25] {/scrapping/app.py:23} INFO - Scrapping element of xbox one page with class from url link jeux videos.com
[14:19:25] {/scrapping/app.py:57} INFO - scrapping element ps5 title in page jeux videos.com 
[14:19:25] {/scrapping/app.py:74} INFO - scrapping element pc title in page jeux videos.com 
[14:19:25] {/scrapping/app.py:91} INFO - end of script
[14:19:25] {/usr/local/lib/python3.9/site-packages/werkzeug/_internal.py:113} INFO -  * Running on http://0.0.0.0:3000/ (Press CTRL+C to quit)
[14:19:25] {/usr/local/lib/python3.9/site-packages/werkzeug/_internal.py:113} INFO -  * Restarting with stat
[14:19:26] {/scrapping/app.py:22} INFO - script start
[14:19:26] {/scrapping/app.py:23} INFO - Scrapping element of xbox one page with class from url link jeux videos.com
[14:19:26] {/scrapping/app.py:57} INFO - scrapping element ps5 title in page jeux videos.com 
[14:19:26] {/scrapping/app.py:74} INFO - scrapping element pc title in page jeux videos.com 
[14:19:26] {/scrapping/app.py:91} INFO - end of script
[14:19:26] {/usr/local/lib/python3.9/site-packages/werkzeug/_internal.py:113} WARNING -  * Debugger is active!
[14:19:26] {/usr/local/lib/python3.9/site-packages/werkzeug/_internal.py:113} INFO -  * Debugger PIN: 253-768-365
[14:19:30] {/usr/local/lib/python3.9/site-packages/werkzeug/_internal.py:113} INFO - 172.17.0.1 - - [19/Feb/2021 14:19:30] "[37mGET /get_ps5 HTTP/1.1[0m" 200 -
[14:19:35] {/usr/local/lib/python3.9/site-packages/werkzeug/_internal.py:113} INFO - 172.17.0.1 - - [19/Feb/2021 14:19:35] "[37mGET /get_ps5 HTTP/1.1[0m" 200 -
[14:19:35] {/usr/local/lib/python3.9/site-packages/werkzeug/_internal.py:113} INFO - 172.17.0.1 - - [19/Feb/2021 14:19:35] "[37mGET /get_ps5 HTTP/1.1[0m" 200 -
[14:19:36] {/usr/local/lib/python3.9/site-packages/werkzeug/_internal.py:113} INFO - 172.17.0.1 - - [19/Feb/2021 14:19:36] "[37mGET /get_ps5 HTTP/1.1[0m" 200 -
[14:19:36] {/usr/local/lib/python3.9/site-packages/werkzeug/_internal.py:113} INFO - 172.17.0.1 - - [19/Feb/2021 14:19:36] "[37mGET /get_ps5 HTTP/1.1[0m" 200 -
[14:19:37] {/usr/local/lib/python3.9/site-packages/werkzeug/_internal.py:113} INFO - 172.17.0.1 - - [19/Feb/2021 14:19:37] "[37mGET /get_ps5 HTTP/1.1[0m" 200 -
[14:19:37] {/usr/local/lib/python3.9/site-packages/werkzeug/_internal.py:113} INFO - 172.17.0.1 - - [19/Feb/2021 14:19:37] "[37mGET /get_ps5 HTTP/1.1[0m" 200 -
[14:19:38] {/usr/local/lib/python3.9/site-packages/werkzeug/_internal.py:113} INFO - 172.17.0.1 - - [19/Feb/2021 14:19:38] "[37mGET /get_ps5 HTTP/1.1[0m" 200 -
[14:19:42] {/usr/local/lib/python3.9/site-packages/werkzeug/_internal.py:113} INFO - 172.17.0.1 - - [19/Feb/2021 14:19:42] "[37mGET /get_ps5 HTTP/1.1[0m" 200 -
[14:19:43] {/usr/local/lib/python3.9/site-packages/werkzeug/_internal.py:113} INFO - 172.17.0.1 - - [19/Feb/2021 14:19:43] "[37mGET /get_ps5 HTTP/1.1[0m" 200 -
[14:19:43] {/usr/local/lib/python3.9/site-packages/werkzeug/_internal.py:113} INFO - 172.17.0.1 - - [19/Feb/2021 14:19:43] "[37mGET /get_ps5 HTTP/1.1[0m" 200 -
[14:19:44] {/usr/local/lib/python3.9/site-packages/werkzeug/_internal.py:113} INFO - 172.17.0.1 - - [19/Feb/2021 14:19:44] "[37mGET /get_ps5 HTTP/1.1[0m" 200 -
[14:19:44] {/usr/local/lib/python3.9/site-packages/werkzeug/_internal.py:113} INFO - 172.17.0.1 - - [19/Feb/2021 14:19:44] "[37mGET /get_ps5 HTTP/1.1[0m" 200 -
[14:19:45] {/usr/local/lib/python3.9/site-packages/werkzeug/_internal.py:113} INFO - 172.17.0.1 - - [19/Feb/2021 14:19:45] "[37mGET /get_ps5 HTTP/1.1[0m" 200 -
[14:19:45] {/usr/local/lib/python3.9/site-packages/werkzeug/_internal.py:113} INFO - 172.17.0.1 - - [19/Feb/2021 14:19:45] "[37mGET /get_ps5 HTTP/1.1[0m" 200 -
[14:19:46] {/usr/local/lib/python3.9/site-packages/werkzeug/_internal.py:113} INFO - 172.17.0.1 - - [19/Feb/2021 14:19:46] "[37mGET /get_ps5 HTTP/1.1[0m" 200 -
[14:19:46] {/usr/local/lib/python3.9/site-packages/werkzeug/_internal.py:113} INFO - 172.17.0.1 - - [19/Feb/2021 14:19:46] "[37mGET /get_ps5 HTTP/1.1[0m" 200 -
[14:19:47] {/usr/local/lib/python3.9/site-packages/werkzeug/_internal.py:113} INFO - 172.17.0.1 - - [19/Feb/2021 14:19:47] "[37mGET /get_ps5 HTTP/1.1[0m" 200 -
[14:19:47] {/usr/local/lib/python3.9/site-packages/werkzeug/_internal.py:113} INFO - 172.17.0.1 - - [19/Feb/2021 14:19:47] "[37mGET /get_ps5 HTTP/1.1[0m" 200 -
[14:19:48] {/usr/local/lib/python3.9/site-packages/werkzeug/_internal.py:113} INFO - 172.17.0.1 - - [19/Feb/2021 14:19:48] "[37mGET /get_ps5 HTTP/1.1[0m" 200 -
[14:19:49] {/usr/local/lib/python3.9/site-packages/werkzeug/_internal.py:113} INFO - 172.17.0.1 - - [19/Feb/2021 14:19:49] "[37mGET /get_ps5 HTTP/1.1[0m" 200 -
[14:19:49] {/usr/local/lib/python3.9/site-packages/werkzeug/_internal.py:113} INFO - 172.17.0.1 - - [19/Feb/2021 14:19:49] "[37mGET /get_ps5 HTTP/1.1[0m" 200 -
[14:19:50] {/usr/local/lib/python3.9/site-packages/werkzeug/_internal.py:113} INFO - 172.17.0.1 - - [19/Feb/2021 14:19:50] "[37mGET /get_ps5 HTTP/1.1[0m" 200 -
[14:19:51] {/usr/local/lib/python3.9/site-packages/werkzeug/_internal.py:113} INFO - 172.17.0.1 - - [19/Feb/2021 14:19:51] "[37mGET /get_ps5 HTTP/1.1[0m" 200 -
[14:21:29] {/usr/local/lib/python3.9/site-packages/werkzeug/_internal.py:113} INFO - 172.17.0.1 - - [19/Feb/2021 14:21:29] "[37mGET /get_ps5 HTTP/1.1[0m" 200 -
[14:21:29] {/usr/local/lib/python3.9/site-packages/werkzeug/_internal.py:113} INFO - 172.17.0.1 - - [19/Feb/2021 14:21:29] "[37mGET /get_ps5 HTTP/1.1[0m" 200 -
[14:21:30] {/usr/local/lib/python3.9/site-packages/werkzeug/_internal.py:113} INFO - 172.17.0.1 - - [19/Feb/2021 14:21:30] "[37mGET /get_ps5 HTTP/1.1[0m" 200 -
[14:21:30] {/usr/local/lib/python3.9/site-packages/werkzeug/_internal.py:113} INFO - 172.17.0.1 - - [19/Feb/2021 14:21:30] "[37mGET /get_ps5 HTTP/1.1[0m" 200 -
[14:21:31] {/usr/local/lib/python3.9/site-packages/werkzeug/_internal.py:113} INFO - 172.17.0.1 - - [19/Feb/2021 14:21:31] "[37mGET /get_ps5 HTTP/1.1[0m" 200 -
[14:21:31] {/usr/local/lib/python3.9/site-packages/werkzeug/_internal.py:113} INFO - 172.17.0.1 - - [19/Feb/2021 14:21:31] "[37mGET /get_ps5 HTTP/1.1[0m" 200 -
[14:21:32] {/usr/local/lib/python3.9/site-packages/werkzeug/_internal.py:113} INFO - 172.17.0.1 - - [19/Feb/2021 14:21:32] "[37mGET /get_ps5 HTTP/1.1[0m" 200 -
[14:21:32] {/usr/local/lib/python3.9/site-packages/werkzeug/_internal.py:113} INFO - 172.17.0.1 - - [19/Feb/2021 14:21:32] "[37mGET /get_ps5 HTTP/1.1[0m" 200 -
[14:21:33] {/usr/local/lib/python3.9/site-packages/werkzeug/_internal.py:113} INFO - 172.17.0.1 - - [19/Feb/2021 14:21:33] "[37mGET /get_ps5 HTTP/1.1[0m" 200 -
[14:21:33] {/usr/local/lib/python3.9/site-packages/werkzeug/_internal.py:113} INFO - 172.17.0.1 - - [19/Feb/2021 14:21:33] "[37mGET /get_ps5 HTTP/1.1[0m" 200 -
[14:21:34] {/usr/local/lib/python3.9/site-packages/werkzeug/_internal.py:113} INFO - 172.17.0.1 - - [19/Feb/2021 14:21:34] "[37mGET /get_ps5 HTTP/1.1[0m" 200 -
[14:21:34] {/usr/local/lib/python3.9/site-packages/werkzeug/_internal.py:113} INFO - 172.17.0.1 - - [19/Feb/2021 14:21:34] "[37mGET /get_ps5 HTTP/1.1[0m" 200 -
[14:21:35] {/usr/local/lib/python3.9/site-packages/werkzeug/_internal.py:113} INFO - 172.17.0.1 - - [19/Feb/2021 14:21:35] "[37mGET /get_ps5 HTTP/1.1[0m" 200 -
[14:21:35] {/usr/local/lib/python3.9/site-packages/werkzeug/_internal.py:113} INFO - 172.17.0.1 - - [19/Feb/2021 14:21:35] "[37mGET /get_ps5 HTTP/1.1[0m" 200 -
[14:21:36] {/usr/local/lib/python3.9/site-packages/werkzeug/_internal.py:113} INFO - 172.17.0.1 - - [19/Feb/2021 14:21:36] "[37mGET /get_ps5 HTTP/1.1[0m" 200 -
[14:21:37] {/usr/local/lib/python3.9/site-packages/werkzeug/_internal.py:113} INFO - 172.17.0.1 - - [19/Feb/2021 14:21:37] "[37mGET /get_ps5 HTTP/1.1[0m" 200 -
[14:21:37] {/usr/local/lib/python3.9/site-packages/werkzeug/_internal.py:113} INFO - 172.17.0.1 - - [19/Feb/2021 14:21:37] "[37mGET /get_ps5 HTTP/1.1[0m" 200 -
[14:21:38] {/usr/local/lib/python3.9/site-packages/werkzeug/_internal.py:113} INFO - 172.17.0.1 - - [19/Feb/2021 14:21:38] "[37mGET /get_ps5 HTTP/1.1[0m" 200 -
[14:21:38] {/usr/local/lib/python3.9/site-packages/werkzeug/_internal.py:113} INFO - 172.17.0.1 - - [19/Feb/2021 14:21:38] "[37mGET /get_ps5 HTTP/1.1[0m" 200 -
[14:21:39] {/usr/local/lib/python3.9/site-packages/werkzeug/_internal.py:113} INFO - 172.17.0.1 - - [19/Feb/2021 14:21:39] "[37mGET /get_ps5 HTTP/1.1[0m" 200 -
[14:21:39] {/usr/local/lib/python3.9/site-packages/werkzeug/_internal.py:113} INFO - 172.17.0.1 - - [19/Feb/2021 14:21:39] "[37mGET /get_ps5 HTTP/1.1[0m" 200 -
[14:21:40] {/usr/local/lib/python3.9/site-packages/werkzeug/_internal.py:113} INFO - 172.17.0.1 - - [19/Feb/2021 14:21:40] "[37mGET /get_ps5 HTTP/1.1[0m" 200 -
[14:21:40] {/usr/local/lib/python3.9/site-packages/werkzeug/_internal.py:113} INFO - 172.17.0.1 - - [19/Feb/2021 14:21:40] "[37mGET /get_ps5 HTTP/1.1[0m" 200 -
[14:21:41] {/usr/local/lib/python3.9/site-packages/werkzeug/_internal.py:113} INFO - 172.17.0.1 - - [19/Feb/2021 14:21:41] "[37mGET /get_ps5 HTTP/1.1[0m" 200 -
[14:21:41] {/usr/local/lib/python3.9/site-packages/werkzeug/_internal.py:113} INFO - 172.17.0.1 - - [19/Feb/2021 14:21:41] "[37mGET /get_ps5 HTTP/1.1[0m" 200 -
[14:21:42] {/usr/local/lib/python3.9/site-packages/werkzeug/_internal.py:113} INFO - 172.17.0.1 - - [19/Feb/2021 14:21:42] "[37mGET /get_ps5 HTTP/1.1[0m" 200 -
[14:21:42] {/usr/local/lib/python3.9/site-packages/werkzeug/_internal.py:113} INFO - 172.17.0.1 - - [19/Feb/2021 14:21:42] "[37mGET /get_ps5 HTTP/1.1[0m" 200 -
[14:21:43] {/usr/local/lib/python3.9/site-packages/werkzeug/_internal.py:113} INFO - 172.17.0.1 - - [19/Feb/2021 14:21:43] "[37mGET /get_ps5 HTTP/1.1[0m" 200 -
[14:21:44] {/usr/local/lib/python3.9/site-packages/werkzeug/_internal.py:113} INFO - 172.17.0.1 - - [19/Feb/2021 14:21:44] "[37mGET /get_ps5 HTTP/1.1[0m" 200 -
[14:21:44] {/usr/local/lib/python3.9/site-packages/werkzeug/_internal.py:113} INFO - 172.17.0.1 - - [19/Feb/2021 14:21:44] "[37mGET /get_ps5 HTTP/1.1[0m" 200 -
[14:21:45] {/usr/local/lib/python3.9/site-packages/werkzeug/_internal.py:113} INFO - 172.17.0.1 - - [19/Feb/2021 14:21:45] "[37mGET /get_ps5 HTTP/1.1[0m" 200 -
[14:21:45] {/usr/local/lib/python3.9/site-packages/werkzeug/_internal.py:113} INFO - 172.17.0.1 - - [19/Feb/2021 14:21:45] "[37mGET /get_ps5 HTTP/1.1[0m" 200 -
[14:21:46] {/usr/local/lib/python3.9/site-packages/werkzeug/_internal.py:113} INFO - 172.17.0.1 - - [19/Feb/2021 14:21:46] "[37mGET /get_ps5 HTTP/1.1[0m" 200 -
[14:21:46] {/usr/local/lib/python3.9/site-packages/werkzeug/_internal.py:113} INFO - 172.17.0.1 - - [19/Feb/2021 14:21:46] "[37mGET /get_ps5 HTTP/1.1[0m" 200 -
[14:21:47] {/usr/local/lib/python3.9/site-packages/werkzeug/_internal.py:113} INFO - 172.17.0.1 - - [19/Feb/2021 14:21:47] "[37mGET /get_ps5 HTTP/1.1[0m" 200 -
[14:21:47] {/usr/local/lib/python3.9/site-packages/werkzeug/_internal.py:113} INFO - 172.17.0.1 - - [19/Feb/2021 14:21:47] "[37mGET /get_ps5 HTTP/1.1[0m" 200 -
[14:21:48] {/usr/local/lib/python3.9/site-packages/werkzeug/_internal.py:113} INFO - 172.17.0.1 - - [19/Feb/2021 14:21:48] "[37mGET /get_ps5 HTTP/1.1[0m" 200 -
[14:21:48] {/usr/local/lib/python3.9/site-packages/werkzeug/_internal.py:113} INFO - 172.17.0.1 - - [19/Feb/2021 14:21:48] "[37mGET /get_ps5 HTTP/1.1[0m" 200 -
[14:21:49] {/usr/local/lib/python3.9/site-packages/werkzeug/_internal.py:113} INFO - 172.17.0.1 - - [19/Feb/2021 14:21:49] "[37mGET /get_ps5 HTTP/1.1[0m" 200 -
[14:22:04] {/usr/local/lib/python3.9/site-packages/werkzeug/_internal.py:113} INFO - 172.17.0.1 - - [19/Feb/2021 14:22:04] "[37mGET /get_ps5 HTTP/1.1[0m" 200 -
[14:25:01] {/scrapping/app.py:22} INFO - script start
[14:25:01] {/scrapping/app.py:23} INFO - Scrapping element of xbox one page with class from url link jeux videos.com
[14:25:01] {/scrapping/app.py:57} INFO - scrapping element ps5 title in page jeux videos.com 
[14:25:01] {/scrapping/app.py:74} INFO - scrapping element pc title in page jeux videos.com 
[14:25:01] {/scrapping/app.py:91} INFO - end of script
[14:25:01] {/usr/local/lib/python3.9/site-packages/werkzeug/_internal.py:113} INFO -  * Running on http://0.0.0.0:3000/ (Press CTRL+C to quit)
[14:25:01] {/usr/local/lib/python3.9/site-packages/werkzeug/_internal.py:113} INFO -  * Restarting with stat
[14:25:02] {/scrapping/app.py:22} INFO - script start
[14:25:02] {/scrapping/app.py:23} INFO - Scrapping element of xbox one page with class from url link jeux videos.com
[14:25:02] {/scrapping/app.py:57} INFO - scrapping element ps5 title in page jeux videos.com 
[14:25:02] {/scrapping/app.py:74} INFO - scrapping element pc title in page jeux videos.com 
[14:25:02] {/scrapping/app.py:91} INFO - end of script
[14:25:02] {/usr/local/lib/python3.9/site-packages/werkzeug/_internal.py:113} WARNING -  * Debugger is active!
[14:25:02] {/usr/local/lib/python3.9/site-packages/werkzeug/_internal.py:113} INFO -  * Debugger PIN: 253-768-365
[14:25:12] {/usr/local/lib/python3.9/site-packages/werkzeug/_internal.py:113} INFO - 172.17.0.1 - - [19/Feb/2021 14:25:12] "[37mGET /get_ps5 HTTP/1.1[0m" 200 -
[14:25:13] {/usr/local/lib/python3.9/site-packages/werkzeug/_internal.py:113} INFO - 172.17.0.1 - - [19/Feb/2021 14:25:13] "[37mGET /get_ps5 HTTP/1.1[0m" 200 -
[14:25:13] {/usr/local/lib/python3.9/site-packages/werkzeug/_internal.py:113} INFO - 172.17.0.1 - - [19/Feb/2021 14:25:13] "[37mGET /get_ps5 HTTP/1.1[0m" 200 -
[14:25:14] {/usr/local/lib/python3.9/site-packages/werkzeug/_internal.py:113} INFO - 172.17.0.1 - - [19/Feb/2021 14:25:14] "[37mGET /get_ps5 HTTP/1.1[0m" 200 -
[14:25:14] {/usr/local/lib/python3.9/site-packages/werkzeug/_internal.py:113} INFO - 172.17.0.1 - - [19/Feb/2021 14:25:14] "[37mGET /get_ps5 HTTP/1.1[0m" 200 -
[14:25:15] {/usr/local/lib/python3.9/site-packages/werkzeug/_internal.py:113} INFO - 172.17.0.1 - - [19/Feb/2021 14:25:15] "[37mGET /get_ps5 HTTP/1.1[0m" 200 -
[14:25:15] {/usr/local/lib/python3.9/site-packages/werkzeug/_internal.py:113} INFO - 172.17.0.1 - - [19/Feb/2021 14:25:15] "[37mGET /get_ps5 HTTP/1.1[0m" 200 -
[14:25:16] {/usr/local/lib/python3.9/site-packages/werkzeug/_internal.py:113} INFO - 172.17.0.1 - - [19/Feb/2021 14:25:16] "[37mGET /get_ps5 HTTP/1.1[0m" 200 -
[14:25:16] {/usr/local/lib/python3.9/site-packages/werkzeug/_internal.py:113} INFO - 172.17.0.1 - - [19/Feb/2021 14:25:16] "[37mGET /get_ps5 HTTP/1.1[0m" 200 -
[14:25:17] {/usr/local/lib/python3.9/site-packages/werkzeug/_internal.py:113} INFO - 172.17.0.1 - - [19/Feb/2021 14:25:17] "[37mGET /get_ps5 HTTP/1.1[0m" 200 -
[14:25:17] {/usr/local/lib/python3.9/site-packages/werkzeug/_internal.py:113} INFO - 172.17.0.1 - - [19/Feb/2021 14:25:17] "[37mGET /get_ps5 HTTP/1.1[0m" 200 -
[14:25:18] {/usr/local/lib/python3.9/site-packages/werkzeug/_internal.py:113} INFO - 172.17.0.1 - - [19/Feb/2021 14:25:18] "[37mGET /get_ps5 HTTP/1.1[0m" 200 -
[14:25:19] {/usr/local/lib/python3.9/site-packages/werkzeug/_internal.py:113} INFO - 172.17.0.1 - - [19/Feb/2021 14:25:19] "[37mGET /get_ps5 HTTP/1.1[0m" 200 -
[14:25:19] {/usr/local/lib/python3.9/site-packages/werkzeug/_internal.py:113} INFO - 172.17.0.1 - - [19/Feb/2021 14:25:19] "[37mGET /get_ps5 HTTP/1.1[0m" 200 -
[14:25:20] {/usr/local/lib/python3.9/site-packages/werkzeug/_internal.py:113} INFO - 172.17.0.1 - - [19/Feb/2021 14:25:20] "[37mGET /get_ps5 HTTP/1.1[0m" 200 -
[14:25:20] {/usr/local/lib/python3.9/site-packages/werkzeug/_internal.py:113} INFO - 172.17.0.1 - - [19/Feb/2021 14:25:20] "[37mGET /get_ps5 HTTP/1.1[0m" 200 -
[14:25:21] {/usr/local/lib/python3.9/site-packages/werkzeug/_internal.py:113} INFO - 172.17.0.1 - - [19/Feb/2021 14:25:21] "[37mGET /get_ps5 HTTP/1.1[0m" 200 -
[14:25:22] {/usr/local/lib/python3.9/site-packages/werkzeug/_internal.py:113} INFO - 172.17.0.1 - - [19/Feb/2021 14:25:22] "[37mGET /get_ps5 HTTP/1.1[0m" 200 -
[14:25:22] {/usr/local/lib/python3.9/site-packages/werkzeug/_internal.py:113} INFO - 172.17.0.1 - - [19/Feb/2021 14:25:22] "[37mGET /get_ps5 HTTP/1.1[0m" 200 -
[14:25:23] {/usr/local/lib/python3.9/site-packages/werkzeug/_internal.py:113} INFO - 172.17.0.1 - - [19/Feb/2021 14:25:23] "[37mGET /get_ps5 HTTP/1.1[0m" 200 -
[14:25:24] {/usr/local/lib/python3.9/site-packages/werkzeug/_internal.py:113} INFO - 172.17.0.1 - - [19/Feb/2021 14:25:24] "[37mGET /get_ps5 HTTP/1.1[0m" 200 -
[14:25:24] {/usr/local/lib/python3.9/site-packages/werkzeug/_internal.py:113} INFO - 172.17.0.1 - - [19/Feb/2021 14:25:24] "[37mGET /get_ps5 HTTP/1.1[0m" 200 -
[14:25:55] {/usr/local/lib/python3.9/site-packages/werkzeug/_internal.py:113} INFO - 172.17.0.1 - - [19/Feb/2021 14:25:55] "[37mGET /get_ps5 HTTP/1.1[0m" 200 -
[14:27:01] {/usr/local/lib/python3.9/site-packages/werkzeug/_internal.py:113} INFO - 172.17.0.1 - - [19/Feb/2021 14:27:01] "[37mGET /get_ps5 HTTP/1.1[0m" 200 -
[14:27:01] {/usr/local/lib/python3.9/site-packages/werkzeug/_internal.py:113} INFO - 172.17.0.1 - - [19/Feb/2021 14:27:01] "[37mGET /get_ps5 HTTP/1.1[0m" 200 -
[14:27:02] {/usr/local/lib/python3.9/site-packages/werkzeug/_internal.py:113} INFO - 172.17.0.1 - - [19/Feb/2021 14:27:02] "[37mGET /get_ps5 HTTP/1.1[0m" 200 -
[14:27:02] {/usr/local/lib/python3.9/site-packages/werkzeug/_internal.py:113} INFO - 172.17.0.1 - - [19/Feb/2021 14:27:02] "[37mGET /get_ps5 HTTP/1.1[0m" 200 -
[14:27:03] {/usr/local/lib/python3.9/site-packages/werkzeug/_internal.py:113} INFO - 172.17.0.1 - - [19/Feb/2021 14:27:03] "[37mGET /get_ps5 HTTP/1.1[0m" 200 -
[14:27:03] {/usr/local/lib/python3.9/site-packages/werkzeug/_internal.py:113} INFO - 172.17.0.1 - - [19/Feb/2021 14:27:03] "[37mGET /get_ps5 HTTP/1.1[0m" 200 -
[14:27:04] {/usr/local/lib/python3.9/site-packages/werkzeug/_internal.py:113} INFO - 172.17.0.1 - - [19/Feb/2021 14:27:04] "[37mGET /get_ps5 HTTP/1.1[0m" 200 -
[14:27:04] {/usr/local/lib/python3.9/site-packages/werkzeug/_internal.py:113} INFO - 172.17.0.1 - - [19/Feb/2021 14:27:04] "[37mGET /get_ps5 HTTP/1.1[0m" 200 -
[14:27:05] {/usr/local/lib/python3.9/site-packages/werkzeug/_internal.py:113} INFO - 172.17.0.1 - - [19/Feb/2021 14:27:05] "[37mGET /get_ps5 HTTP/1.1[0m" 200 -
[14:27:05] {/usr/local/lib/python3.9/site-packages/werkzeug/_internal.py:113} INFO - 172.17.0.1 - - [19/Feb/2021 14:27:05] "[37mGET /get_ps5 HTTP/1.1[0m" 200 -
[14:27:06] {/usr/local/lib/python3.9/site-packages/werkzeug/_internal.py:113} INFO - 172.17.0.1 - - [19/Feb/2021 14:27:06] "[37mGET /get_ps5 HTTP/1.1[0m" 200 -
[14:27:06] {/usr/local/lib/python3.9/site-packages/werkzeug/_internal.py:113} INFO - 172.17.0.1 - - [19/Feb/2021 14:27:06] "[37mGET /get_ps5 HTTP/1.1[0m" 200 -
[14:27:07] {/usr/local/lib/python3.9/site-packages/werkzeug/_internal.py:113} INFO - 172.17.0.1 - - [19/Feb/2021 14:27:07] "[37mGET /get_ps5 HTTP/1.1[0m" 200 -
[14:27:08] {/usr/local/lib/python3.9/site-packages/werkzeug/_internal.py:113} INFO - 172.17.0.1 - - [19/Feb/2021 14:27:08] "[37mGET /get_ps5 HTTP/1.1[0m" 200 -
[14:27:08] {/usr/local/lib/python3.9/site-packages/werkzeug/_internal.py:113} INFO - 172.17.0.1 - - [19/Feb/2021 14:27:08] "[37mGET /get_ps5 HTTP/1.1[0m" 200 -
[14:27:09] {/usr/local/lib/python3.9/site-packages/werkzeug/_internal.py:113} INFO - 172.17.0.1 - - [19/Feb/2021 14:27:09] "[37mGET /get_ps5 HTTP/1.1[0m" 200 -
[14:27:10] {/usr/local/lib/python3.9/site-packages/werkzeug/_internal.py:113} INFO - 172.17.0.1 - - [19/Feb/2021 14:27:10] "[37mGET /get_ps5 HTTP/1.1[0m" 200 -
[14:27:10] {/usr/local/lib/python3.9/site-packages/werkzeug/_internal.py:113} INFO - 172.17.0.1 - - [19/Feb/2021 14:27:10] "[37mGET /get_ps5 HTTP/1.1[0m" 200 -
[14:27:11] {/usr/local/lib/python3.9/site-packages/werkzeug/_internal.py:113} INFO - 172.17.0.1 - - [19/Feb/2021 14:27:11] "[37mGET /get_ps5 HTTP/1.1[0m" 200 -
[14:27:12] {/usr/local/lib/python3.9/site-packages/werkzeug/_internal.py:113} INFO - 172.17.0.1 - - [19/Feb/2021 14:27:12] "[37mGET /get_ps5 HTTP/1.1[0m" 200 -
[14:27:12] {/usr/local/lib/python3.9/site-packages/werkzeug/_internal.py:113} INFO - 172.17.0.1 - - [19/Feb/2021 14:27:12] "[37mGET /get_ps5 HTTP/1.1[0m" 200 -
[14:27:16] {/usr/local/lib/python3.9/site-packages/werkzeug/_internal.py:113} INFO - 172.17.0.1 - - [19/Feb/2021 14:27:16] "[37mGET /get_ps5 HTTP/1.1[0m" 200 -
[14:30:07] {/usr/local/lib/python3.9/site-packages/werkzeug/_internal.py:113} INFO - 172.17.0.1 - - [19/Feb/2021 14:30:07] "[37mGET /get_ps5 HTTP/1.1[0m" 200 -
[14:30:33] {/usr/local/lib/python3.9/site-packages/werkzeug/_internal.py:113} INFO - 172.17.0.1 - - [19/Feb/2021 14:30:33] "[37mGET /get_ps5 HTTP/1.1[0m" 200 -
[14:35:33] {/usr/local/lib/python3.9/site-packages/werkzeug/_internal.py:113} INFO - 172.17.0.1 - - [19/Feb/2021 14:35:33] "[37mGET /get_ps5 HTTP/1.1[0m" 200 -
[14:42:00] {/usr/local/lib/python3.9/site-packages/werkzeug/_internal.py:113} INFO - 172.17.0.1 - - [19/Feb/2021 14:42:00] "[37mGET /get_ps5 HTTP/1.1[0m" 200 -
[14:42:34] {/usr/local/lib/python3.9/site-packages/werkzeug/_internal.py:113} INFO - 172.17.0.1 - - [19/Feb/2021 14:42:34] "[37mGET /get_ps5 HTTP/1.1[0m" 200 -
[14:42:35] {/usr/local/lib/python3.9/site-packages/werkzeug/_internal.py:113} INFO - 172.17.0.1 - - [19/Feb/2021 14:42:35] "[37mGET /get_ps5 HTTP/1.1[0m" 200 -
[14:42:35] {/usr/local/lib/python3.9/site-packages/werkzeug/_internal.py:113} INFO - 172.17.0.1 - - [19/Feb/2021 14:42:35] "[37mGET /get_ps5 HTTP/1.1[0m" 200 -
[14:42:36] {/usr/local/lib/python3.9/site-packages/werkzeug/_internal.py:113} INFO - 172.17.0.1 - - [19/Feb/2021 14:42:36] "[37mGET /get_ps5 HTTP/1.1[0m" 200 -
[14:42:37] {/usr/local/lib/python3.9/site-packages/werkzeug/_internal.py:113} INFO - 172.17.0.1 - - [19/Feb/2021 14:42:37] "[37mGET /get_ps5 HTTP/1.1[0m" 200 -
[14:42:37] {/usr/local/lib/python3.9/site-packages/werkzeug/_internal.py:113} INFO - 172.17.0.1 - - [19/Feb/2021 14:42:37] "[37mGET /get_ps5 HTTP/1.1[0m" 200 -
[14:42:38] {/usr/local/lib/python3.9/site-packages/werkzeug/_internal.py:113} INFO - 172.17.0.1 - - [19/Feb/2021 14:42:38] "[37mGET /get_ps5 HTTP/1.1[0m" 200 -
[14:42:38] {/usr/local/lib/python3.9/site-packages/werkzeug/_internal.py:113} INFO - 172.17.0.1 - - [19/Feb/2021 14:42:38] "[37mGET /get_ps5 HTTP/1.1[0m" 200 -
[14:42:39] {/usr/local/lib/python3.9/site-packages/werkzeug/_internal.py:113} INFO - 172.17.0.1 - - [19/Feb/2021 14:42:39] "[37mGET /get_ps5 HTTP/1.1[0m" 200 -
[14:42:40] {/usr/local/lib/python3.9/site-packages/werkzeug/_internal.py:113} INFO - 172.17.0.1 - - [19/Feb/2021 14:42:40] "[37mGET /get_ps5 HTTP/1.1[0m" 200 -
[14:42:40] {/usr/local/lib/python3.9/site-packages/werkzeug/_internal.py:113} INFO - 172.17.0.1 - - [19/Feb/2021 14:42:40] "[37mGET /get_ps5 HTTP/1.1[0m" 200 -
[14:42:41] {/usr/local/lib/python3.9/site-packages/werkzeug/_internal.py:113} INFO - 172.17.0.1 - - [19/Feb/2021 14:42:41] "[37mGET /get_ps5 HTTP/1.1[0m" 200 -
[14:42:42] {/usr/local/lib/python3.9/site-packages/werkzeug/_internal.py:113} INFO - 172.17.0.1 - - [19/Feb/2021 14:42:42] "[37mGET /get_ps5 HTTP/1.1[0m" 200 -
[14:42:43] {/usr/local/lib/python3.9/site-packages/werkzeug/_internal.py:113} INFO - 172.17.0.1 - - [19/Feb/2021 14:42:43] "[37mGET /get_ps5 HTTP/1.1[0m" 200 -
[14:42:44] {/usr/local/lib/python3.9/site-packages/werkzeug/_internal.py:113} INFO - 172.17.0.1 - - [19/Feb/2021 14:42:44] "[37mGET /get_ps5 HTTP/1.1[0m" 200 -
[14:42:44] {/usr/local/lib/python3.9/site-packages/werkzeug/_internal.py:113} INFO - 172.17.0.1 - - [19/Feb/2021 14:42:44] "[37mGET /get_ps5 HTTP/1.1[0m" 200 -
[14:42:45] {/usr/local/lib/python3.9/site-packages/werkzeug/_internal.py:113} INFO - 172.17.0.1 - - [19/Feb/2021 14:42:45] "[37mGET /get_ps5 HTTP/1.1[0m" 200 -
[14:42:46] {/usr/local/lib/python3.9/site-packages/werkzeug/_internal.py:113} INFO - 172.17.0.1 - - [19/Feb/2021 14:42:46] "[37mGET /get_ps5 HTTP/1.1[0m" 200 -
[14:42:47] {/usr/local/lib/python3.9/site-packages/werkzeug/_internal.py:113} INFO - 172.17.0.1 - - [19/Feb/2021 14:42:47] "[37mGET /get_ps5 HTTP/1.1[0m" 200 -
[14:42:47] {/usr/local/lib/python3.9/site-packages/werkzeug/_internal.py:113} INFO - 172.17.0.1 - - [19/Feb/2021 14:42:47] "[37mGET /get_ps5 HTTP/1.1[0m" 200 -
[14:42:48] {/usr/local/lib/python3.9/site-packages/werkzeug/_internal.py:113} INFO - 172.17.0.1 - - [19/Feb/2021 14:42:48] "[37mGET /get_ps5 HTTP/1.1[0m" 200 -
[14:42:49] {/usr/local/lib/python3.9/site-packages/werkzeug/_internal.py:113} INFO - 172.17.0.1 - - [19/Feb/2021 14:42:49] "[37mGET /get_ps5 HTTP/1.1[0m" 200 -
[14:42:50] {/usr/local/lib/python3.9/site-packages/werkzeug/_internal.py:113} INFO - 172.17.0.1 - - [19/Feb/2021 14:42:50] "[37mGET /get_ps5 HTTP/1.1[0m" 200 -
[14:42:50] {/usr/local/lib/python3.9/site-packages/werkzeug/_internal.py:113} INFO - 172.17.0.1 - - [19/Feb/2021 14:42:50] "[37mGET /get_ps5 HTTP/1.1[0m" 200 -
[14:42:51] {/usr/local/lib/python3.9/site-packages/werkzeug/_internal.py:113} INFO - 172.17.0.1 - - [19/Feb/2021 14:42:51] "[37mGET /get_ps5 HTTP/1.1[0m" 200 -
[14:42:52] {/usr/local/lib/python3.9/site-packages/werkzeug/_internal.py:113} INFO - 172.17.0.1 - - [19/Feb/2021 14:42:52] "[37mGET /get_ps5 HTTP/1.1[0m" 200 -
[14:42:52] {/usr/local/lib/python3.9/site-packages/werkzeug/_internal.py:113} INFO - 172.17.0.1 - - [19/Feb/2021 14:42:52] "[37mGET /get_ps5 HTTP/1.1[0m" 200 -
[14:42:53] {/usr/local/lib/python3.9/site-packages/werkzeug/_internal.py:113} INFO - 172.17.0.1 - - [19/Feb/2021 14:42:53] "[37mGET /get_ps5 HTTP/1.1[0m" 200 -
[14:42:54] {/usr/local/lib/python3.9/site-packages/werkzeug/_internal.py:113} INFO - 172.17.0.1 - - [19/Feb/2021 14:42:54] "[37mGET /get_ps5 HTTP/1.1[0m" 200 -
[14:42:55] {/usr/local/lib/python3.9/site-packages/werkzeug/_internal.py:113} INFO - 172.17.0.1 - - [19/Feb/2021 14:42:55] "[37mGET /get_ps5 HTTP/1.1[0m" 200 -
[14:42:55] {/usr/local/lib/python3.9/site-packages/werkzeug/_internal.py:113} INFO - 172.17.0.1 - - [19/Feb/2021 14:42:55] "[37mGET /get_ps5 HTTP/1.1[0m" 200 -
[14:42:56] {/usr/local/lib/python3.9/site-packages/werkzeug/_internal.py:113} INFO - 172.17.0.1 - - [19/Feb/2021 14:42:56] "[37mGET /get_ps5 HTTP/1.1[0m" 200 -
[14:42:57] {/usr/local/lib/python3.9/site-packages/werkzeug/_internal.py:113} INFO - 172.17.0.1 - - [19/Feb/2021 14:42:57] "[37mGET /get_ps5 HTTP/1.1[0m" 200 -
[14:42:57] {/usr/local/lib/python3.9/site-packages/werkzeug/_internal.py:113} INFO - 172.17.0.1 - - [19/Feb/2021 14:42:57] "[37mGET /get_ps5 HTTP/1.1[0m" 200 -
[14:42:58] {/usr/local/lib/python3.9/site-packages/werkzeug/_internal.py:113} INFO - 172.17.0.1 - - [19/Feb/2021 14:42:58] "[37mGET /get_ps5 HTTP/1.1[0m" 200 -
[14:42:59] {/usr/local/lib/python3.9/site-packages/werkzeug/_internal.py:113} INFO - 172.17.0.1 - - [19/Feb/2021 14:42:59] "[37mGET /get_ps5 HTTP/1.1[0m" 200 -
[14:42:59] {/usr/local/lib/python3.9/site-packages/werkzeug/_internal.py:113} INFO - 172.17.0.1 - - [19/Feb/2021 14:42:59] "[37mGET /get_ps5 HTTP/1.1[0m" 200 -
[14:43:00] {/usr/local/lib/python3.9/site-packages/werkzeug/_internal.py:113} INFO - 172.17.0.1 - - [19/Feb/2021 14:43:00] "[37mGET /get_ps5 HTTP/1.1[0m" 200 -
[14:43:01] {/usr/local/lib/python3.9/site-packages/werkzeug/_internal.py:113} INFO - 172.17.0.1 - - [19/Feb/2021 14:43:01] "[37mGET /get_ps5 HTTP/1.1[0m" 200 -
[14:43:02] {/usr/local/lib/python3.9/site-packages/werkzeug/_internal.py:113} INFO - 172.17.0.1 - - [19/Feb/2021 14:43:02] "[37mGET /get_ps5 HTTP/1.1[0m" 200 -
[14:43:02] {/usr/local/lib/python3.9/site-packages/werkzeug/_internal.py:113} INFO - 172.17.0.1 - - [19/Feb/2021 14:43:02] "[37mGET /get_ps5 HTTP/1.1[0m" 200 -
[14:43:03] {/usr/local/lib/python3.9/site-packages/werkzeug/_internal.py:113} INFO - 172.17.0.1 - - [19/Feb/2021 14:43:03] "[37mGET /get_ps5 HTTP/1.1[0m" 200 -
[14:43:03] {/usr/local/lib/python3.9/site-packages/werkzeug/_internal.py:113} INFO - 172.17.0.1 - - [19/Feb/2021 14:43:03] "[37mGET /get_ps5 HTTP/1.1[0m" 200 -
[14:43:04] {/usr/local/lib/python3.9/site-packages/werkzeug/_internal.py:113} INFO - 172.17.0.1 - - [19/Feb/2021 14:43:04] "[37mGET /get_ps5 HTTP/1.1[0m" 200 -
[14:43:05] {/usr/local/lib/python3.9/site-packages/werkzeug/_internal.py:113} INFO - 172.17.0.1 - - [19/Feb/2021 14:43:05] "[37mGET /get_ps5 HTTP/1.1[0m" 200 -
[14:43:06] {/usr/local/lib/python3.9/site-packages/werkzeug/_internal.py:113} INFO - 172.17.0.1 - - [19/Feb/2021 14:43:06] "[37mGET /get_ps5 HTTP/1.1[0m" 200 -
[14:43:06] {/usr/local/lib/python3.9/site-packages/werkzeug/_internal.py:113} INFO - 172.17.0.1 - - [19/Feb/2021 14:43:06] "[37mGET /get_ps5 HTTP/1.1[0m" 200 -
[14:43:07] {/usr/local/lib/python3.9/site-packages/werkzeug/_internal.py:113} INFO - 172.17.0.1 - - [19/Feb/2021 14:43:07] "[37mGET /get_ps5 HTTP/1.1[0m" 200 -
[14:43:08] {/usr/local/lib/python3.9/site-packages/werkzeug/_internal.py:113} INFO - 172.17.0.1 - - [19/Feb/2021 14:43:08] "[37mGET /get_ps5 HTTP/1.1[0m" 200 -
[14:43:08] {/usr/local/lib/python3.9/site-packages/werkzeug/_internal.py:113} INFO - 172.17.0.1 - - [19/Feb/2021 14:43:08] "[37mGET / HTTP/1.1[0m" 200 -
[14:43:09] {/usr/local/lib/python3.9/site-packages/werkzeug/_internal.py:113} INFO - 172.17.0.1 - - [19/Feb/2021 14:43:09] "[33mGET /favicon.ico HTTP/1.1[0m" 404 -
[14:43:09] {/usr/local/lib/python3.9/site-packages/werkzeug/_internal.py:113} INFO - 172.17.0.1 - - [19/Feb/2021 14:43:09] "[37mGET /get_ps5 HTTP/1.1[0m" 200 -
[14:43:45] {/usr/local/lib/python3.9/site-packages/werkzeug/_internal.py:113} INFO - 172.17.0.1 - - [19/Feb/2021 14:43:45] "[37mGET /get_ps5 HTTP/1.1[0m" 200 -
[14:52:55] {/usr/local/lib/python3.9/site-packages/werkzeug/_internal.py:113} INFO - 172.17.0.1 - - [19/Feb/2021 14:52:55] "[37mGET /get_ps5 HTTP/1.1[0m" 200 -
[14:52:55] {/usr/local/lib/python3.9/site-packages/werkzeug/_internal.py:113} INFO - 172.17.0.1 - - [19/Feb/2021 14:52:55] "[37mGET /get_ps5 HTTP/1.1[0m" 200 -
[14:52:56] {/usr/local/lib/python3.9/site-packages/werkzeug/_internal.py:113} INFO - 172.17.0.1 - - [19/Feb/2021 14:52:56] "[37mGET /get_ps5 HTTP/1.1[0m" 200 -
[14:52:56] {/usr/local/lib/python3.9/site-packages/werkzeug/_internal.py:113} INFO - 172.17.0.1 - - [19/Feb/2021 14:52:56] "[37mGET /get_ps5 HTTP/1.1[0m" 200 -
[14:52:57] {/usr/local/lib/python3.9/site-packages/werkzeug/_internal.py:113} INFO - 172.17.0.1 - - [19/Feb/2021 14:52:57] "[37mGET /get_ps5 HTTP/1.1[0m" 200 -
[14:52:58] {/usr/local/lib/python3.9/site-packages/werkzeug/_internal.py:113} INFO - 172.17.0.1 - - [19/Feb/2021 14:52:58] "[37mGET /get_ps5 HTTP/1.1[0m" 200 -
[14:52:58] {/usr/local/lib/python3.9/site-packages/werkzeug/_internal.py:113} INFO - 172.17.0.1 - - [19/Feb/2021 14:52:58] "[37mGET /get_ps5 HTTP/1.1[0m" 200 -
[14:52:59] {/usr/local/lib/python3.9/site-packages/werkzeug/_internal.py:113} INFO - 172.17.0.1 - - [19/Feb/2021 14:52:59] "[37mGET /get_ps5 HTTP/1.1[0m" 200 -
[14:52:59] {/usr/local/lib/python3.9/site-packages/werkzeug/_internal.py:113} INFO - 172.17.0.1 - - [19/Feb/2021 14:52:59] "[37mGET /get_ps5 HTTP/1.1[0m" 200 -
[14:53:00] {/usr/local/lib/python3.9/site-packages/werkzeug/_internal.py:113} INFO - 172.17.0.1 - - [19/Feb/2021 14:53:00] "[37mGET /get_ps5 HTTP/1.1[0m" 200 -
[14:53:01] {/usr/local/lib/python3.9/site-packages/werkzeug/_internal.py:113} INFO - 172.17.0.1 - - [19/Feb/2021 14:53:01] "[37mGET /get_ps5 HTTP/1.1[0m" 200 -
[14:53:01] {/usr/local/lib/python3.9/site-packages/werkzeug/_internal.py:113} INFO - 172.17.0.1 - - [19/Feb/2021 14:53:01] "[37mGET /get_ps5 HTTP/1.1[0m" 200 -
[14:53:02] {/usr/local/lib/python3.9/site-packages/werkzeug/_internal.py:113} INFO - 172.17.0.1 - - [19/Feb/2021 14:53:02] "[37mGET /get_ps5 HTTP/1.1[0m" 200 -
[14:53:03] {/usr/local/lib/python3.9/site-packages/werkzeug/_internal.py:113} INFO - 172.17.0.1 - - [19/Feb/2021 14:53:03] "[37mGET /get_ps5 HTTP/1.1[0m" 200 -
[14:53:03] {/usr/local/lib/python3.9/site-packages/werkzeug/_internal.py:113} INFO - 172.17.0.1 - - [19/Feb/2021 14:53:03] "[37mGET /get_ps5 HTTP/1.1[0m" 200 -
[14:53:04] {/usr/local/lib/python3.9/site-packages/werkzeug/_internal.py:113} INFO - 172.17.0.1 - - [19/Feb/2021 14:53:04] "[37mGET /get_ps5 HTTP/1.1[0m" 200 -
[14:53:05] {/usr/local/lib/python3.9/site-packages/werkzeug/_internal.py:113} INFO - 172.17.0.1 - - [19/Feb/2021 14:53:05] "[37mGET /get_ps5 HTTP/1.1[0m" 200 -
[14:53:05] {/usr/local/lib/python3.9/site-packages/werkzeug/_internal.py:113} INFO - 172.17.0.1 - - [19/Feb/2021 14:53:05] "[37mGET /get_ps5 HTTP/1.1[0m" 200 -
[14:53:06] {/usr/local/lib/python3.9/site-packages/werkzeug/_internal.py:113} INFO - 172.17.0.1 - - [19/Feb/2021 14:53:06] "[37mGET /get_ps5 HTTP/1.1[0m" 200 -
[14:53:07] {/usr/local/lib/python3.9/site-packages/werkzeug/_internal.py:113} INFO - 172.17.0.1 - - [19/Feb/2021 14:53:07] "[37mGET /get_ps5 HTTP/1.1[0m" 200 -
[14:53:07] {/usr/local/lib/python3.9/site-packages/werkzeug/_internal.py:113} INFO - 172.17.0.1 - - [19/Feb/2021 14:53:07] "[37mGET /get_ps5 HTTP/1.1[0m" 200 -
[14:53:08] {/usr/local/lib/python3.9/site-packages/werkzeug/_internal.py:113} INFO - 172.17.0.1 - - [19/Feb/2021 14:53:08] "[37mGET /get_ps5 HTTP/1.1[0m" 200 -
[14:53:08] {/usr/local/lib/python3.9/site-packages/werkzeug/_internal.py:113} INFO - 172.17.0.1 - - [19/Feb/2021 14:53:08] "[37mGET /get_ps5 HTTP/1.1[0m" 200 -
[14:53:09] {/usr/local/lib/python3.9/site-packages/werkzeug/_internal.py:113} INFO - 172.17.0.1 - - [19/Feb/2021 14:53:09] "[37mGET /get_ps5 HTTP/1.1[0m" 200 -
[14:53:10] {/usr/local/lib/python3.9/site-packages/werkzeug/_internal.py:113} INFO - 172.17.0.1 - - [19/Feb/2021 14:53:10] "[37mGET /get_ps5 HTTP/1.1[0m" 200 -
[14:53:10] {/usr/local/lib/python3.9/site-packages/werkzeug/_internal.py:113} INFO - 172.17.0.1 - - [19/Feb/2021 14:53:10] "[37mGET /get_ps5 HTTP/1.1[0m" 200 -
[14:53:11] {/usr/local/lib/python3.9/site-packages/werkzeug/_internal.py:113} INFO - 172.17.0.1 - - [19/Feb/2021 14:53:11] "[37mGET /get_ps5 HTTP/1.1[0m" 200 -
[14:53:12] {/usr/local/lib/python3.9/site-packages/werkzeug/_internal.py:113} INFO - 172.17.0.1 - - [19/Feb/2021 14:53:12] "[37mGET /get_ps5 HTTP/1.1[0m" 200 -
[14:53:12] {/usr/local/lib/python3.9/site-packages/werkzeug/_internal.py:113} INFO - 172.17.0.1 - - [19/Feb/2021 14:53:12] "[37mGET /get_ps5 HTTP/1.1[0m" 200 -
[14:53:13] {/usr/local/lib/python3.9/site-packages/werkzeug/_internal.py:113} INFO - 172.17.0.1 - - [19/Feb/2021 14:53:13] "[37mGET /get_ps5 HTTP/1.1[0m" 200 -
[14:53:14] {/usr/local/lib/python3.9/site-packages/werkzeug/_internal.py:113} INFO - 172.17.0.1 - - [19/Feb/2021 14:53:14] "[37mGET /get_ps5 HTTP/1.1[0m" 200 -
[14:53:14] {/usr/local/lib/python3.9/site-packages/werkzeug/_internal.py:113} INFO - 172.17.0.1 - - [19/Feb/2021 14:53:14] "[37mGET /get_ps5 HTTP/1.1[0m" 200 -
[14:53:15] {/usr/local/lib/python3.9/site-packages/werkzeug/_internal.py:113} INFO - 172.17.0.1 - - [19/Feb/2021 14:53:15] "[37mGET /get_ps5 HTTP/1.1[0m" 200 -
[14:53:16] {/usr/local/lib/python3.9/site-packages/werkzeug/_internal.py:113} INFO - 172.17.0.1 - - [19/Feb/2021 14:53:16] "[37mGET /get_ps5 HTTP/1.1[0m" 200 -
[14:53:16] {/usr/local/lib/python3.9/site-packages/werkzeug/_internal.py:113} INFO - 172.17.0.1 - - [19/Feb/2021 14:53:16] "[37mGET /get_ps5 HTTP/1.1[0m" 200 -
[14:53:17] {/usr/local/lib/python3.9/site-packages/werkzeug/_internal.py:113} INFO - 172.17.0.1 - - [19/Feb/2021 14:53:17] "[37mGET /get_ps5 HTTP/1.1[0m" 200 -
[14:53:18] {/usr/local/lib/python3.9/site-packages/werkzeug/_internal.py:113} INFO - 172.17.0.1 - - [19/Feb/2021 14:53:18] "[37mGET /get_ps5 HTTP/1.1[0m" 200 -
[14:53:18] {/usr/local/lib/python3.9/site-packages/werkzeug/_internal.py:113} INFO - 172.17.0.1 - - [19/Feb/2021 14:53:18] "[37mGET /get_ps5 HTTP/1.1[0m" 200 -
[14:53:19] {/usr/local/lib/python3.9/site-packages/werkzeug/_internal.py:113} INFO - 172.17.0.1 - - [19/Feb/2021 14:53:19] "[37mGET /get_ps5 HTTP/1.1[0m" 200 -
[14:53:20] {/usr/local/lib/python3.9/site-packages/werkzeug/_internal.py:113} INFO - 172.17.0.1 - - [19/Feb/2021 14:53:20] "[37mGET /get_ps5 HTTP/1.1[0m" 200 -
[14:53:20] {/usr/local/lib/python3.9/site-packages/werkzeug/_internal.py:113} INFO - 172.17.0.1 - - [19/Feb/2021 14:53:20] "[37mGET /get_ps5 HTTP/1.1[0m" 200 -
[14:53:21] {/usr/local/lib/python3.9/site-packages/werkzeug/_internal.py:113} INFO - 172.17.0.1 - - [19/Feb/2021 14:53:21] "[37mGET /get_ps5 HTTP/1.1[0m" 200 -
[14:53:22] {/usr/local/lib/python3.9/site-packages/werkzeug/_internal.py:113} INFO - 172.17.0.1 - - [19/Feb/2021 14:53:22] "[37mGET /get_ps5 HTTP/1.1[0m" 200 -
[14:53:22] {/usr/local/lib/python3.9/site-packages/werkzeug/_internal.py:113} INFO - 172.17.0.1 - - [19/Feb/2021 14:53:22] "[37mGET /get_ps5 HTTP/1.1[0m" 200 -
[14:53:23] {/usr/local/lib/python3.9/site-packages/werkzeug/_internal.py:113} INFO - 172.17.0.1 - - [19/Feb/2021 14:53:23] "[37mGET /get_ps5 HTTP/1.1[0m" 200 -
[14:53:24] {/usr/local/lib/python3.9/site-packages/werkzeug/_internal.py:113} INFO - 172.17.0.1 - - [19/Feb/2021 14:53:24] "[37mGET /get_ps5 HTTP/1.1[0m" 200 -
[14:53:24] {/usr/local/lib/python3.9/site-packages/werkzeug/_internal.py:113} INFO - 172.17.0.1 - - [19/Feb/2021 14:53:24] "[37mGET /get_ps5 HTTP/1.1[0m" 200 -
[14:53:25] {/usr/local/lib/python3.9/site-packages/werkzeug/_internal.py:113} INFO - 172.17.0.1 - - [19/Feb/2021 14:53:25] "[37mGET /get_ps5 HTTP/1.1[0m" 200 -
[14:53:26] {/usr/local/lib/python3.9/site-packages/werkzeug/_internal.py:113} INFO - 172.17.0.1 - - [19/Feb/2021 14:53:26] "[37mGET /get_ps5 HTTP/1.1[0m" 200 -
[14:53:27] {/usr/local/lib/python3.9/site-packages/werkzeug/_internal.py:113} INFO - 172.17.0.1 - - [19/Feb/2021 14:53:27] "[37mGET /get_ps5 HTTP/1.1[0m" 200 -
[14:53:27] {/usr/local/lib/python3.9/site-packages/werkzeug/_internal.py:113} INFO - 172.17.0.1 - - [19/Feb/2021 14:53:27] "[37mGET /get_ps5 HTTP/1.1[0m" 200 -
[14:53:28] {/usr/local/lib/python3.9/site-packages/werkzeug/_internal.py:113} INFO - 172.17.0.1 - - [19/Feb/2021 14:53:28] "[37mGET /get_ps5 HTTP/1.1[0m" 200 -
[14:53:28] {/usr/local/lib/python3.9/site-packages/werkzeug/_internal.py:113} INFO - 172.17.0.1 - - [19/Feb/2021 14:53:28] "[37mGET /get_ps5 HTTP/1.1[0m" 200 -
[14:53:29] {/usr/local/lib/python3.9/site-packages/werkzeug/_internal.py:113} INFO - 172.17.0.1 - - [19/Feb/2021 14:53:29] "[37mGET /get_ps5 HTTP/1.1[0m" 200 -
[14:53:29] {/usr/local/lib/python3.9/site-packages/werkzeug/_internal.py:113} INFO - 172.17.0.1 - - [19/Feb/2021 14:53:29] "[37mGET /get_ps5 HTTP/1.1[0m" 200 -
[14:53:29] {/usr/local/lib/python3.9/site-packages/werkzeug/_internal.py:113} INFO - 172.17.0.1 - - [19/Feb/2021 14:53:29] "[37mGET /get_ps5 HTTP/1.1[0m" 200 -
[14:53:30] {/usr/local/lib/python3.9/site-packages/werkzeug/_internal.py:113} INFO - 172.17.0.1 - - [19/Feb/2021 14:53:30] "[37mGET /get_ps5 HTTP/1.1[0m" 200 -
[14:53:31] {/usr/local/lib/python3.9/site-packages/werkzeug/_internal.py:113} INFO - 172.17.0.1 - - [19/Feb/2021 14:53:31] "[37mGET /get_ps5 HTTP/1.1[0m" 200 -
[14:53:31] {/usr/local/lib/python3.9/site-packages/werkzeug/_internal.py:113} INFO - 172.17.0.1 - - [19/Feb/2021 14:53:31] "[37mGET /get_ps5 HTTP/1.1[0m" 200 -
[14:53:32] {/usr/local/lib/python3.9/site-packages/werkzeug/_internal.py:113} INFO - 172.17.0.1 - - [19/Feb/2021 14:53:32] "[37mGET /get_ps5 HTTP/1.1[0m" 200 -
[14:53:36] {/usr/local/lib/python3.9/site-packages/werkzeug/_internal.py:113} INFO - 172.17.0.1 - - [19/Feb/2021 14:53:36] "[37mGET /get_ps5 HTTP/1.1[0m" 200 -
[14:53:37] {/usr/local/lib/python3.9/site-packages/werkzeug/_internal.py:113} INFO - 172.17.0.1 - - [19/Feb/2021 14:53:37] "[37mGET /get_ps5 HTTP/1.1[0m" 200 -
[14:53:38] {/usr/local/lib/python3.9/site-packages/werkzeug/_internal.py:113} INFO - 172.17.0.1 - - [19/Feb/2021 14:53:38] "[37mGET /get_ps5 HTTP/1.1[0m" 200 -
[14:53:39] {/usr/local/lib/python3.9/site-packages/werkzeug/_internal.py:113} INFO - 172.17.0.1 - - [19/Feb/2021 14:53:39] "[37mGET /get_ps5 HTTP/1.1[0m" 200 -
[14:53:39] {/usr/local/lib/python3.9/site-packages/werkzeug/_internal.py:113} INFO - 172.17.0.1 - - [19/Feb/2021 14:53:39] "[37mGET /get_ps5 HTTP/1.1[0m" 200 -
[14:53:40] {/usr/local/lib/python3.9/site-packages/werkzeug/_internal.py:113} INFO - 172.17.0.1 - - [19/Feb/2021 14:53:40] "[37mGET /get_ps5 HTTP/1.1[0m" 200 -
[14:53:40] {/usr/local/lib/python3.9/site-packages/werkzeug/_internal.py:113} INFO - 172.17.0.1 - - [19/Feb/2021 14:53:40] "[37mGET /get_ps5 HTTP/1.1[0m" 200 -
[14:53:41] {/usr/local/lib/python3.9/site-packages/werkzeug/_internal.py:113} INFO - 172.17.0.1 - - [19/Feb/2021 14:53:41] "[37mGET /get_ps5 HTTP/1.1[0m" 200 -
[14:53:42] {/usr/local/lib/python3.9/site-packages/werkzeug/_internal.py:113} INFO - 172.17.0.1 - - [19/Feb/2021 14:53:42] "[37mGET /get_ps5 HTTP/1.1[0m" 200 -
[14:53:42] {/usr/local/lib/python3.9/site-packages/werkzeug/_internal.py:113} INFO - 172.17.0.1 - - [19/Feb/2021 14:53:42] "[37mGET /get_ps5 HTTP/1.1[0m" 200 -
[14:53:43] {/usr/local/lib/python3.9/site-packages/werkzeug/_internal.py:113} INFO - 172.17.0.1 - - [19/Feb/2021 14:53:43] "[37mGET /get_ps5 HTTP/1.1[0m" 200 -
[14:53:44] {/usr/local/lib/python3.9/site-packages/werkzeug/_internal.py:113} INFO - 172.17.0.1 - - [19/Feb/2021 14:53:44] "[37mGET /get_ps5 HTTP/1.1[0m" 200 -
[14:53:44] {/usr/local/lib/python3.9/site-packages/werkzeug/_internal.py:113} INFO - 172.17.0.1 - - [19/Feb/2021 14:53:44] "[37mGET /get_ps5 HTTP/1.1[0m" 200 -
[14:53:45] {/usr/local/lib/python3.9/site-packages/werkzeug/_internal.py:113} INFO - 172.17.0.1 - - [19/Feb/2021 14:53:45] "[37mGET /get_ps5 HTTP/1.1[0m" 200 -
[14:53:45] {/usr/local/lib/python3.9/site-packages/werkzeug/_internal.py:113} INFO - 172.17.0.1 - - [19/Feb/2021 14:53:45] "[37mGET /get_ps5 HTTP/1.1[0m" 200 -
[14:53:46] {/usr/local/lib/python3.9/site-packages/werkzeug/_internal.py:113} INFO - 172.17.0.1 - - [19/Feb/2021 14:53:46] "[37mGET /get_ps5 HTTP/1.1[0m" 200 -
[14:53:47] {/usr/local/lib/python3.9/site-packages/werkzeug/_internal.py:113} INFO - 172.17.0.1 - - [19/Feb/2021 14:53:47] "[37mGET /get_ps5 HTTP/1.1[0m" 200 -
[14:53:47] {/usr/local/lib/python3.9/site-packages/werkzeug/_internal.py:113} INFO - 172.17.0.1 - - [19/Feb/2021 14:53:47] "[37mGET /get_ps5 HTTP/1.1[0m" 200 -
[14:53:48] {/usr/local/lib/python3.9/site-packages/werkzeug/_internal.py:113} INFO - 172.17.0.1 - - [19/Feb/2021 14:53:48] "[37mGET /get_ps5 HTTP/1.1[0m" 200 -
[14:53:49] {/usr/local/lib/python3.9/site-packages/werkzeug/_internal.py:113} INFO - 172.17.0.1 - - [19/Feb/2021 14:53:49] "[37mGET /get_ps5 HTTP/1.1[0m" 200 -
[14:53:52] {/usr/local/lib/python3.9/site-packages/werkzeug/_internal.py:113} INFO - 172.17.0.1 - - [19/Feb/2021 14:53:52] "[37mGET /get_ps5 HTTP/1.1[0m" 200 -
[14:53:53] {/usr/local/lib/python3.9/site-packages/werkzeug/_internal.py:113} INFO - 172.17.0.1 - - [19/Feb/2021 14:53:53] "[37mGET /get_ps5 HTTP/1.1[0m" 200 -
[14:53:53] {/usr/local/lib/python3.9/site-packages/werkzeug/_internal.py:113} INFO - 172.17.0.1 - - [19/Feb/2021 14:53:53] "[37mGET /get_ps5 HTTP/1.1[0m" 200 -
[14:53:54] {/usr/local/lib/python3.9/site-packages/werkzeug/_internal.py:113} INFO - 172.17.0.1 - - [19/Feb/2021 14:53:54] "[37mGET /get_ps5 HTTP/1.1[0m" 200 -
[14:53:54] {/usr/local/lib/python3.9/site-packages/werkzeug/_internal.py:113} INFO - 172.17.0.1 - - [19/Feb/2021 14:53:54] "[37mGET /get_ps5 HTTP/1.1[0m" 200 -
[14:53:55] {/usr/local/lib/python3.9/site-packages/werkzeug/_internal.py:113} INFO - 172.17.0.1 - - [19/Feb/2021 14:53:55] "[37mGET /get_ps5 HTTP/1.1[0m" 200 -
[14:53:56] {/usr/local/lib/python3.9/site-packages/werkzeug/_internal.py:113} INFO - 172.17.0.1 - - [19/Feb/2021 14:53:56] "[37mGET /get_ps5 HTTP/1.1[0m" 200 -
[14:53:56] {/usr/local/lib/python3.9/site-packages/werkzeug/_internal.py:113} INFO - 172.17.0.1 - - [19/Feb/2021 14:53:56] "[37mGET /get_ps5 HTTP/1.1[0m" 200 -
[14:53:57] {/usr/local/lib/python3.9/site-packages/werkzeug/_internal.py:113} INFO - 172.17.0.1 - - [19/Feb/2021 14:53:57] "[37mGET /get_ps5 HTTP/1.1[0m" 200 -
[14:53:58] {/usr/local/lib/python3.9/site-packages/werkzeug/_internal.py:113} INFO - 172.17.0.1 - - [19/Feb/2021 14:53:58] "[37mGET /get_ps5 HTTP/1.1[0m" 200 -
[14:53:59] {/usr/local/lib/python3.9/site-packages/werkzeug/_internal.py:113} INFO - 172.17.0.1 - - [19/Feb/2021 14:53:59] "[37mGET /get_ps5 HTTP/1.1[0m" 200 -
[14:54:00] {/usr/local/lib/python3.9/site-packages/werkzeug/_internal.py:113} INFO - 172.17.0.1 - - [19/Feb/2021 14:54:00] "[37mGET /get_ps5 HTTP/1.1[0m" 200 -
[14:54:00] {/usr/local/lib/python3.9/site-packages/werkzeug/_internal.py:113} INFO - 172.17.0.1 - - [19/Feb/2021 14:54:00] "[37mGET /get_ps5 HTTP/1.1[0m" 200 -
[14:54:01] {/usr/local/lib/python3.9/site-packages/werkzeug/_internal.py:113} INFO - 172.17.0.1 - - [19/Feb/2021 14:54:01] "[37mGET /get_ps5 HTTP/1.1[0m" 200 -
[14:54:02] {/usr/local/lib/python3.9/site-packages/werkzeug/_internal.py:113} INFO - 172.17.0.1 - - [19/Feb/2021 14:54:02] "[37mGET /get_ps5 HTTP/1.1[0m" 200 -
[14:54:03] {/usr/local/lib/python3.9/site-packages/werkzeug/_internal.py:113} INFO - 172.17.0.1 - - [19/Feb/2021 14:54:03] "[37mGET /get_ps5 HTTP/1.1[0m" 200 -
[14:54:04] {/usr/local/lib/python3.9/site-packages/werkzeug/_internal.py:113} INFO - 172.17.0.1 - - [19/Feb/2021 14:54:04] "[37mGET /get_ps5 HTTP/1.1[0m" 200 -
[14:54:04] {/usr/local/lib/python3.9/site-packages/werkzeug/_internal.py:113} INFO - 172.17.0.1 - - [19/Feb/2021 14:54:04] "[37mGET /get_ps5 HTTP/1.1[0m" 200 -
[14:54:05] {/usr/local/lib/python3.9/site-packages/werkzeug/_internal.py:113} INFO - 172.17.0.1 - - [19/Feb/2021 14:54:05] "[37mGET /get_ps5 HTTP/1.1[0m" 200 -
[14:54:06] {/usr/local/lib/python3.9/site-packages/werkzeug/_internal.py:113} INFO - 172.17.0.1 - - [19/Feb/2021 14:54:06] "[37mGET /get_ps5 HTTP/1.1[0m" 200 -
[14:54:06] {/usr/local/lib/python3.9/site-packages/werkzeug/_internal.py:113} INFO - 172.17.0.1 - - [19/Feb/2021 14:54:06] "[37mGET /get_ps5 HTTP/1.1[0m" 200 -
[14:54:07] {/usr/local/lib/python3.9/site-packages/werkzeug/_internal.py:113} INFO - 172.17.0.1 - - [19/Feb/2021 14:54:07] "[37mGET /get_ps5 HTTP/1.1[0m" 200 -
[14:54:08] {/usr/local/lib/python3.9/site-packages/werkzeug/_internal.py:113} INFO - 172.17.0.1 - - [19/Feb/2021 14:54:08] "[37mGET /get_ps5 HTTP/1.1[0m" 200 -
[14:54:08] {/usr/local/lib/python3.9/site-packages/werkzeug/_internal.py:113} INFO - 172.17.0.1 - - [19/Feb/2021 14:54:08] "[37mGET /get_ps5 HTTP/1.1[0m" 200 -
[14:54:09] {/usr/local/lib/python3.9/site-packages/werkzeug/_internal.py:113} INFO - 172.17.0.1 - - [19/Feb/2021 14:54:09] "[37mGET /get_ps5 HTTP/1.1[0m" 200 -
[14:54:10] {/usr/local/lib/python3.9/site-packages/werkzeug/_internal.py:113} INFO - 172.17.0.1 - - [19/Feb/2021 14:54:10] "[37mGET /get_ps5 HTTP/1.1[0m" 200 -
[14:54:11] {/usr/local/lib/python3.9/site-packages/werkzeug/_internal.py:113} INFO - 172.17.0.1 - - [19/Feb/2021 14:54:11] "[37mGET /get_ps5 HTTP/1.1[0m" 200 -
[14:54:11] {/usr/local/lib/python3.9/site-packages/werkzeug/_internal.py:113} INFO - 172.17.0.1 - - [19/Feb/2021 14:54:11] "[37mGET /get_ps5 HTTP/1.1[0m" 200 -
[14:54:12] {/usr/local/lib/python3.9/site-packages/werkzeug/_internal.py:113} INFO - 172.17.0.1 - - [19/Feb/2021 14:54:12] "[37mGET /get_ps5 HTTP/1.1[0m" 200 -
[14:54:13] {/usr/local/lib/python3.9/site-packages/werkzeug/_internal.py:113} INFO - 172.17.0.1 - - [19/Feb/2021 14:54:13] "[37mGET /get_ps5 HTTP/1.1[0m" 200 -
[14:54:13] {/usr/local/lib/python3.9/site-packages/werkzeug/_internal.py:113} INFO - 172.17.0.1 - - [19/Feb/2021 14:54:13] "[37mGET /get_ps5 HTTP/1.1[0m" 200 -
[14:54:14] {/usr/local/lib/python3.9/site-packages/werkzeug/_internal.py:113} INFO - 172.17.0.1 - - [19/Feb/2021 14:54:14] "[37mGET /get_ps5 HTTP/1.1[0m" 200 -
[14:54:15] {/usr/local/lib/python3.9/site-packages/werkzeug/_internal.py:113} INFO - 172.17.0.1 - - [19/Feb/2021 14:54:15] "[37mGET /get_ps5 HTTP/1.1[0m" 200 -
[14:54:16] {/usr/local/lib/python3.9/site-packages/werkzeug/_internal.py:113} INFO - 172.17.0.1 - - [19/Feb/2021 14:54:16] "[37mGET /get_ps5 HTTP/1.1[0m" 200 -
[14:54:16] {/usr/local/lib/python3.9/site-packages/werkzeug/_internal.py:113} INFO - 172.17.0.1 - - [19/Feb/2021 14:54:16] "[37mGET /get_ps5 HTTP/1.1[0m" 200 -
[14:54:17] {/usr/local/lib/python3.9/site-packages/werkzeug/_internal.py:113} INFO - 172.17.0.1 - - [19/Feb/2021 14:54:17] "[37mGET /get_ps5 HTTP/1.1[0m" 200 -
[14:54:18] {/usr/local/lib/python3.9/site-packages/werkzeug/_internal.py:113} INFO - 172.17.0.1 - - [19/Feb/2021 14:54:18] "[37mGET /get_ps5 HTTP/1.1[0m" 200 -
[14:54:18] {/usr/local/lib/python3.9/site-packages/werkzeug/_internal.py:113} INFO - 172.17.0.1 - - [19/Feb/2021 14:54:18] "[37mGET /get_ps5 HTTP/1.1[0m" 200 -
[14:54:19] {/usr/local/lib/python3.9/site-packages/werkzeug/_internal.py:113} INFO - 172.17.0.1 - - [19/Feb/2021 14:54:19] "[37mGET /get_ps5 HTTP/1.1[0m" 200 -
[14:54:20] {/usr/local/lib/python3.9/site-packages/werkzeug/_internal.py:113} INFO - 172.17.0.1 - - [19/Feb/2021 14:54:20] "[37mGET /get_ps5 HTTP/1.1[0m" 200 -
[14:54:21] {/usr/local/lib/python3.9/site-packages/werkzeug/_internal.py:113} INFO - 172.17.0.1 - - [19/Feb/2021 14:54:21] "[37mGET /get_ps5 HTTP/1.1[0m" 200 -
[14:54:21] {/usr/local/lib/python3.9/site-packages/werkzeug/_internal.py:113} INFO - 172.17.0.1 - - [19/Feb/2021 14:54:21] "[37mGET /get_ps5 HTTP/1.1[0m" 200 -
[14:54:22] {/usr/local/lib/python3.9/site-packages/werkzeug/_internal.py:113} INFO - 172.17.0.1 - - [19/Feb/2021 14:54:22] "[37mGET /get_ps5 HTTP/1.1[0m" 200 -
[14:54:24] {/usr/local/lib/python3.9/site-packages/werkzeug/_internal.py:113} INFO - 172.17.0.1 - - [19/Feb/2021 14:54:24] "[37mGET /get_ps5 HTTP/1.1[0m" 200 -
[14:54:24] {/usr/local/lib/python3.9/site-packages/werkzeug/_internal.py:113} INFO - 172.17.0.1 - - [19/Feb/2021 14:54:24] "[37mGET /get_ps5 HTTP/1.1[0m" 200 -
[14:54:25] {/usr/local/lib/python3.9/site-packages/werkzeug/_internal.py:113} INFO - 172.17.0.1 - - [19/Feb/2021 14:54:25] "[37mGET /get_ps5 HTTP/1.1[0m" 200 -
[14:54:25] {/usr/local/lib/python3.9/site-packages/werkzeug/_internal.py:113} INFO - 172.17.0.1 - - [19/Feb/2021 14:54:25] "[37mGET /get_ps5 HTTP/1.1[0m" 200 -
[14:54:26] {/usr/local/lib/python3.9/site-packages/werkzeug/_internal.py:113} INFO - 172.17.0.1 - - [19/Feb/2021 14:54:26] "[37mGET /get_ps5 HTTP/1.1[0m" 200 -
[14:54:26] {/usr/local/lib/python3.9/site-packages/werkzeug/_internal.py:113} INFO - 172.17.0.1 - - [19/Feb/2021 14:54:26] "[37mGET /get_ps5 HTTP/1.1[0m" 200 -
[14:54:27] {/usr/local/lib/python3.9/site-packages/werkzeug/_internal.py:113} INFO - 172.17.0.1 - - [19/Feb/2021 14:54:27] "[37mGET /get_ps5 HTTP/1.1[0m" 200 -
[14:57:14] {/usr/local/lib/python3.9/site-packages/werkzeug/_internal.py:113} INFO - 172.17.0.1 - - [19/Feb/2021 14:57:14] "[37mGET /get_ps5 HTTP/1.1[0m" 200 -
[14:57:15] {/usr/local/lib/python3.9/site-packages/werkzeug/_internal.py:113} INFO - 172.17.0.1 - - [19/Feb/2021 14:57:15] "[37mGET /get_ps5 HTTP/1.1[0m" 200 -
[14:57:16] {/usr/local/lib/python3.9/site-packages/werkzeug/_internal.py:113} INFO - 172.17.0.1 - - [19/Feb/2021 14:57:16] "[37mGET /get_ps5 HTTP/1.1[0m" 200 -
[14:57:16] {/usr/local/lib/python3.9/site-packages/werkzeug/_internal.py:113} INFO - 172.17.0.1 - - [19/Feb/2021 14:57:16] "[37mGET /get_ps5 HTTP/1.1[0m" 200 -
[14:57:17] {/usr/local/lib/python3.9/site-packages/werkzeug/_internal.py:113} INFO - 172.17.0.1 - - [19/Feb/2021 14:57:17] "[37mGET /get_ps5 HTTP/1.1[0m" 200 -
[14:57:17] {/usr/local/lib/python3.9/site-packages/werkzeug/_internal.py:113} INFO - 172.17.0.1 - - [19/Feb/2021 14:57:17] "[37mGET /get_ps5 HTTP/1.1[0m" 200 -
[14:57:18] {/usr/local/lib/python3.9/site-packages/werkzeug/_internal.py:113} INFO - 172.17.0.1 - - [19/Feb/2021 14:57:18] "[37mGET /get_ps5 HTTP/1.1[0m" 200 -
[14:57:19] {/usr/local/lib/python3.9/site-packages/werkzeug/_internal.py:113} INFO - 172.17.0.1 - - [19/Feb/2021 14:57:19] "[37mGET /get_ps5 HTTP/1.1[0m" 200 -
[14:57:20] {/usr/local/lib/python3.9/site-packages/werkzeug/_internal.py:113} INFO - 172.17.0.1 - - [19/Feb/2021 14:57:20] "[37mGET /get_ps5 HTTP/1.1[0m" 200 -
[14:57:20] {/usr/local/lib/python3.9/site-packages/werkzeug/_internal.py:113} INFO - 172.17.0.1 - - [19/Feb/2021 14:57:20] "[37mGET /get_ps5 HTTP/1.1[0m" 200 -
[14:57:21] {/usr/local/lib/python3.9/site-packages/werkzeug/_internal.py:113} INFO - 172.17.0.1 - - [19/Feb/2021 14:57:21] "[37mGET /get_ps5 HTTP/1.1[0m" 200 -
[14:57:22] {/usr/local/lib/python3.9/site-packages/werkzeug/_internal.py:113} INFO - 172.17.0.1 - - [19/Feb/2021 14:57:22] "[37mGET /get_ps5 HTTP/1.1[0m" 200 -
[14:57:23] {/usr/local/lib/python3.9/site-packages/werkzeug/_internal.py:113} INFO - 172.17.0.1 - - [19/Feb/2021 14:57:23] "[37mGET /get_ps5 HTTP/1.1[0m" 200 -
[14:57:23] {/usr/local/lib/python3.9/site-packages/werkzeug/_internal.py:113} INFO - 172.17.0.1 - - [19/Feb/2021 14:57:23] "[37mGET /get_ps5 HTTP/1.1[0m" 200 -
[14:57:24] {/usr/local/lib/python3.9/site-packages/werkzeug/_internal.py:113} INFO - 172.17.0.1 - - [19/Feb/2021 14:57:24] "[37mGET /get_ps5 HTTP/1.1[0m" 200 -
[14:57:25] {/usr/local/lib/python3.9/site-packages/werkzeug/_internal.py:113} INFO - 172.17.0.1 - - [19/Feb/2021 14:57:25] "[37mGET /get_ps5 HTTP/1.1[0m" 200 -
[14:57:26] {/usr/local/lib/python3.9/site-packages/werkzeug/_internal.py:113} INFO - 172.17.0.1 - - [19/Feb/2021 14:57:26] "[37mGET /get_ps5 HTTP/1.1[0m" 200 -
[14:57:26] {/usr/local/lib/python3.9/site-packages/werkzeug/_internal.py:113} INFO - 172.17.0.1 - - [19/Feb/2021 14:57:26] "[37mGET /get_ps5 HTTP/1.1[0m" 200 -
[14:57:27] {/usr/local/lib/python3.9/site-packages/werkzeug/_internal.py:113} INFO - 172.17.0.1 - - [19/Feb/2021 14:57:27] "[37mGET /get_ps5 HTTP/1.1[0m" 200 -
[14:57:28] {/usr/local/lib/python3.9/site-packages/werkzeug/_internal.py:113} INFO - 172.17.0.1 - - [19/Feb/2021 14:57:28] "[37mGET /get_ps5 HTTP/1.1[0m" 200 -
[14:57:29] {/usr/local/lib/python3.9/site-packages/werkzeug/_internal.py:113} INFO - 172.17.0.1 - - [19/Feb/2021 14:57:29] "[37mGET /get_ps5 HTTP/1.1[0m" 200 -
[14:57:30] {/usr/local/lib/python3.9/site-packages/werkzeug/_internal.py:113} INFO - 172.17.0.1 - - [19/Feb/2021 14:57:30] "[37mGET /get_ps5 HTTP/1.1[0m" 200 -
[14:57:30] {/usr/local/lib/python3.9/site-packages/werkzeug/_internal.py:113} INFO - 172.17.0.1 - - [19/Feb/2021 14:57:30] "[37mGET /get_ps5 HTTP/1.1[0m" 200 -
[14:57:31] {/usr/local/lib/python3.9/site-packages/werkzeug/_internal.py:113} INFO - 172.17.0.1 - - [19/Feb/2021 14:57:31] "[37mGET /get_ps5 HTTP/1.1[0m" 200 -
[14:57:31] {/usr/local/lib/python3.9/site-packages/werkzeug/_internal.py:113} INFO - 172.17.0.1 - - [19/Feb/2021 14:57:31] "[37mGET /get_ps5 HTTP/1.1[0m" 200 -
[14:57:32] {/usr/local/lib/python3.9/site-packages/werkzeug/_internal.py:113} INFO - 172.17.0.1 - - [19/Feb/2021 14:57:32] "[37mGET /get_ps5 HTTP/1.1[0m" 200 -
[14:57:32] {/usr/local/lib/python3.9/site-packages/werkzeug/_internal.py:113} INFO - 172.17.0.1 - - [19/Feb/2021 14:57:32] "[37mGET /get_ps5 HTTP/1.1[0m" 200 -
[14:57:33] {/usr/local/lib/python3.9/site-packages/werkzeug/_internal.py:113} INFO - 172.17.0.1 - - [19/Feb/2021 14:57:33] "[37mGET /get_ps5 HTTP/1.1[0m" 200 -
[14:57:34] {/usr/local/lib/python3.9/site-packages/werkzeug/_internal.py:113} INFO - 172.17.0.1 - - [19/Feb/2021 14:57:34] "[37mGET /get_ps5 HTTP/1.1[0m" 200 -
[14:57:34] {/usr/local/lib/python3.9/site-packages/werkzeug/_internal.py:113} INFO - 172.17.0.1 - - [19/Feb/2021 14:57:34] "[37mGET /get_ps5 HTTP/1.1[0m" 200 -
[14:57:34] {/usr/local/lib/python3.9/site-packages/werkzeug/_internal.py:113} INFO - 172.17.0.1 - - [19/Feb/2021 14:57:34] "[37mGET /get_ps5 HTTP/1.1[0m" 200 -
[14:57:35] {/usr/local/lib/python3.9/site-packages/werkzeug/_internal.py:113} INFO - 172.17.0.1 - - [19/Feb/2021 14:57:35] "[37mGET /get_ps5 HTTP/1.1[0m" 200 -
[14:57:36] {/usr/local/lib/python3.9/site-packages/werkzeug/_internal.py:113} INFO - 172.17.0.1 - - [19/Feb/2021 14:57:36] "[37mGET /get_ps5 HTTP/1.1[0m" 200 -
[14:57:37] {/usr/local/lib/python3.9/site-packages/werkzeug/_internal.py:113} INFO - 172.17.0.1 - - [19/Feb/2021 14:57:37] "[37mGET /get_ps5 HTTP/1.1[0m" 200 -
[14:57:37] {/usr/local/lib/python3.9/site-packages/werkzeug/_internal.py:113} INFO - 172.17.0.1 - - [19/Feb/2021 14:57:37] "[37mGET /get_ps5 HTTP/1.1[0m" 200 -
[14:57:38] {/usr/local/lib/python3.9/site-packages/werkzeug/_internal.py:113} INFO - 172.17.0.1 - - [19/Feb/2021 14:57:38] "[37mGET /get_ps5 HTTP/1.1[0m" 200 -
[14:57:38] {/usr/local/lib/python3.9/site-packages/werkzeug/_internal.py:113} INFO - 172.17.0.1 - - [19/Feb/2021 14:57:38] "[37mGET /get_ps5 HTTP/1.1[0m" 200 -
[14:57:39] {/usr/local/lib/python3.9/site-packages/werkzeug/_internal.py:113} INFO - 172.17.0.1 - - [19/Feb/2021 14:57:39] "[37mGET /get_ps5 HTTP/1.1[0m" 200 -
[14:57:39] {/usr/local/lib/python3.9/site-packages/werkzeug/_internal.py:113} INFO - 172.17.0.1 - - [19/Feb/2021 14:57:39] "[37mGET /get_ps5 HTTP/1.1[0m" 200 -
[14:57:40] {/usr/local/lib/python3.9/site-packages/werkzeug/_internal.py:113} INFO - 172.17.0.1 - - [19/Feb/2021 14:57:40] "[37mGET /get_ps5 HTTP/1.1[0m" 200 -
[14:57:40] {/usr/local/lib/python3.9/site-packages/werkzeug/_internal.py:113} INFO - 172.17.0.1 - - [19/Feb/2021 14:57:40] "[37mGET /get_ps5 HTTP/1.1[0m" 200 -
[14:57:41] {/usr/local/lib/python3.9/site-packages/werkzeug/_internal.py:113} INFO - 172.17.0.1 - - [19/Feb/2021 14:57:41] "[37mGET /get_ps5 HTTP/1.1[0m" 200 -
[14:57:41] {/usr/local/lib/python3.9/site-packages/werkzeug/_internal.py:113} INFO - 172.17.0.1 - - [19/Feb/2021 14:57:41] "[37mGET /get_ps5 HTTP/1.1[0m" 200 -
[14:57:41] {/usr/local/lib/python3.9/site-packages/werkzeug/_internal.py:113} INFO - 172.17.0.1 - - [19/Feb/2021 14:57:41] "[37mGET /get_ps5 HTTP/1.1[0m" 200 -
[14:57:42] {/usr/local/lib/python3.9/site-packages/werkzeug/_internal.py:113} INFO - 172.17.0.1 - - [19/Feb/2021 14:57:42] "[37mGET /get_ps5 HTTP/1.1[0m" 200 -
[14:57:42] {/usr/local/lib/python3.9/site-packages/werkzeug/_internal.py:113} INFO - 172.17.0.1 - - [19/Feb/2021 14:57:42] "[37mGET /get_ps5 HTTP/1.1[0m" 200 -
[14:57:43] {/usr/local/lib/python3.9/site-packages/werkzeug/_internal.py:113} INFO - 172.17.0.1 - - [19/Feb/2021 14:57:43] "[37mGET /get_ps5 HTTP/1.1[0m" 200 -
[14:57:44] {/usr/local/lib/python3.9/site-packages/werkzeug/_internal.py:113} INFO - 172.17.0.1 - - [19/Feb/2021 14:57:44] "[37mGET /get_ps5 HTTP/1.1[0m" 200 -
[14:57:44] {/usr/local/lib/python3.9/site-packages/werkzeug/_internal.py:113} INFO - 172.17.0.1 - - [19/Feb/2021 14:57:44] "[37mGET /get_ps5 HTTP/1.1[0m" 200 -
[14:57:45] {/usr/local/lib/python3.9/site-packages/werkzeug/_internal.py:113} INFO - 172.17.0.1 - - [19/Feb/2021 14:57:45] "[37mGET /get_ps5 HTTP/1.1[0m" 200 -
[14:57:46] {/usr/local/lib/python3.9/site-packages/werkzeug/_internal.py:113} INFO - 172.17.0.1 - - [19/Feb/2021 14:57:46] "[37mGET /get_ps5 HTTP/1.1[0m" 200 -
[14:57:47] {/usr/local/lib/python3.9/site-packages/werkzeug/_internal.py:113} INFO - 172.17.0.1 - - [19/Feb/2021 14:57:47] "[37mGET /get_ps5 HTTP/1.1[0m" 200 -
[14:57:47] {/usr/local/lib/python3.9/site-packages/werkzeug/_internal.py:113} INFO - 172.17.0.1 - - [19/Feb/2021 14:57:47] "[37mGET /get_ps5 HTTP/1.1[0m" 200 -
[15:01:11] {/usr/local/lib/python3.9/site-packages/werkzeug/_internal.py:113} INFO - 172.17.0.1 - - [19/Feb/2021 15:01:11] "[37mGET /get_ps5 HTTP/1.1[0m" 200 -
[15:01:12] {/usr/local/lib/python3.9/site-packages/werkzeug/_internal.py:113} INFO - 172.17.0.1 - - [19/Feb/2021 15:01:12] "[37mGET /get_ps5 HTTP/1.1[0m" 200 -
[15:01:19] {/usr/local/lib/python3.9/site-packages/werkzeug/_internal.py:113} INFO - 172.17.0.1 - - [19/Feb/2021 15:01:19] "[37mGET /get_ps5 HTTP/1.1[0m" 200 -
[15:01:19] {/usr/local/lib/python3.9/site-packages/werkzeug/_internal.py:113} INFO - 172.17.0.1 - - [19/Feb/2021 15:01:19] "[37mGET /get_ps5 HTTP/1.1[0m" 200 -
[15:01:20] {/usr/local/lib/python3.9/site-packages/werkzeug/_internal.py:113} INFO - 172.17.0.1 - - [19/Feb/2021 15:01:20] "[37mGET /get_ps5 HTTP/1.1[0m" 200 -
[15:01:24] {/usr/local/lib/python3.9/site-packages/werkzeug/_internal.py:113} INFO - 172.17.0.1 - - [19/Feb/2021 15:01:24] "[37mGET /get_ps5 HTTP/1.1[0m" 200 -
[15:01:24] {/usr/local/lib/python3.9/site-packages/werkzeug/_internal.py:113} INFO - 172.17.0.1 - - [19/Feb/2021 15:01:24] "[37mGET /get_ps5 HTTP/1.1[0m" 200 -
[15:01:27] {/usr/local/lib/python3.9/site-packages/werkzeug/_internal.py:113} INFO - 172.17.0.1 - - [19/Feb/2021 15:01:27] "[37mGET /get_ps5 HTTP/1.1[0m" 200 -
[15:01:27] {/usr/local/lib/python3.9/site-packages/werkzeug/_internal.py:113} INFO - 172.17.0.1 - - [19/Feb/2021 15:01:27] "[37mGET /get_ps5 HTTP/1.1[0m" 200 -
[15:01:28] {/usr/local/lib/python3.9/site-packages/werkzeug/_internal.py:113} INFO - 172.17.0.1 - - [19/Feb/2021 15:01:28] "[37mGET /get_ps5 HTTP/1.1[0m" 200 -
[15:01:29] {/usr/local/lib/python3.9/site-packages/werkzeug/_internal.py:113} INFO - 172.17.0.1 - - [19/Feb/2021 15:01:29] "[37mGET /get_ps5 HTTP/1.1[0m" 200 -
[15:01:30] {/usr/local/lib/python3.9/site-packages/werkzeug/_internal.py:113} INFO - 172.17.0.1 - - [19/Feb/2021 15:01:30] "[37mGET /get_ps5 HTTP/1.1[0m" 200 -
[15:01:31] {/usr/local/lib/python3.9/site-packages/werkzeug/_internal.py:113} INFO - 172.17.0.1 - - [19/Feb/2021 15:01:31] "[37mGET /get_ps5 HTTP/1.1[0m" 200 -
[15:01:33] {/usr/local/lib/python3.9/site-packages/werkzeug/_internal.py:113} INFO - 172.17.0.1 - - [19/Feb/2021 15:01:33] "[37mGET /get_ps5 HTTP/1.1[0m" 200 -
[15:01:37] {/usr/local/lib/python3.9/site-packages/werkzeug/_internal.py:113} INFO - 172.17.0.1 - - [19/Feb/2021 15:01:37] "[37mGET /get_ps5 HTTP/1.1[0m" 200 -
[15:01:43] {/usr/local/lib/python3.9/site-packages/werkzeug/_internal.py:113} INFO - 172.17.0.1 - - [19/Feb/2021 15:01:43] "[37mGET /get_ps5 HTTP/1.1[0m" 200 -
[15:01:44] {/usr/local/lib/python3.9/site-packages/werkzeug/_internal.py:113} INFO - 172.17.0.1 - - [19/Feb/2021 15:01:44] "[37mGET /get_ps5 HTTP/1.1[0m" 200 -
[15:01:46] {/usr/local/lib/python3.9/site-packages/werkzeug/_internal.py:113} INFO - 172.17.0.1 - - [19/Feb/2021 15:01:46] "[37mGET /get_ps5 HTTP/1.1[0m" 200 -
[15:01:52] {/usr/local/lib/python3.9/site-packages/werkzeug/_internal.py:113} INFO - 172.17.0.1 - - [19/Feb/2021 15:01:52] "[37mGET /get_ps5 HTTP/1.1[0m" 200 -
[15:01:54] {/usr/local/lib/python3.9/site-packages/werkzeug/_internal.py:113} INFO - 172.17.0.1 - - [19/Feb/2021 15:01:54] "[37mGET /get_ps5 HTTP/1.1[0m" 200 -
[15:01:54] {/usr/local/lib/python3.9/site-packages/werkzeug/_internal.py:113} INFO - 172.17.0.1 - - [19/Feb/2021 15:01:54] "[37mGET /get_ps5 HTTP/1.1[0m" 200 -
[15:02:01] {/usr/local/lib/python3.9/site-packages/werkzeug/_internal.py:113} INFO - 172.17.0.1 - - [19/Feb/2021 15:02:01] "[37mGET /get_ps5 HTTP/1.1[0m" 200 -
[15:02:03] {/usr/local/lib/python3.9/site-packages/werkzeug/_internal.py:113} INFO - 172.17.0.1 - - [19/Feb/2021 15:02:03] "[37mGET /get_ps5 HTTP/1.1[0m" 200 -
[15:02:06] {/usr/local/lib/python3.9/site-packages/werkzeug/_internal.py:113} INFO - 172.17.0.1 - - [19/Feb/2021 15:02:06] "[37mGET /get_ps5 HTTP/1.1[0m" 200 -
[15:02:08] {/usr/local/lib/python3.9/site-packages/werkzeug/_internal.py:113} INFO - 172.17.0.1 - - [19/Feb/2021 15:02:08] "[37mGET /get_ps5 HTTP/1.1[0m" 200 -
[15:02:08] {/usr/local/lib/python3.9/site-packages/werkzeug/_internal.py:113} INFO - 172.17.0.1 - - [19/Feb/2021 15:02:08] "[37mGET /get_ps5 HTTP/1.1[0m" 200 -
[15:02:11] {/usr/local/lib/python3.9/site-packages/werkzeug/_internal.py:113} INFO - 172.17.0.1 - - [19/Feb/2021 15:02:11] "[37mGET /get_ps5 HTTP/1.1[0m" 200 -
[15:02:19] {/usr/local/lib/python3.9/site-packages/werkzeug/_internal.py:113} INFO - 172.17.0.1 - - [19/Feb/2021 15:02:19] "[37mGET /get_ps5 HTTP/1.1[0m" 200 -
[15:02:22] {/usr/local/lib/python3.9/site-packages/werkzeug/_internal.py:113} INFO - 172.17.0.1 - - [19/Feb/2021 15:02:22] "[37mGET /get_ps5 HTTP/1.1[0m" 200 -
[15:02:22] {/usr/local/lib/python3.9/site-packages/werkzeug/_internal.py:113} INFO - 172.17.0.1 - - [19/Feb/2021 15:02:22] "[37mGET /get_ps5 HTTP/1.1[0m" 200 -
[15:02:27] {/usr/local/lib/python3.9/site-packages/werkzeug/_internal.py:113} INFO - 172.17.0.1 - - [19/Feb/2021 15:02:27] "[37mGET /get_ps5 HTTP/1.1[0m" 200 -
[15:02:29] {/usr/local/lib/python3.9/site-packages/werkzeug/_internal.py:113} INFO - 172.17.0.1 - - [19/Feb/2021 15:02:29] "[37mGET /get_ps5 HTTP/1.1[0m" 200 -
[15:02:29] {/usr/local/lib/python3.9/site-packages/werkzeug/_internal.py:113} INFO - 172.17.0.1 - - [19/Feb/2021 15:02:29] "[37mGET /get_ps5 HTTP/1.1[0m" 200 -
[15:02:29] {/usr/local/lib/python3.9/site-packages/werkzeug/_internal.py:113} INFO - 172.17.0.1 - - [19/Feb/2021 15:02:29] "[37mGET /get_ps5 HTTP/1.1[0m" 200 -
[15:02:30] {/usr/local/lib/python3.9/site-packages/werkzeug/_internal.py:113} INFO - 172.17.0.1 - - [19/Feb/2021 15:02:30] "[37mGET /get_ps5 HTTP/1.1[0m" 200 -
[15:02:30] {/usr/local/lib/python3.9/site-packages/werkzeug/_internal.py:113} INFO - 172.17.0.1 - - [19/Feb/2021 15:02:30] "[37mGET /get_ps5 HTTP/1.1[0m" 200 -
[15:02:31] {/usr/local/lib/python3.9/site-packages/werkzeug/_internal.py:113} INFO - 172.17.0.1 - - [19/Feb/2021 15:02:31] "[37mGET /get_ps5 HTTP/1.1[0m" 200 -
[15:02:39] {/usr/local/lib/python3.9/site-packages/werkzeug/_internal.py:113} INFO - 172.17.0.1 - - [19/Feb/2021 15:02:39] "[37mGET /get_ps5 HTTP/1.1[0m" 200 -
[15:02:42] {/usr/local/lib/python3.9/site-packages/werkzeug/_internal.py:113} INFO - 172.17.0.1 - - [19/Feb/2021 15:02:42] "[37mGET /get_ps5 HTTP/1.1[0m" 200 -
[15:02:42] {/usr/local/lib/python3.9/site-packages/werkzeug/_internal.py:113} INFO - 172.17.0.1 - - [19/Feb/2021 15:02:42] "[37mGET /get_ps5 HTTP/1.1[0m" 200 -
[15:02:42] {/usr/local/lib/python3.9/site-packages/werkzeug/_internal.py:113} INFO - 172.17.0.1 - - [19/Feb/2021 15:02:42] "[37mGET /get_ps5 HTTP/1.1[0m" 200 -
[15:02:48] {/usr/local/lib/python3.9/site-packages/werkzeug/_internal.py:113} INFO - 172.17.0.1 - - [19/Feb/2021 15:02:48] "[37mGET /get_ps5 HTTP/1.1[0m" 200 -
[15:02:48] {/usr/local/lib/python3.9/site-packages/werkzeug/_internal.py:113} INFO - 172.17.0.1 - - [19/Feb/2021 15:02:48] "[37mGET /get_ps5 HTTP/1.1[0m" 200 -
[15:02:54] {/usr/local/lib/python3.9/site-packages/werkzeug/_internal.py:113} INFO - 172.17.0.1 - - [19/Feb/2021 15:02:54] "[37mGET /get_ps5 HTTP/1.1[0m" 200 -
[15:02:57] {/usr/local/lib/python3.9/site-packages/werkzeug/_internal.py:113} INFO - 172.17.0.1 - - [19/Feb/2021 15:02:57] "[37mGET /get_ps5 HTTP/1.1[0m" 200 -
[15:03:06] {/usr/local/lib/python3.9/site-packages/werkzeug/_internal.py:113} INFO - 172.17.0.1 - - [19/Feb/2021 15:03:06] "[37mGET /get_ps5 HTTP/1.1[0m" 200 -
[15:03:06] {/usr/local/lib/python3.9/site-packages/werkzeug/_internal.py:113} INFO - 172.17.0.1 - - [19/Feb/2021 15:03:06] "[37mGET /get_ps5 HTTP/1.1[0m" 200 -
[15:03:07] {/usr/local/lib/python3.9/site-packages/werkzeug/_internal.py:113} INFO - 172.17.0.1 - - [19/Feb/2021 15:03:07] "[37mGET /get_ps5 HTTP/1.1[0m" 200 -
[15:03:07] {/usr/local/lib/python3.9/site-packages/werkzeug/_internal.py:113} INFO - 172.17.0.1 - - [19/Feb/2021 15:03:07] "[37mGET /get_ps5 HTTP/1.1[0m" 200 -
[15:03:14] {/usr/local/lib/python3.9/site-packages/werkzeug/_internal.py:113} INFO - 172.17.0.1 - - [19/Feb/2021 15:03:14] "[37mGET /get_ps5 HTTP/1.1[0m" 200 -
[15:03:18] {/usr/local/lib/python3.9/site-packages/werkzeug/_internal.py:113} INFO - 172.17.0.1 - - [19/Feb/2021 15:03:18] "[37mGET /get_ps5 HTTP/1.1[0m" 200 -
[15:03:22] {/usr/local/lib/python3.9/site-packages/werkzeug/_internal.py:113} INFO - 172.17.0.1 - - [19/Feb/2021 15:03:22] "[37mGET /get_ps5 HTTP/1.1[0m" 200 -
[15:03:30] {/usr/local/lib/python3.9/site-packages/werkzeug/_internal.py:113} INFO - 172.17.0.1 - - [19/Feb/2021 15:03:30] "[37mGET /get_ps5 HTTP/1.1[0m" 200 -
[15:03:32] {/usr/local/lib/python3.9/site-packages/werkzeug/_internal.py:113} INFO - 172.17.0.1 - - [19/Feb/2021 15:03:32] "[37mGET /get_ps5 HTTP/1.1[0m" 200 -
[15:03:32] {/usr/local/lib/python3.9/site-packages/werkzeug/_internal.py:113} INFO - 172.17.0.1 - - [19/Feb/2021 15:03:32] "[37mGET /get_ps5 HTTP/1.1[0m" 200 -
[15:03:35] {/usr/local/lib/python3.9/site-packages/werkzeug/_internal.py:113} INFO - 172.17.0.1 - - [19/Feb/2021 15:03:35] "[37mGET /get_ps5 HTTP/1.1[0m" 200 -
[15:03:38] {/usr/local/lib/python3.9/site-packages/werkzeug/_internal.py:113} INFO - 172.17.0.1 - - [19/Feb/2021 15:03:38] "[37mGET /get_ps5 HTTP/1.1[0m" 200 -
[15:03:39] {/usr/local/lib/python3.9/site-packages/werkzeug/_internal.py:113} INFO - 172.17.0.1 - - [19/Feb/2021 15:03:39] "[37mGET /get_ps5 HTTP/1.1[0m" 200 -
[15:03:40] {/usr/local/lib/python3.9/site-packages/werkzeug/_internal.py:113} INFO - 172.17.0.1 - - [19/Feb/2021 15:03:40] "[37mGET /get_ps5 HTTP/1.1[0m" 200 -
[15:03:43] {/usr/local/lib/python3.9/site-packages/werkzeug/_internal.py:113} INFO - 172.17.0.1 - - [19/Feb/2021 15:03:43] "[37mGET /get_ps5 HTTP/1.1[0m" 200 -
[15:03:48] {/usr/local/lib/python3.9/site-packages/werkzeug/_internal.py:113} INFO - 172.17.0.1 - - [19/Feb/2021 15:03:48] "[37mGET /get_ps5 HTTP/1.1[0m" 200 -
[15:03:57] {/usr/local/lib/python3.9/site-packages/werkzeug/_internal.py:113} INFO - 172.17.0.1 - - [19/Feb/2021 15:03:57] "[37mGET /get_ps5 HTTP/1.1[0m" 200 -
[15:03:58] {/usr/local/lib/python3.9/site-packages/werkzeug/_internal.py:113} INFO - 172.17.0.1 - - [19/Feb/2021 15:03:58] "[37mGET /get_ps5 HTTP/1.1[0m" 200 -
[15:04:07] {/usr/local/lib/python3.9/site-packages/werkzeug/_internal.py:113} INFO - 172.17.0.1 - - [19/Feb/2021 15:04:07] "[37mGET /get_ps5 HTTP/1.1[0m" 200 -
[15:04:07] {/usr/local/lib/python3.9/site-packages/werkzeug/_internal.py:113} INFO - 172.17.0.1 - - [19/Feb/2021 15:04:07] "[37mGET /get_ps5 HTTP/1.1[0m" 200 -
[15:04:10] {/usr/local/lib/python3.9/site-packages/werkzeug/_internal.py:113} INFO - 172.17.0.1 - - [19/Feb/2021 15:04:10] "[37mGET /get_ps5 HTTP/1.1[0m" 200 -
[15:04:11] {/usr/local/lib/python3.9/site-packages/werkzeug/_internal.py:113} INFO - 172.17.0.1 - - [19/Feb/2021 15:04:11] "[37mGET /get_ps5 HTTP/1.1[0m" 200 -
[15:04:17] {/usr/local/lib/python3.9/site-packages/werkzeug/_internal.py:113} INFO - 172.17.0.1 - - [19/Feb/2021 15:04:17] "[37mGET /get_ps5 HTTP/1.1[0m" 200 -
[15:04:20] {/usr/local/lib/python3.9/site-packages/werkzeug/_internal.py:113} INFO - 172.17.0.1 - - [19/Feb/2021 15:04:20] "[37mGET /get_ps5 HTTP/1.1[0m" 200 -
[15:04:21] {/usr/local/lib/python3.9/site-packages/werkzeug/_internal.py:113} INFO - 172.17.0.1 - - [19/Feb/2021 15:04:21] "[37mGET /get_ps5 HTTP/1.1[0m" 200 -
[15:04:28] {/usr/local/lib/python3.9/site-packages/werkzeug/_internal.py:113} INFO - 172.17.0.1 - - [19/Feb/2021 15:04:28] "[37mGET /get_ps5 HTTP/1.1[0m" 200 -
[15:04:32] {/usr/local/lib/python3.9/site-packages/werkzeug/_internal.py:113} INFO - 172.17.0.1 - - [19/Feb/2021 15:04:32] "[37mGET /get_ps5 HTTP/1.1[0m" 200 -
[15:04:32] {/usr/local/lib/python3.9/site-packages/werkzeug/_internal.py:113} INFO - 172.17.0.1 - - [19/Feb/2021 15:04:32] "[37mGET /get_ps5 HTTP/1.1[0m" 200 -
[15:04:39] {/usr/local/lib/python3.9/site-packages/werkzeug/_internal.py:113} INFO - 172.17.0.1 - - [19/Feb/2021 15:04:39] "[37mGET /get_ps5 HTTP/1.1[0m" 200 -
[15:04:39] {/usr/local/lib/python3.9/site-packages/werkzeug/_internal.py:113} INFO - 172.17.0.1 - - [19/Feb/2021 15:04:39] "[37mGET /get_ps5 HTTP/1.1[0m" 200 -
[15:04:43] {/usr/local/lib/python3.9/site-packages/werkzeug/_internal.py:113} INFO - 172.17.0.1 - - [19/Feb/2021 15:04:43] "[37mGET /get_ps5 HTTP/1.1[0m" 200 -
[15:04:47] {/usr/local/lib/python3.9/site-packages/werkzeug/_internal.py:113} INFO - 172.17.0.1 - - [19/Feb/2021 15:04:47] "[37mGET /get_ps5 HTTP/1.1[0m" 200 -
[15:04:50] {/usr/local/lib/python3.9/site-packages/werkzeug/_internal.py:113} INFO - 172.17.0.1 - - [19/Feb/2021 15:04:50] "[37mGET /get_ps5 HTTP/1.1[0m" 200 -
[15:04:59] {/usr/local/lib/python3.9/site-packages/werkzeug/_internal.py:113} INFO - 172.17.0.1 - - [19/Feb/2021 15:04:59] "[37mGET /get_ps5 HTTP/1.1[0m" 200 -
[15:04:59] {/usr/local/lib/python3.9/site-packages/werkzeug/_internal.py:113} INFO - 172.17.0.1 - - [19/Feb/2021 15:04:59] "[37mGET /get_ps5 HTTP/1.1[0m" 200 -
[15:05:05] {/usr/local/lib/python3.9/site-packages/werkzeug/_internal.py:113} INFO - 172.17.0.1 - - [19/Feb/2021 15:05:05] "[37mGET /get_ps5 HTTP/1.1[0m" 200 -
[15:05:06] {/usr/local/lib/python3.9/site-packages/werkzeug/_internal.py:113} INFO - 172.17.0.1 - - [19/Feb/2021 15:05:06] "[37mGET /get_ps5 HTTP/1.1[0m" 200 -
[15:05:09] {/usr/local/lib/python3.9/site-packages/werkzeug/_internal.py:113} INFO - 172.17.0.1 - - [19/Feb/2021 15:05:09] "[37mGET /get_ps5 HTTP/1.1[0m" 200 -
[15:05:09] {/usr/local/lib/python3.9/site-packages/werkzeug/_internal.py:113} INFO - 172.17.0.1 - - [19/Feb/2021 15:05:09] "[37mGET /get_ps5 HTTP/1.1[0m" 200 -
[15:05:15] {/usr/local/lib/python3.9/site-packages/werkzeug/_internal.py:113} INFO - 172.17.0.1 - - [19/Feb/2021 15:05:15] "[37mGET /get_ps5 HTTP/1.1[0m" 200 -
[15:05:18] {/usr/local/lib/python3.9/site-packages/werkzeug/_internal.py:113} INFO - 172.17.0.1 - - [19/Feb/2021 15:05:18] "[37mGET /get_ps5 HTTP/1.1[0m" 200 -
[15:05:21] {/usr/local/lib/python3.9/site-packages/werkzeug/_internal.py:113} INFO - 172.17.0.1 - - [19/Feb/2021 15:05:21] "[37mGET /get_ps5 HTTP/1.1[0m" 200 -
[15:05:23] {/usr/local/lib/python3.9/site-packages/werkzeug/_internal.py:113} INFO - 172.17.0.1 - - [19/Feb/2021 15:05:23] "[37mGET /get_ps5 HTTP/1.1[0m" 200 -
[15:05:24] {/usr/local/lib/python3.9/site-packages/werkzeug/_internal.py:113} INFO - 172.17.0.1 - - [19/Feb/2021 15:05:24] "[37mGET /get_ps5 HTTP/1.1[0m" 200 -
[15:05:25] {/usr/local/lib/python3.9/site-packages/werkzeug/_internal.py:113} INFO - 172.17.0.1 - - [19/Feb/2021 15:05:25] "[37mGET /get_ps5 HTTP/1.1[0m" 200 -
[15:05:28] {/usr/local/lib/python3.9/site-packages/werkzeug/_internal.py:113} INFO - 172.17.0.1 - - [19/Feb/2021 15:05:28] "[37mGET /get_ps5 HTTP/1.1[0m" 200 -
[15:05:28] {/usr/local/lib/python3.9/site-packages/werkzeug/_internal.py:113} INFO - 172.17.0.1 - - [19/Feb/2021 15:05:28] "[37mGET /get_ps5 HTTP/1.1[0m" 200 -
[15:05:29] {/usr/local/lib/python3.9/site-packages/werkzeug/_internal.py:113} INFO - 172.17.0.1 - - [19/Feb/2021 15:05:29] "[37mGET /get_ps5 HTTP/1.1[0m" 200 -
[15:05:29] {/usr/local/lib/python3.9/site-packages/werkzeug/_internal.py:113} INFO - 172.17.0.1 - - [19/Feb/2021 15:05:29] "[37mGET /get_ps5 HTTP/1.1[0m" 200 -
[15:05:30] {/usr/local/lib/python3.9/site-packages/werkzeug/_internal.py:113} INFO - 172.17.0.1 - - [19/Feb/2021 15:05:30] "[37mGET /get_ps5 HTTP/1.1[0m" 200 -
[15:05:30] {/usr/local/lib/python3.9/site-packages/werkzeug/_internal.py:113} INFO - 172.17.0.1 - - [19/Feb/2021 15:05:30] "[37mGET /get_ps5 HTTP/1.1[0m" 200 -
[15:05:31] {/usr/local/lib/python3.9/site-packages/werkzeug/_internal.py:113} INFO - 172.17.0.1 - - [19/Feb/2021 15:05:31] "[37mGET /get_ps5 HTTP/1.1[0m" 200 -
[15:05:32] {/usr/local/lib/python3.9/site-packages/werkzeug/_internal.py:113} INFO - 172.17.0.1 - - [19/Feb/2021 15:05:32] "[37mGET /get_ps5 HTTP/1.1[0m" 200 -
[15:05:32] {/usr/local/lib/python3.9/site-packages/werkzeug/_internal.py:113} INFO - 172.17.0.1 - - [19/Feb/2021 15:05:32] "[37mGET /get_ps5 HTTP/1.1[0m" 200 -
[15:05:33] {/usr/local/lib/python3.9/site-packages/werkzeug/_internal.py:113} INFO - 172.17.0.1 - - [19/Feb/2021 15:05:33] "[37mGET /get_ps5 HTTP/1.1[0m" 200 -
[15:05:33] {/usr/local/lib/python3.9/site-packages/werkzeug/_internal.py:113} INFO - 172.17.0.1 - - [19/Feb/2021 15:05:33] "[37mGET /get_ps5 HTTP/1.1[0m" 200 -
[15:05:34] {/usr/local/lib/python3.9/site-packages/werkzeug/_internal.py:113} INFO - 172.17.0.1 - - [19/Feb/2021 15:05:34] "[37mGET /get_ps5 HTTP/1.1[0m" 200 -
[15:05:35] {/usr/local/lib/python3.9/site-packages/werkzeug/_internal.py:113} INFO - 172.17.0.1 - - [19/Feb/2021 15:05:35] "[37mGET /get_ps5 HTTP/1.1[0m" 200 -
[15:05:35] {/usr/local/lib/python3.9/site-packages/werkzeug/_internal.py:113} INFO - 172.17.0.1 - - [19/Feb/2021 15:05:35] "[37mGET /get_ps5 HTTP/1.1[0m" 200 -
[15:05:36] {/usr/local/lib/python3.9/site-packages/werkzeug/_internal.py:113} INFO - 172.17.0.1 - - [19/Feb/2021 15:05:36] "[37mGET /get_ps5 HTTP/1.1[0m" 200 -
[15:05:36] {/usr/local/lib/python3.9/site-packages/werkzeug/_internal.py:113} INFO - 172.17.0.1 - - [19/Feb/2021 15:05:36] "[37mGET /get_ps5 HTTP/1.1[0m" 200 -
[15:05:37] {/usr/local/lib/python3.9/site-packages/werkzeug/_internal.py:113} INFO - 172.17.0.1 - - [19/Feb/2021 15:05:37] "[37mGET /get_ps5 HTTP/1.1[0m" 200 -
[15:05:37] {/usr/local/lib/python3.9/site-packages/werkzeug/_internal.py:113} INFO - 172.17.0.1 - - [19/Feb/2021 15:05:37] "[37mGET /get_ps5 HTTP/1.1[0m" 200 -
[15:05:38] {/usr/local/lib/python3.9/site-packages/werkzeug/_internal.py:113} INFO - 172.17.0.1 - - [19/Feb/2021 15:05:38] "[37mGET /get_ps5 HTTP/1.1[0m" 200 -
[15:05:38] {/usr/local/lib/python3.9/site-packages/werkzeug/_internal.py:113} INFO - 172.17.0.1 - - [19/Feb/2021 15:05:38] "[37mGET /get_ps5 HTTP/1.1[0m" 200 -
[15:05:39] {/usr/local/lib/python3.9/site-packages/werkzeug/_internal.py:113} INFO - 172.17.0.1 - - [19/Feb/2021 15:05:39] "[37mGET /get_ps5 HTTP/1.1[0m" 200 -
[15:05:40] {/usr/local/lib/python3.9/site-packages/werkzeug/_internal.py:113} INFO - 172.17.0.1 - - [19/Feb/2021 15:05:40] "[37mGET /get_ps5 HTTP/1.1[0m" 200 -
[15:05:40] {/usr/local/lib/python3.9/site-packages/werkzeug/_internal.py:113} INFO - 172.17.0.1 - - [19/Feb/2021 15:05:40] "[37mGET /get_ps5 HTTP/1.1[0m" 200 -
[15:05:41] {/usr/local/lib/python3.9/site-packages/werkzeug/_internal.py:113} INFO - 172.17.0.1 - - [19/Feb/2021 15:05:41] "[37mGET /get_ps5 HTTP/1.1[0m" 200 -
[15:05:42] {/usr/local/lib/python3.9/site-packages/werkzeug/_internal.py:113} INFO - 172.17.0.1 - - [19/Feb/2021 15:05:42] "[37mGET /get_ps5 HTTP/1.1[0m" 200 -
[15:05:42] {/usr/local/lib/python3.9/site-packages/werkzeug/_internal.py:113} INFO - 172.17.0.1 - - [19/Feb/2021 15:05:42] "[37mGET /get_ps5 HTTP/1.1[0m" 200 -
[15:05:43] {/usr/local/lib/python3.9/site-packages/werkzeug/_internal.py:113} INFO - 172.17.0.1 - - [19/Feb/2021 15:05:43] "[37mGET /get_ps5 HTTP/1.1[0m" 200 -
[15:05:43] {/usr/local/lib/python3.9/site-packages/werkzeug/_internal.py:113} INFO - 172.17.0.1 - - [19/Feb/2021 15:05:43] "[37mGET /get_ps5 HTTP/1.1[0m" 200 -
[15:05:44] {/usr/local/lib/python3.9/site-packages/werkzeug/_internal.py:113} INFO - 172.17.0.1 - - [19/Feb/2021 15:05:44] "[37mGET /get_ps5 HTTP/1.1[0m" 200 -
[15:05:44] {/usr/local/lib/python3.9/site-packages/werkzeug/_internal.py:113} INFO - 172.17.0.1 - - [19/Feb/2021 15:05:44] "[37mGET /get_ps5 HTTP/1.1[0m" 200 -
[15:05:45] {/usr/local/lib/python3.9/site-packages/werkzeug/_internal.py:113} INFO - 172.17.0.1 - - [19/Feb/2021 15:05:45] "[37mGET /get_ps5 HTTP/1.1[0m" 200 -
[15:05:46] {/usr/local/lib/python3.9/site-packages/werkzeug/_internal.py:113} INFO - 172.17.0.1 - - [19/Feb/2021 15:05:46] "[37mGET /get_ps5 HTTP/1.1[0m" 200 -
[15:05:46] {/usr/local/lib/python3.9/site-packages/werkzeug/_internal.py:113} INFO - 172.17.0.1 - - [19/Feb/2021 15:05:46] "[37mGET /get_ps5 HTTP/1.1[0m" 200 -
[15:05:47] {/usr/local/lib/python3.9/site-packages/werkzeug/_internal.py:113} INFO - 172.17.0.1 - - [19/Feb/2021 15:05:47] "[37mGET /get_ps5 HTTP/1.1[0m" 200 -
[15:05:47] {/usr/local/lib/python3.9/site-packages/werkzeug/_internal.py:113} INFO - 172.17.0.1 - - [19/Feb/2021 15:05:47] "[37mGET /get_ps5 HTTP/1.1[0m" 200 -
[15:05:48] {/usr/local/lib/python3.9/site-packages/werkzeug/_internal.py:113} INFO - 172.17.0.1 - - [19/Feb/2021 15:05:48] "[37mGET /get_ps5 HTTP/1.1[0m" 200 -
[15:05:48] {/usr/local/lib/python3.9/site-packages/werkzeug/_internal.py:113} INFO - 172.17.0.1 - - [19/Feb/2021 15:05:48] "[37mGET /get_ps5 HTTP/1.1[0m" 200 -
[15:05:48] {/usr/local/lib/python3.9/site-packages/werkzeug/_internal.py:113} INFO - 172.17.0.1 - - [19/Feb/2021 15:05:48] "[37mGET /get_ps5 HTTP/1.1[0m" 200 -
[15:05:49] {/usr/local/lib/python3.9/site-packages/werkzeug/_internal.py:113} INFO - 172.17.0.1 - - [19/Feb/2021 15:05:49] "[37mGET /get_ps5 HTTP/1.1[0m" 200 -
[15:05:49] {/usr/local/lib/python3.9/site-packages/werkzeug/_internal.py:113} INFO - 172.17.0.1 - - [19/Feb/2021 15:05:49] "[37mGET /get_ps5 HTTP/1.1[0m" 200 -
[15:05:50] {/usr/local/lib/python3.9/site-packages/werkzeug/_internal.py:113} INFO - 172.17.0.1 - - [19/Feb/2021 15:05:50] "[37mGET /get_ps5 HTTP/1.1[0m" 200 -
[15:05:50] {/usr/local/lib/python3.9/site-packages/werkzeug/_internal.py:113} INFO - 172.17.0.1 - - [19/Feb/2021 15:05:50] "[37mGET /get_ps5 HTTP/1.1[0m" 200 -
[15:05:51] {/usr/local/lib/python3.9/site-packages/werkzeug/_internal.py:113} INFO - 172.17.0.1 - - [19/Feb/2021 15:05:51] "[37mGET /get_ps5 HTTP/1.1[0m" 200 -
[15:05:51] {/usr/local/lib/python3.9/site-packages/werkzeug/_internal.py:113} INFO - 172.17.0.1 - - [19/Feb/2021 15:05:51] "[37mGET /get_ps5 HTTP/1.1[0m" 200 -
[15:05:52] {/usr/local/lib/python3.9/site-packages/werkzeug/_internal.py:113} INFO - 172.17.0.1 - - [19/Feb/2021 15:05:52] "[37mGET /get_ps5 HTTP/1.1[0m" 200 -
[15:05:52] {/usr/local/lib/python3.9/site-packages/werkzeug/_internal.py:113} INFO - 172.17.0.1 - - [19/Feb/2021 15:05:52] "[37mGET /get_ps5 HTTP/1.1[0m" 200 -
[15:05:53] {/usr/local/lib/python3.9/site-packages/werkzeug/_internal.py:113} INFO - 172.17.0.1 - - [19/Feb/2021 15:05:53] "[37mGET /get_ps5 HTTP/1.1[0m" 200 -
[15:05:53] {/usr/local/lib/python3.9/site-packages/werkzeug/_internal.py:113} INFO - 172.17.0.1 - - [19/Feb/2021 15:05:53] "[37mGET /get_ps5 HTTP/1.1[0m" 200 -
[15:05:54] {/usr/local/lib/python3.9/site-packages/werkzeug/_internal.py:113} INFO - 172.17.0.1 - - [19/Feb/2021 15:05:54] "[37mGET /get_ps5 HTTP/1.1[0m" 200 -
[15:05:55] {/usr/local/lib/python3.9/site-packages/werkzeug/_internal.py:113} INFO - 172.17.0.1 - - [19/Feb/2021 15:05:55] "[37mGET /get_ps5 HTTP/1.1[0m" 200 -
[15:05:55] {/usr/local/lib/python3.9/site-packages/werkzeug/_internal.py:113} INFO - 172.17.0.1 - - [19/Feb/2021 15:05:55] "[37mGET /get_ps5 HTTP/1.1[0m" 200 -
[15:05:56] {/usr/local/lib/python3.9/site-packages/werkzeug/_internal.py:113} INFO - 172.17.0.1 - - [19/Feb/2021 15:05:56] "[37mGET /get_ps5 HTTP/1.1[0m" 200 -
[15:05:56] {/usr/local/lib/python3.9/site-packages/werkzeug/_internal.py:113} INFO - 172.17.0.1 - - [19/Feb/2021 15:05:56] "[37mGET /get_ps5 HTTP/1.1[0m" 200 -
[15:05:57] {/usr/local/lib/python3.9/site-packages/werkzeug/_internal.py:113} INFO - 172.17.0.1 - - [19/Feb/2021 15:05:57] "[37mGET /get_ps5 HTTP/1.1[0m" 200 -
[15:05:58] {/usr/local/lib/python3.9/site-packages/werkzeug/_internal.py:113} INFO - 172.17.0.1 - - [19/Feb/2021 15:05:58] "[37mGET /get_ps5 HTTP/1.1[0m" 200 -
[15:05:58] {/usr/local/lib/python3.9/site-packages/werkzeug/_internal.py:113} INFO - 172.17.0.1 - - [19/Feb/2021 15:05:58] "[37mGET /get_ps5 HTTP/1.1[0m" 200 -
[15:05:59] {/usr/local/lib/python3.9/site-packages/werkzeug/_internal.py:113} INFO - 172.17.0.1 - - [19/Feb/2021 15:05:59] "[37mGET /get_ps5 HTTP/1.1[0m" 200 -
[15:05:59] {/usr/local/lib/python3.9/site-packages/werkzeug/_internal.py:113} INFO - 172.17.0.1 - - [19/Feb/2021 15:05:59] "[37mGET /get_ps5 HTTP/1.1[0m" 200 -
[15:06:00] {/usr/local/lib/python3.9/site-packages/werkzeug/_internal.py:113} INFO - 172.17.0.1 - - [19/Feb/2021 15:06:00] "[37mGET /get_ps5 HTTP/1.1[0m" 200 -
[15:06:00] {/usr/local/lib/python3.9/site-packages/werkzeug/_internal.py:113} INFO - 172.17.0.1 - - [19/Feb/2021 15:06:00] "[37mGET /get_ps5 HTTP/1.1[0m" 200 -
[15:06:01] {/usr/local/lib/python3.9/site-packages/werkzeug/_internal.py:113} INFO - 172.17.0.1 - - [19/Feb/2021 15:06:01] "[37mGET /get_ps5 HTTP/1.1[0m" 200 -
[15:06:01] {/usr/local/lib/python3.9/site-packages/werkzeug/_internal.py:113} INFO - 172.17.0.1 - - [19/Feb/2021 15:06:01] "[37mGET /get_ps5 HTTP/1.1[0m" 200 -
[15:06:02] {/usr/local/lib/python3.9/site-packages/werkzeug/_internal.py:113} INFO - 172.17.0.1 - - [19/Feb/2021 15:06:02] "[37mGET /get_ps5 HTTP/1.1[0m" 200 -
[15:06:03] {/usr/local/lib/python3.9/site-packages/werkzeug/_internal.py:113} INFO - 172.17.0.1 - - [19/Feb/2021 15:06:03] "[37mGET /get_ps5 HTTP/1.1[0m" 200 -
[15:06:03] {/usr/local/lib/python3.9/site-packages/werkzeug/_internal.py:113} INFO - 172.17.0.1 - - [19/Feb/2021 15:06:03] "[37mGET /get_ps5 HTTP/1.1[0m" 200 -
[15:06:04] {/usr/local/lib/python3.9/site-packages/werkzeug/_internal.py:113} INFO - 172.17.0.1 - - [19/Feb/2021 15:06:04] "[37mGET /get_ps5 HTTP/1.1[0m" 200 -
[15:06:04] {/usr/local/lib/python3.9/site-packages/werkzeug/_internal.py:113} INFO - 172.17.0.1 - - [19/Feb/2021 15:06:04] "[37mGET /get_ps5 HTTP/1.1[0m" 200 -
[15:06:05] {/usr/local/lib/python3.9/site-packages/werkzeug/_internal.py:113} INFO - 172.17.0.1 - - [19/Feb/2021 15:06:05] "[37mGET /get_ps5 HTTP/1.1[0m" 200 -
[15:06:06] {/usr/local/lib/python3.9/site-packages/werkzeug/_internal.py:113} INFO - 172.17.0.1 - - [19/Feb/2021 15:06:06] "[37mGET /get_ps5 HTTP/1.1[0m" 200 -
[15:06:06] {/usr/local/lib/python3.9/site-packages/werkzeug/_internal.py:113} INFO - 172.17.0.1 - - [19/Feb/2021 15:06:06] "[37mGET /get_ps5 HTTP/1.1[0m" 200 -
[15:06:07] {/usr/local/lib/python3.9/site-packages/werkzeug/_internal.py:113} INFO - 172.17.0.1 - - [19/Feb/2021 15:06:07] "[37mGET /get_ps5 HTTP/1.1[0m" 200 -
[15:06:07] {/usr/local/lib/python3.9/site-packages/werkzeug/_internal.py:113} INFO - 172.17.0.1 - - [19/Feb/2021 15:06:07] "[37mGET /get_ps5 HTTP/1.1[0m" 200 -
[15:06:08] {/usr/local/lib/python3.9/site-packages/werkzeug/_internal.py:113} INFO - 172.17.0.1 - - [19/Feb/2021 15:06:08] "[37mGET /get_ps5 HTTP/1.1[0m" 200 -
[15:06:08] {/usr/local/lib/python3.9/site-packages/werkzeug/_internal.py:113} INFO - 172.17.0.1 - - [19/Feb/2021 15:06:08] "[37mGET /get_ps5 HTTP/1.1[0m" 200 -
[15:06:09] {/usr/local/lib/python3.9/site-packages/werkzeug/_internal.py:113} INFO - 172.17.0.1 - - [19/Feb/2021 15:06:09] "[37mGET /get_ps5 HTTP/1.1[0m" 200 -
[15:06:10] {/usr/local/lib/python3.9/site-packages/werkzeug/_internal.py:113} INFO - 172.17.0.1 - - [19/Feb/2021 15:06:10] "[37mGET /get_ps5 HTTP/1.1[0m" 200 -
[15:06:10] {/usr/local/lib/python3.9/site-packages/werkzeug/_internal.py:113} INFO - 172.17.0.1 - - [19/Feb/2021 15:06:10] "[37mGET /get_ps5 HTTP/1.1[0m" 200 -
[15:06:11] {/usr/local/lib/python3.9/site-packages/werkzeug/_internal.py:113} INFO - 172.17.0.1 - - [19/Feb/2021 15:06:11] "[37mGET /get_ps5 HTTP/1.1[0m" 200 -
[15:06:11] {/usr/local/lib/python3.9/site-packages/werkzeug/_internal.py:113} INFO - 172.17.0.1 - - [19/Feb/2021 15:06:11] "[37mGET /get_ps5 HTTP/1.1[0m" 200 -
[15:06:13] {/usr/local/lib/python3.9/site-packages/werkzeug/_internal.py:113} INFO - 172.17.0.1 - - [19/Feb/2021 15:06:13] "[37mGET /get_ps5 HTTP/1.1[0m" 200 -
[15:06:14] {/usr/local/lib/python3.9/site-packages/werkzeug/_internal.py:113} INFO - 172.17.0.1 - - [19/Feb/2021 15:06:14] "[37mGET /get_ps5 HTTP/1.1[0m" 200 -
[15:06:15] {/usr/local/lib/python3.9/site-packages/werkzeug/_internal.py:113} INFO - 172.17.0.1 - - [19/Feb/2021 15:06:15] "[37mGET /get_ps5 HTTP/1.1[0m" 200 -
[15:06:15] {/usr/local/lib/python3.9/site-packages/werkzeug/_internal.py:113} INFO - 172.17.0.1 - - [19/Feb/2021 15:06:15] "[37mGET /get_ps5 HTTP/1.1[0m" 200 -
[15:06:16] {/usr/local/lib/python3.9/site-packages/werkzeug/_internal.py:113} INFO - 172.17.0.1 - - [19/Feb/2021 15:06:16] "[37mGET /get_ps5 HTTP/1.1[0m" 200 -
[15:06:16] {/usr/local/lib/python3.9/site-packages/werkzeug/_internal.py:113} INFO - 172.17.0.1 - - [19/Feb/2021 15:06:16] "[37mGET /get_ps5 HTTP/1.1[0m" 200 -
[15:06:17] {/usr/local/lib/python3.9/site-packages/werkzeug/_internal.py:113} INFO - 172.17.0.1 - - [19/Feb/2021 15:06:17] "[37mGET /get_ps5 HTTP/1.1[0m" 200 -
[15:06:17] {/usr/local/lib/python3.9/site-packages/werkzeug/_internal.py:113} INFO - 172.17.0.1 - - [19/Feb/2021 15:06:17] "[37mGET /get_ps5 HTTP/1.1[0m" 200 -
[15:06:18] {/usr/local/lib/python3.9/site-packages/werkzeug/_internal.py:113} INFO - 172.17.0.1 - - [19/Feb/2021 15:06:18] "[37mGET /get_ps5 HTTP/1.1[0m" 200 -
[15:06:19] {/usr/local/lib/python3.9/site-packages/werkzeug/_internal.py:113} INFO - 172.17.0.1 - - [19/Feb/2021 15:06:19] "[37mGET /get_ps5 HTTP/1.1[0m" 200 -
[15:06:19] {/usr/local/lib/python3.9/site-packages/werkzeug/_internal.py:113} INFO - 172.17.0.1 - - [19/Feb/2021 15:06:19] "[37mGET /get_ps5 HTTP/1.1[0m" 200 -
[15:06:19] {/usr/local/lib/python3.9/site-packages/werkzeug/_internal.py:113} INFO - 172.17.0.1 - - [19/Feb/2021 15:06:19] "[37mGET /get_ps5 HTTP/1.1[0m" 200 -
[15:06:20] {/usr/local/lib/python3.9/site-packages/werkzeug/_internal.py:113} INFO - 172.17.0.1 - - [19/Feb/2021 15:06:20] "[37mGET /get_ps5 HTTP/1.1[0m" 200 -
[15:06:21] {/usr/local/lib/python3.9/site-packages/werkzeug/_internal.py:113} INFO - 172.17.0.1 - - [19/Feb/2021 15:06:21] "[37mGET /get_ps5 HTTP/1.1[0m" 200 -
[15:06:21] {/usr/local/lib/python3.9/site-packages/werkzeug/_internal.py:113} INFO - 172.17.0.1 - - [19/Feb/2021 15:06:21] "[37mGET /get_ps5 HTTP/1.1[0m" 200 -
[15:06:22] {/usr/local/lib/python3.9/site-packages/werkzeug/_internal.py:113} INFO - 172.17.0.1 - - [19/Feb/2021 15:06:22] "[37mGET /get_ps5 HTTP/1.1[0m" 200 -
[15:06:23] {/usr/local/lib/python3.9/site-packages/werkzeug/_internal.py:113} INFO - 172.17.0.1 - - [19/Feb/2021 15:06:23] "[37mGET /get_ps5 HTTP/1.1[0m" 200 -
[15:06:23] {/usr/local/lib/python3.9/site-packages/werkzeug/_internal.py:113} INFO - 172.17.0.1 - - [19/Feb/2021 15:06:23] "[37mGET /get_ps5 HTTP/1.1[0m" 200 -
[15:06:24] {/usr/local/lib/python3.9/site-packages/werkzeug/_internal.py:113} INFO - 172.17.0.1 - - [19/Feb/2021 15:06:24] "[37mGET /get_ps5 HTTP/1.1[0m" 200 -
[15:06:25] {/usr/local/lib/python3.9/site-packages/werkzeug/_internal.py:113} INFO - 172.17.0.1 - - [19/Feb/2021 15:06:25] "[37mGET /get_ps5 HTTP/1.1[0m" 200 -
[15:06:25] {/usr/local/lib/python3.9/site-packages/werkzeug/_internal.py:113} INFO - 172.17.0.1 - - [19/Feb/2021 15:06:25] "[37mGET /get_ps5 HTTP/1.1[0m" 200 -
[15:06:26] {/usr/local/lib/python3.9/site-packages/werkzeug/_internal.py:113} INFO - 172.17.0.1 - - [19/Feb/2021 15:06:26] "[37mGET /get_ps5 HTTP/1.1[0m" 200 -
[15:06:27] {/usr/local/lib/python3.9/site-packages/werkzeug/_internal.py:113} INFO - 172.17.0.1 - - [19/Feb/2021 15:06:27] "[37mGET /get_ps5 HTTP/1.1[0m" 200 -
[15:06:27] {/usr/local/lib/python3.9/site-packages/werkzeug/_internal.py:113} INFO - 172.17.0.1 - - [19/Feb/2021 15:06:27] "[37mGET /get_ps5 HTTP/1.1[0m" 200 -
[15:06:28] {/usr/local/lib/python3.9/site-packages/werkzeug/_internal.py:113} INFO - 172.17.0.1 - - [19/Feb/2021 15:06:28] "[37mGET /get_ps5 HTTP/1.1[0m" 200 -
[15:06:28] {/usr/local/lib/python3.9/site-packages/werkzeug/_internal.py:113} INFO - 172.17.0.1 - - [19/Feb/2021 15:06:28] "[37mGET /get_ps5 HTTP/1.1[0m" 200 -
[15:06:29] {/usr/local/lib/python3.9/site-packages/werkzeug/_internal.py:113} INFO - 172.17.0.1 - - [19/Feb/2021 15:06:29] "[37mGET /get_ps5 HTTP/1.1[0m" 200 -
[15:06:29] {/usr/local/lib/python3.9/site-packages/werkzeug/_internal.py:113} INFO - 172.17.0.1 - - [19/Feb/2021 15:06:29] "[37mGET /get_ps5 HTTP/1.1[0m" 200 -
[15:06:30] {/usr/local/lib/python3.9/site-packages/werkzeug/_internal.py:113} INFO - 172.17.0.1 - - [19/Feb/2021 15:06:30] "[37mGET /get_ps5 HTTP/1.1[0m" 200 -
[15:06:30] {/usr/local/lib/python3.9/site-packages/werkzeug/_internal.py:113} INFO - 172.17.0.1 - - [19/Feb/2021 15:06:30] "[37mGET /get_ps5 HTTP/1.1[0m" 200 -
[15:06:31] {/usr/local/lib/python3.9/site-packages/werkzeug/_internal.py:113} INFO - 172.17.0.1 - - [19/Feb/2021 15:06:31] "[37mGET /get_ps5 HTTP/1.1[0m" 200 -
[15:06:31] {/usr/local/lib/python3.9/site-packages/werkzeug/_internal.py:113} INFO - 172.17.0.1 - - [19/Feb/2021 15:06:31] "[37mGET /get_ps5 HTTP/1.1[0m" 200 -
[15:06:32] {/usr/local/lib/python3.9/site-packages/werkzeug/_internal.py:113} INFO - 172.17.0.1 - - [19/Feb/2021 15:06:32] "[37mGET /get_ps5 HTTP/1.1[0m" 200 -
[15:06:33] {/usr/local/lib/python3.9/site-packages/werkzeug/_internal.py:113} INFO - 172.17.0.1 - - [19/Feb/2021 15:06:33] "[37mGET /get_ps5 HTTP/1.1[0m" 200 -
[15:06:33] {/usr/local/lib/python3.9/site-packages/werkzeug/_internal.py:113} INFO - 172.17.0.1 - - [19/Feb/2021 15:06:33] "[37mGET /get_ps5 HTTP/1.1[0m" 200 -
[15:06:34] {/usr/local/lib/python3.9/site-packages/werkzeug/_internal.py:113} INFO - 172.17.0.1 - - [19/Feb/2021 15:06:34] "[37mGET /get_ps5 HTTP/1.1[0m" 200 -
[15:06:34] {/usr/local/lib/python3.9/site-packages/werkzeug/_internal.py:113} INFO - 172.17.0.1 - - [19/Feb/2021 15:06:34] "[37mGET /get_ps5 HTTP/1.1[0m" 200 -
[15:06:35] {/usr/local/lib/python3.9/site-packages/werkzeug/_internal.py:113} INFO - 172.17.0.1 - - [19/Feb/2021 15:06:35] "[37mGET /get_ps5 HTTP/1.1[0m" 200 -
[15:06:36] {/usr/local/lib/python3.9/site-packages/werkzeug/_internal.py:113} INFO - 172.17.0.1 - - [19/Feb/2021 15:06:36] "[37mGET /get_ps5 HTTP/1.1[0m" 200 -
[15:06:36] {/usr/local/lib/python3.9/site-packages/werkzeug/_internal.py:113} INFO - 172.17.0.1 - - [19/Feb/2021 15:06:36] "[37mGET /get_ps5 HTTP/1.1[0m" 200 -
[15:06:37] {/usr/local/lib/python3.9/site-packages/werkzeug/_internal.py:113} INFO - 172.17.0.1 - - [19/Feb/2021 15:06:37] "[37mGET /get_ps5 HTTP/1.1[0m" 200 -
[15:06:37] {/usr/local/lib/python3.9/site-packages/werkzeug/_internal.py:113} INFO - 172.17.0.1 - - [19/Feb/2021 15:06:37] "[37mGET /get_ps5 HTTP/1.1[0m" 200 -
[15:06:38] {/usr/local/lib/python3.9/site-packages/werkzeug/_internal.py:113} INFO - 172.17.0.1 - - [19/Feb/2021 15:06:38] "[37mGET /get_ps5 HTTP/1.1[0m" 200 -
[15:06:38] {/usr/local/lib/python3.9/site-packages/werkzeug/_internal.py:113} INFO - 172.17.0.1 - - [19/Feb/2021 15:06:38] "[37mGET /get_ps5 HTTP/1.1[0m" 200 -
[15:06:39] {/usr/local/lib/python3.9/site-packages/werkzeug/_internal.py:113} INFO - 172.17.0.1 - - [19/Feb/2021 15:06:39] "[37mGET /get_ps5 HTTP/1.1[0m" 200 -
[15:06:40] {/usr/local/lib/python3.9/site-packages/werkzeug/_internal.py:113} INFO - 172.17.0.1 - - [19/Feb/2021 15:06:40] "[37mGET /get_ps5 HTTP/1.1[0m" 200 -
[15:06:40] {/usr/local/lib/python3.9/site-packages/werkzeug/_internal.py:113} INFO - 172.17.0.1 - - [19/Feb/2021 15:06:40] "[37mGET /get_ps5 HTTP/1.1[0m" 200 -
[15:06:41] {/usr/local/lib/python3.9/site-packages/werkzeug/_internal.py:113} INFO - 172.17.0.1 - - [19/Feb/2021 15:06:41] "[37mGET /get_ps5 HTTP/1.1[0m" 200 -
[15:06:41] {/usr/local/lib/python3.9/site-packages/werkzeug/_internal.py:113} INFO - 172.17.0.1 - - [19/Feb/2021 15:06:41] "[37mGET /get_ps5 HTTP/1.1[0m" 200 -
[15:06:42] {/usr/local/lib/python3.9/site-packages/werkzeug/_internal.py:113} INFO - 172.17.0.1 - - [19/Feb/2021 15:06:42] "[37mGET /get_ps5 HTTP/1.1[0m" 200 -
[15:06:43] {/usr/local/lib/python3.9/site-packages/werkzeug/_internal.py:113} INFO - 172.17.0.1 - - [19/Feb/2021 15:06:43] "[37mGET /get_ps5 HTTP/1.1[0m" 200 -
[15:06:43] {/usr/local/lib/python3.9/site-packages/werkzeug/_internal.py:113} INFO - 172.17.0.1 - - [19/Feb/2021 15:06:43] "[37mGET /get_ps5 HTTP/1.1[0m" 200 -
[15:06:44] {/usr/local/lib/python3.9/site-packages/werkzeug/_internal.py:113} INFO - 172.17.0.1 - - [19/Feb/2021 15:06:44] "[37mGET /get_ps5 HTTP/1.1[0m" 200 -
[15:06:45] {/usr/local/lib/python3.9/site-packages/werkzeug/_internal.py:113} INFO - 172.17.0.1 - - [19/Feb/2021 15:06:45] "[37mGET /get_ps5 HTTP/1.1[0m" 200 -
[15:06:46] {/usr/local/lib/python3.9/site-packages/werkzeug/_internal.py:113} INFO - 172.17.0.1 - - [19/Feb/2021 15:06:46] "[37mGET /get_ps5 HTTP/1.1[0m" 200 -
[15:06:47] {/usr/local/lib/python3.9/site-packages/werkzeug/_internal.py:113} INFO - 172.17.0.1 - - [19/Feb/2021 15:06:47] "[37mGET /get_ps5 HTTP/1.1[0m" 200 -
[15:06:49] {/usr/local/lib/python3.9/site-packages/werkzeug/_internal.py:113} INFO - 172.17.0.1 - - [19/Feb/2021 15:06:49] "[37mGET /get_ps5 HTTP/1.1[0m" 200 -
[15:06:50] {/usr/local/lib/python3.9/site-packages/werkzeug/_internal.py:113} INFO - 172.17.0.1 - - [19/Feb/2021 15:06:50] "[37mGET /get_ps5 HTTP/1.1[0m" 200 -
[15:06:51] {/usr/local/lib/python3.9/site-packages/werkzeug/_internal.py:113} INFO - 172.17.0.1 - - [19/Feb/2021 15:06:51] "[37mGET /get_ps5 HTTP/1.1[0m" 200 -
[15:06:53] {/usr/local/lib/python3.9/site-packages/werkzeug/_internal.py:113} INFO - 172.17.0.1 - - [19/Feb/2021 15:06:53] "[37mGET /get_ps5 HTTP/1.1[0m" 200 -
[15:06:54] {/usr/local/lib/python3.9/site-packages/werkzeug/_internal.py:113} INFO - 172.17.0.1 - - [19/Feb/2021 15:06:54] "[37mGET /get_ps5 HTTP/1.1[0m" 200 -
[15:06:56] {/usr/local/lib/python3.9/site-packages/werkzeug/_internal.py:113} INFO - 172.17.0.1 - - [19/Feb/2021 15:06:56] "[37mGET /get_ps5 HTTP/1.1[0m" 200 -
[15:06:56] {/usr/local/lib/python3.9/site-packages/werkzeug/_internal.py:113} INFO - 172.17.0.1 - - [19/Feb/2021 15:06:56] "[37mGET /get_ps5 HTTP/1.1[0m" 200 -
[15:06:57] {/usr/local/lib/python3.9/site-packages/werkzeug/_internal.py:113} INFO - 172.17.0.1 - - [19/Feb/2021 15:06:57] "[37mGET /get_ps5 HTTP/1.1[0m" 200 -
[15:06:58] {/usr/local/lib/python3.9/site-packages/werkzeug/_internal.py:113} INFO - 172.17.0.1 - - [19/Feb/2021 15:06:58] "[37mGET /get_ps5 HTTP/1.1[0m" 200 -
[15:06:58] {/usr/local/lib/python3.9/site-packages/werkzeug/_internal.py:113} INFO - 172.17.0.1 - - [19/Feb/2021 15:06:58] "[37mGET /get_ps5 HTTP/1.1[0m" 200 -
[15:06:59] {/usr/local/lib/python3.9/site-packages/werkzeug/_internal.py:113} INFO - 172.17.0.1 - - [19/Feb/2021 15:06:59] "[37mGET /get_ps5 HTTP/1.1[0m" 200 -
[15:07:00] {/usr/local/lib/python3.9/site-packages/werkzeug/_internal.py:113} INFO - 172.17.0.1 - - [19/Feb/2021 15:07:00] "[37mGET /get_ps5 HTTP/1.1[0m" 200 -
[15:07:01] {/usr/local/lib/python3.9/site-packages/werkzeug/_internal.py:113} INFO - 172.17.0.1 - - [19/Feb/2021 15:07:01] "[37mGET /get_ps5 HTTP/1.1[0m" 200 -
[15:07:02] {/usr/local/lib/python3.9/site-packages/werkzeug/_internal.py:113} INFO - 172.17.0.1 - - [19/Feb/2021 15:07:02] "[37mGET /get_ps5 HTTP/1.1[0m" 200 -
[15:07:03] {/usr/local/lib/python3.9/site-packages/werkzeug/_internal.py:113} INFO - 172.17.0.1 - - [19/Feb/2021 15:07:03] "[37mGET /get_ps5 HTTP/1.1[0m" 200 -
[15:07:04] {/usr/local/lib/python3.9/site-packages/werkzeug/_internal.py:113} INFO - 172.17.0.1 - - [19/Feb/2021 15:07:04] "[37mGET /get_ps5 HTTP/1.1[0m" 200 -
[15:07:05] {/usr/local/lib/python3.9/site-packages/werkzeug/_internal.py:113} INFO - 172.17.0.1 - - [19/Feb/2021 15:07:05] "[37mGET /get_ps5 HTTP/1.1[0m" 200 -
[15:07:10] {/usr/local/lib/python3.9/site-packages/werkzeug/_internal.py:113} INFO - 172.17.0.1 - - [19/Feb/2021 15:07:10] "[37mGET /get_ps5 HTTP/1.1[0m" 200 -
[15:07:23] {/usr/local/lib/python3.9/site-packages/werkzeug/_internal.py:113} INFO - 172.17.0.1 - - [19/Feb/2021 15:07:23] "[37mGET /get_ps5 HTTP/1.1[0m" 200 -
[15:07:24] {/usr/local/lib/python3.9/site-packages/werkzeug/_internal.py:113} INFO - 172.17.0.1 - - [19/Feb/2021 15:07:24] "[37mGET /get_ps5 HTTP/1.1[0m" 200 -
[15:07:27] {/usr/local/lib/python3.9/site-packages/werkzeug/_internal.py:113} INFO - 172.17.0.1 - - [19/Feb/2021 15:07:27] "[37mGET /get_ps5 HTTP/1.1[0m" 200 -
[15:07:28] {/usr/local/lib/python3.9/site-packages/werkzeug/_internal.py:113} INFO - 172.17.0.1 - - [19/Feb/2021 15:07:28] "[37mGET /get_ps5 HTTP/1.1[0m" 200 -
[15:07:31] {/usr/local/lib/python3.9/site-packages/werkzeug/_internal.py:113} INFO - 172.17.0.1 - - [19/Feb/2021 15:07:31] "[37mGET /get_ps5 HTTP/1.1[0m" 200 -
[15:07:32] {/usr/local/lib/python3.9/site-packages/werkzeug/_internal.py:113} INFO - 172.17.0.1 - - [19/Feb/2021 15:07:32] "[37mGET /get_ps5 HTTP/1.1[0m" 200 -
[15:07:33] {/usr/local/lib/python3.9/site-packages/werkzeug/_internal.py:113} INFO - 172.17.0.1 - - [19/Feb/2021 15:07:33] "[37mGET /get_ps5 HTTP/1.1[0m" 200 -
[15:07:33] {/usr/local/lib/python3.9/site-packages/werkzeug/_internal.py:113} INFO - 172.17.0.1 - - [19/Feb/2021 15:07:33] "[37mGET /get_ps5 HTTP/1.1[0m" 200 -
[15:07:34] {/usr/local/lib/python3.9/site-packages/werkzeug/_internal.py:113} INFO - 172.17.0.1 - - [19/Feb/2021 15:07:34] "[37mGET /get_ps5 HTTP/1.1[0m" 200 -
[15:07:35] {/usr/local/lib/python3.9/site-packages/werkzeug/_internal.py:113} INFO - 172.17.0.1 - - [19/Feb/2021 15:07:35] "[37mGET /get_ps5 HTTP/1.1[0m" 200 -
[15:07:36] {/usr/local/lib/python3.9/site-packages/werkzeug/_internal.py:113} INFO - 172.17.0.1 - - [19/Feb/2021 15:07:36] "[37mGET /get_ps5 HTTP/1.1[0m" 200 -
[15:07:37] {/usr/local/lib/python3.9/site-packages/werkzeug/_internal.py:113} INFO - 172.17.0.1 - - [19/Feb/2021 15:07:37] "[37mGET /get_ps5 HTTP/1.1[0m" 200 -
[15:07:38] {/usr/local/lib/python3.9/site-packages/werkzeug/_internal.py:113} INFO - 172.17.0.1 - - [19/Feb/2021 15:07:38] "[37mGET /get_ps5 HTTP/1.1[0m" 200 -
[15:07:40] {/usr/local/lib/python3.9/site-packages/werkzeug/_internal.py:113} INFO - 172.17.0.1 - - [19/Feb/2021 15:07:40] "[37mGET /get_ps5 HTTP/1.1[0m" 200 -
[15:07:42] {/usr/local/lib/python3.9/site-packages/werkzeug/_internal.py:113} INFO - 172.17.0.1 - - [19/Feb/2021 15:07:42] "[37mGET /get_ps5 HTTP/1.1[0m" 200 -
[15:07:44] {/usr/local/lib/python3.9/site-packages/werkzeug/_internal.py:113} INFO - 172.17.0.1 - - [19/Feb/2021 15:07:44] "[37mGET /get_ps5 HTTP/1.1[0m" 200 -
[15:07:45] {/usr/local/lib/python3.9/site-packages/werkzeug/_internal.py:113} INFO - 172.17.0.1 - - [19/Feb/2021 15:07:45] "[37mGET /get_ps5 HTTP/1.1[0m" 200 -
[15:07:45] {/usr/local/lib/python3.9/site-packages/werkzeug/_internal.py:113} INFO - 172.17.0.1 - - [19/Feb/2021 15:07:45] "[37mGET /get_ps5 HTTP/1.1[0m" 200 -
[15:07:46] {/usr/local/lib/python3.9/site-packages/werkzeug/_internal.py:113} INFO - 172.17.0.1 - - [19/Feb/2021 15:07:46] "[37mGET /get_ps5 HTTP/1.1[0m" 200 -
[15:07:47] {/usr/local/lib/python3.9/site-packages/werkzeug/_internal.py:113} INFO - 172.17.0.1 - - [19/Feb/2021 15:07:47] "[37mGET /get_ps5 HTTP/1.1[0m" 200 -
[15:07:47] {/usr/local/lib/python3.9/site-packages/werkzeug/_internal.py:113} INFO - 172.17.0.1 - - [19/Feb/2021 15:07:47] "[37mGET /get_ps5 HTTP/1.1[0m" 200 -
[15:07:48] {/usr/local/lib/python3.9/site-packages/werkzeug/_internal.py:113} INFO - 172.17.0.1 - - [19/Feb/2021 15:07:48] "[37mGET /get_ps5 HTTP/1.1[0m" 200 -
[15:07:50] {/usr/local/lib/python3.9/site-packages/werkzeug/_internal.py:113} INFO - 172.17.0.1 - - [19/Feb/2021 15:07:50] "[37mGET /get_ps5 HTTP/1.1[0m" 200 -
[15:07:51] {/usr/local/lib/python3.9/site-packages/werkzeug/_internal.py:113} INFO - 172.17.0.1 - - [19/Feb/2021 15:07:51] "[37mGET /get_ps5 HTTP/1.1[0m" 200 -
[15:07:51] {/usr/local/lib/python3.9/site-packages/werkzeug/_internal.py:113} INFO - 172.17.0.1 - - [19/Feb/2021 15:07:51] "[37mGET /get_ps5 HTTP/1.1[0m" 200 -
[15:07:52] {/usr/local/lib/python3.9/site-packages/werkzeug/_internal.py:113} INFO - 172.17.0.1 - - [19/Feb/2021 15:07:52] "[37mGET /get_ps5 HTTP/1.1[0m" 200 -
[15:07:55] {/usr/local/lib/python3.9/site-packages/werkzeug/_internal.py:113} INFO - 172.17.0.1 - - [19/Feb/2021 15:07:55] "[37mGET /get_ps5 HTTP/1.1[0m" 200 -
[15:07:56] {/usr/local/lib/python3.9/site-packages/werkzeug/_internal.py:113} INFO - 172.17.0.1 - - [19/Feb/2021 15:07:56] "[37mGET /get_ps5 HTTP/1.1[0m" 200 -
[15:07:57] {/usr/local/lib/python3.9/site-packages/werkzeug/_internal.py:113} INFO - 172.17.0.1 - - [19/Feb/2021 15:07:57] "[37mGET /get_ps5 HTTP/1.1[0m" 200 -
[15:07:57] {/usr/local/lib/python3.9/site-packages/werkzeug/_internal.py:113} INFO - 172.17.0.1 - - [19/Feb/2021 15:07:57] "[37mGET /get_ps5 HTTP/1.1[0m" 200 -
[15:07:58] {/usr/local/lib/python3.9/site-packages/werkzeug/_internal.py:113} INFO - 172.17.0.1 - - [19/Feb/2021 15:07:58] "[37mGET /get_ps5 HTTP/1.1[0m" 200 -
[15:07:58] {/usr/local/lib/python3.9/site-packages/werkzeug/_internal.py:113} INFO - 172.17.0.1 - - [19/Feb/2021 15:07:58] "[37mGET /get_ps5 HTTP/1.1[0m" 200 -
[15:08:00] {/usr/local/lib/python3.9/site-packages/werkzeug/_internal.py:113} INFO - 172.17.0.1 - - [19/Feb/2021 15:08:00] "[37mGET /get_ps5 HTTP/1.1[0m" 200 -
[15:08:01] {/usr/local/lib/python3.9/site-packages/werkzeug/_internal.py:113} INFO - 172.17.0.1 - - [19/Feb/2021 15:08:01] "[37mGET /get_ps5 HTTP/1.1[0m" 200 -
[15:08:02] {/usr/local/lib/python3.9/site-packages/werkzeug/_internal.py:113} INFO - 172.17.0.1 - - [19/Feb/2021 15:08:02] "[37mGET /get_ps5 HTTP/1.1[0m" 200 -
[15:08:02] {/usr/local/lib/python3.9/site-packages/werkzeug/_internal.py:113} INFO - 172.17.0.1 - - [19/Feb/2021 15:08:02] "[37mGET /get_ps5 HTTP/1.1[0m" 200 -
[15:08:04] {/usr/local/lib/python3.9/site-packages/werkzeug/_internal.py:113} INFO - 172.17.0.1 - - [19/Feb/2021 15:08:04] "[37mGET /get_ps5 HTTP/1.1[0m" 200 -
[15:08:06] {/usr/local/lib/python3.9/site-packages/werkzeug/_internal.py:113} INFO - 172.17.0.1 - - [19/Feb/2021 15:08:06] "[37mGET /get_ps5 HTTP/1.1[0m" 200 -
[15:08:08] {/usr/local/lib/python3.9/site-packages/werkzeug/_internal.py:113} INFO - 172.17.0.1 - - [19/Feb/2021 15:08:08] "[37mGET /get_ps5 HTTP/1.1[0m" 200 -
[15:08:09] {/usr/local/lib/python3.9/site-packages/werkzeug/_internal.py:113} INFO - 172.17.0.1 - - [19/Feb/2021 15:08:09] "[37mGET /get_ps5 HTTP/1.1[0m" 200 -
[15:08:09] {/usr/local/lib/python3.9/site-packages/werkzeug/_internal.py:113} INFO - 172.17.0.1 - - [19/Feb/2021 15:08:09] "[37mGET /get_ps5 HTTP/1.1[0m" 200 -
[15:08:10] {/usr/local/lib/python3.9/site-packages/werkzeug/_internal.py:113} INFO - 172.17.0.1 - - [19/Feb/2021 15:08:10] "[37mGET /get_ps5 HTTP/1.1[0m" 200 -
[15:08:12] {/usr/local/lib/python3.9/site-packages/werkzeug/_internal.py:113} INFO - 172.17.0.1 - - [19/Feb/2021 15:08:12] "[37mGET /get_ps5 HTTP/1.1[0m" 200 -
[15:08:13] {/usr/local/lib/python3.9/site-packages/werkzeug/_internal.py:113} INFO - 172.17.0.1 - - [19/Feb/2021 15:08:13] "[37mGET /get_ps5 HTTP/1.1[0m" 200 -
[15:08:15] {/usr/local/lib/python3.9/site-packages/werkzeug/_internal.py:113} INFO - 172.17.0.1 - - [19/Feb/2021 15:08:15] "[37mGET /get_ps5 HTTP/1.1[0m" 200 -
[15:08:16] {/usr/local/lib/python3.9/site-packages/werkzeug/_internal.py:113} INFO - 172.17.0.1 - - [19/Feb/2021 15:08:16] "[37mGET /get_ps5 HTTP/1.1[0m" 200 -
[15:08:21] {/usr/local/lib/python3.9/site-packages/werkzeug/_internal.py:113} INFO - 172.17.0.1 - - [19/Feb/2021 15:08:21] "[37mGET /get_ps5 HTTP/1.1[0m" 200 -
[15:08:25] {/usr/local/lib/python3.9/site-packages/werkzeug/_internal.py:113} INFO - 172.17.0.1 - - [19/Feb/2021 15:08:25] "[37mGET /get_ps5 HTTP/1.1[0m" 200 -
[15:08:28] {/usr/local/lib/python3.9/site-packages/werkzeug/_internal.py:113} INFO - 172.17.0.1 - - [19/Feb/2021 15:08:28] "[37mGET /get_ps5 HTTP/1.1[0m" 200 -
[15:08:35] {/usr/local/lib/python3.9/site-packages/werkzeug/_internal.py:113} INFO - 172.17.0.1 - - [19/Feb/2021 15:08:35] "[37mGET /get_ps5 HTTP/1.1[0m" 200 -
[15:08:36] {/usr/local/lib/python3.9/site-packages/werkzeug/_internal.py:113} INFO - 172.17.0.1 - - [19/Feb/2021 15:08:36] "[37mGET /get_ps5 HTTP/1.1[0m" 200 -
[15:08:41] {/usr/local/lib/python3.9/site-packages/werkzeug/_internal.py:113} INFO - 172.17.0.1 - - [19/Feb/2021 15:08:41] "[37mGET /get_ps5 HTTP/1.1[0m" 200 -
[15:08:42] {/usr/local/lib/python3.9/site-packages/werkzeug/_internal.py:113} INFO - 172.17.0.1 - - [19/Feb/2021 15:08:42] "[37mGET /get_ps5 HTTP/1.1[0m" 200 -
[15:08:43] {/usr/local/lib/python3.9/site-packages/werkzeug/_internal.py:113} INFO - 172.17.0.1 - - [19/Feb/2021 15:08:43] "[37mGET /get_ps5 HTTP/1.1[0m" 200 -
[15:08:46] {/usr/local/lib/python3.9/site-packages/werkzeug/_internal.py:113} INFO - 172.17.0.1 - - [19/Feb/2021 15:08:46] "[37mGET /get_ps5 HTTP/1.1[0m" 200 -
[15:08:46] {/usr/local/lib/python3.9/site-packages/werkzeug/_internal.py:113} INFO - 172.17.0.1 - - [19/Feb/2021 15:08:46] "[37mGET /get_ps5 HTTP/1.1[0m" 200 -
[15:08:48] {/usr/local/lib/python3.9/site-packages/werkzeug/_internal.py:113} INFO - 172.17.0.1 - - [19/Feb/2021 15:08:48] "[37mGET /get_ps5 HTTP/1.1[0m" 200 -
[15:08:48] {/usr/local/lib/python3.9/site-packages/werkzeug/_internal.py:113} INFO - 172.17.0.1 - - [19/Feb/2021 15:08:48] "[37mGET /get_ps5 HTTP/1.1[0m" 200 -
[15:08:49] {/usr/local/lib/python3.9/site-packages/werkzeug/_internal.py:113} INFO - 172.17.0.1 - - [19/Feb/2021 15:08:49] "[37mGET /get_ps5 HTTP/1.1[0m" 200 -
[15:08:50] {/usr/local/lib/python3.9/site-packages/werkzeug/_internal.py:113} INFO - 172.17.0.1 - - [19/Feb/2021 15:08:50] "[37mGET /get_ps5 HTTP/1.1[0m" 200 -
[15:08:53] {/usr/local/lib/python3.9/site-packages/werkzeug/_internal.py:113} INFO - 172.17.0.1 - - [19/Feb/2021 15:08:53] "[37mGET /get_ps5 HTTP/1.1[0m" 200 -
[15:08:55] {/usr/local/lib/python3.9/site-packages/werkzeug/_internal.py:113} INFO - 172.17.0.1 - - [19/Feb/2021 15:08:55] "[37mGET /get_ps5 HTTP/1.1[0m" 200 -
[15:08:56] {/usr/local/lib/python3.9/site-packages/werkzeug/_internal.py:113} INFO - 172.17.0.1 - - [19/Feb/2021 15:08:56] "[37mGET /get_ps5 HTTP/1.1[0m" 200 -
[15:08:57] {/usr/local/lib/python3.9/site-packages/werkzeug/_internal.py:113} INFO - 172.17.0.1 - - [19/Feb/2021 15:08:57] "[37mGET /get_ps5 HTTP/1.1[0m" 200 -
[15:08:58] {/usr/local/lib/python3.9/site-packages/werkzeug/_internal.py:113} INFO - 172.17.0.1 - - [19/Feb/2021 15:08:58] "[37mGET /get_ps5 HTTP/1.1[0m" 200 -
[15:08:59] {/usr/local/lib/python3.9/site-packages/werkzeug/_internal.py:113} INFO - 172.17.0.1 - - [19/Feb/2021 15:08:59] "[37mGET /get_ps5 HTTP/1.1[0m" 200 -
[15:08:59] {/usr/local/lib/python3.9/site-packages/werkzeug/_internal.py:113} INFO - 172.17.0.1 - - [19/Feb/2021 15:08:59] "[37mGET /get_ps5 HTTP/1.1[0m" 200 -
[15:09:00] {/usr/local/lib/python3.9/site-packages/werkzeug/_internal.py:113} INFO - 172.17.0.1 - - [19/Feb/2021 15:09:00] "[37mGET /get_ps5 HTTP/1.1[0m" 200 -
[15:09:04] {/usr/local/lib/python3.9/site-packages/werkzeug/_internal.py:113} INFO - 172.17.0.1 - - [19/Feb/2021 15:09:04] "[37mGET /get_ps5 HTTP/1.1[0m" 200 -
[15:09:05] {/usr/local/lib/python3.9/site-packages/werkzeug/_internal.py:113} INFO - 172.17.0.1 - - [19/Feb/2021 15:09:05] "[37mGET /get_ps5 HTTP/1.1[0m" 200 -
[15:09:10] {/usr/local/lib/python3.9/site-packages/werkzeug/_internal.py:113} INFO - 172.17.0.1 - - [19/Feb/2021 15:09:10] "[37mGET /get_ps5 HTTP/1.1[0m" 200 -
[15:09:10] {/usr/local/lib/python3.9/site-packages/werkzeug/_internal.py:113} INFO - 172.17.0.1 - - [19/Feb/2021 15:09:10] "[37mGET /get_ps5 HTTP/1.1[0m" 200 -
[15:09:11] {/usr/local/lib/python3.9/site-packages/werkzeug/_internal.py:113} INFO - 172.17.0.1 - - [19/Feb/2021 15:09:11] "[37mGET /get_ps5 HTTP/1.1[0m" 200 -
[15:09:13] {/usr/local/lib/python3.9/site-packages/werkzeug/_internal.py:113} INFO - 172.17.0.1 - - [19/Feb/2021 15:09:13] "[37mGET /get_ps5 HTTP/1.1[0m" 200 -
[15:09:15] {/usr/local/lib/python3.9/site-packages/werkzeug/_internal.py:113} INFO - 172.17.0.1 - - [19/Feb/2021 15:09:15] "[37mGET /get_ps5 HTTP/1.1[0m" 200 -
[15:09:16] {/usr/local/lib/python3.9/site-packages/werkzeug/_internal.py:113} INFO - 172.17.0.1 - - [19/Feb/2021 15:09:16] "[37mGET /get_ps5 HTTP/1.1[0m" 200 -
[15:09:17] {/usr/local/lib/python3.9/site-packages/werkzeug/_internal.py:113} INFO - 172.17.0.1 - - [19/Feb/2021 15:09:17] "[37mGET /get_ps5 HTTP/1.1[0m" 200 -
[15:09:19] {/usr/local/lib/python3.9/site-packages/werkzeug/_internal.py:113} INFO - 172.17.0.1 - - [19/Feb/2021 15:09:19] "[37mGET /get_ps5 HTTP/1.1[0m" 200 -
[15:09:21] {/usr/local/lib/python3.9/site-packages/werkzeug/_internal.py:113} INFO - 172.17.0.1 - - [19/Feb/2021 15:09:21] "[37mGET /get_ps5 HTTP/1.1[0m" 200 -
[15:09:22] {/usr/local/lib/python3.9/site-packages/werkzeug/_internal.py:113} INFO - 172.17.0.1 - - [19/Feb/2021 15:09:22] "[37mGET /get_ps5 HTTP/1.1[0m" 200 -
[15:09:22] {/usr/local/lib/python3.9/site-packages/werkzeug/_internal.py:113} INFO - 172.17.0.1 - - [19/Feb/2021 15:09:22] "[37mGET /get_ps5 HTTP/1.1[0m" 200 -
[15:09:23] {/usr/local/lib/python3.9/site-packages/werkzeug/_internal.py:113} INFO - 172.17.0.1 - - [19/Feb/2021 15:09:23] "[37mGET /get_ps5 HTTP/1.1[0m" 200 -
[15:09:30] {/usr/local/lib/python3.9/site-packages/werkzeug/_internal.py:113} INFO - 172.17.0.1 - - [19/Feb/2021 15:09:30] "[37mGET /get_ps5 HTTP/1.1[0m" 200 -
[15:09:33] {/usr/local/lib/python3.9/site-packages/werkzeug/_internal.py:113} INFO - 172.17.0.1 - - [19/Feb/2021 15:09:33] "[37mGET /get_ps5 HTTP/1.1[0m" 200 -
[15:09:37] {/usr/local/lib/python3.9/site-packages/werkzeug/_internal.py:113} INFO - 172.17.0.1 - - [19/Feb/2021 15:09:37] "[37mGET /get_ps5 HTTP/1.1[0m" 200 -
[15:09:45] {/usr/local/lib/python3.9/site-packages/werkzeug/_internal.py:113} INFO - 172.17.0.1 - - [19/Feb/2021 15:09:45] "[37mGET /get_ps5 HTTP/1.1[0m" 200 -
[15:09:46] {/usr/local/lib/python3.9/site-packages/werkzeug/_internal.py:113} INFO - 172.17.0.1 - - [19/Feb/2021 15:09:46] "[37mGET /get_ps5 HTTP/1.1[0m" 200 -
[15:09:47] {/usr/local/lib/python3.9/site-packages/werkzeug/_internal.py:113} INFO - 172.17.0.1 - - [19/Feb/2021 15:09:47] "[37mGET /get_ps5 HTTP/1.1[0m" 200 -
[15:09:50] {/usr/local/lib/python3.9/site-packages/werkzeug/_internal.py:113} INFO - 172.17.0.1 - - [19/Feb/2021 15:09:50] "[37mGET /get_ps5 HTTP/1.1[0m" 200 -
[15:09:54] {/usr/local/lib/python3.9/site-packages/werkzeug/_internal.py:113} INFO - 172.17.0.1 - - [19/Feb/2021 15:09:54] "[37mGET /get_ps5 HTTP/1.1[0m" 200 -
[15:09:57] {/usr/local/lib/python3.9/site-packages/werkzeug/_internal.py:113} INFO - 172.17.0.1 - - [19/Feb/2021 15:09:57] "[37mGET /get_ps5 HTTP/1.1[0m" 200 -
[15:09:58] {/usr/local/lib/python3.9/site-packages/werkzeug/_internal.py:113} INFO - 172.17.0.1 - - [19/Feb/2021 15:09:58] "[37mGET /get_ps5 HTTP/1.1[0m" 200 -
[15:09:58] {/usr/local/lib/python3.9/site-packages/werkzeug/_internal.py:113} INFO - 172.17.0.1 - - [19/Feb/2021 15:09:58] "[37mGET /get_ps5 HTTP/1.1[0m" 200 -
[15:10:00] {/usr/local/lib/python3.9/site-packages/werkzeug/_internal.py:113} INFO - 172.17.0.1 - - [19/Feb/2021 15:10:00] "[37mGET /get_ps5 HTTP/1.1[0m" 200 -
[15:10:01] {/usr/local/lib/python3.9/site-packages/werkzeug/_internal.py:113} INFO - 172.17.0.1 - - [19/Feb/2021 15:10:01] "[37mGET /get_ps5 HTTP/1.1[0m" 200 -
[15:10:04] {/scrapping/app.py:22} INFO - script start
[15:10:04] {/scrapping/app.py:23} INFO - Scrapping element of xbox one page with class from url link jeux videos.com
[15:10:04] {/scrapping/app.py:57} INFO - scrapping element ps5 title in page jeux videos.com 
[15:10:04] {/scrapping/app.py:74} INFO - scrapping element pc title in page jeux videos.com 
[15:10:04] {/scrapping/app.py:91} INFO - end of script
[15:10:04] {/usr/local/lib/python3.9/site-packages/werkzeug/_internal.py:113} INFO -  * Running on http://0.0.0.0:3000/ (Press CTRL+C to quit)
[15:10:04] {/usr/local/lib/python3.9/site-packages/werkzeug/_internal.py:113} INFO -  * Restarting with stat
[15:10:04] {/scrapping/app.py:22} INFO - script start
[15:10:04] {/scrapping/app.py:23} INFO - Scrapping element of xbox one page with class from url link jeux videos.com
[15:10:04] {/scrapping/app.py:57} INFO - scrapping element ps5 title in page jeux videos.com 
[15:10:04] {/scrapping/app.py:74} INFO - scrapping element pc title in page jeux videos.com 
[15:10:04] {/scrapping/app.py:91} INFO - end of script
[15:10:04] {/usr/local/lib/python3.9/site-packages/werkzeug/_internal.py:113} WARNING -  * Debugger is active!
[15:10:04] {/usr/local/lib/python3.9/site-packages/werkzeug/_internal.py:113} INFO -  * Debugger PIN: 253-768-365
[15:10:06] {/usr/local/lib/python3.9/site-packages/werkzeug/_internal.py:113} INFO - 172.17.0.1 - - [19/Feb/2021 15:10:06] "[37mGET /get_ps5 HTTP/1.1[0m" 200 -
[15:10:07] {/usr/local/lib/python3.9/site-packages/werkzeug/_internal.py:113} INFO - 172.17.0.1 - - [19/Feb/2021 15:10:07] "[37mGET /get_ps5 HTTP/1.1[0m" 200 -
[15:10:11] {/usr/local/lib/python3.9/site-packages/werkzeug/_internal.py:113} INFO - 172.17.0.1 - - [19/Feb/2021 15:10:11] "[37mGET /get_ps5 HTTP/1.1[0m" 200 -
[15:10:13] {/usr/local/lib/python3.9/site-packages/werkzeug/_internal.py:113} INFO - 172.17.0.1 - - [19/Feb/2021 15:10:13] "[37mGET /get_ps5 HTTP/1.1[0m" 200 -
[15:10:15] {/usr/local/lib/python3.9/site-packages/werkzeug/_internal.py:113} INFO - 172.17.0.1 - - [19/Feb/2021 15:10:15] "[37mGET /get_ps5 HTTP/1.1[0m" 200 -
[15:10:16] {/usr/local/lib/python3.9/site-packages/werkzeug/_internal.py:113} INFO - 172.17.0.1 - - [19/Feb/2021 15:10:16] "[37mGET /get_ps5 HTTP/1.1[0m" 200 -
[15:10:19] {/usr/local/lib/python3.9/site-packages/werkzeug/_internal.py:113} INFO - 172.17.0.1 - - [19/Feb/2021 15:10:19] "[37mGET /get_ps5 HTTP/1.1[0m" 200 -
[15:10:21] {/usr/local/lib/python3.9/site-packages/werkzeug/_internal.py:113} INFO - 172.17.0.1 - - [19/Feb/2021 15:10:21] "[37mGET /get_ps5 HTTP/1.1[0m" 200 -
[15:10:23] {/usr/local/lib/python3.9/site-packages/werkzeug/_internal.py:113} INFO - 172.17.0.1 - - [19/Feb/2021 15:10:23] "[37mGET /get_ps5 HTTP/1.1[0m" 200 -
[15:10:23] {/usr/local/lib/python3.9/site-packages/werkzeug/_internal.py:113} INFO - 172.17.0.1 - - [19/Feb/2021 15:10:23] "[37mGET /get_ps5 HTTP/1.1[0m" 200 -
[15:10:23] {/usr/local/lib/python3.9/site-packages/werkzeug/_internal.py:113} INFO - 172.17.0.1 - - [19/Feb/2021 15:10:23] "[37mGET /get_ps5 HTTP/1.1[0m" 200 -
[15:10:24] {/usr/local/lib/python3.9/site-packages/werkzeug/_internal.py:113} INFO - 172.17.0.1 - - [19/Feb/2021 15:10:24] "[37mGET /get_ps5 HTTP/1.1[0m" 200 -
[15:10:25] {/usr/local/lib/python3.9/site-packages/werkzeug/_internal.py:113} INFO - 172.17.0.1 - - [19/Feb/2021 15:10:25] "[37mGET /get_ps5 HTTP/1.1[0m" 200 -
[15:10:27] {/usr/local/lib/python3.9/site-packages/werkzeug/_internal.py:113} INFO - 172.17.0.1 - - [19/Feb/2021 15:10:27] "[37mGET /get_ps5 HTTP/1.1[0m" 200 -
[15:10:31] {/usr/local/lib/python3.9/site-packages/werkzeug/_internal.py:113} INFO - 172.17.0.1 - - [19/Feb/2021 15:10:31] "[37mGET /get_ps5 HTTP/1.1[0m" 200 -
[15:10:32] {/usr/local/lib/python3.9/site-packages/werkzeug/_internal.py:113} INFO - 172.17.0.1 - - [19/Feb/2021 15:10:32] "[37mGET /get_ps5 HTTP/1.1[0m" 200 -
[15:10:34] {/usr/local/lib/python3.9/site-packages/werkzeug/_internal.py:113} INFO - 172.17.0.1 - - [19/Feb/2021 15:10:34] "[37mGET /get_ps5 HTTP/1.1[0m" 200 -
[15:10:36] {/usr/local/lib/python3.9/site-packages/werkzeug/_internal.py:113} INFO - 172.17.0.1 - - [19/Feb/2021 15:10:36] "[37mGET /get_ps5 HTTP/1.1[0m" 200 -
[15:10:39] {/usr/local/lib/python3.9/site-packages/werkzeug/_internal.py:113} INFO - 172.17.0.1 - - [19/Feb/2021 15:10:39] "[37mGET /get_ps5 HTTP/1.1[0m" 200 -
[15:10:40] {/usr/local/lib/python3.9/site-packages/werkzeug/_internal.py:113} INFO - 172.17.0.1 - - [19/Feb/2021 15:10:40] "[37mGET /get_ps5 HTTP/1.1[0m" 200 -
[15:10:44] {/usr/local/lib/python3.9/site-packages/werkzeug/_internal.py:113} INFO - 172.17.0.1 - - [19/Feb/2021 15:10:44] "[37mGET /get_ps5 HTTP/1.1[0m" 200 -
[15:10:48] {/usr/local/lib/python3.9/site-packages/werkzeug/_internal.py:113} INFO - 172.17.0.1 - - [19/Feb/2021 15:10:48] "[37mGET /get_ps5 HTTP/1.1[0m" 200 -
[15:10:49] {/usr/local/lib/python3.9/site-packages/werkzeug/_internal.py:113} INFO - 172.17.0.1 - - [19/Feb/2021 15:10:49] "[37mGET /get_ps5 HTTP/1.1[0m" 200 -
[15:10:52] {/usr/local/lib/python3.9/site-packages/werkzeug/_internal.py:113} INFO - 172.17.0.1 - - [19/Feb/2021 15:10:52] "[37mGET /get_ps5 HTTP/1.1[0m" 200 -
[15:10:57] {/usr/local/lib/python3.9/site-packages/werkzeug/_internal.py:113} INFO - 172.17.0.1 - - [19/Feb/2021 15:10:57] "[37mGET /get_ps5 HTTP/1.1[0m" 200 -
[15:11:00] {/usr/local/lib/python3.9/site-packages/werkzeug/_internal.py:113} INFO - 172.17.0.1 - - [19/Feb/2021 15:11:00] "[37mGET /get_ps5 HTTP/1.1[0m" 200 -
[15:11:02] {/usr/local/lib/python3.9/site-packages/werkzeug/_internal.py:113} INFO - 172.17.0.1 - - [19/Feb/2021 15:11:02] "[37mGET /get_ps5 HTTP/1.1[0m" 200 -
[15:11:03] {/usr/local/lib/python3.9/site-packages/werkzeug/_internal.py:113} INFO - 172.17.0.1 - - [19/Feb/2021 15:11:03] "[37mGET /get_ps5 HTTP/1.1[0m" 200 -
[15:11:07] {/usr/local/lib/python3.9/site-packages/werkzeug/_internal.py:113} INFO - 172.17.0.1 - - [19/Feb/2021 15:11:07] "[37mGET /get_ps5 HTTP/1.1[0m" 200 -
[15:11:09] {/usr/local/lib/python3.9/site-packages/werkzeug/_internal.py:113} INFO - 172.17.0.1 - - [19/Feb/2021 15:11:09] "[37mGET /get_ps5 HTTP/1.1[0m" 200 -
[15:11:11] {/usr/local/lib/python3.9/site-packages/werkzeug/_internal.py:113} INFO - 172.17.0.1 - - [19/Feb/2021 15:11:11] "[37mGET /get_ps5 HTTP/1.1[0m" 200 -
[15:11:13] {/usr/local/lib/python3.9/site-packages/werkzeug/_internal.py:113} INFO - 172.17.0.1 - - [19/Feb/2021 15:11:13] "[37mGET /get_ps5 HTTP/1.1[0m" 200 -
[15:11:20] {/usr/local/lib/python3.9/site-packages/werkzeug/_internal.py:113} INFO - 172.17.0.1 - - [19/Feb/2021 15:11:20] "[37mGET /get_ps5 HTTP/1.1[0m" 200 -
[15:11:21] {/usr/local/lib/python3.9/site-packages/werkzeug/_internal.py:113} INFO - 172.17.0.1 - - [19/Feb/2021 15:11:21] "[37mGET /get_ps5 HTTP/1.1[0m" 200 -
[15:11:22] {/usr/local/lib/python3.9/site-packages/werkzeug/_internal.py:113} INFO - 172.17.0.1 - - [19/Feb/2021 15:11:22] "[37mGET /get_ps5 HTTP/1.1[0m" 200 -
[15:11:23] {/usr/local/lib/python3.9/site-packages/werkzeug/_internal.py:113} INFO - 172.17.0.1 - - [19/Feb/2021 15:11:23] "[37mGET /get_ps5 HTTP/1.1[0m" 200 -
[15:11:24] {/usr/local/lib/python3.9/site-packages/werkzeug/_internal.py:113} INFO - 172.17.0.1 - - [19/Feb/2021 15:11:24] "[37mGET /get_ps5 HTTP/1.1[0m" 200 -
[15:11:25] {/usr/local/lib/python3.9/site-packages/werkzeug/_internal.py:113} INFO - 172.17.0.1 - - [19/Feb/2021 15:11:25] "[37mGET /get_ps5 HTTP/1.1[0m" 200 -
[15:11:28] {/usr/local/lib/python3.9/site-packages/werkzeug/_internal.py:113} INFO - 172.17.0.1 - - [19/Feb/2021 15:11:28] "[37mGET /get_ps5 HTTP/1.1[0m" 200 -
[15:11:31] {/usr/local/lib/python3.9/site-packages/werkzeug/_internal.py:113} INFO - 172.17.0.1 - - [19/Feb/2021 15:11:31] "[37mGET /get_ps5 HTTP/1.1[0m" 200 -
[15:11:36] {/usr/local/lib/python3.9/site-packages/werkzeug/_internal.py:113} INFO - 172.17.0.1 - - [19/Feb/2021 15:11:36] "[37mGET /get_ps5 HTTP/1.1[0m" 200 -
[15:11:37] {/usr/local/lib/python3.9/site-packages/werkzeug/_internal.py:113} INFO - 172.17.0.1 - - [19/Feb/2021 15:11:37] "[37mGET /get_ps5 HTTP/1.1[0m" 200 -
[15:11:39] {/usr/local/lib/python3.9/site-packages/werkzeug/_internal.py:113} INFO - 172.17.0.1 - - [19/Feb/2021 15:11:39] "[37mGET /get_ps5 HTTP/1.1[0m" 200 -
[15:11:41] {/usr/local/lib/python3.9/site-packages/werkzeug/_internal.py:113} INFO - 172.17.0.1 - - [19/Feb/2021 15:11:41] "[37mGET /get_ps5 HTTP/1.1[0m" 200 -
[15:11:49] {/usr/local/lib/python3.9/site-packages/werkzeug/_internal.py:113} INFO - 172.17.0.1 - - [19/Feb/2021 15:11:49] "[37mGET /get_ps5 HTTP/1.1[0m" 200 -
[15:11:51] {/usr/local/lib/python3.9/site-packages/werkzeug/_internal.py:113} INFO - 172.17.0.1 - - [19/Feb/2021 15:11:51] "[37mGET /get_ps5 HTTP/1.1[0m" 200 -
[15:11:56] {/usr/local/lib/python3.9/site-packages/werkzeug/_internal.py:113} INFO - 172.17.0.1 - - [19/Feb/2021 15:11:56] "[37mGET /get_ps5 HTTP/1.1[0m" 200 -
[15:12:00] {/usr/local/lib/python3.9/site-packages/werkzeug/_internal.py:113} INFO - 172.17.0.1 - - [19/Feb/2021 15:12:00] "[37mGET /get_ps5 HTTP/1.1[0m" 200 -
[15:12:04] {/usr/local/lib/python3.9/site-packages/werkzeug/_internal.py:113} INFO - 172.17.0.1 - - [19/Feb/2021 15:12:04] "[37mGET /get_ps5 HTTP/1.1[0m" 200 -
[15:12:08] {/usr/local/lib/python3.9/site-packages/werkzeug/_internal.py:113} INFO - 172.17.0.1 - - [19/Feb/2021 15:12:08] "[37mGET /get_ps5 HTTP/1.1[0m" 200 -
[15:12:12] {/usr/local/lib/python3.9/site-packages/werkzeug/_internal.py:113} INFO - 172.17.0.1 - - [19/Feb/2021 15:12:12] "[37mGET /get_ps5 HTTP/1.1[0m" 200 -
[15:12:12] {/usr/local/lib/python3.9/site-packages/werkzeug/_internal.py:113} INFO - 172.17.0.1 - - [19/Feb/2021 15:12:12] "[37mGET /get_ps5 HTTP/1.1[0m" 200 -
[15:12:13] {/usr/local/lib/python3.9/site-packages/werkzeug/_internal.py:113} INFO - 172.17.0.1 - - [19/Feb/2021 15:12:13] "[37mGET /get_ps5 HTTP/1.1[0m" 200 -
[15:12:18] {/usr/local/lib/python3.9/site-packages/werkzeug/_internal.py:113} INFO - 172.17.0.1 - - [19/Feb/2021 15:12:18] "[37mGET /get_ps5 HTTP/1.1[0m" 200 -
[15:12:22] {/usr/local/lib/python3.9/site-packages/werkzeug/_internal.py:113} INFO - 172.17.0.1 - - [19/Feb/2021 15:12:22] "[37mGET /get_ps5 HTTP/1.1[0m" 200 -
[15:12:24] {/usr/local/lib/python3.9/site-packages/werkzeug/_internal.py:113} INFO - 172.17.0.1 - - [19/Feb/2021 15:12:24] "[37mGET /get_ps5 HTTP/1.1[0m" 200 -
[15:12:24] {/usr/local/lib/python3.9/site-packages/werkzeug/_internal.py:113} INFO - 172.17.0.1 - - [19/Feb/2021 15:12:24] "[37mGET /get_ps5 HTTP/1.1[0m" 200 -
[15:12:25] {/usr/local/lib/python3.9/site-packages/werkzeug/_internal.py:113} INFO - 172.17.0.1 - - [19/Feb/2021 15:12:25] "[37mGET /get_ps5 HTTP/1.1[0m" 200 -
[15:12:28] {/usr/local/lib/python3.9/site-packages/werkzeug/_internal.py:113} INFO - 172.17.0.1 - - [19/Feb/2021 15:12:28] "[37mGET /get_ps5 HTTP/1.1[0m" 200 -
[15:12:28] {/usr/local/lib/python3.9/site-packages/werkzeug/_internal.py:113} INFO - 172.17.0.1 - - [19/Feb/2021 15:12:28] "[37mGET /get_ps5 HTTP/1.1[0m" 200 -
[15:12:30] {/usr/local/lib/python3.9/site-packages/werkzeug/_internal.py:113} INFO - 172.17.0.1 - - [19/Feb/2021 15:12:30] "[37mGET /get_ps5 HTTP/1.1[0m" 200 -
[15:12:31] {/usr/local/lib/python3.9/site-packages/werkzeug/_internal.py:113} INFO - 172.17.0.1 - - [19/Feb/2021 15:12:31] "[37mGET /get_ps5 HTTP/1.1[0m" 200 -
[15:12:34] {/usr/local/lib/python3.9/site-packages/werkzeug/_internal.py:113} INFO - 172.17.0.1 - - [19/Feb/2021 15:12:34] "[37mGET /get_ps5 HTTP/1.1[0m" 200 -
[15:12:36] {/usr/local/lib/python3.9/site-packages/werkzeug/_internal.py:113} INFO - 172.17.0.1 - - [19/Feb/2021 15:12:36] "[37mGET /get_ps5 HTTP/1.1[0m" 200 -
[15:12:37] {/usr/local/lib/python3.9/site-packages/werkzeug/_internal.py:113} INFO - 172.17.0.1 - - [19/Feb/2021 15:12:37] "[37mGET /get_ps5 HTTP/1.1[0m" 200 -
[15:12:37] {/usr/local/lib/python3.9/site-packages/werkzeug/_internal.py:113} INFO - 172.17.0.1 - - [19/Feb/2021 15:12:37] "[37mGET /get_ps5 HTTP/1.1[0m" 200 -
[15:12:40] {/usr/local/lib/python3.9/site-packages/werkzeug/_internal.py:113} INFO - 172.17.0.1 - - [19/Feb/2021 15:12:40] "[37mGET /get_ps5 HTTP/1.1[0m" 200 -
[15:12:46] {/usr/local/lib/python3.9/site-packages/werkzeug/_internal.py:113} INFO - 172.17.0.1 - - [19/Feb/2021 15:12:46] "[37mGET /get_ps5 HTTP/1.1[0m" 200 -
[15:12:51] {/usr/local/lib/python3.9/site-packages/werkzeug/_internal.py:113} INFO - 172.17.0.1 - - [19/Feb/2021 15:12:51] "[37mGET /get_ps5 HTTP/1.1[0m" 200 -
[15:12:55] {/usr/local/lib/python3.9/site-packages/werkzeug/_internal.py:113} INFO - 172.17.0.1 - - [19/Feb/2021 15:12:55] "[37mGET /get_ps5 HTTP/1.1[0m" 200 -
[15:12:59] {/usr/local/lib/python3.9/site-packages/werkzeug/_internal.py:113} INFO - 172.17.0.1 - - [19/Feb/2021 15:12:59] "[37mGET /get_ps5 HTTP/1.1[0m" 200 -
[15:13:02] {/usr/local/lib/python3.9/site-packages/werkzeug/_internal.py:113} INFO - 172.17.0.1 - - [19/Feb/2021 15:13:02] "[37mGET /get_ps5 HTTP/1.1[0m" 200 -
[15:13:04] {/usr/local/lib/python3.9/site-packages/werkzeug/_internal.py:113} INFO - 172.17.0.1 - - [19/Feb/2021 15:13:04] "[37mGET /get_ps5 HTTP/1.1[0m" 200 -
[15:13:07] {/usr/local/lib/python3.9/site-packages/werkzeug/_internal.py:113} INFO - 172.17.0.1 - - [19/Feb/2021 15:13:07] "[37mGET /get_ps5 HTTP/1.1[0m" 200 -
[15:13:09] {/usr/local/lib/python3.9/site-packages/werkzeug/_internal.py:113} INFO - 172.17.0.1 - - [19/Feb/2021 15:13:09] "[37mGET /get_ps5 HTTP/1.1[0m" 200 -
[15:13:12] {/usr/local/lib/python3.9/site-packages/werkzeug/_internal.py:113} INFO - 172.17.0.1 - - [19/Feb/2021 15:13:12] "[37mGET /get_ps5 HTTP/1.1[0m" 200 -
[15:13:13] {/usr/local/lib/python3.9/site-packages/werkzeug/_internal.py:113} INFO - 172.17.0.1 - - [19/Feb/2021 15:13:13] "[37mGET /get_ps5 HTTP/1.1[0m" 200 -
[15:13:14] {/usr/local/lib/python3.9/site-packages/werkzeug/_internal.py:113} INFO - 172.17.0.1 - - [19/Feb/2021 15:13:14] "[37mGET /get_ps5 HTTP/1.1[0m" 200 -
[15:13:18] {/usr/local/lib/python3.9/site-packages/werkzeug/_internal.py:113} INFO - 172.17.0.1 - - [19/Feb/2021 15:13:18] "[37mGET /get_ps5 HTTP/1.1[0m" 200 -
[15:13:20] {/usr/local/lib/python3.9/site-packages/werkzeug/_internal.py:113} INFO - 172.17.0.1 - - [19/Feb/2021 15:13:20] "[37mGET /get_ps5 HTTP/1.1[0m" 200 -
[15:13:22] {/usr/local/lib/python3.9/site-packages/werkzeug/_internal.py:113} INFO - 172.17.0.1 - - [19/Feb/2021 15:13:22] "[37mGET /get_ps5 HTTP/1.1[0m" 200 -
[15:13:25] {/usr/local/lib/python3.9/site-packages/werkzeug/_internal.py:113} INFO - 172.17.0.1 - - [19/Feb/2021 15:13:25] "[37mGET /get_ps5 HTTP/1.1[0m" 200 -
[15:13:25] {/usr/local/lib/python3.9/site-packages/werkzeug/_internal.py:113} INFO - 172.17.0.1 - - [19/Feb/2021 15:13:25] "[37mGET /get_ps5 HTTP/1.1[0m" 200 -
[15:13:26] {/usr/local/lib/python3.9/site-packages/werkzeug/_internal.py:113} INFO - 172.17.0.1 - - [19/Feb/2021 15:13:26] "[37mGET /get_ps5 HTTP/1.1[0m" 200 -
[15:13:29] {/usr/local/lib/python3.9/site-packages/werkzeug/_internal.py:113} INFO - 172.17.0.1 - - [19/Feb/2021 15:13:29] "[37mGET /get_ps5 HTTP/1.1[0m" 200 -
[15:13:30] {/usr/local/lib/python3.9/site-packages/werkzeug/_internal.py:113} INFO - 172.17.0.1 - - [19/Feb/2021 15:13:30] "[37mGET /get_ps5 HTTP/1.1[0m" 200 -
[15:13:35] {/usr/local/lib/python3.9/site-packages/werkzeug/_internal.py:113} INFO - 172.17.0.1 - - [19/Feb/2021 15:13:35] "[37mGET /get_ps5 HTTP/1.1[0m" 200 -
[15:13:37] {/usr/local/lib/python3.9/site-packages/werkzeug/_internal.py:113} INFO - 172.17.0.1 - - [19/Feb/2021 15:13:37] "[37mGET /get_ps5 HTTP/1.1[0m" 200 -
[15:13:38] {/usr/local/lib/python3.9/site-packages/werkzeug/_internal.py:113} INFO - 172.17.0.1 - - [19/Feb/2021 15:13:38] "[37mGET /get_ps5 HTTP/1.1[0m" 200 -
[15:13:45] {/usr/local/lib/python3.9/site-packages/werkzeug/_internal.py:113} INFO - 172.17.0.1 - - [19/Feb/2021 15:13:45] "[37mGET /get_ps5 HTTP/1.1[0m" 200 -
[15:13:48] {/usr/local/lib/python3.9/site-packages/werkzeug/_internal.py:113} INFO - 172.17.0.1 - - [19/Feb/2021 15:13:48] "[37mGET /get_ps5 HTTP/1.1[0m" 200 -
[15:13:51] {/usr/local/lib/python3.9/site-packages/werkzeug/_internal.py:113} INFO - 172.17.0.1 - - [19/Feb/2021 15:13:51] "[37mGET /get_ps5 HTTP/1.1[0m" 200 -
[15:13:54] {/usr/local/lib/python3.9/site-packages/werkzeug/_internal.py:113} INFO - 172.17.0.1 - - [19/Feb/2021 15:13:54] "[37mGET /get_ps5 HTTP/1.1[0m" 200 -
[15:13:55] {/usr/local/lib/python3.9/site-packages/werkzeug/_internal.py:113} INFO - 172.17.0.1 - - [19/Feb/2021 15:13:55] "[35m[1mGET /get_ps5 HTTP/1.1[0m" 500 -
[15:13:56] {/usr/local/lib/python3.9/site-packages/werkzeug/_internal.py:113} INFO - 172.17.0.1 - - [19/Feb/2021 15:13:56] "[35m[1mGET /get_ps5 HTTP/1.1[0m" 500 -
[15:13:58] {/usr/local/lib/python3.9/site-packages/werkzeug/_internal.py:113} INFO - 172.17.0.1 - - [19/Feb/2021 15:13:58] "[37mGET /get_ps5 HTTP/1.1[0m" 200 -
[15:14:00] {/usr/local/lib/python3.9/site-packages/werkzeug/_internal.py:113} INFO - 172.17.0.1 - - [19/Feb/2021 15:14:00] "[37mGET /get_ps5 HTTP/1.1[0m" 200 -
[15:14:01] {/usr/local/lib/python3.9/site-packages/werkzeug/_internal.py:113} INFO - 172.17.0.1 - - [19/Feb/2021 15:14:01] "[37mGET /get_ps5 HTTP/1.1[0m" 200 -
[15:14:02] {/usr/local/lib/python3.9/site-packages/werkzeug/_internal.py:113} INFO - 172.17.0.1 - - [19/Feb/2021 15:14:02] "[37mGET /get_ps5 HTTP/1.1[0m" 200 -
[15:14:03] {/usr/local/lib/python3.9/site-packages/werkzeug/_internal.py:113} INFO - 172.17.0.1 - - [19/Feb/2021 15:14:03] "[37mGET /get_ps5 HTTP/1.1[0m" 200 -
[15:14:05] {/usr/local/lib/python3.9/site-packages/werkzeug/_internal.py:113} INFO - 172.17.0.1 - - [19/Feb/2021 15:14:05] "[37mGET /get_ps5 HTTP/1.1[0m" 200 -
[15:14:07] {/usr/local/lib/python3.9/site-packages/werkzeug/_internal.py:113} INFO - 172.17.0.1 - - [19/Feb/2021 15:14:07] "[37mGET /get_ps5 HTTP/1.1[0m" 200 -
[15:14:09] {/usr/local/lib/python3.9/site-packages/werkzeug/_internal.py:113} INFO - 172.17.0.1 - - [19/Feb/2021 15:14:09] "[37mGET /get_ps5 HTTP/1.1[0m" 200 -
[15:14:11] {/usr/local/lib/python3.9/site-packages/werkzeug/_internal.py:113} INFO - 172.17.0.1 - - [19/Feb/2021 15:14:11] "[37mGET /get_ps5 HTTP/1.1[0m" 200 -
[15:14:13] {/usr/local/lib/python3.9/site-packages/werkzeug/_internal.py:113} INFO - 172.17.0.1 - - [19/Feb/2021 15:14:13] "[37mGET /get_ps5 HTTP/1.1[0m" 200 -
[15:14:14] {/usr/local/lib/python3.9/site-packages/werkzeug/_internal.py:113} INFO - 172.17.0.1 - - [19/Feb/2021 15:14:14] "[37mGET /get_ps5 HTTP/1.1[0m" 200 -
[15:14:17] {/usr/local/lib/python3.9/site-packages/werkzeug/_internal.py:113} INFO - 172.17.0.1 - - [19/Feb/2021 15:14:17] "[37mGET /get_ps5 HTTP/1.1[0m" 200 -
[15:14:19] {/usr/local/lib/python3.9/site-packages/werkzeug/_internal.py:113} INFO - 172.17.0.1 - - [19/Feb/2021 15:14:19] "[37mGET /get_ps5 HTTP/1.1[0m" 200 -
[15:14:21] {/usr/local/lib/python3.9/site-packages/werkzeug/_internal.py:113} INFO - 172.17.0.1 - - [19/Feb/2021 15:14:21] "[37mGET /get_ps5 HTTP/1.1[0m" 200 -
[15:14:24] {/usr/local/lib/python3.9/site-packages/werkzeug/_internal.py:113} INFO - 172.17.0.1 - - [19/Feb/2021 15:14:24] "[37mGET /get_ps5 HTTP/1.1[0m" 200 -
[15:14:25] {/usr/local/lib/python3.9/site-packages/werkzeug/_internal.py:113} INFO - 172.17.0.1 - - [19/Feb/2021 15:14:25] "[37mGET /get_ps5 HTTP/1.1[0m" 200 -
[15:14:28] {/usr/local/lib/python3.9/site-packages/werkzeug/_internal.py:113} INFO - 172.17.0.1 - - [19/Feb/2021 15:14:28] "[37mGET /get_ps5 HTTP/1.1[0m" 200 -
[15:14:31] {/usr/local/lib/python3.9/site-packages/werkzeug/_internal.py:113} INFO - 172.17.0.1 - - [19/Feb/2021 15:14:31] "[37mGET /get_ps5 HTTP/1.1[0m" 200 -
[15:14:38] {/usr/local/lib/python3.9/site-packages/werkzeug/_internal.py:113} INFO - 172.17.0.1 - - [19/Feb/2021 15:14:38] "[37mGET /get_ps5 HTTP/1.1[0m" 200 -
[15:14:39] {/usr/local/lib/python3.9/site-packages/werkzeug/_internal.py:113} INFO - 172.17.0.1 - - [19/Feb/2021 15:14:39] "[37mGET /get_ps5 HTTP/1.1[0m" 200 -
[15:14:41] {/usr/local/lib/python3.9/site-packages/werkzeug/_internal.py:113} INFO - 172.17.0.1 - - [19/Feb/2021 15:14:41] "[37mGET /get_ps5 HTTP/1.1[0m" 200 -
[15:14:44] {/usr/local/lib/python3.9/site-packages/werkzeug/_internal.py:113} INFO - 172.17.0.1 - - [19/Feb/2021 15:14:44] "[37mGET /get_ps5 HTTP/1.1[0m" 200 -
[15:14:47] {/usr/local/lib/python3.9/site-packages/werkzeug/_internal.py:113} INFO - 172.17.0.1 - - [19/Feb/2021 15:14:47] "[37mGET /get_ps5 HTTP/1.1[0m" 200 -
[15:14:50] {/usr/local/lib/python3.9/site-packages/werkzeug/_internal.py:113} INFO - 172.17.0.1 - - [19/Feb/2021 15:14:50] "[37mGET /get_ps5 HTTP/1.1[0m" 200 -
[15:14:50] {/usr/local/lib/python3.9/site-packages/werkzeug/_internal.py:113} INFO - 172.17.0.1 - - [19/Feb/2021 15:14:50] "[37mGET /get_ps5 HTTP/1.1[0m" 200 -
[15:14:56] {/usr/local/lib/python3.9/site-packages/werkzeug/_internal.py:113} INFO - 172.17.0.1 - - [19/Feb/2021 15:14:56] "[37mGET /get_ps5 HTTP/1.1[0m" 200 -
[15:14:59] {/usr/local/lib/python3.9/site-packages/werkzeug/_internal.py:113} INFO - 172.17.0.1 - - [19/Feb/2021 15:14:59] "[37mGET /get_ps5 HTTP/1.1[0m" 200 -
[15:15:22] {/usr/local/lib/python3.9/site-packages/werkzeug/_internal.py:113} INFO - 172.17.0.1 - - [19/Feb/2021 15:15:22] "[37mGET /get_ps5 HTTP/1.1[0m" 200 -
[15:15:41] {/usr/local/lib/python3.9/site-packages/werkzeug/_internal.py:113} INFO - 172.17.0.1 - - [19/Feb/2021 15:15:41] "[37mGET /get_ps5 HTTP/1.1[0m" 200 -
[15:15:43] {/usr/local/lib/python3.9/site-packages/werkzeug/_internal.py:113} INFO - 172.17.0.1 - - [19/Feb/2021 15:15:43] "[37mGET /get_ps5 HTTP/1.1[0m" 200 -
[15:15:43] {/usr/local/lib/python3.9/site-packages/werkzeug/_internal.py:113} INFO - 172.17.0.1 - - [19/Feb/2021 15:15:43] "[37mGET /get_ps5 HTTP/1.1[0m" 200 -
[15:15:46] {/usr/local/lib/python3.9/site-packages/werkzeug/_internal.py:113} INFO - 172.17.0.1 - - [19/Feb/2021 15:15:46] "[37mGET /get_ps5 HTTP/1.1[0m" 200 -
[15:15:47] {/usr/local/lib/python3.9/site-packages/werkzeug/_internal.py:113} INFO - 172.17.0.1 - - [19/Feb/2021 15:15:47] "[37mGET /get_ps5 HTTP/1.1[0m" 200 -
[15:15:49] {/usr/local/lib/python3.9/site-packages/werkzeug/_internal.py:113} INFO - 172.17.0.1 - - [19/Feb/2021 15:15:49] "[37mGET /get_ps5 HTTP/1.1[0m" 200 -
[15:15:49] {/usr/local/lib/python3.9/site-packages/werkzeug/_internal.py:113} INFO - 172.17.0.1 - - [19/Feb/2021 15:15:49] "[37mGET /get_ps5 HTTP/1.1[0m" 200 -
[15:15:51] {/usr/local/lib/python3.9/site-packages/werkzeug/_internal.py:113} INFO - 172.17.0.1 - - [19/Feb/2021 15:15:51] "[37mGET /get_ps5 HTTP/1.1[0m" 200 -
[15:15:51] {/usr/local/lib/python3.9/site-packages/werkzeug/_internal.py:113} INFO - 172.17.0.1 - - [19/Feb/2021 15:15:51] "[37mGET /get_ps5 HTTP/1.1[0m" 200 -
[15:15:51] {/usr/local/lib/python3.9/site-packages/werkzeug/_internal.py:113} INFO - 172.17.0.1 - - [19/Feb/2021 15:15:51] "[37mGET /get_ps5 HTTP/1.1[0m" 200 -
[15:15:51] {/usr/local/lib/python3.9/site-packages/werkzeug/_internal.py:113} INFO - 172.17.0.1 - - [19/Feb/2021 15:15:51] "[37mGET /get_ps5 HTTP/1.1[0m" 200 -
[15:15:51] {/usr/local/lib/python3.9/site-packages/werkzeug/_internal.py:113} INFO - 172.17.0.1 - - [19/Feb/2021 15:15:51] "[37mGET /get_ps5 HTTP/1.1[0m" 200 -
[15:15:52] {/usr/local/lib/python3.9/site-packages/werkzeug/_internal.py:113} INFO - 172.17.0.1 - - [19/Feb/2021 15:15:52] "[37mGET /get_ps5 HTTP/1.1[0m" 200 -
[15:15:52] {/usr/local/lib/python3.9/site-packages/werkzeug/_internal.py:113} INFO - 172.17.0.1 - - [19/Feb/2021 15:15:52] "[37mGET /get_ps5 HTTP/1.1[0m" 200 -
[15:15:55] {/usr/local/lib/python3.9/site-packages/werkzeug/_internal.py:113} INFO - 172.17.0.1 - - [19/Feb/2021 15:15:55] "[37mGET /get_ps5 HTTP/1.1[0m" 200 -
[15:15:55] {/usr/local/lib/python3.9/site-packages/werkzeug/_internal.py:113} INFO - 172.17.0.1 - - [19/Feb/2021 15:15:55] "[37mGET /get_ps5 HTTP/1.1[0m" 200 -
[15:15:55] {/usr/local/lib/python3.9/site-packages/werkzeug/_internal.py:113} INFO - 172.17.0.1 - - [19/Feb/2021 15:15:55] "[37mGET /get_ps5 HTTP/1.1[0m" 200 -
[15:15:56] {/usr/local/lib/python3.9/site-packages/werkzeug/_internal.py:113} INFO - 172.17.0.1 - - [19/Feb/2021 15:15:56] "[37mGET /get_ps5 HTTP/1.1[0m" 200 -
[15:15:56] {/usr/local/lib/python3.9/site-packages/werkzeug/_internal.py:113} INFO - 172.17.0.1 - - [19/Feb/2021 15:15:56] "[37mGET /get_ps5 HTTP/1.1[0m" 200 -
[15:15:57] {/usr/local/lib/python3.9/site-packages/werkzeug/_internal.py:113} INFO - 172.17.0.1 - - [19/Feb/2021 15:15:57] "[37mGET /get_ps5 HTTP/1.1[0m" 200 -
[15:15:57] {/usr/local/lib/python3.9/site-packages/werkzeug/_internal.py:113} INFO - 172.17.0.1 - - [19/Feb/2021 15:15:57] "[37mGET /get_ps5 HTTP/1.1[0m" 200 -
[15:15:58] {/usr/local/lib/python3.9/site-packages/werkzeug/_internal.py:113} INFO - 172.17.0.1 - - [19/Feb/2021 15:15:58] "[37mGET /get_ps5 HTTP/1.1[0m" 200 -
[15:15:58] {/usr/local/lib/python3.9/site-packages/werkzeug/_internal.py:113} INFO - 172.17.0.1 - - [19/Feb/2021 15:15:58] "[37mGET /get_ps5 HTTP/1.1[0m" 200 -
[15:15:58] {/usr/local/lib/python3.9/site-packages/werkzeug/_internal.py:113} INFO - 172.17.0.1 - - [19/Feb/2021 15:15:58] "[37mGET /get_ps5 HTTP/1.1[0m" 200 -
[15:15:58] {/usr/local/lib/python3.9/site-packages/werkzeug/_internal.py:113} INFO - 172.17.0.1 - - [19/Feb/2021 15:15:58] "[37mGET /get_ps5 HTTP/1.1[0m" 200 -
[15:16:01] {/usr/local/lib/python3.9/site-packages/werkzeug/_internal.py:113} INFO - 172.17.0.1 - - [19/Feb/2021 15:16:01] "[37mGET /get_ps5 HTTP/1.1[0m" 200 -
[15:16:01] {/usr/local/lib/python3.9/site-packages/werkzeug/_internal.py:113} INFO - 172.17.0.1 - - [19/Feb/2021 15:16:01] "[37mGET /get_ps5 HTTP/1.1[0m" 200 -
[15:16:01] {/usr/local/lib/python3.9/site-packages/werkzeug/_internal.py:113} INFO - 172.17.0.1 - - [19/Feb/2021 15:16:01] "[37mGET /get_ps5 HTTP/1.1[0m" 200 -
[15:16:02] {/usr/local/lib/python3.9/site-packages/werkzeug/_internal.py:113} INFO - 172.17.0.1 - - [19/Feb/2021 15:16:02] "[37mGET /get_ps5 HTTP/1.1[0m" 200 -
[15:16:02] {/usr/local/lib/python3.9/site-packages/werkzeug/_internal.py:113} INFO - 172.17.0.1 - - [19/Feb/2021 15:16:02] "[37mGET /get_ps5 HTTP/1.1[0m" 200 -
[15:16:02] {/usr/local/lib/python3.9/site-packages/werkzeug/_internal.py:113} INFO - 172.17.0.1 - - [19/Feb/2021 15:16:02] "[37mGET /get_ps5 HTTP/1.1[0m" 200 -
[15:16:05] {/usr/local/lib/python3.9/site-packages/werkzeug/_internal.py:113} INFO - 172.17.0.1 - - [19/Feb/2021 15:16:05] "[37mGET /get_ps5 HTTP/1.1[0m" 200 -
[15:16:05] {/usr/local/lib/python3.9/site-packages/werkzeug/_internal.py:113} INFO - 172.17.0.1 - - [19/Feb/2021 15:16:05] "[37mGET /get_ps5 HTTP/1.1[0m" 200 -
[15:16:05] {/usr/local/lib/python3.9/site-packages/werkzeug/_internal.py:113} INFO - 172.17.0.1 - - [19/Feb/2021 15:16:05] "[37mGET /get_ps5 HTTP/1.1[0m" 200 -
[15:16:06] {/usr/local/lib/python3.9/site-packages/werkzeug/_internal.py:113} INFO - 172.17.0.1 - - [19/Feb/2021 15:16:06] "[37mGET /get_ps5 HTTP/1.1[0m" 200 -
[15:16:07] {/usr/local/lib/python3.9/site-packages/werkzeug/_internal.py:113} INFO - 172.17.0.1 - - [19/Feb/2021 15:16:07] "[37mGET /get_ps5 HTTP/1.1[0m" 200 -
[15:16:08] {/usr/local/lib/python3.9/site-packages/werkzeug/_internal.py:113} INFO - 172.17.0.1 - - [19/Feb/2021 15:16:08] "[37mGET /get_ps5 HTTP/1.1[0m" 200 -
[15:16:10] {/usr/local/lib/python3.9/site-packages/werkzeug/_internal.py:113} INFO - 172.17.0.1 - - [19/Feb/2021 15:16:10] "[37mGET /get_ps5 HTTP/1.1[0m" 200 -
[15:16:11] {/usr/local/lib/python3.9/site-packages/werkzeug/_internal.py:113} INFO - 172.17.0.1 - - [19/Feb/2021 15:16:11] "[37mGET /get_ps5 HTTP/1.1[0m" 200 -
[15:16:12] {/usr/local/lib/python3.9/site-packages/werkzeug/_internal.py:113} INFO - 172.17.0.1 - - [19/Feb/2021 15:16:12] "[37mGET /get_ps5 HTTP/1.1[0m" 200 -
[15:16:12] {/usr/local/lib/python3.9/site-packages/werkzeug/_internal.py:113} INFO - 172.17.0.1 - - [19/Feb/2021 15:16:12] "[37mGET /get_ps5 HTTP/1.1[0m" 200 -
[15:16:12] {/usr/local/lib/python3.9/site-packages/werkzeug/_internal.py:113} INFO - 172.17.0.1 - - [19/Feb/2021 15:16:12] "[37mGET /get_ps5 HTTP/1.1[0m" 200 -
[15:16:12] {/usr/local/lib/python3.9/site-packages/werkzeug/_internal.py:113} INFO - 172.17.0.1 - - [19/Feb/2021 15:16:12] "[37mGET /get_ps5 HTTP/1.1[0m" 200 -
[15:16:12] {/usr/local/lib/python3.9/site-packages/werkzeug/_internal.py:113} INFO - 172.17.0.1 - - [19/Feb/2021 15:16:12] "[37mGET /get_ps5 HTTP/1.1[0m" 200 -
[15:16:14] {/usr/local/lib/python3.9/site-packages/werkzeug/_internal.py:113} INFO - 172.17.0.1 - - [19/Feb/2021 15:16:14] "[37mGET /get_ps5 HTTP/1.1[0m" 200 -
[15:16:14] {/usr/local/lib/python3.9/site-packages/werkzeug/_internal.py:113} INFO - 172.17.0.1 - - [19/Feb/2021 15:16:14] "[37mGET /get_ps5 HTTP/1.1[0m" 200 -
[15:16:14] {/usr/local/lib/python3.9/site-packages/werkzeug/_internal.py:113} INFO - 172.17.0.1 - - [19/Feb/2021 15:16:14] "[37mGET /get_ps5 HTTP/1.1[0m" 200 -
[15:16:15] {/usr/local/lib/python3.9/site-packages/werkzeug/_internal.py:113} INFO - 172.17.0.1 - - [19/Feb/2021 15:16:15] "[37mGET /get_ps5 HTTP/1.1[0m" 200 -
[15:16:15] {/usr/local/lib/python3.9/site-packages/werkzeug/_internal.py:113} INFO - 172.17.0.1 - - [19/Feb/2021 15:16:15] "[37mGET /get_ps5 HTTP/1.1[0m" 200 -
[15:16:15] {/usr/local/lib/python3.9/site-packages/werkzeug/_internal.py:113} INFO - 172.17.0.1 - - [19/Feb/2021 15:16:15] "[37mGET /get_ps5 HTTP/1.1[0m" 200 -
[15:16:15] {/usr/local/lib/python3.9/site-packages/werkzeug/_internal.py:113} INFO - 172.17.0.1 - - [19/Feb/2021 15:16:15] "[37mGET /get_ps5 HTTP/1.1[0m" 200 -
[15:16:15] {/usr/local/lib/python3.9/site-packages/werkzeug/_internal.py:113} INFO - 172.17.0.1 - - [19/Feb/2021 15:16:15] "[37mGET /get_ps5 HTTP/1.1[0m" 200 -
[15:16:16] {/usr/local/lib/python3.9/site-packages/werkzeug/_internal.py:113} INFO - 172.17.0.1 - - [19/Feb/2021 15:16:16] "[37mGET /get_ps5 HTTP/1.1[0m" 200 -
[15:16:16] {/usr/local/lib/python3.9/site-packages/werkzeug/_internal.py:113} INFO - 172.17.0.1 - - [19/Feb/2021 15:16:16] "[37mGET /get_ps5 HTTP/1.1[0m" 200 -
[15:16:18] {/usr/local/lib/python3.9/site-packages/werkzeug/_internal.py:113} INFO - 172.17.0.1 - - [19/Feb/2021 15:16:18] "[37mGET /get_ps5 HTTP/1.1[0m" 200 -
[15:16:18] {/usr/local/lib/python3.9/site-packages/werkzeug/_internal.py:113} INFO - 172.17.0.1 - - [19/Feb/2021 15:16:18] "[37mGET /get_ps5 HTTP/1.1[0m" 200 -
[15:16:18] {/usr/local/lib/python3.9/site-packages/werkzeug/_internal.py:113} INFO - 172.17.0.1 - - [19/Feb/2021 15:16:18] "[37mGET /get_ps5 HTTP/1.1[0m" 200 -
[15:16:19] {/usr/local/lib/python3.9/site-packages/werkzeug/_internal.py:113} INFO - 172.17.0.1 - - [19/Feb/2021 15:16:19] "[37mGET /get_ps5 HTTP/1.1[0m" 200 -
[15:16:20] {/usr/local/lib/python3.9/site-packages/werkzeug/_internal.py:113} INFO - 172.17.0.1 - - [19/Feb/2021 15:16:20] "[37mGET /get_ps5 HTTP/1.1[0m" 200 -
[15:16:20] {/usr/local/lib/python3.9/site-packages/werkzeug/_internal.py:113} INFO - 172.17.0.1 - - [19/Feb/2021 15:16:20] "[37mGET /get_ps5 HTTP/1.1[0m" 200 -
[15:16:20] {/usr/local/lib/python3.9/site-packages/werkzeug/_internal.py:113} INFO - 172.17.0.1 - - [19/Feb/2021 15:16:20] "[37mGET /get_ps5 HTTP/1.1[0m" 200 -
[15:16:24] {/usr/local/lib/python3.9/site-packages/werkzeug/_internal.py:113} INFO - 172.17.0.1 - - [19/Feb/2021 15:16:24] "[37mGET /get_ps5 HTTP/1.1[0m" 200 -
[15:16:25] {/usr/local/lib/python3.9/site-packages/werkzeug/_internal.py:113} INFO - 172.17.0.1 - - [19/Feb/2021 15:16:25] "[37mGET /get_ps5 HTTP/1.1[0m" 200 -
[15:16:27] {/usr/local/lib/python3.9/site-packages/werkzeug/_internal.py:113} INFO - 172.17.0.1 - - [19/Feb/2021 15:16:27] "[37mGET /get_ps5 HTTP/1.1[0m" 200 -
[15:16:27] {/usr/local/lib/python3.9/site-packages/werkzeug/_internal.py:113} INFO - 172.17.0.1 - - [19/Feb/2021 15:16:27] "[37mGET /get_ps5 HTTP/1.1[0m" 200 -
[15:16:27] {/usr/local/lib/python3.9/site-packages/werkzeug/_internal.py:113} INFO - 172.17.0.1 - - [19/Feb/2021 15:16:27] "[37mGET /get_ps5 HTTP/1.1[0m" 200 -
[15:16:28] {/usr/local/lib/python3.9/site-packages/werkzeug/_internal.py:113} INFO - 172.17.0.1 - - [19/Feb/2021 15:16:28] "[37mGET /get_ps5 HTTP/1.1[0m" 200 -
[15:16:29] {/usr/local/lib/python3.9/site-packages/werkzeug/_internal.py:113} INFO - 172.17.0.1 - - [19/Feb/2021 15:16:29] "[37mGET /get_ps5 HTTP/1.1[0m" 200 -
[15:16:34] {/usr/local/lib/python3.9/site-packages/werkzeug/_internal.py:113} INFO - 172.17.0.1 - - [19/Feb/2021 15:16:34] "[37mGET /get_ps5 HTTP/1.1[0m" 200 -
[15:16:36] {/usr/local/lib/python3.9/site-packages/werkzeug/_internal.py:113} INFO - 172.17.0.1 - - [19/Feb/2021 15:16:36] "[37mGET /get_ps5 HTTP/1.1[0m" 200 -
[15:16:39] {/usr/local/lib/python3.9/site-packages/werkzeug/_internal.py:113} INFO - 172.17.0.1 - - [19/Feb/2021 15:16:39] "[37mGET /get_ps5 HTTP/1.1[0m" 200 -
[15:16:40] {/usr/local/lib/python3.9/site-packages/werkzeug/_internal.py:113} INFO - 172.17.0.1 - - [19/Feb/2021 15:16:40] "[37mGET /get_ps5 HTTP/1.1[0m" 200 -
[15:16:40] {/usr/local/lib/python3.9/site-packages/werkzeug/_internal.py:113} INFO - 172.17.0.1 - - [19/Feb/2021 15:16:40] "[37mGET /get_ps5 HTTP/1.1[0m" 200 -
[15:16:40] {/usr/local/lib/python3.9/site-packages/werkzeug/_internal.py:113} INFO - 172.17.0.1 - - [19/Feb/2021 15:16:40] "[37mGET /get_ps5 HTTP/1.1[0m" 200 -
[15:16:40] {/usr/local/lib/python3.9/site-packages/werkzeug/_internal.py:113} INFO - 172.17.0.1 - - [19/Feb/2021 15:16:40] "[37mGET /get_ps5 HTTP/1.1[0m" 200 -
[15:16:40] {/usr/local/lib/python3.9/site-packages/werkzeug/_internal.py:113} INFO - 172.17.0.1 - - [19/Feb/2021 15:16:40] "[37mGET /get_ps5 HTTP/1.1[0m" 200 -
[15:16:41] {/usr/local/lib/python3.9/site-packages/werkzeug/_internal.py:113} INFO - 172.17.0.1 - - [19/Feb/2021 15:16:41] "[37mGET /get_ps5 HTTP/1.1[0m" 200 -
[15:16:41] {/usr/local/lib/python3.9/site-packages/werkzeug/_internal.py:113} INFO - 172.17.0.1 - - [19/Feb/2021 15:16:41] "[37mGET /get_ps5 HTTP/1.1[0m" 200 -
[15:16:43] {/usr/local/lib/python3.9/site-packages/werkzeug/_internal.py:113} INFO - 172.17.0.1 - - [19/Feb/2021 15:16:43] "[37mGET /get_ps5 HTTP/1.1[0m" 200 -
[15:16:44] {/usr/local/lib/python3.9/site-packages/werkzeug/_internal.py:113} INFO - 172.17.0.1 - - [19/Feb/2021 15:16:44] "[37mGET /get_ps5 HTTP/1.1[0m" 200 -
[15:16:44] {/usr/local/lib/python3.9/site-packages/werkzeug/_internal.py:113} INFO - 172.17.0.1 - - [19/Feb/2021 15:16:44] "[37mGET /get_ps5 HTTP/1.1[0m" 200 -
[15:16:44] {/usr/local/lib/python3.9/site-packages/werkzeug/_internal.py:113} INFO - 172.17.0.1 - - [19/Feb/2021 15:16:44] "[37mGET /get_ps5 HTTP/1.1[0m" 200 -
[15:16:45] {/usr/local/lib/python3.9/site-packages/werkzeug/_internal.py:113} INFO - 172.17.0.1 - - [19/Feb/2021 15:16:45] "[37mGET /get_ps5 HTTP/1.1[0m" 200 -
[15:16:45] {/usr/local/lib/python3.9/site-packages/werkzeug/_internal.py:113} INFO - 172.17.0.1 - - [19/Feb/2021 15:16:45] "[37mGET /get_ps5 HTTP/1.1[0m" 200 -
[15:16:45] {/usr/local/lib/python3.9/site-packages/werkzeug/_internal.py:113} INFO - 172.17.0.1 - - [19/Feb/2021 15:16:45] "[37mGET /get_ps5 HTTP/1.1[0m" 200 -
[15:16:46] {/usr/local/lib/python3.9/site-packages/werkzeug/_internal.py:113} INFO - 172.17.0.1 - - [19/Feb/2021 15:16:46] "[37mGET /get_ps5 HTTP/1.1[0m" 200 -
[15:16:46] {/usr/local/lib/python3.9/site-packages/werkzeug/_internal.py:113} INFO - 172.17.0.1 - - [19/Feb/2021 15:16:46] "[37mGET /get_ps5 HTTP/1.1[0m" 200 -
[15:16:46] {/usr/local/lib/python3.9/site-packages/werkzeug/_internal.py:113} INFO - 172.17.0.1 - - [19/Feb/2021 15:16:46] "[37mGET /get_ps5 HTTP/1.1[0m" 200 -
[15:16:49] {/usr/local/lib/python3.9/site-packages/werkzeug/_internal.py:113} INFO - 172.17.0.1 - - [19/Feb/2021 15:16:49] "[37mGET /get_ps5 HTTP/1.1[0m" 200 -
[15:16:51] {/usr/local/lib/python3.9/site-packages/werkzeug/_internal.py:113} INFO - 172.17.0.1 - - [19/Feb/2021 15:16:51] "[37mGET /get_ps5 HTTP/1.1[0m" 200 -
[15:16:51] {/usr/local/lib/python3.9/site-packages/werkzeug/_internal.py:113} INFO - 172.17.0.1 - - [19/Feb/2021 15:16:51] "[37mGET /get_ps5 HTTP/1.1[0m" 200 -
[15:16:51] {/usr/local/lib/python3.9/site-packages/werkzeug/_internal.py:113} INFO - 172.17.0.1 - - [19/Feb/2021 15:16:51] "[37mGET /get_ps5 HTTP/1.1[0m" 200 -
[15:16:52] {/usr/local/lib/python3.9/site-packages/werkzeug/_internal.py:113} INFO - 172.17.0.1 - - [19/Feb/2021 15:16:52] "[37mGET /get_ps5 HTTP/1.1[0m" 200 -
[15:16:52] {/usr/local/lib/python3.9/site-packages/werkzeug/_internal.py:113} INFO - 172.17.0.1 - - [19/Feb/2021 15:16:52] "[37mGET /get_ps5 HTTP/1.1[0m" 200 -
[15:16:52] {/usr/local/lib/python3.9/site-packages/werkzeug/_internal.py:113} INFO - 172.17.0.1 - - [19/Feb/2021 15:16:52] "[37mGET /get_ps5 HTTP/1.1[0m" 200 -
[15:16:53] {/usr/local/lib/python3.9/site-packages/werkzeug/_internal.py:113} INFO - 172.17.0.1 - - [19/Feb/2021 15:16:53] "[37mGET /get_ps5 HTTP/1.1[0m" 200 -
[15:16:58] {/usr/local/lib/python3.9/site-packages/werkzeug/_internal.py:113} INFO - 172.17.0.1 - - [19/Feb/2021 15:16:58] "[37mGET /get_ps5 HTTP/1.1[0m" 200 -
[15:17:00] {/usr/local/lib/python3.9/site-packages/werkzeug/_internal.py:113} INFO - 172.17.0.1 - - [19/Feb/2021 15:17:00] "[37mGET /get_ps5 HTTP/1.1[0m" 200 -
[15:17:06] {/usr/local/lib/python3.9/site-packages/werkzeug/_internal.py:113} INFO - 172.17.0.1 - - [19/Feb/2021 15:17:06] "[37mGET /get_ps5 HTTP/1.1[0m" 200 -
[15:17:06] {/usr/local/lib/python3.9/site-packages/werkzeug/_internal.py:113} INFO - 172.17.0.1 - - [19/Feb/2021 15:17:06] "[37mGET /get_ps5 HTTP/1.1[0m" 200 -
[15:17:06] {/usr/local/lib/python3.9/site-packages/werkzeug/_internal.py:113} INFO - 172.17.0.1 - - [19/Feb/2021 15:17:06] "[37mGET /get_ps5 HTTP/1.1[0m" 200 -
[15:17:16] {/usr/local/lib/python3.9/site-packages/werkzeug/_internal.py:113} INFO - 172.17.0.1 - - [19/Feb/2021 15:17:16] "[37mGET /get_ps5 HTTP/1.1[0m" 200 -
[15:17:18] {/usr/local/lib/python3.9/site-packages/werkzeug/_internal.py:113} INFO - 172.17.0.1 - - [19/Feb/2021 15:17:18] "[37mGET /get_ps5 HTTP/1.1[0m" 200 -
[15:17:40] {/usr/local/lib/python3.9/site-packages/werkzeug/_internal.py:113} INFO - 172.17.0.1 - - [19/Feb/2021 15:17:40] "[37mGET /get_ps5 HTTP/1.1[0m" 200 -
[15:17:41] {/usr/local/lib/python3.9/site-packages/werkzeug/_internal.py:113} INFO - 172.17.0.1 - - [19/Feb/2021 15:17:41] "[37mGET /get_ps5 HTTP/1.1[0m" 200 -
[15:17:42] {/usr/local/lib/python3.9/site-packages/werkzeug/_internal.py:113} INFO - 172.17.0.1 - - [19/Feb/2021 15:17:42] "[37mGET /get_ps5 HTTP/1.1[0m" 200 -
[15:18:11] {/usr/local/lib/python3.9/site-packages/werkzeug/_internal.py:113} INFO - 172.17.0.1 - - [19/Feb/2021 15:18:11] "[37mGET /get_ps5 HTTP/1.1[0m" 200 -
[15:18:13] {/usr/local/lib/python3.9/site-packages/werkzeug/_internal.py:113} INFO - 172.17.0.1 - - [19/Feb/2021 15:18:13] "[37mGET /get_ps5 HTTP/1.1[0m" 200 -
[15:18:15] {/usr/local/lib/python3.9/site-packages/werkzeug/_internal.py:113} INFO - 172.17.0.1 - - [19/Feb/2021 15:18:15] "[37mGET /get_ps5 HTTP/1.1[0m" 200 -
[15:18:15] {/usr/local/lib/python3.9/site-packages/werkzeug/_internal.py:113} INFO - 172.17.0.1 - - [19/Feb/2021 15:18:15] "[37mGET /get_ps5 HTTP/1.1[0m" 200 -
[15:18:16] {/usr/local/lib/python3.9/site-packages/werkzeug/_internal.py:113} INFO - 172.17.0.1 - - [19/Feb/2021 15:18:16] "[37mGET /get_ps5 HTTP/1.1[0m" 200 -
[15:18:28] {/usr/local/lib/python3.9/site-packages/werkzeug/_internal.py:113} INFO - 172.17.0.1 - - [19/Feb/2021 15:18:28] "[37mGET /get_ps5 HTTP/1.1[0m" 200 -
[15:19:04] {/usr/local/lib/python3.9/site-packages/werkzeug/_internal.py:113} INFO - 172.17.0.1 - - [19/Feb/2021 15:19:04] "[37mGET /get_ps5 HTTP/1.1[0m" 200 -
[15:22:08] {/usr/local/lib/python3.9/site-packages/werkzeug/_internal.py:113} INFO - 172.17.0.1 - - [19/Feb/2021 15:22:08] "[37mGET /get_ps5 HTTP/1.1[0m" 200 -
[15:28:59] {/usr/local/lib/python3.9/site-packages/werkzeug/_internal.py:113} INFO - 172.17.0.1 - - [19/Feb/2021 15:28:59] "[37mGET /get_ps5 HTTP/1.1[0m" 200 -
[15:34:13] {/usr/local/lib/python3.9/site-packages/werkzeug/_internal.py:113} INFO - 172.17.0.1 - - [19/Feb/2021 15:34:13] "[37mGET /get_ps5 HTTP/1.1[0m" 200 -
[15:40:16] {/usr/local/lib/python3.9/site-packages/werkzeug/_internal.py:113} INFO - 172.17.0.1 - - [19/Feb/2021 15:40:16] "[33mGET /get_PC HTTP/1.1[0m" 404 -
[15:40:16] {/usr/local/lib/python3.9/site-packages/werkzeug/_internal.py:113} INFO - 172.17.0.1 - - [19/Feb/2021 15:40:16] "[33mGET /get_PC HTTP/1.1[0m" 404 -
[15:40:16] {/usr/local/lib/python3.9/site-packages/werkzeug/_internal.py:113} INFO - 172.17.0.1 - - [19/Feb/2021 15:40:16] "[33mGET /get_PC HTTP/1.1[0m" 404 -
[15:40:17] {/usr/local/lib/python3.9/site-packages/werkzeug/_internal.py:113} INFO - 172.17.0.1 - - [19/Feb/2021 15:40:17] "[33mGET /get_PC HTTP/1.1[0m" 404 -
[15:40:17] {/usr/local/lib/python3.9/site-packages/werkzeug/_internal.py:113} INFO - 172.17.0.1 - - [19/Feb/2021 15:40:17] "[33mGET /get_PC HTTP/1.1[0m" 404 -
[15:40:17] {/usr/local/lib/python3.9/site-packages/werkzeug/_internal.py:113} INFO - 172.17.0.1 - - [19/Feb/2021 15:40:17] "[33mGET /get_PC HTTP/1.1[0m" 404 -
[15:40:17] {/usr/local/lib/python3.9/site-packages/werkzeug/_internal.py:113} INFO - 172.17.0.1 - - [19/Feb/2021 15:40:17] "[33mGET /get_PC HTTP/1.1[0m" 404 -
[15:40:18] {/usr/local/lib/python3.9/site-packages/werkzeug/_internal.py:113} INFO - 172.17.0.1 - - [19/Feb/2021 15:40:18] "[33mGET /get_PC HTTP/1.1[0m" 404 -
[15:40:18] {/usr/local/lib/python3.9/site-packages/werkzeug/_internal.py:113} INFO - 172.17.0.1 - - [19/Feb/2021 15:40:18] "[33mGET /get_PC HTTP/1.1[0m" 404 -
[15:40:18] {/usr/local/lib/python3.9/site-packages/werkzeug/_internal.py:113} INFO - 172.17.0.1 - - [19/Feb/2021 15:40:18] "[33mGET /get_PC HTTP/1.1[0m" 404 -
[15:40:18] {/usr/local/lib/python3.9/site-packages/werkzeug/_internal.py:113} INFO - 172.17.0.1 - - [19/Feb/2021 15:40:18] "[33mGET /get_PC HTTP/1.1[0m" 404 -
[15:40:19] {/usr/local/lib/python3.9/site-packages/werkzeug/_internal.py:113} INFO - 172.17.0.1 - - [19/Feb/2021 15:40:19] "[33mGET /get_PC HTTP/1.1[0m" 404 -
[15:40:19] {/usr/local/lib/python3.9/site-packages/werkzeug/_internal.py:113} INFO - 172.17.0.1 - - [19/Feb/2021 15:40:19] "[33mGET /get_PC HTTP/1.1[0m" 404 -
[15:40:19] {/usr/local/lib/python3.9/site-packages/werkzeug/_internal.py:113} INFO - 172.17.0.1 - - [19/Feb/2021 15:40:19] "[33mGET /get_PC HTTP/1.1[0m" 404 -
[15:40:19] {/usr/local/lib/python3.9/site-packages/werkzeug/_internal.py:113} INFO - 172.17.0.1 - - [19/Feb/2021 15:40:19] "[33mGET /get_PC HTTP/1.1[0m" 404 -
[15:40:20] {/usr/local/lib/python3.9/site-packages/werkzeug/_internal.py:113} INFO - 172.17.0.1 - - [19/Feb/2021 15:40:20] "[33mGET /get_PC HTTP/1.1[0m" 404 -
[15:40:20] {/usr/local/lib/python3.9/site-packages/werkzeug/_internal.py:113} INFO - 172.17.0.1 - - [19/Feb/2021 15:40:20] "[33mGET /get_PC HTTP/1.1[0m" 404 -
[15:40:20] {/usr/local/lib/python3.9/site-packages/werkzeug/_internal.py:113} INFO - 172.17.0.1 - - [19/Feb/2021 15:40:20] "[33mGET /get_PC HTTP/1.1[0m" 404 -
[15:40:20] {/usr/local/lib/python3.9/site-packages/werkzeug/_internal.py:113} INFO - 172.17.0.1 - - [19/Feb/2021 15:40:20] "[33mGET /get_PC HTTP/1.1[0m" 404 -
[15:40:21] {/usr/local/lib/python3.9/site-packages/werkzeug/_internal.py:113} INFO - 172.17.0.1 - - [19/Feb/2021 15:40:21] "[33mGET /get_PC HTTP/1.1[0m" 404 -
[15:40:21] {/usr/local/lib/python3.9/site-packages/werkzeug/_internal.py:113} INFO - 172.17.0.1 - - [19/Feb/2021 15:40:21] "[33mGET /get_PC HTTP/1.1[0m" 404 -
[15:40:21] {/usr/local/lib/python3.9/site-packages/werkzeug/_internal.py:113} INFO - 172.17.0.1 - - [19/Feb/2021 15:40:21] "[33mGET /get_PC HTTP/1.1[0m" 404 -
[15:40:21] {/usr/local/lib/python3.9/site-packages/werkzeug/_internal.py:113} INFO - 172.17.0.1 - - [19/Feb/2021 15:40:21] "[33mGET /get_PC HTTP/1.1[0m" 404 -
[15:40:22] {/usr/local/lib/python3.9/site-packages/werkzeug/_internal.py:113} INFO - 172.17.0.1 - - [19/Feb/2021 15:40:22] "[37mGET /get_ps5 HTTP/1.1[0m" 200 -
[15:40:22] {/usr/local/lib/python3.9/site-packages/werkzeug/_internal.py:113} INFO - 172.17.0.1 - - [19/Feb/2021 15:40:22] "[37mGET /get_ps5 HTTP/1.1[0m" 200 -
[15:40:22] {/usr/local/lib/python3.9/site-packages/werkzeug/_internal.py:113} INFO - 172.17.0.1 - - [19/Feb/2021 15:40:22] "[33mGET /get_PC HTTP/1.1[0m" 404 -
[15:40:23] {/usr/local/lib/python3.9/site-packages/werkzeug/_internal.py:113} INFO - 172.17.0.1 - - [19/Feb/2021 15:40:23] "[33mGET /get_PC HTTP/1.1[0m" 404 -
[15:40:23] {/usr/local/lib/python3.9/site-packages/werkzeug/_internal.py:113} INFO - 172.17.0.1 - - [19/Feb/2021 15:40:23] "[37mGET /get_ps5 HTTP/1.1[0m" 200 -
[15:40:23] {/usr/local/lib/python3.9/site-packages/werkzeug/_internal.py:113} INFO - 172.17.0.1 - - [19/Feb/2021 15:40:23] "[37mGET /get_ps5 HTTP/1.1[0m" 200 -
[15:40:23] {/usr/local/lib/python3.9/site-packages/werkzeug/_internal.py:113} INFO - 172.17.0.1 - - [19/Feb/2021 15:40:23] "[37mGET /get_ps5 HTTP/1.1[0m" 200 -
[15:40:23] {/usr/local/lib/python3.9/site-packages/werkzeug/_internal.py:113} INFO - 172.17.0.1 - - [19/Feb/2021 15:40:23] "[37mGET /get_ps5 HTTP/1.1[0m" 200 -
[15:40:23] {/usr/local/lib/python3.9/site-packages/werkzeug/_internal.py:113} INFO - 172.17.0.1 - - [19/Feb/2021 15:40:23] "[37mGET /get_ps5 HTTP/1.1[0m" 200 -
[15:40:24] {/usr/local/lib/python3.9/site-packages/werkzeug/_internal.py:113} INFO - 172.17.0.1 - - [19/Feb/2021 15:40:24] "[33mGET /get_PC HTTP/1.1[0m" 404 -
[15:40:24] {/usr/local/lib/python3.9/site-packages/werkzeug/_internal.py:113} INFO - 172.17.0.1 - - [19/Feb/2021 15:40:24] "[37mGET /get_ps5 HTTP/1.1[0m" 200 -
[15:40:24] {/usr/local/lib/python3.9/site-packages/werkzeug/_internal.py:113} INFO - 172.17.0.1 - - [19/Feb/2021 15:40:24] "[33mGET /get_PC HTTP/1.1[0m" 404 -
[15:40:24] {/usr/local/lib/python3.9/site-packages/werkzeug/_internal.py:113} INFO - 172.17.0.1 - - [19/Feb/2021 15:40:24] "[37mGET /get_ps5 HTTP/1.1[0m" 200 -
[15:40:24] {/usr/local/lib/python3.9/site-packages/werkzeug/_internal.py:113} INFO - 172.17.0.1 - - [19/Feb/2021 15:40:24] "[33mGET /get_PC HTTP/1.1[0m" 404 -
[15:40:24] {/usr/local/lib/python3.9/site-packages/werkzeug/_internal.py:113} INFO - 172.17.0.1 - - [19/Feb/2021 15:40:24] "[37mGET /get_ps5 HTTP/1.1[0m" 200 -
[15:40:25] {/usr/local/lib/python3.9/site-packages/werkzeug/_internal.py:113} INFO - 172.17.0.1 - - [19/Feb/2021 15:40:25] "[33mGET /get_PC HTTP/1.1[0m" 404 -
[15:40:25] {/usr/local/lib/python3.9/site-packages/werkzeug/_internal.py:113} INFO - 172.17.0.1 - - [19/Feb/2021 15:40:25] "[37mGET /get_ps5 HTTP/1.1[0m" 200 -
[15:40:25] {/usr/local/lib/python3.9/site-packages/werkzeug/_internal.py:113} INFO - 172.17.0.1 - - [19/Feb/2021 15:40:25] "[37mGET /get_ps5 HTTP/1.1[0m" 200 -
[15:40:25] {/usr/local/lib/python3.9/site-packages/werkzeug/_internal.py:113} INFO - 172.17.0.1 - - [19/Feb/2021 15:40:25] "[37mGET /get_ps5 HTTP/1.1[0m" 200 -
[15:40:25] {/usr/local/lib/python3.9/site-packages/werkzeug/_internal.py:113} INFO - 172.17.0.1 - - [19/Feb/2021 15:40:25] "[37mGET /get_ps5 HTTP/1.1[0m" 200 -
[15:40:25] {/usr/local/lib/python3.9/site-packages/werkzeug/_internal.py:113} INFO - 172.17.0.1 - - [19/Feb/2021 15:40:25] "[37mGET /get_ps5 HTTP/1.1[0m" 200 -
[15:40:25] {/usr/local/lib/python3.9/site-packages/werkzeug/_internal.py:113} INFO - 172.17.0.1 - - [19/Feb/2021 15:40:25] "[37mGET /get_ps5 HTTP/1.1[0m" 200 -
[15:40:25] {/usr/local/lib/python3.9/site-packages/werkzeug/_internal.py:113} INFO - 172.17.0.1 - - [19/Feb/2021 15:40:25] "[37mGET /get_ps5 HTTP/1.1[0m" 200 -
[15:40:25] {/usr/local/lib/python3.9/site-packages/werkzeug/_internal.py:113} INFO - 172.17.0.1 - - [19/Feb/2021 15:40:25] "[37mGET /get_ps5 HTTP/1.1[0m" 200 -
[15:40:25] {/usr/local/lib/python3.9/site-packages/werkzeug/_internal.py:113} INFO - 172.17.0.1 - - [19/Feb/2021 15:40:25] "[37mGET /get_ps5 HTTP/1.1[0m" 200 -
[15:40:25] {/usr/local/lib/python3.9/site-packages/werkzeug/_internal.py:113} INFO - 172.17.0.1 - - [19/Feb/2021 15:40:25] "[37mGET /get_ps5 HTTP/1.1[0m" 200 -
[15:40:25] {/usr/local/lib/python3.9/site-packages/werkzeug/_internal.py:113} INFO - 172.17.0.1 - - [19/Feb/2021 15:40:25] "[37mGET /get_ps5 HTTP/1.1[0m" 200 -
[15:40:25] {/usr/local/lib/python3.9/site-packages/werkzeug/_internal.py:113} INFO - 172.17.0.1 - - [19/Feb/2021 15:40:25] "[33mGET /get_PC HTTP/1.1[0m" 404 -
[15:40:26] {/usr/local/lib/python3.9/site-packages/werkzeug/_internal.py:113} INFO - 172.17.0.1 - - [19/Feb/2021 15:40:26] "[37mGET /get_ps5 HTTP/1.1[0m" 200 -
[15:40:26] {/usr/local/lib/python3.9/site-packages/werkzeug/_internal.py:113} INFO - 172.17.0.1 - - [19/Feb/2021 15:40:26] "[33mGET /get_PC HTTP/1.1[0m" 404 -
[15:40:26] {/usr/local/lib/python3.9/site-packages/werkzeug/_internal.py:113} INFO - 172.17.0.1 - - [19/Feb/2021 15:40:26] "[37mGET /get_ps5 HTTP/1.1[0m" 200 -
[15:40:26] {/usr/local/lib/python3.9/site-packages/werkzeug/_internal.py:113} INFO - 172.17.0.1 - - [19/Feb/2021 15:40:26] "[37mGET /get_ps5 HTTP/1.1[0m" 200 -
[15:40:26] {/usr/local/lib/python3.9/site-packages/werkzeug/_internal.py:113} INFO - 172.17.0.1 - - [19/Feb/2021 15:40:26] "[33mGET /get_PC HTTP/1.1[0m" 404 -
[15:40:26] {/usr/local/lib/python3.9/site-packages/werkzeug/_internal.py:113} INFO - 172.17.0.1 - - [19/Feb/2021 15:40:26] "[33mGET /get_PC HTTP/1.1[0m" 404 -
[15:40:26] {/usr/local/lib/python3.9/site-packages/werkzeug/_internal.py:113} INFO - 172.17.0.1 - - [19/Feb/2021 15:40:26] "[33mGET /get_PC HTTP/1.1[0m" 404 -
[15:40:26] {/usr/local/lib/python3.9/site-packages/werkzeug/_internal.py:113} INFO - 172.17.0.1 - - [19/Feb/2021 15:40:26] "[33mGET /get_PC HTTP/1.1[0m" 404 -
[15:40:26] {/usr/local/lib/python3.9/site-packages/werkzeug/_internal.py:113} INFO - 172.17.0.1 - - [19/Feb/2021 15:40:26] "[33mGET /get_PC HTTP/1.1[0m" 404 -
[15:40:27] {/usr/local/lib/python3.9/site-packages/werkzeug/_internal.py:113} INFO - 172.17.0.1 - - [19/Feb/2021 15:40:27] "[33mGET /get_PC HTTP/1.1[0m" 404 -
[15:40:27] {/usr/local/lib/python3.9/site-packages/werkzeug/_internal.py:113} INFO - 172.17.0.1 - - [19/Feb/2021 15:40:27] "[33mGET /get_PC HTTP/1.1[0m" 404 -
[15:40:27] {/usr/local/lib/python3.9/site-packages/werkzeug/_internal.py:113} INFO - 172.17.0.1 - - [19/Feb/2021 15:40:27] "[33mGET /get_PC HTTP/1.1[0m" 404 -
[15:40:27] {/usr/local/lib/python3.9/site-packages/werkzeug/_internal.py:113} INFO - 172.17.0.1 - - [19/Feb/2021 15:40:27] "[33mGET /get_PC HTTP/1.1[0m" 404 -
[15:40:27] {/usr/local/lib/python3.9/site-packages/werkzeug/_internal.py:113} INFO - 172.17.0.1 - - [19/Feb/2021 15:40:27] "[33mGET /get_PC HTTP/1.1[0m" 404 -
[15:40:28] {/usr/local/lib/python3.9/site-packages/werkzeug/_internal.py:113} INFO - 172.17.0.1 - - [19/Feb/2021 15:40:28] "[33mGET /get_PC HTTP/1.1[0m" 404 -
[15:40:28] {/usr/local/lib/python3.9/site-packages/werkzeug/_internal.py:113} INFO - 172.17.0.1 - - [19/Feb/2021 15:40:28] "[33mGET /get_PC HTTP/1.1[0m" 404 -
[15:40:28] {/usr/local/lib/python3.9/site-packages/werkzeug/_internal.py:113} INFO - 172.17.0.1 - - [19/Feb/2021 15:40:28] "[33mGET /get_PC HTTP/1.1[0m" 404 -
[15:40:28] {/usr/local/lib/python3.9/site-packages/werkzeug/_internal.py:113} INFO - 172.17.0.1 - - [19/Feb/2021 15:40:28] "[37mGET /get_ps5 HTTP/1.1[0m" 200 -
[15:40:28] {/usr/local/lib/python3.9/site-packages/werkzeug/_internal.py:113} INFO - 172.17.0.1 - - [19/Feb/2021 15:40:28] "[33mGET /get_PC HTTP/1.1[0m" 404 -
[15:40:29] {/usr/local/lib/python3.9/site-packages/werkzeug/_internal.py:113} INFO - 172.17.0.1 - - [19/Feb/2021 15:40:29] "[33mGET /get_PC HTTP/1.1[0m" 404 -
[15:40:29] {/usr/local/lib/python3.9/site-packages/werkzeug/_internal.py:113} INFO - 172.17.0.1 - - [19/Feb/2021 15:40:29] "[37mGET /get_ps5 HTTP/1.1[0m" 200 -
[15:40:29] {/usr/local/lib/python3.9/site-packages/werkzeug/_internal.py:113} INFO - 172.17.0.1 - - [19/Feb/2021 15:40:29] "[37mGET /get_ps5 HTTP/1.1[0m" 200 -
[15:40:29] {/usr/local/lib/python3.9/site-packages/werkzeug/_internal.py:113} INFO - 172.17.0.1 - - [19/Feb/2021 15:40:29] "[33mGET /get_PC HTTP/1.1[0m" 404 -
[15:40:29] {/usr/local/lib/python3.9/site-packages/werkzeug/_internal.py:113} INFO - 172.17.0.1 - - [19/Feb/2021 15:40:29] "[37mGET /get_ps5 HTTP/1.1[0m" 200 -
[15:40:29] {/usr/local/lib/python3.9/site-packages/werkzeug/_internal.py:113} INFO - 172.17.0.1 - - [19/Feb/2021 15:40:29] "[33mGET /get_PC HTTP/1.1[0m" 404 -
[15:40:30] {/usr/local/lib/python3.9/site-packages/werkzeug/_internal.py:113} INFO - 172.17.0.1 - - [19/Feb/2021 15:40:30] "[33mGET /get_PC HTTP/1.1[0m" 404 -
[15:40:30] {/usr/local/lib/python3.9/site-packages/werkzeug/_internal.py:113} INFO - 172.17.0.1 - - [19/Feb/2021 15:40:30] "[33mGET /get_PC HTTP/1.1[0m" 404 -
[15:40:30] {/usr/local/lib/python3.9/site-packages/werkzeug/_internal.py:113} INFO - 172.17.0.1 - - [19/Feb/2021 15:40:30] "[33mGET /get_PC HTTP/1.1[0m" 404 -
[15:40:30] {/usr/local/lib/python3.9/site-packages/werkzeug/_internal.py:113} INFO - 172.17.0.1 - - [19/Feb/2021 15:40:30] "[37mGET /get_ps5 HTTP/1.1[0m" 200 -
[15:40:30] {/usr/local/lib/python3.9/site-packages/werkzeug/_internal.py:113} INFO - 172.17.0.1 - - [19/Feb/2021 15:40:30] "[33mGET /get_PC HTTP/1.1[0m" 404 -
[15:40:30] {/usr/local/lib/python3.9/site-packages/werkzeug/_internal.py:113} INFO - 172.17.0.1 - - [19/Feb/2021 15:40:30] "[37mGET /get_ps5 HTTP/1.1[0m" 200 -
[15:40:31] {/usr/local/lib/python3.9/site-packages/werkzeug/_internal.py:113} INFO - 172.17.0.1 - - [19/Feb/2021 15:40:31] "[33mGET /get_PC HTTP/1.1[0m" 404 -
[15:40:31] {/usr/local/lib/python3.9/site-packages/werkzeug/_internal.py:113} INFO - 172.17.0.1 - - [19/Feb/2021 15:40:31] "[33mGET /get_PC HTTP/1.1[0m" 404 -
[15:40:31] {/usr/local/lib/python3.9/site-packages/werkzeug/_internal.py:113} INFO - 172.17.0.1 - - [19/Feb/2021 15:40:31] "[37mGET /get_ps5 HTTP/1.1[0m" 200 -
[15:40:31] {/usr/local/lib/python3.9/site-packages/werkzeug/_internal.py:113} INFO - 172.17.0.1 - - [19/Feb/2021 15:40:31] "[33mGET /get_PC HTTP/1.1[0m" 404 -
[15:40:31] {/usr/local/lib/python3.9/site-packages/werkzeug/_internal.py:113} INFO - 172.17.0.1 - - [19/Feb/2021 15:40:31] "[37mGET /get_ps5 HTTP/1.1[0m" 200 -
[15:40:31] {/usr/local/lib/python3.9/site-packages/werkzeug/_internal.py:113} INFO - 172.17.0.1 - - [19/Feb/2021 15:40:31] "[33mGET /get_PC HTTP/1.1[0m" 404 -
[15:40:31] {/usr/local/lib/python3.9/site-packages/werkzeug/_internal.py:113} INFO - 172.17.0.1 - - [19/Feb/2021 15:40:31] "[33mGET /get_PC HTTP/1.1[0m" 404 -
[15:40:32] {/usr/local/lib/python3.9/site-packages/werkzeug/_internal.py:113} INFO - 172.17.0.1 - - [19/Feb/2021 15:40:32] "[33mGET /get_PC HTTP/1.1[0m" 404 -
[15:40:32] {/usr/local/lib/python3.9/site-packages/werkzeug/_internal.py:113} INFO - 172.17.0.1 - - [19/Feb/2021 15:40:32] "[33mGET /get_PC HTTP/1.1[0m" 404 -
[15:40:32] {/usr/local/lib/python3.9/site-packages/werkzeug/_internal.py:113} INFO - 172.17.0.1 - - [19/Feb/2021 15:40:32] "[33mGET /get_PC HTTP/1.1[0m" 404 -
[15:40:32] {/usr/local/lib/python3.9/site-packages/werkzeug/_internal.py:113} INFO - 172.17.0.1 - - [19/Feb/2021 15:40:32] "[33mGET /get_PC HTTP/1.1[0m" 404 -
[15:40:32] {/usr/local/lib/python3.9/site-packages/werkzeug/_internal.py:113} INFO - 172.17.0.1 - - [19/Feb/2021 15:40:32] "[33mGET /get_PC HTTP/1.1[0m" 404 -
[15:40:33] {/usr/local/lib/python3.9/site-packages/werkzeug/_internal.py:113} INFO - 172.17.0.1 - - [19/Feb/2021 15:40:33] "[33mGET /get_PC HTTP/1.1[0m" 404 -
[15:40:33] {/usr/local/lib/python3.9/site-packages/werkzeug/_internal.py:113} INFO - 172.17.0.1 - - [19/Feb/2021 15:40:33] "[33mGET /get_PC HTTP/1.1[0m" 404 -
[15:40:33] {/usr/local/lib/python3.9/site-packages/werkzeug/_internal.py:113} INFO - 172.17.0.1 - - [19/Feb/2021 15:40:33] "[33mGET /get_PC HTTP/1.1[0m" 404 -
[15:40:33] {/usr/local/lib/python3.9/site-packages/werkzeug/_internal.py:113} INFO - 172.17.0.1 - - [19/Feb/2021 15:40:33] "[33mGET /get_PC HTTP/1.1[0m" 404 -
[15:40:34] {/usr/local/lib/python3.9/site-packages/werkzeug/_internal.py:113} INFO - 172.17.0.1 - - [19/Feb/2021 15:40:34] "[33mGET /get_PC HTTP/1.1[0m" 404 -
[15:40:34] {/usr/local/lib/python3.9/site-packages/werkzeug/_internal.py:113} INFO - 172.17.0.1 - - [19/Feb/2021 15:40:34] "[33mGET /get_PC HTTP/1.1[0m" 404 -
[15:40:34] {/usr/local/lib/python3.9/site-packages/werkzeug/_internal.py:113} INFO - 172.17.0.1 - - [19/Feb/2021 15:40:34] "[37mGET /get_ps5 HTTP/1.1[0m" 200 -
[15:40:35] {/usr/local/lib/python3.9/site-packages/werkzeug/_internal.py:113} INFO - 172.17.0.1 - - [19/Feb/2021 15:40:35] "[37mGET /get_ps5 HTTP/1.1[0m" 200 -
[15:40:35] {/usr/local/lib/python3.9/site-packages/werkzeug/_internal.py:113} INFO - 172.17.0.1 - - [19/Feb/2021 15:40:35] "[33mGET /get_PC HTTP/1.1[0m" 404 -
[15:40:35] {/usr/local/lib/python3.9/site-packages/werkzeug/_internal.py:113} INFO - 172.17.0.1 - - [19/Feb/2021 15:40:35] "[37mGET /get_ps5 HTTP/1.1[0m" 200 -
[15:40:35] {/usr/local/lib/python3.9/site-packages/werkzeug/_internal.py:113} INFO - 172.17.0.1 - - [19/Feb/2021 15:40:35] "[33mGET /get_PC HTTP/1.1[0m" 404 -
[15:40:35] {/usr/local/lib/python3.9/site-packages/werkzeug/_internal.py:113} INFO - 172.17.0.1 - - [19/Feb/2021 15:40:35] "[33mGET /get_PC HTTP/1.1[0m" 404 -
[15:40:35] {/usr/local/lib/python3.9/site-packages/werkzeug/_internal.py:113} INFO - 172.17.0.1 - - [19/Feb/2021 15:40:35] "[37mGET /get_ps5 HTTP/1.1[0m" 200 -
[15:40:35] {/usr/local/lib/python3.9/site-packages/werkzeug/_internal.py:113} INFO - 172.17.0.1 - - [19/Feb/2021 15:40:35] "[37mGET /get_ps5 HTTP/1.1[0m" 200 -
[15:40:35] {/usr/local/lib/python3.9/site-packages/werkzeug/_internal.py:113} INFO - 172.17.0.1 - - [19/Feb/2021 15:40:35] "[33mGET /get_PC HTTP/1.1[0m" 404 -
[15:40:35] {/usr/local/lib/python3.9/site-packages/werkzeug/_internal.py:113} INFO - 172.17.0.1 - - [19/Feb/2021 15:40:35] "[37mGET /get_ps5 HTTP/1.1[0m" 200 -
[15:40:35] {/usr/local/lib/python3.9/site-packages/werkzeug/_internal.py:113} INFO - 172.17.0.1 - - [19/Feb/2021 15:40:35] "[37mGET /get_ps5 HTTP/1.1[0m" 200 -
[15:40:35] {/usr/local/lib/python3.9/site-packages/werkzeug/_internal.py:113} INFO - 172.17.0.1 - - [19/Feb/2021 15:40:35] "[37mGET /get_ps5 HTTP/1.1[0m" 200 -
[15:40:35] {/usr/local/lib/python3.9/site-packages/werkzeug/_internal.py:113} INFO - 172.17.0.1 - - [19/Feb/2021 15:40:35] "[33mGET /get_PC HTTP/1.1[0m" 404 -
[15:40:36] {/usr/local/lib/python3.9/site-packages/werkzeug/_internal.py:113} INFO - 172.17.0.1 - - [19/Feb/2021 15:40:36] "[37mGET /get_ps5 HTTP/1.1[0m" 200 -
[15:40:36] {/usr/local/lib/python3.9/site-packages/werkzeug/_internal.py:113} INFO - 172.17.0.1 - - [19/Feb/2021 15:40:36] "[37mGET /get_ps5 HTTP/1.1[0m" 200 -
[15:40:36] {/usr/local/lib/python3.9/site-packages/werkzeug/_internal.py:113} INFO - 172.17.0.1 - - [19/Feb/2021 15:40:36] "[37mGET /get_ps5 HTTP/1.1[0m" 200 -
[15:40:36] {/usr/local/lib/python3.9/site-packages/werkzeug/_internal.py:113} INFO - 172.17.0.1 - - [19/Feb/2021 15:40:36] "[33mGET /get_PC HTTP/1.1[0m" 404 -
[15:40:36] {/usr/local/lib/python3.9/site-packages/werkzeug/_internal.py:113} INFO - 172.17.0.1 - - [19/Feb/2021 15:40:36] "[37mGET /get_ps5 HTTP/1.1[0m" 200 -
[15:40:36] {/usr/local/lib/python3.9/site-packages/werkzeug/_internal.py:113} INFO - 172.17.0.1 - - [19/Feb/2021 15:40:36] "[33mGET /get_PC HTTP/1.1[0m" 404 -
[15:40:36] {/usr/local/lib/python3.9/site-packages/werkzeug/_internal.py:113} INFO - 172.17.0.1 - - [19/Feb/2021 15:40:36] "[33mGET /get_PC HTTP/1.1[0m" 404 -
[15:40:36] {/usr/local/lib/python3.9/site-packages/werkzeug/_internal.py:113} INFO - 172.17.0.1 - - [19/Feb/2021 15:40:36] "[33mGET /get_PC HTTP/1.1[0m" 404 -
[15:40:37] {/usr/local/lib/python3.9/site-packages/werkzeug/_internal.py:113} INFO - 172.17.0.1 - - [19/Feb/2021 15:40:37] "[33mGET /get_PC HTTP/1.1[0m" 404 -
[15:40:37] {/usr/local/lib/python3.9/site-packages/werkzeug/_internal.py:113} INFO - 172.17.0.1 - - [19/Feb/2021 15:40:37] "[33mGET /get_PC HTTP/1.1[0m" 404 -
[15:40:37] {/usr/local/lib/python3.9/site-packages/werkzeug/_internal.py:113} INFO - 172.17.0.1 - - [19/Feb/2021 15:40:37] "[33mGET /get_PC HTTP/1.1[0m" 404 -
[15:40:37] {/usr/local/lib/python3.9/site-packages/werkzeug/_internal.py:113} INFO - 172.17.0.1 - - [19/Feb/2021 15:40:37] "[33mGET /get_PC HTTP/1.1[0m" 404 -
[15:40:37] {/usr/local/lib/python3.9/site-packages/werkzeug/_internal.py:113} INFO - 172.17.0.1 - - [19/Feb/2021 15:40:37] "[33mGET /get_PC HTTP/1.1[0m" 404 -
[15:40:38] {/usr/local/lib/python3.9/site-packages/werkzeug/_internal.py:113} INFO - 172.17.0.1 - - [19/Feb/2021 15:40:38] "[33mGET /get_PC HTTP/1.1[0m" 404 -
[15:40:38] {/usr/local/lib/python3.9/site-packages/werkzeug/_internal.py:113} INFO - 172.17.0.1 - - [19/Feb/2021 15:40:38] "[33mGET /get_PC HTTP/1.1[0m" 404 -
[15:40:38] {/usr/local/lib/python3.9/site-packages/werkzeug/_internal.py:113} INFO - 172.17.0.1 - - [19/Feb/2021 15:40:38] "[33mGET /get_PC HTTP/1.1[0m" 404 -
[15:40:38] {/usr/local/lib/python3.9/site-packages/werkzeug/_internal.py:113} INFO - 172.17.0.1 - - [19/Feb/2021 15:40:38] "[33mGET /get_PC HTTP/1.1[0m" 404 -
[15:40:39] {/usr/local/lib/python3.9/site-packages/werkzeug/_internal.py:113} INFO - 172.17.0.1 - - [19/Feb/2021 15:40:39] "[33mGET /get_PC HTTP/1.1[0m" 404 -
[15:40:39] {/usr/local/lib/python3.9/site-packages/werkzeug/_internal.py:113} INFO - 172.17.0.1 - - [19/Feb/2021 15:40:39] "[33mGET /get_PC HTTP/1.1[0m" 404 -
[15:40:39] {/usr/local/lib/python3.9/site-packages/werkzeug/_internal.py:113} INFO - 172.17.0.1 - - [19/Feb/2021 15:40:39] "[33mGET /get_PC HTTP/1.1[0m" 404 -
[15:40:39] {/usr/local/lib/python3.9/site-packages/werkzeug/_internal.py:113} INFO - 172.17.0.1 - - [19/Feb/2021 15:40:39] "[33mGET /get_PC HTTP/1.1[0m" 404 -
[15:40:39] {/usr/local/lib/python3.9/site-packages/werkzeug/_internal.py:113} INFO - 172.17.0.1 - - [19/Feb/2021 15:40:39] "[33mGET /get_PC HTTP/1.1[0m" 404 -
[15:40:40] {/usr/local/lib/python3.9/site-packages/werkzeug/_internal.py:113} INFO - 172.17.0.1 - - [19/Feb/2021 15:40:40] "[33mGET /get_PC HTTP/1.1[0m" 404 -
[15:40:40] {/usr/local/lib/python3.9/site-packages/werkzeug/_internal.py:113} INFO - 172.17.0.1 - - [19/Feb/2021 15:40:40] "[37mGET /get_ps5 HTTP/1.1[0m" 200 -
[15:40:40] {/usr/local/lib/python3.9/site-packages/werkzeug/_internal.py:113} INFO - 172.17.0.1 - - [19/Feb/2021 15:40:40] "[33mGET /get_PC HTTP/1.1[0m" 404 -
[15:40:40] {/usr/local/lib/python3.9/site-packages/werkzeug/_internal.py:113} INFO - 172.17.0.1 - - [19/Feb/2021 15:40:40] "[33mGET /get_PC HTTP/1.1[0m" 404 -
[15:40:40] {/usr/local/lib/python3.9/site-packages/werkzeug/_internal.py:113} INFO - 172.17.0.1 - - [19/Feb/2021 15:40:40] "[33mGET /get_PC HTTP/1.1[0m" 404 -
[15:40:40] {/usr/local/lib/python3.9/site-packages/werkzeug/_internal.py:113} INFO - 172.17.0.1 - - [19/Feb/2021 15:40:40] "[33mGET /get_PC HTTP/1.1[0m" 404 -
[15:40:41] {/usr/local/lib/python3.9/site-packages/werkzeug/_internal.py:113} INFO - 172.17.0.1 - - [19/Feb/2021 15:40:41] "[33mGET /get_PC HTTP/1.1[0m" 404 -
[15:40:41] {/usr/local/lib/python3.9/site-packages/werkzeug/_internal.py:113} INFO - 172.17.0.1 - - [19/Feb/2021 15:40:41] "[37mGET /get_ps5 HTTP/1.1[0m" 200 -
[15:40:41] {/usr/local/lib/python3.9/site-packages/werkzeug/_internal.py:113} INFO - 172.17.0.1 - - [19/Feb/2021 15:40:41] "[33mGET /get_PC HTTP/1.1[0m" 404 -
[15:40:41] {/usr/local/lib/python3.9/site-packages/werkzeug/_internal.py:113} INFO - 172.17.0.1 - - [19/Feb/2021 15:40:41] "[37mGET /get_ps5 HTTP/1.1[0m" 200 -
[15:40:41] {/usr/local/lib/python3.9/site-packages/werkzeug/_internal.py:113} INFO - 172.17.0.1 - - [19/Feb/2021 15:40:41] "[37mGET /get_ps5 HTTP/1.1[0m" 200 -
[15:40:41] {/usr/local/lib/python3.9/site-packages/werkzeug/_internal.py:113} INFO - 172.17.0.1 - - [19/Feb/2021 15:40:41] "[33mGET /get_PC HTTP/1.1[0m" 404 -
[15:40:42] {/usr/local/lib/python3.9/site-packages/werkzeug/_internal.py:113} INFO - 172.17.0.1 - - [19/Feb/2021 15:40:42] "[37mGET /get_ps5 HTTP/1.1[0m" 200 -
[15:40:42] {/usr/local/lib/python3.9/site-packages/werkzeug/_internal.py:113} INFO - 172.17.0.1 - - [19/Feb/2021 15:40:42] "[33mGET /get_PC HTTP/1.1[0m" 404 -
[15:40:42] {/usr/local/lib/python3.9/site-packages/werkzeug/_internal.py:113} INFO - 172.17.0.1 - - [19/Feb/2021 15:40:42] "[33mGET /get_PC HTTP/1.1[0m" 404 -
[15:40:42] {/usr/local/lib/python3.9/site-packages/werkzeug/_internal.py:113} INFO - 172.17.0.1 - - [19/Feb/2021 15:40:42] "[33mGET /get_PC HTTP/1.1[0m" 404 -
[15:40:42] {/usr/local/lib/python3.9/site-packages/werkzeug/_internal.py:113} INFO - 172.17.0.1 - - [19/Feb/2021 15:40:42] "[33mGET /get_PC HTTP/1.1[0m" 404 -
[15:40:43] {/usr/local/lib/python3.9/site-packages/werkzeug/_internal.py:113} INFO - 172.17.0.1 - - [19/Feb/2021 15:40:43] "[33mGET /get_PC HTTP/1.1[0m" 404 -
[15:40:43] {/usr/local/lib/python3.9/site-packages/werkzeug/_internal.py:113} INFO - 172.17.0.1 - - [19/Feb/2021 15:40:43] "[37mGET /get_ps5 HTTP/1.1[0m" 200 -
[15:40:43] {/usr/local/lib/python3.9/site-packages/werkzeug/_internal.py:113} INFO - 172.17.0.1 - - [19/Feb/2021 15:40:43] "[37mGET /get_ps5 HTTP/1.1[0m" 200 -
[15:40:43] {/usr/local/lib/python3.9/site-packages/werkzeug/_internal.py:113} INFO - 172.17.0.1 - - [19/Feb/2021 15:40:43] "[33mGET /get_PC HTTP/1.1[0m" 404 -
[15:40:43] {/usr/local/lib/python3.9/site-packages/werkzeug/_internal.py:113} INFO - 172.17.0.1 - - [19/Feb/2021 15:40:43] "[37mGET /get_ps5 HTTP/1.1[0m" 200 -
[15:40:44] {/usr/local/lib/python3.9/site-packages/werkzeug/_internal.py:113} INFO - 172.17.0.1 - - [19/Feb/2021 15:40:44] "[33mGET /get_PC HTTP/1.1[0m" 404 -
[15:40:44] {/usr/local/lib/python3.9/site-packages/werkzeug/_internal.py:113} INFO - 172.17.0.1 - - [19/Feb/2021 15:40:44] "[33mGET /get_PC HTTP/1.1[0m" 404 -
[15:40:44] {/usr/local/lib/python3.9/site-packages/werkzeug/_internal.py:113} INFO - 172.17.0.1 - - [19/Feb/2021 15:40:44] "[37mGET /get_ps5 HTTP/1.1[0m" 200 -
[15:40:45] {/usr/local/lib/python3.9/site-packages/werkzeug/_internal.py:113} INFO - 172.17.0.1 - - [19/Feb/2021 15:40:45] "[33mGET /get_PC HTTP/1.1[0m" 404 -
[15:40:45] {/usr/local/lib/python3.9/site-packages/werkzeug/_internal.py:113} INFO - 172.17.0.1 - - [19/Feb/2021 15:40:45] "[37mGET /get_ps5 HTTP/1.1[0m" 200 -
[15:40:45] {/usr/local/lib/python3.9/site-packages/werkzeug/_internal.py:113} INFO - 172.17.0.1 - - [19/Feb/2021 15:40:45] "[33mGET /get_PC HTTP/1.1[0m" 404 -
[15:40:46] {/usr/local/lib/python3.9/site-packages/werkzeug/_internal.py:113} INFO - 172.17.0.1 - - [19/Feb/2021 15:40:46] "[37mGET /get_ps5 HTTP/1.1[0m" 200 -
[15:40:46] {/usr/local/lib/python3.9/site-packages/werkzeug/_internal.py:113} INFO - 172.17.0.1 - - [19/Feb/2021 15:40:46] "[33mGET /get_PC HTTP/1.1[0m" 404 -
[15:40:46] {/usr/local/lib/python3.9/site-packages/werkzeug/_internal.py:113} INFO - 172.17.0.1 - - [19/Feb/2021 15:40:46] "[37mGET /get_ps5 HTTP/1.1[0m" 200 -
[15:40:46] {/usr/local/lib/python3.9/site-packages/werkzeug/_internal.py:113} INFO - 172.17.0.1 - - [19/Feb/2021 15:40:46] "[37mGET /get_ps5 HTTP/1.1[0m" 200 -
[15:40:46] {/usr/local/lib/python3.9/site-packages/werkzeug/_internal.py:113} INFO - 172.17.0.1 - - [19/Feb/2021 15:40:46] "[37mGET /get_ps5 HTTP/1.1[0m" 200 -
[15:40:46] {/usr/local/lib/python3.9/site-packages/werkzeug/_internal.py:113} INFO - 172.17.0.1 - - [19/Feb/2021 15:40:46] "[37mGET /get_ps5 HTTP/1.1[0m" 200 -
[15:40:46] {/usr/local/lib/python3.9/site-packages/werkzeug/_internal.py:113} INFO - 172.17.0.1 - - [19/Feb/2021 15:40:46] "[37mGET /get_ps5 HTTP/1.1[0m" 200 -
[15:40:46] {/usr/local/lib/python3.9/site-packages/werkzeug/_internal.py:113} INFO - 172.17.0.1 - - [19/Feb/2021 15:40:46] "[33mGET /get_PC HTTP/1.1[0m" 404 -
[15:40:47] {/usr/local/lib/python3.9/site-packages/werkzeug/_internal.py:113} INFO - 172.17.0.1 - - [19/Feb/2021 15:40:47] "[37mGET /get_ps5 HTTP/1.1[0m" 200 -
[15:40:47] {/usr/local/lib/python3.9/site-packages/werkzeug/_internal.py:113} INFO - 172.17.0.1 - - [19/Feb/2021 15:40:47] "[37mGET /get_ps5 HTTP/1.1[0m" 200 -
[15:40:47] {/usr/local/lib/python3.9/site-packages/werkzeug/_internal.py:113} INFO - 172.17.0.1 - - [19/Feb/2021 15:40:47] "[37mGET /get_ps5 HTTP/1.1[0m" 200 -
[15:40:47] {/usr/local/lib/python3.9/site-packages/werkzeug/_internal.py:113} INFO - 172.17.0.1 - - [19/Feb/2021 15:40:47] "[37mGET /get_ps5 HTTP/1.1[0m" 200 -
[15:40:47] {/usr/local/lib/python3.9/site-packages/werkzeug/_internal.py:113} INFO - 172.17.0.1 - - [19/Feb/2021 15:40:47] "[37mGET /get_ps5 HTTP/1.1[0m" 200 -
[15:40:47] {/usr/local/lib/python3.9/site-packages/werkzeug/_internal.py:113} INFO - 172.17.0.1 - - [19/Feb/2021 15:40:47] "[33mGET /get_PC HTTP/1.1[0m" 404 -
[15:40:47] {/usr/local/lib/python3.9/site-packages/werkzeug/_internal.py:113} INFO - 172.17.0.1 - - [19/Feb/2021 15:40:47] "[37mGET /get_ps5 HTTP/1.1[0m" 200 -
[15:40:48] {/usr/local/lib/python3.9/site-packages/werkzeug/_internal.py:113} INFO - 172.17.0.1 - - [19/Feb/2021 15:40:48] "[33mGET /get_PC HTTP/1.1[0m" 404 -
[15:40:48] {/usr/local/lib/python3.9/site-packages/werkzeug/_internal.py:113} INFO - 172.17.0.1 - - [19/Feb/2021 15:40:48] "[37mGET /get_ps5 HTTP/1.1[0m" 200 -
[15:40:48] {/usr/local/lib/python3.9/site-packages/werkzeug/_internal.py:113} INFO - 172.17.0.1 - - [19/Feb/2021 15:40:48] "[33mGET /get_PC HTTP/1.1[0m" 404 -
[15:40:48] {/usr/local/lib/python3.9/site-packages/werkzeug/_internal.py:113} INFO - 172.17.0.1 - - [19/Feb/2021 15:40:48] "[37mGET /get_ps5 HTTP/1.1[0m" 200 -
[15:40:48] {/usr/local/lib/python3.9/site-packages/werkzeug/_internal.py:113} INFO - 172.17.0.1 - - [19/Feb/2021 15:40:48] "[37mGET /get_ps5 HTTP/1.1[0m" 200 -
[15:40:48] {/usr/local/lib/python3.9/site-packages/werkzeug/_internal.py:113} INFO - 172.17.0.1 - - [19/Feb/2021 15:40:48] "[37mGET /get_ps5 HTTP/1.1[0m" 200 -
[15:40:48] {/usr/local/lib/python3.9/site-packages/werkzeug/_internal.py:113} INFO - 172.17.0.1 - - [19/Feb/2021 15:40:48] "[33mGET /get_PC HTTP/1.1[0m" 404 -
[15:40:49] {/usr/local/lib/python3.9/site-packages/werkzeug/_internal.py:113} INFO - 172.17.0.1 - - [19/Feb/2021 15:40:49] "[33mGET /get_PC HTTP/1.1[0m" 404 -
[15:40:49] {/usr/local/lib/python3.9/site-packages/werkzeug/_internal.py:113} INFO - 172.17.0.1 - - [19/Feb/2021 15:40:49] "[37mGET /get_ps5 HTTP/1.1[0m" 200 -
[15:40:49] {/usr/local/lib/python3.9/site-packages/werkzeug/_internal.py:113} INFO - 172.17.0.1 - - [19/Feb/2021 15:40:49] "[37mGET /get_ps5 HTTP/1.1[0m" 200 -
[15:40:49] {/usr/local/lib/python3.9/site-packages/werkzeug/_internal.py:113} INFO - 172.17.0.1 - - [19/Feb/2021 15:40:49] "[37mGET /get_ps5 HTTP/1.1[0m" 200 -
[15:40:49] {/usr/local/lib/python3.9/site-packages/werkzeug/_internal.py:113} INFO - 172.17.0.1 - - [19/Feb/2021 15:40:49] "[37mGET /get_ps5 HTTP/1.1[0m" 200 -
[15:40:49] {/usr/local/lib/python3.9/site-packages/werkzeug/_internal.py:113} INFO - 172.17.0.1 - - [19/Feb/2021 15:40:49] "[37mGET /get_ps5 HTTP/1.1[0m" 200 -
[15:40:49] {/usr/local/lib/python3.9/site-packages/werkzeug/_internal.py:113} INFO - 172.17.0.1 - - [19/Feb/2021 15:40:49] "[33mGET /get_PC HTTP/1.1[0m" 404 -
[15:40:49] {/usr/local/lib/python3.9/site-packages/werkzeug/_internal.py:113} INFO - 172.17.0.1 - - [19/Feb/2021 15:40:49] "[33mGET /get_PC HTTP/1.1[0m" 404 -
[15:40:49] {/usr/local/lib/python3.9/site-packages/werkzeug/_internal.py:113} INFO - 172.17.0.1 - - [19/Feb/2021 15:40:49] "[37mGET /get_ps5 HTTP/1.1[0m" 200 -
[15:40:49] {/usr/local/lib/python3.9/site-packages/werkzeug/_internal.py:113} INFO - 172.17.0.1 - - [19/Feb/2021 15:40:49] "[37mGET /get_ps5 HTTP/1.1[0m" 200 -
[15:40:49] {/usr/local/lib/python3.9/site-packages/werkzeug/_internal.py:113} INFO - 172.17.0.1 - - [19/Feb/2021 15:40:49] "[37mGET /get_ps5 HTTP/1.1[0m" 200 -
[15:40:49] {/usr/local/lib/python3.9/site-packages/werkzeug/_internal.py:113} INFO - 172.17.0.1 - - [19/Feb/2021 15:40:49] "[33mGET /get_PC HTTP/1.1[0m" 404 -
[15:40:50] {/usr/local/lib/python3.9/site-packages/werkzeug/_internal.py:113} INFO - 172.17.0.1 - - [19/Feb/2021 15:40:50] "[37mGET /get_ps5 HTTP/1.1[0m" 200 -
[15:40:50] {/usr/local/lib/python3.9/site-packages/werkzeug/_internal.py:113} INFO - 172.17.0.1 - - [19/Feb/2021 15:40:50] "[37mGET /get_ps5 HTTP/1.1[0m" 200 -
[15:40:50] {/usr/local/lib/python3.9/site-packages/werkzeug/_internal.py:113} INFO - 172.17.0.1 - - [19/Feb/2021 15:40:50] "[33mGET /get_PC HTTP/1.1[0m" 404 -
[15:40:50] {/usr/local/lib/python3.9/site-packages/werkzeug/_internal.py:113} INFO - 172.17.0.1 - - [19/Feb/2021 15:40:50] "[37mGET /get_ps5 HTTP/1.1[0m" 200 -
[15:40:50] {/usr/local/lib/python3.9/site-packages/werkzeug/_internal.py:113} INFO - 172.17.0.1 - - [19/Feb/2021 15:40:50] "[33mGET /get_PC HTTP/1.1[0m" 404 -
[15:40:50] {/usr/local/lib/python3.9/site-packages/werkzeug/_internal.py:113} INFO - 172.17.0.1 - - [19/Feb/2021 15:40:50] "[33mGET /get_PC HTTP/1.1[0m" 404 -
[15:40:51] {/usr/local/lib/python3.9/site-packages/werkzeug/_internal.py:113} INFO - 172.17.0.1 - - [19/Feb/2021 15:40:51] "[33mGET /get_PC HTTP/1.1[0m" 404 -
[15:40:51] {/usr/local/lib/python3.9/site-packages/werkzeug/_internal.py:113} INFO - 172.17.0.1 - - [19/Feb/2021 15:40:51] "[37mGET /get_ps5 HTTP/1.1[0m" 200 -
[15:40:51] {/usr/local/lib/python3.9/site-packages/werkzeug/_internal.py:113} INFO - 172.17.0.1 - - [19/Feb/2021 15:40:51] "[37mGET /get_ps5 HTTP/1.1[0m" 200 -
[15:40:51] {/usr/local/lib/python3.9/site-packages/werkzeug/_internal.py:113} INFO - 172.17.0.1 - - [19/Feb/2021 15:40:51] "[37mGET /get_ps5 HTTP/1.1[0m" 200 -
[15:40:51] {/usr/local/lib/python3.9/site-packages/werkzeug/_internal.py:113} INFO - 172.17.0.1 - - [19/Feb/2021 15:40:51] "[33mGET /get_PC HTTP/1.1[0m" 404 -
[15:40:51] {/usr/local/lib/python3.9/site-packages/werkzeug/_internal.py:113} INFO - 172.17.0.1 - - [19/Feb/2021 15:40:51] "[37mGET /get_ps5 HTTP/1.1[0m" 200 -
[15:40:51] {/usr/local/lib/python3.9/site-packages/werkzeug/_internal.py:113} INFO - 172.17.0.1 - - [19/Feb/2021 15:40:51] "[33mGET /get_PC HTTP/1.1[0m" 404 -
[15:40:52] {/usr/local/lib/python3.9/site-packages/werkzeug/_internal.py:113} INFO - 172.17.0.1 - - [19/Feb/2021 15:40:52] "[33mGET /get_PC HTTP/1.1[0m" 404 -
[15:40:52] {/usr/local/lib/python3.9/site-packages/werkzeug/_internal.py:113} INFO - 172.17.0.1 - - [19/Feb/2021 15:40:52] "[37mGET /get_ps5 HTTP/1.1[0m" 200 -
[15:40:52] {/usr/local/lib/python3.9/site-packages/werkzeug/_internal.py:113} INFO - 172.17.0.1 - - [19/Feb/2021 15:40:52] "[33mGET /get_PC HTTP/1.1[0m" 404 -
[15:40:52] {/usr/local/lib/python3.9/site-packages/werkzeug/_internal.py:113} INFO - 172.17.0.1 - - [19/Feb/2021 15:40:52] "[37mGET /get_ps5 HTTP/1.1[0m" 200 -
[15:40:52] {/usr/local/lib/python3.9/site-packages/werkzeug/_internal.py:113} INFO - 172.17.0.1 - - [19/Feb/2021 15:40:52] "[33mGET /get_PC HTTP/1.1[0m" 404 -
[15:40:52] {/usr/local/lib/python3.9/site-packages/werkzeug/_internal.py:113} INFO - 172.17.0.1 - - [19/Feb/2021 15:40:52] "[37mGET /get_ps5 HTTP/1.1[0m" 200 -
[15:40:52] {/usr/local/lib/python3.9/site-packages/werkzeug/_internal.py:113} INFO - 172.17.0.1 - - [19/Feb/2021 15:40:52] "[33mGET /get_PC HTTP/1.1[0m" 404 -
[15:40:53] {/usr/local/lib/python3.9/site-packages/werkzeug/_internal.py:113} INFO - 172.17.0.1 - - [19/Feb/2021 15:40:53] "[37mGET /get_ps5 HTTP/1.1[0m" 200 -
[15:40:53] {/usr/local/lib/python3.9/site-packages/werkzeug/_internal.py:113} INFO - 172.17.0.1 - - [19/Feb/2021 15:40:53] "[33mGET /get_PC HTTP/1.1[0m" 404 -
[15:40:53] {/usr/local/lib/python3.9/site-packages/werkzeug/_internal.py:113} INFO - 172.17.0.1 - - [19/Feb/2021 15:40:53] "[33mGET /get_PC HTTP/1.1[0m" 404 -
[15:40:53] {/usr/local/lib/python3.9/site-packages/werkzeug/_internal.py:113} INFO - 172.17.0.1 - - [19/Feb/2021 15:40:53] "[33mGET /get_PC HTTP/1.1[0m" 404 -
[15:40:53] {/usr/local/lib/python3.9/site-packages/werkzeug/_internal.py:113} INFO - 172.17.0.1 - - [19/Feb/2021 15:40:53] "[33mGET /get_PC HTTP/1.1[0m" 404 -
[15:40:54] {/usr/local/lib/python3.9/site-packages/werkzeug/_internal.py:113} INFO - 172.17.0.1 - - [19/Feb/2021 15:40:54] "[33mGET /get_PC HTTP/1.1[0m" 404 -
[15:40:54] {/usr/local/lib/python3.9/site-packages/werkzeug/_internal.py:113} INFO - 172.17.0.1 - - [19/Feb/2021 15:40:54] "[33mGET /get_PC HTTP/1.1[0m" 404 -
[15:40:54] {/usr/local/lib/python3.9/site-packages/werkzeug/_internal.py:113} INFO - 172.17.0.1 - - [19/Feb/2021 15:40:54] "[33mGET /get_PC HTTP/1.1[0m" 404 -
[15:40:54] {/usr/local/lib/python3.9/site-packages/werkzeug/_internal.py:113} INFO - 172.17.0.1 - - [19/Feb/2021 15:40:54] "[33mGET /get_PC HTTP/1.1[0m" 404 -
[15:40:55] {/usr/local/lib/python3.9/site-packages/werkzeug/_internal.py:113} INFO - 172.17.0.1 - - [19/Feb/2021 15:40:55] "[33mGET /get_PC HTTP/1.1[0m" 404 -
[15:40:55] {/usr/local/lib/python3.9/site-packages/werkzeug/_internal.py:113} INFO - 172.17.0.1 - - [19/Feb/2021 15:40:55] "[33mGET /get_PC HTTP/1.1[0m" 404 -
[15:40:55] {/usr/local/lib/python3.9/site-packages/werkzeug/_internal.py:113} INFO - 172.17.0.1 - - [19/Feb/2021 15:40:55] "[33mGET /get_PC HTTP/1.1[0m" 404 -
[15:40:55] {/usr/local/lib/python3.9/site-packages/werkzeug/_internal.py:113} INFO - 172.17.0.1 - - [19/Feb/2021 15:40:55] "[33mGET /get_PC HTTP/1.1[0m" 404 -
[15:40:56] {/usr/local/lib/python3.9/site-packages/werkzeug/_internal.py:113} INFO - 172.17.0.1 - - [19/Feb/2021 15:40:56] "[37mGET /get_ps5 HTTP/1.1[0m" 200 -
[15:40:57] {/usr/local/lib/python3.9/site-packages/werkzeug/_internal.py:113} INFO - 172.17.0.1 - - [19/Feb/2021 15:40:57] "[37mGET /get_ps5 HTTP/1.1[0m" 200 -
[15:40:58] {/usr/local/lib/python3.9/site-packages/werkzeug/_internal.py:113} INFO - 172.17.0.1 - - [19/Feb/2021 15:40:58] "[37mGET /get_ps5 HTTP/1.1[0m" 200 -
[15:41:01] {/usr/local/lib/python3.9/site-packages/werkzeug/_internal.py:113} INFO - 172.17.0.1 - - [19/Feb/2021 15:41:01] "[37mGET /get_ps5 HTTP/1.1[0m" 200 -
[15:41:02] {/usr/local/lib/python3.9/site-packages/werkzeug/_internal.py:113} INFO - 172.17.0.1 - - [19/Feb/2021 15:41:02] "[37mGET /get_ps5 HTTP/1.1[0m" 200 -
[15:41:03] {/usr/local/lib/python3.9/site-packages/werkzeug/_internal.py:113} INFO - 172.17.0.1 - - [19/Feb/2021 15:41:03] "[37mGET /get_ps5 HTTP/1.1[0m" 200 -
[15:41:06] {/usr/local/lib/python3.9/site-packages/werkzeug/_internal.py:113} INFO - 172.17.0.1 - - [19/Feb/2021 15:41:06] "[37mGET /get_ps5 HTTP/1.1[0m" 200 -
[15:41:07] {/usr/local/lib/python3.9/site-packages/werkzeug/_internal.py:113} INFO - 172.17.0.1 - - [19/Feb/2021 15:41:07] "[37mGET /get_ps5 HTTP/1.1[0m" 200 -
[15:41:09] {/usr/local/lib/python3.9/site-packages/werkzeug/_internal.py:113} INFO - 172.17.0.1 - - [19/Feb/2021 15:41:09] "[37mGET /get_ps5 HTTP/1.1[0m" 200 -
[15:41:10] {/usr/local/lib/python3.9/site-packages/werkzeug/_internal.py:113} INFO - 172.17.0.1 - - [19/Feb/2021 15:41:10] "[37mGET /get_ps5 HTTP/1.1[0m" 200 -
[15:41:10] {/usr/local/lib/python3.9/site-packages/werkzeug/_internal.py:113} INFO - 172.17.0.1 - - [19/Feb/2021 15:41:10] "[37mGET /get_ps5 HTTP/1.1[0m" 200 -
[15:41:12] {/usr/local/lib/python3.9/site-packages/werkzeug/_internal.py:113} INFO - 172.17.0.1 - - [19/Feb/2021 15:41:12] "[37mGET /get_ps5 HTTP/1.1[0m" 200 -
[15:41:13] {/usr/local/lib/python3.9/site-packages/werkzeug/_internal.py:113} INFO - 172.17.0.1 - - [19/Feb/2021 15:41:13] "[37mGET /get_ps5 HTTP/1.1[0m" 200 -
[15:41:14] {/usr/local/lib/python3.9/site-packages/werkzeug/_internal.py:113} INFO - 172.17.0.1 - - [19/Feb/2021 15:41:14] "[37mGET /get_ps5 HTTP/1.1[0m" 200 -
[15:41:15] {/usr/local/lib/python3.9/site-packages/werkzeug/_internal.py:113} INFO - 172.17.0.1 - - [19/Feb/2021 15:41:15] "[37mGET /get_ps5 HTTP/1.1[0m" 200 -
[15:41:17] {/usr/local/lib/python3.9/site-packages/werkzeug/_internal.py:113} INFO - 172.17.0.1 - - [19/Feb/2021 15:41:17] "[37mGET /get_ps5 HTTP/1.1[0m" 200 -
[15:41:17] {/usr/local/lib/python3.9/site-packages/werkzeug/_internal.py:113} INFO - 172.17.0.1 - - [19/Feb/2021 15:41:17] "[37mGET /get_ps5 HTTP/1.1[0m" 200 -
[15:41:19] {/usr/local/lib/python3.9/site-packages/werkzeug/_internal.py:113} INFO - 172.17.0.1 - - [19/Feb/2021 15:41:19] "[37mGET /get_ps5 HTTP/1.1[0m" 200 -
[15:41:20] {/usr/local/lib/python3.9/site-packages/werkzeug/_internal.py:113} INFO - 172.17.0.1 - - [19/Feb/2021 15:41:20] "[37mGET /get_ps5 HTTP/1.1[0m" 200 -
[15:41:20] {/usr/local/lib/python3.9/site-packages/werkzeug/_internal.py:113} INFO - 172.17.0.1 - - [19/Feb/2021 15:41:20] "[37mGET /get_ps5 HTTP/1.1[0m" 200 -
[15:41:21] {/usr/local/lib/python3.9/site-packages/werkzeug/_internal.py:113} INFO - 172.17.0.1 - - [19/Feb/2021 15:41:21] "[37mGET /get_ps5 HTTP/1.1[0m" 200 -
[15:41:21] {/usr/local/lib/python3.9/site-packages/werkzeug/_internal.py:113} INFO - 172.17.0.1 - - [19/Feb/2021 15:41:21] "[37mGET /get_ps5 HTTP/1.1[0m" 200 -
[15:41:22] {/usr/local/lib/python3.9/site-packages/werkzeug/_internal.py:113} INFO - 172.17.0.1 - - [19/Feb/2021 15:41:22] "[37mGET /get_ps5 HTTP/1.1[0m" 200 -
[15:41:23] {/usr/local/lib/python3.9/site-packages/werkzeug/_internal.py:113} INFO - 172.17.0.1 - - [19/Feb/2021 15:41:23] "[37mGET /get_ps5 HTTP/1.1[0m" 200 -
[15:41:24] {/usr/local/lib/python3.9/site-packages/werkzeug/_internal.py:113} INFO - 172.17.0.1 - - [19/Feb/2021 15:41:24] "[37mGET /get_ps5 HTTP/1.1[0m" 200 -
[15:41:26] {/usr/local/lib/python3.9/site-packages/werkzeug/_internal.py:113} INFO - 172.17.0.1 - - [19/Feb/2021 15:41:26] "[35m[1mGET /get_ps5 HTTP/1.1[0m" 500 -
[15:41:26] {/usr/local/lib/python3.9/site-packages/werkzeug/_internal.py:113} INFO - 172.17.0.1 - - [19/Feb/2021 15:41:26] "[35m[1mGET /get_ps5 HTTP/1.1[0m" 500 -
[15:41:26] {/usr/local/lib/python3.9/site-packages/werkzeug/_internal.py:113} INFO - 172.17.0.1 - - [19/Feb/2021 15:41:26] "[37mGET /get_ps5 HTTP/1.1[0m" 200 -
[15:41:26] {/usr/local/lib/python3.9/site-packages/werkzeug/_internal.py:113} INFO - 172.17.0.1 - - [19/Feb/2021 15:41:26] "[35m[1mGET /get_ps5 HTTP/1.1[0m" 500 -
[15:41:27] {/usr/local/lib/python3.9/site-packages/werkzeug/_internal.py:113} INFO - 172.17.0.1 - - [19/Feb/2021 15:41:27] "[35m[1mGET /get_ps5 HTTP/1.1[0m" 500 -
[15:41:27] {/usr/local/lib/python3.9/site-packages/werkzeug/_internal.py:113} INFO - 172.17.0.1 - - [19/Feb/2021 15:41:27] "[35m[1mGET /get_pc HTTP/1.1[0m" 500 -
[15:41:27] {/usr/local/lib/python3.9/site-packages/werkzeug/_internal.py:113} INFO - 172.17.0.1 - - [19/Feb/2021 15:41:27] "[35m[1mGET /get_ps5 HTTP/1.1[0m" 500 -
[15:41:28] {/usr/local/lib/python3.9/site-packages/werkzeug/_internal.py:113} INFO - 172.17.0.1 - - [19/Feb/2021 15:41:28] "[35m[1mGET /get_pc HTTP/1.1[0m" 500 -
[15:41:28] {/usr/local/lib/python3.9/site-packages/werkzeug/_internal.py:113} INFO - 172.17.0.1 - - [19/Feb/2021 15:41:28] "[35m[1mGET /get_ps5 HTTP/1.1[0m" 500 -
[15:41:30] {/usr/local/lib/python3.9/site-packages/werkzeug/_internal.py:113} INFO - 172.17.0.1 - - [19/Feb/2021 15:41:30] "[37mGET /get_ps5 HTTP/1.1[0m" 200 -
[15:41:33] {/usr/local/lib/python3.9/site-packages/werkzeug/_internal.py:113} INFO - 172.17.0.1 - - [19/Feb/2021 15:41:33] "[37mGET /get_ps5 HTTP/1.1[0m" 200 -
[15:41:33] {/usr/local/lib/python3.9/site-packages/werkzeug/_internal.py:113} INFO - 172.17.0.1 - - [19/Feb/2021 15:41:33] "[37mGET /get_pc HTTP/1.1[0m" 200 -
[15:41:34] {/usr/local/lib/python3.9/site-packages/werkzeug/_internal.py:113} INFO - 172.17.0.1 - - [19/Feb/2021 15:41:34] "[37mGET /get_ps5 HTTP/1.1[0m" 200 -
[15:41:35] {/usr/local/lib/python3.9/site-packages/werkzeug/_internal.py:113} INFO - 172.17.0.1 - - [19/Feb/2021 15:41:35] "[37mGET /get_pc HTTP/1.1[0m" 200 -
[15:41:38] {/usr/local/lib/python3.9/site-packages/werkzeug/_internal.py:113} INFO - 172.17.0.1 - - [19/Feb/2021 15:41:38] "[37mGET /get_ps5 HTTP/1.1[0m" 200 -
[15:41:42] {/usr/local/lib/python3.9/site-packages/werkzeug/_internal.py:113} INFO - 172.17.0.1 - - [19/Feb/2021 15:41:42] "[37mGET /get_pc HTTP/1.1[0m" 200 -
[15:42:02] {/usr/local/lib/python3.9/site-packages/werkzeug/_internal.py:113} INFO - 172.17.0.1 - - [19/Feb/2021 15:42:02] "[37mGET /get_pc HTTP/1.1[0m" 200 -
[15:42:04] {/usr/local/lib/python3.9/site-packages/werkzeug/_internal.py:113} INFO - 172.17.0.1 - - [19/Feb/2021 15:42:04] "[37mGET /get_ps5 HTTP/1.1[0m" 200 -
[15:42:26] {/usr/local/lib/python3.9/site-packages/werkzeug/_internal.py:113} INFO - 172.17.0.1 - - [19/Feb/2021 15:42:26] "[37mGET /get_pc HTTP/1.1[0m" 200 -
[15:42:26] {/usr/local/lib/python3.9/site-packages/werkzeug/_internal.py:113} INFO - 172.17.0.1 - - [19/Feb/2021 15:42:26] "[37mGET /get_ps5 HTTP/1.1[0m" 200 -
[15:43:46] {/usr/local/lib/python3.9/site-packages/werkzeug/_internal.py:113} INFO - 172.17.0.1 - - [19/Feb/2021 15:43:46] "[37mGET /get_ps5 HTTP/1.1[0m" 200 -
[15:43:46] {/usr/local/lib/python3.9/site-packages/werkzeug/_internal.py:113} INFO - 172.17.0.1 - - [19/Feb/2021 15:43:46] "[37mGET /get_pc HTTP/1.1[0m" 200 -
[15:46:05] {/usr/local/lib/python3.9/site-packages/werkzeug/_internal.py:113} INFO - 172.17.0.1 - - [19/Feb/2021 15:46:05] "[37mGET /get_ps5 HTTP/1.1[0m" 200 -
[15:46:06] {/scrapping/app.py:46} INFO - fetch element in for loop
[15:46:06] {/usr/local/lib/python3.9/site-packages/werkzeug/_internal.py:113} INFO - 172.17.0.1 - - [19/Feb/2021 15:46:06] "[37mGET /get_xbox HTTP/1.1[0m" 200 -
[15:50:25] {/usr/local/lib/python3.9/site-packages/werkzeug/_internal.py:113} INFO - 172.17.0.1 - - [19/Feb/2021 15:50:25] "[37mGET /get_ps5 HTTP/1.1[0m" 200 -
[15:50:26] {/usr/local/lib/python3.9/site-packages/werkzeug/_internal.py:113} INFO - 172.17.0.1 - - [19/Feb/2021 15:50:26] "[37mGET /get_pc HTTP/1.1[0m" 200 -
[15:50:26] {/scrapping/app.py:46} INFO - fetch element in for loop
[15:50:26] {/usr/local/lib/python3.9/site-packages/werkzeug/_internal.py:113} INFO - 172.17.0.1 - - [19/Feb/2021 15:50:26] "[37mGET /get_xbox HTTP/1.1[0m" 200 -
[18:04:38] {/scrapping/app.py:22} INFO - script start
[18:04:38] {/scrapping/app.py:23} INFO - Scrapping element of xbox one page with class from url link jeux videos.com
[18:04:38] {/scrapping/app.py:57} INFO - scrapping element ps5 title in page jeux videos.com 
[18:04:38] {/scrapping/app.py:74} INFO - scrapping element pc title in page jeux videos.com 
[18:04:38] {/scrapping/app.py:91} INFO - end of script
[18:04:39] {/usr/local/lib/python3.9/site-packages/werkzeug/_internal.py:113} INFO -  * Running on http://0.0.0.0:3000/ (Press CTRL+C to quit)
[18:04:39] {/usr/local/lib/python3.9/site-packages/werkzeug/_internal.py:113} INFO -  * Restarting with stat
[18:04:39] {/scrapping/app.py:22} INFO - script start
[18:04:39] {/scrapping/app.py:23} INFO - Scrapping element of xbox one page with class from url link jeux videos.com
[18:04:39] {/scrapping/app.py:57} INFO - scrapping element ps5 title in page jeux videos.com 
[18:04:39] {/scrapping/app.py:74} INFO - scrapping element pc title in page jeux videos.com 
[18:04:39] {/scrapping/app.py:91} INFO - end of script
[18:04:39] {/usr/local/lib/python3.9/site-packages/werkzeug/_internal.py:113} WARNING -  * Debugger is active!
[18:04:39] {/usr/local/lib/python3.9/site-packages/werkzeug/_internal.py:113} INFO -  * Debugger PIN: 253-768-365
[18:05:31] {/usr/local/lib/python3.9/site-packages/werkzeug/_internal.py:113} INFO - 172.17.0.1 - - [19/Feb/2021 18:05:31] "[37mGET /get_ps5 HTTP/1.1[0m" 200 -
[18:05:32] {/scrapping/app.py:46} INFO - fetch element in for loop
[18:05:32] {/usr/local/lib/python3.9/site-packages/werkzeug/_internal.py:113} INFO - 172.17.0.1 - - [19/Feb/2021 18:05:32] "[37mGET /get_xbox HTTP/1.1[0m" 200 -
[18:05:32] {/usr/local/lib/python3.9/site-packages/werkzeug/_internal.py:113} INFO - 172.17.0.1 - - [19/Feb/2021 18:05:32] "[37mGET /get_pc HTTP/1.1[0m" 200 -
[18:09:54] {/usr/local/lib/python3.9/site-packages/werkzeug/_internal.py:113} INFO - 172.17.0.1 - - [19/Feb/2021 18:09:54] "[37mGET /get_ps5 HTTP/1.1[0m" 200 -
[18:09:54] {/usr/local/lib/python3.9/site-packages/werkzeug/_internal.py:113} INFO - 172.17.0.1 - - [19/Feb/2021 18:09:54] "[37mGET /get_pc HTTP/1.1[0m" 200 -
[18:09:55] {/scrapping/app.py:46} INFO - fetch element in for loop
[18:09:55] {/usr/local/lib/python3.9/site-packages/werkzeug/_internal.py:113} INFO - 172.17.0.1 - - [19/Feb/2021 18:09:55] "[37mGET /get_xbox HTTP/1.1[0m" 200 -
[18:10:30] {/usr/local/lib/python3.9/site-packages/werkzeug/_internal.py:113} INFO - 172.17.0.1 - - [19/Feb/2021 18:10:30] "[37mGET /get_ps5 HTTP/1.1[0m" 200 -
[18:10:30] {/usr/local/lib/python3.9/site-packages/werkzeug/_internal.py:113} INFO - 172.17.0.1 - - [19/Feb/2021 18:10:30] "[37mGET /get_pc HTTP/1.1[0m" 200 -
[18:10:30] {/scrapping/app.py:46} INFO - fetch element in for loop
[18:10:30] {/usr/local/lib/python3.9/site-packages/werkzeug/_internal.py:113} INFO - 172.17.0.1 - - [19/Feb/2021 18:10:30] "[37mGET /get_xbox HTTP/1.1[0m" 200 -
[18:11:53] {/usr/local/lib/python3.9/site-packages/werkzeug/_internal.py:113} INFO - 172.17.0.1 - - [19/Feb/2021 18:11:53] "[37mGET /get_ps5 HTTP/1.1[0m" 200 -
[18:11:53] {/scrapping/app.py:46} INFO - fetch element in for loop
[18:11:53] {/usr/local/lib/python3.9/site-packages/werkzeug/_internal.py:113} INFO - 172.17.0.1 - - [19/Feb/2021 18:11:53] "[37mGET /get_xbox HTTP/1.1[0m" 200 -
[18:11:53] {/usr/local/lib/python3.9/site-packages/werkzeug/_internal.py:113} INFO - 172.17.0.1 - - [19/Feb/2021 18:11:53] "[37mGET /get_pc HTTP/1.1[0m" 200 -
[18:12:51] {/scrapping/app.py:46} INFO - fetch element in for loop
[18:12:51] {/usr/local/lib/python3.9/site-packages/werkzeug/_internal.py:113} INFO - 172.17.0.1 - - [19/Feb/2021 18:12:51] "[37mGET /get_xbox HTTP/1.1[0m" 200 -
[18:12:51] {/usr/local/lib/python3.9/site-packages/werkzeug/_internal.py:113} INFO - 172.17.0.1 - - [19/Feb/2021 18:12:51] "[37mGET /get_pc HTTP/1.1[0m" 200 -
[18:12:51] {/usr/local/lib/python3.9/site-packages/werkzeug/_internal.py:113} INFO - 172.17.0.1 - - [19/Feb/2021 18:12:51] "[37mGET /get_ps5 HTTP/1.1[0m" 200 -
[18:13:04] {/scrapping/app.py:22} INFO - script start
[18:13:04] {/scrapping/app.py:23} INFO - Scrapping element of xbox one page with class from url link jeux videos.com
[18:13:04] {/scrapping/app.py:57} INFO - scrapping element ps5 title in page jeux videos.com 
[18:13:04] {/scrapping/app.py:74} INFO - scrapping element pc title in page jeux videos.com 
[18:13:04] {/scrapping/app.py:91} INFO - end of script
[18:13:04] {/usr/local/lib/python3.9/site-packages/werkzeug/_internal.py:113} INFO -  * Running on http://0.0.0.0:3000/ (Press CTRL+C to quit)
[18:13:04] {/usr/local/lib/python3.9/site-packages/werkzeug/_internal.py:113} INFO -  * Restarting with stat
[18:13:05] {/scrapping/app.py:22} INFO - script start
[18:13:05] {/scrapping/app.py:23} INFO - Scrapping element of xbox one page with class from url link jeux videos.com
[18:13:05] {/scrapping/app.py:57} INFO - scrapping element ps5 title in page jeux videos.com 
[18:13:05] {/scrapping/app.py:74} INFO - scrapping element pc title in page jeux videos.com 
[18:13:05] {/scrapping/app.py:91} INFO - end of script
[18:13:05] {/usr/local/lib/python3.9/site-packages/werkzeug/_internal.py:113} WARNING -  * Debugger is active!
[18:13:05] {/usr/local/lib/python3.9/site-packages/werkzeug/_internal.py:113} INFO -  * Debugger PIN: 253-768-365
[18:13:12] {/usr/local/lib/python3.9/site-packages/werkzeug/_internal.py:113} INFO - 172.17.0.1 - - [19/Feb/2021 18:13:12] "[37mGET /get_ps5 HTTP/1.1[0m" 200 -
[18:13:12] {/scrapping/app.py:46} INFO - fetch element in for loop
[18:13:12] {/usr/local/lib/python3.9/site-packages/werkzeug/_internal.py:113} INFO - 172.17.0.1 - - [19/Feb/2021 18:13:12] "[37mGET /get_xbox HTTP/1.1[0m" 200 -
[18:13:12] {/usr/local/lib/python3.9/site-packages/werkzeug/_internal.py:113} INFO - 172.17.0.1 - - [19/Feb/2021 18:13:12] "[37mGET /get_pc HTTP/1.1[0m" 200 -
[18:14:08] {/usr/local/lib/python3.9/site-packages/werkzeug/_internal.py:113} INFO - 172.17.0.1 - - [19/Feb/2021 18:14:08] "[37mGET /get_ps5 HTTP/1.1[0m" 200 -
[18:14:09] {/usr/local/lib/python3.9/site-packages/werkzeug/_internal.py:113} INFO - 172.17.0.1 - - [19/Feb/2021 18:14:09] "[37mGET /get_pc HTTP/1.1[0m" 200 -
[18:14:09] {/scrapping/app.py:46} INFO - fetch element in for loop
[18:14:09] {/usr/local/lib/python3.9/site-packages/werkzeug/_internal.py:113} INFO - 172.17.0.1 - - [19/Feb/2021 18:14:09] "[37mGET /get_xbox HTTP/1.1[0m" 200 -
[18:15:08] {/usr/local/lib/python3.9/site-packages/werkzeug/_internal.py:113} INFO - 172.17.0.1 - - [19/Feb/2021 18:15:08] "[37mGET /get_ps5 HTTP/1.1[0m" 200 -
[18:15:08] {/usr/local/lib/python3.9/site-packages/werkzeug/_internal.py:113} INFO - 172.17.0.1 - - [19/Feb/2021 18:15:08] "[37mGET /get_pc HTTP/1.1[0m" 200 -
[18:15:08] {/scrapping/app.py:46} INFO - fetch element in for loop
[18:15:08] {/usr/local/lib/python3.9/site-packages/werkzeug/_internal.py:113} INFO - 172.17.0.1 - - [19/Feb/2021 18:15:08] "[37mGET /get_xbox HTTP/1.1[0m" 200 -
[18:15:19] {/usr/local/lib/python3.9/site-packages/werkzeug/_internal.py:113} INFO - 172.17.0.1 - - [19/Feb/2021 18:15:19] "[37mGET /get_ps5 HTTP/1.1[0m" 200 -
[18:15:19] {/scrapping/app.py:46} INFO - fetch element in for loop
[18:15:19] {/usr/local/lib/python3.9/site-packages/werkzeug/_internal.py:113} INFO - 172.17.0.1 - - [19/Feb/2021 18:15:19] "[37mGET /get_xbox HTTP/1.1[0m" 200 -
[18:15:19] {/usr/local/lib/python3.9/site-packages/werkzeug/_internal.py:113} INFO - 172.17.0.1 - - [19/Feb/2021 18:15:19] "[37mGET /get_pc HTTP/1.1[0m" 200 -
[18:16:56] {/usr/local/lib/python3.9/site-packages/werkzeug/_internal.py:113} INFO - 172.17.0.1 - - [19/Feb/2021 18:16:56] "[37mGET /get_pc HTTP/1.1[0m" 200 -
[18:16:56] {/scrapping/app.py:46} INFO - fetch element in for loop
[18:16:56] {/usr/local/lib/python3.9/site-packages/werkzeug/_internal.py:113} INFO - 172.17.0.1 - - [19/Feb/2021 18:16:56] "[37mGET /get_xbox HTTP/1.1[0m" 200 -
[18:16:56] {/usr/local/lib/python3.9/site-packages/werkzeug/_internal.py:113} INFO - 172.17.0.1 - - [19/Feb/2021 18:16:56] "[37mGET /get_ps5 HTTP/1.1[0m" 200 -
[18:17:11] {/usr/local/lib/python3.9/site-packages/werkzeug/_internal.py:113} INFO - 172.17.0.1 - - [19/Feb/2021 18:17:11] "[37mGET /get_ps5 HTTP/1.1[0m" 200 -
[18:17:11] {/usr/local/lib/python3.9/site-packages/werkzeug/_internal.py:113} INFO - 172.17.0.1 - - [19/Feb/2021 18:17:11] "[37mGET /get_pc HTTP/1.1[0m" 200 -
[18:17:11] {/scrapping/app.py:46} INFO - fetch element in for loop
[18:17:11] {/usr/local/lib/python3.9/site-packages/werkzeug/_internal.py:113} INFO - 172.17.0.1 - - [19/Feb/2021 18:17:11] "[37mGET /get_xbox HTTP/1.1[0m" 200 -
[18:17:19] {/usr/local/lib/python3.9/site-packages/werkzeug/_internal.py:113} INFO - 172.17.0.1 - - [19/Feb/2021 18:17:19] "[37mGET /get_ps5 HTTP/1.1[0m" 200 -
[18:17:19] {/scrapping/app.py:46} INFO - fetch element in for loop
[18:17:19] {/usr/local/lib/python3.9/site-packages/werkzeug/_internal.py:113} INFO - 172.17.0.1 - - [19/Feb/2021 18:17:19] "[37mGET /get_xbox HTTP/1.1[0m" 200 -
[18:17:19] {/usr/local/lib/python3.9/site-packages/werkzeug/_internal.py:113} INFO - 172.17.0.1 - - [19/Feb/2021 18:17:19] "[37mGET /get_pc HTTP/1.1[0m" 200 -
[18:17:26] {/usr/local/lib/python3.9/site-packages/werkzeug/_internal.py:113} INFO - 172.17.0.1 - - [19/Feb/2021 18:17:26] "[37mGET /get_pc HTTP/1.1[0m" 200 -
[18:17:26] {/usr/local/lib/python3.9/site-packages/werkzeug/_internal.py:113} INFO - 172.17.0.1 - - [19/Feb/2021 18:17:26] "[37mGET /get_ps5 HTTP/1.1[0m" 200 -
[18:17:26] {/scrapping/app.py:46} INFO - fetch element in for loop
[18:17:26] {/usr/local/lib/python3.9/site-packages/werkzeug/_internal.py:113} INFO - 172.17.0.1 - - [19/Feb/2021 18:17:26] "[37mGET /get_xbox HTTP/1.1[0m" 200 -
[18:17:33] {/usr/local/lib/python3.9/site-packages/werkzeug/_internal.py:113} INFO - 172.17.0.1 - - [19/Feb/2021 18:17:33] "[37mGET /get_ps5 HTTP/1.1[0m" 200 -
[18:17:33] {/usr/local/lib/python3.9/site-packages/werkzeug/_internal.py:113} INFO - 172.17.0.1 - - [19/Feb/2021 18:17:33] "[37mGET /get_pc HTTP/1.1[0m" 200 -
[18:17:34] {/scrapping/app.py:46} INFO - fetch element in for loop
[18:17:34] {/usr/local/lib/python3.9/site-packages/werkzeug/_internal.py:113} INFO - 172.17.0.1 - - [19/Feb/2021 18:17:34] "[37mGET /get_xbox HTTP/1.1[0m" 200 -
[18:17:54] {/usr/local/lib/python3.9/site-packages/werkzeug/_internal.py:113} INFO - 172.17.0.1 - - [19/Feb/2021 18:17:54] "[37mGET /get_ps5 HTTP/1.1[0m" 200 -
[18:17:54] {/scrapping/app.py:46} INFO - fetch element in for loop
[18:17:54] {/usr/local/lib/python3.9/site-packages/werkzeug/_internal.py:113} INFO - 172.17.0.1 - - [19/Feb/2021 18:17:54] "[37mGET /get_xbox HTTP/1.1[0m" 200 -
[18:17:54] {/usr/local/lib/python3.9/site-packages/werkzeug/_internal.py:113} INFO - 172.17.0.1 - - [19/Feb/2021 18:17:54] "[37mGET /get_pc HTTP/1.1[0m" 200 -
[18:19:25] {/usr/local/lib/python3.9/site-packages/werkzeug/_internal.py:113} INFO - 172.17.0.1 - - [19/Feb/2021 18:19:25] "[37mGET /get_ps5 HTTP/1.1[0m" 200 -
[18:19:25] {/usr/local/lib/python3.9/site-packages/werkzeug/_internal.py:113} INFO - 172.17.0.1 - - [19/Feb/2021 18:19:25] "[37mGET /get_pc HTTP/1.1[0m" 200 -
[18:19:25] {/scrapping/app.py:46} INFO - fetch element in for loop
[18:19:25] {/usr/local/lib/python3.9/site-packages/werkzeug/_internal.py:113} INFO - 172.17.0.1 - - [19/Feb/2021 18:19:25] "[37mGET /get_xbox HTTP/1.1[0m" 200 -
[18:20:27] {/scrapping/app.py:46} INFO - fetch element in for loop
[18:20:27] {/usr/local/lib/python3.9/site-packages/werkzeug/_internal.py:113} INFO - 172.17.0.1 - - [19/Feb/2021 18:20:27] "[37mGET /get_xbox HTTP/1.1[0m" 200 -
[18:20:27] {/usr/local/lib/python3.9/site-packages/werkzeug/_internal.py:113} INFO - 172.17.0.1 - - [19/Feb/2021 18:20:27] "[33mGET /favicon.ico HTTP/1.1[0m" 404 -
[18:21:15] {/scrapping/app.py:46} INFO - fetch element in for loop
[18:21:15] {/usr/local/lib/python3.9/site-packages/werkzeug/_internal.py:113} INFO - 172.17.0.1 - - [19/Feb/2021 18:21:15] "[37mGET /get_xbox HTTP/1.1[0m" 200 -
[18:21:15] {/usr/local/lib/python3.9/site-packages/werkzeug/_internal.py:113} INFO - 172.17.0.1 - - [19/Feb/2021 18:21:15] "[37mGET /get_ps5 HTTP/1.1[0m" 200 -
[18:21:15] {/usr/local/lib/python3.9/site-packages/werkzeug/_internal.py:113} INFO - 172.17.0.1 - - [19/Feb/2021 18:21:15] "[37mGET /get_pc HTTP/1.1[0m" 200 -
[18:22:38] {/usr/local/lib/python3.9/site-packages/werkzeug/_internal.py:113} INFO - 172.17.0.1 - - [19/Feb/2021 18:22:38] "[37mGET /get_ps5 HTTP/1.1[0m" 200 -
[18:22:38] {/usr/local/lib/python3.9/site-packages/werkzeug/_internal.py:113} INFO - 172.17.0.1 - - [19/Feb/2021 18:22:38] "[37mGET /get_pc HTTP/1.1[0m" 200 -
[18:22:38] {/scrapping/app.py:46} INFO - fetch element in for loop
[18:22:38] {/usr/local/lib/python3.9/site-packages/werkzeug/_internal.py:113} INFO - 172.17.0.1 - - [19/Feb/2021 18:22:38] "[37mGET /get_xbox HTTP/1.1[0m" 200 -
[18:23:07] {/usr/local/lib/python3.9/site-packages/werkzeug/_internal.py:113} INFO - 172.17.0.1 - - [19/Feb/2021 18:23:07] "[37mGET /get_pc HTTP/1.1[0m" 200 -
[18:23:07] {/usr/local/lib/python3.9/site-packages/werkzeug/_internal.py:113} INFO - 172.17.0.1 - - [19/Feb/2021 18:23:07] "[37mGET /get_ps5 HTTP/1.1[0m" 200 -
[18:23:07] {/scrapping/app.py:46} INFO - fetch element in for loop
[18:23:07] {/usr/local/lib/python3.9/site-packages/werkzeug/_internal.py:113} INFO - 172.17.0.1 - - [19/Feb/2021 18:23:07] "[37mGET /get_xbox HTTP/1.1[0m" 200 -
[18:24:33] {/usr/local/lib/python3.9/site-packages/werkzeug/_internal.py:113} INFO - 172.17.0.1 - - [19/Feb/2021 18:24:33] "[37mGET /get_ps5 HTTP/1.1[0m" 200 -
[18:24:33] {/usr/local/lib/python3.9/site-packages/werkzeug/_internal.py:113} INFO - 172.17.0.1 - - [19/Feb/2021 18:24:33] "[37mGET /get_pc HTTP/1.1[0m" 200 -
[18:24:33] {/scrapping/app.py:46} INFO - fetch element in for loop
[18:24:34] {/usr/local/lib/python3.9/site-packages/werkzeug/_internal.py:113} INFO - 172.17.0.1 - - [19/Feb/2021 18:24:34] "[37mGET /get_xbox HTTP/1.1[0m" 200 -
[18:24:38] {/usr/local/lib/python3.9/site-packages/werkzeug/_internal.py:113} INFO - 172.17.0.1 - - [19/Feb/2021 18:24:38] "[37mGET /get_ps5 HTTP/1.1[0m" 200 -
[18:24:38] {/scrapping/app.py:46} INFO - fetch element in for loop
[18:24:38] {/usr/local/lib/python3.9/site-packages/werkzeug/_internal.py:113} INFO - 172.17.0.1 - - [19/Feb/2021 18:24:38] "[37mGET /get_xbox HTTP/1.1[0m" 200 -
[18:24:38] {/usr/local/lib/python3.9/site-packages/werkzeug/_internal.py:113} INFO - 172.17.0.1 - - [19/Feb/2021 18:24:38] "[37mGET /get_ps5 HTTP/1.1[0m" 200 -
[18:24:38] {/scrapping/app.py:46} INFO - fetch element in for loop
[18:24:38] {/usr/local/lib/python3.9/site-packages/werkzeug/_internal.py:113} INFO - 172.17.0.1 - - [19/Feb/2021 18:24:38] "[37mGET /get_xbox HTTP/1.1[0m" 200 -
[18:24:38] {/usr/local/lib/python3.9/site-packages/werkzeug/_internal.py:113} INFO - 172.17.0.1 - - [19/Feb/2021 18:24:38] "[37mGET /get_pc HTTP/1.1[0m" 200 -
[18:24:38] {/usr/local/lib/python3.9/site-packages/werkzeug/_internal.py:113} INFO - 172.17.0.1 - - [19/Feb/2021 18:24:38] "[37mGET /get_pc HTTP/1.1[0m" 200 -
[18:25:44] {/usr/local/lib/python3.9/site-packages/werkzeug/_internal.py:113} INFO - 172.17.0.1 - - [19/Feb/2021 18:25:44] "[37mGET /get_ps5 HTTP/1.1[0m" 200 -
[18:25:44] {/scrapping/app.py:46} INFO - fetch element in for loop
[18:25:44] {/usr/local/lib/python3.9/site-packages/werkzeug/_internal.py:113} INFO - 172.17.0.1 - - [19/Feb/2021 18:25:44] "[37mGET /get_xbox HTTP/1.1[0m" 200 -
[18:25:44] {/usr/local/lib/python3.9/site-packages/werkzeug/_internal.py:113} INFO - 172.17.0.1 - - [19/Feb/2021 18:25:44] "[37mGET /get_pc HTTP/1.1[0m" 200 -
[18:29:58] {/usr/local/lib/python3.9/site-packages/werkzeug/_internal.py:113} INFO - 172.17.0.1 - - [19/Feb/2021 18:29:58] "[37mGET /get_pc HTTP/1.1[0m" 200 -
[18:29:59] {/scrapping/app.py:46} INFO - fetch element in for loop
[18:29:59] {/usr/local/lib/python3.9/site-packages/werkzeug/_internal.py:113} INFO - 172.17.0.1 - - [19/Feb/2021 18:29:59] "[37mGET /get_xbox HTTP/1.1[0m" 200 -
[18:29:59] {/usr/local/lib/python3.9/site-packages/werkzeug/_internal.py:113} INFO - 172.17.0.1 - - [19/Feb/2021 18:29:59] "[37mGET /get_ps5 HTTP/1.1[0m" 200 -
[18:31:27] {/usr/local/lib/python3.9/site-packages/werkzeug/_internal.py:113} INFO - 172.17.0.1 - - [19/Feb/2021 18:31:27] "[37mGET /get_ps5 HTTP/1.1[0m" 200 -
[18:31:27] {/usr/local/lib/python3.9/site-packages/werkzeug/_internal.py:113} INFO - 172.17.0.1 - - [19/Feb/2021 18:31:27] "[37mGET /get_pc HTTP/1.1[0m" 200 -
[18:31:27] {/scrapping/app.py:46} INFO - fetch element in for loop
[18:31:27] {/usr/local/lib/python3.9/site-packages/werkzeug/_internal.py:113} INFO - 172.17.0.1 - - [19/Feb/2021 18:31:27] "[37mGET /get_xbox HTTP/1.1[0m" 200 -
[18:32:43] {/usr/local/lib/python3.9/site-packages/werkzeug/_internal.py:113} INFO - 172.17.0.1 - - [19/Feb/2021 18:32:43] "[37mGET /get_ps5 HTTP/1.1[0m" 200 -
[18:32:43] {/usr/local/lib/python3.9/site-packages/werkzeug/_internal.py:113} INFO - 172.17.0.1 - - [19/Feb/2021 18:32:43] "[37mGET /get_pc HTTP/1.1[0m" 200 -
[18:32:43] {/scrapping/app.py:46} INFO - fetch element in for loop
[18:32:43] {/usr/local/lib/python3.9/site-packages/werkzeug/_internal.py:113} INFO - 172.17.0.1 - - [19/Feb/2021 18:32:43] "[37mGET /get_xbox HTTP/1.1[0m" 200 -
[18:33:06] {/usr/local/lib/python3.9/site-packages/werkzeug/_internal.py:113} INFO - 172.17.0.1 - - [19/Feb/2021 18:33:06] "[37mGET /get_ps5 HTTP/1.1[0m" 200 -
[18:33:06] {/scrapping/app.py:46} INFO - fetch element in for loop
[18:33:06] {/usr/local/lib/python3.9/site-packages/werkzeug/_internal.py:113} INFO - 172.17.0.1 - - [19/Feb/2021 18:33:06] "[37mGET /get_xbox HTTP/1.1[0m" 200 -
[18:33:06] {/usr/local/lib/python3.9/site-packages/werkzeug/_internal.py:113} INFO - 172.17.0.1 - - [19/Feb/2021 18:33:06] "[37mGET /get_pc HTTP/1.1[0m" 200 -
[18:33:08] {/usr/local/lib/python3.9/site-packages/werkzeug/_internal.py:113} INFO - 172.17.0.1 - - [19/Feb/2021 18:33:08] "[37mGET /get_ps5 HTTP/1.1[0m" 200 -
[18:33:08] {/usr/local/lib/python3.9/site-packages/werkzeug/_internal.py:113} INFO - 172.17.0.1 - - [19/Feb/2021 18:33:08] "[37mGET /get_pc HTTP/1.1[0m" 200 -
[18:33:08] {/scrapping/app.py:46} INFO - fetch element in for loop
[18:33:08] {/usr/local/lib/python3.9/site-packages/werkzeug/_internal.py:113} INFO - 172.17.0.1 - - [19/Feb/2021 18:33:08] "[37mGET /get_xbox HTTP/1.1[0m" 200 -
[18:33:36] {/usr/local/lib/python3.9/site-packages/werkzeug/_internal.py:113} INFO - 172.17.0.1 - - [19/Feb/2021 18:33:36] "[37mGET /get_ps5 HTTP/1.1[0m" 200 -
[18:33:37] {/scrapping/app.py:46} INFO - fetch element in for loop
[18:33:37] {/usr/local/lib/python3.9/site-packages/werkzeug/_internal.py:113} INFO - 172.17.0.1 - - [19/Feb/2021 18:33:37] "[37mGET /get_xbox HTTP/1.1[0m" 200 -
[18:33:37] {/usr/local/lib/python3.9/site-packages/werkzeug/_internal.py:113} INFO - 172.17.0.1 - - [19/Feb/2021 18:33:37] "[37mGET /get_pc HTTP/1.1[0m" 200 -
[18:33:46] {/usr/local/lib/python3.9/site-packages/werkzeug/_internal.py:113} INFO - 172.17.0.1 - - [19/Feb/2021 18:33:46] "[37mGET /get_ps5 HTTP/1.1[0m" 200 -
[18:33:46] {/usr/local/lib/python3.9/site-packages/werkzeug/_internal.py:113} INFO - 172.17.0.1 - - [19/Feb/2021 18:33:46] "[37mGET /get_pc HTTP/1.1[0m" 200 -
[18:33:46] {/scrapping/app.py:46} INFO - fetch element in for loop
[18:33:46] {/usr/local/lib/python3.9/site-packages/werkzeug/_internal.py:113} INFO - 172.17.0.1 - - [19/Feb/2021 18:33:46] "[37mGET /get_xbox HTTP/1.1[0m" 200 -
[18:33:53] {/usr/local/lib/python3.9/site-packages/werkzeug/_internal.py:113} INFO - 172.17.0.1 - - [19/Feb/2021 18:33:53] "[37mGET /get_ps5 HTTP/1.1[0m" 200 -
[18:33:53] {/usr/local/lib/python3.9/site-packages/werkzeug/_internal.py:113} INFO - 172.17.0.1 - - [19/Feb/2021 18:33:53] "[37mGET /get_ps5 HTTP/1.1[0m" 200 -
[18:33:54] {/scrapping/app.py:46} INFO - fetch element in for loop
[18:33:54] {/usr/local/lib/python3.9/site-packages/werkzeug/_internal.py:113} INFO - 172.17.0.1 - - [19/Feb/2021 18:33:54] "[37mGET /get_xbox HTTP/1.1[0m" 200 -
[18:33:54] {/usr/local/lib/python3.9/site-packages/werkzeug/_internal.py:113} INFO - 172.17.0.1 - - [19/Feb/2021 18:33:54] "[37mGET /get_ps5 HTTP/1.1[0m" 200 -
[18:33:54] {/usr/local/lib/python3.9/site-packages/werkzeug/_internal.py:113} INFO - 172.17.0.1 - - [19/Feb/2021 18:33:54] "[37mGET /get_ps5 HTTP/1.1[0m" 200 -
[18:33:54] {/usr/local/lib/python3.9/site-packages/werkzeug/_internal.py:113} INFO - 172.17.0.1 - - [19/Feb/2021 18:33:54] "[37mGET /get_pc HTTP/1.1[0m" 200 -
[18:33:54] {/usr/local/lib/python3.9/site-packages/werkzeug/_internal.py:113} INFO - 172.17.0.1 - - [19/Feb/2021 18:33:54] "[37mGET /get_pc HTTP/1.1[0m" 200 -
[18:33:54] {/usr/local/lib/python3.9/site-packages/werkzeug/_internal.py:113} INFO - 172.17.0.1 - - [19/Feb/2021 18:33:54] "[37mGET /get_pc HTTP/1.1[0m" 200 -
[18:33:54] {/usr/local/lib/python3.9/site-packages/werkzeug/_internal.py:113} INFO - 172.17.0.1 - - [19/Feb/2021 18:33:54] "[37mGET /get_pc HTTP/1.1[0m" 200 -
[18:33:54] {/scrapping/app.py:46} INFO - fetch element in for loop
[18:33:54] {/usr/local/lib/python3.9/site-packages/werkzeug/_internal.py:113} INFO - 172.17.0.1 - - [19/Feb/2021 18:33:54] "[37mGET /get_ps5 HTTP/1.1[0m" 200 -
[18:33:54] {/usr/local/lib/python3.9/site-packages/werkzeug/_internal.py:113} INFO - 172.17.0.1 - - [19/Feb/2021 18:33:54] "[37mGET /get_xbox HTTP/1.1[0m" 200 -
[18:33:54] {/scrapping/app.py:46} INFO - fetch element in for loop
[18:33:54] {/scrapping/app.py:46} INFO - fetch element in for loop
[18:33:54] {/usr/local/lib/python3.9/site-packages/werkzeug/_internal.py:113} INFO - 172.17.0.1 - - [19/Feb/2021 18:33:54] "[37mGET /get_pc HTTP/1.1[0m" 200 -
[18:33:54] {/usr/local/lib/python3.9/site-packages/werkzeug/_internal.py:113} INFO - 172.17.0.1 - - [19/Feb/2021 18:33:54] "[37mGET /get_xbox HTTP/1.1[0m" 200 -
[18:33:54] {/usr/local/lib/python3.9/site-packages/werkzeug/_internal.py:113} INFO - 172.17.0.1 - - [19/Feb/2021 18:33:54] "[37mGET /get_xbox HTTP/1.1[0m" 200 -
[18:33:54] {/scrapping/app.py:46} INFO - fetch element in for loop
[18:33:54] {/usr/local/lib/python3.9/site-packages/werkzeug/_internal.py:113} INFO - 172.17.0.1 - - [19/Feb/2021 18:33:54] "[37mGET /get_xbox HTTP/1.1[0m" 200 -
[18:34:10] {/scrapping/app.py:22} INFO - script start
[18:34:10] {/scrapping/app.py:23} INFO - Scrapping element of xbox one page with class from url link jeux videos.com
[18:34:10] {/scrapping/app.py:57} INFO - scrapping element ps5 title in page jeux videos.com 
[18:34:10] {/scrapping/app.py:74} INFO - scrapping element pc title in page jeux videos.com 
[18:34:10] {/scrapping/app.py:91} INFO - end of script
[18:34:10] {/usr/local/lib/python3.9/site-packages/werkzeug/_internal.py:113} INFO -  * Running on http://0.0.0.0:3000/ (Press CTRL+C to quit)
[18:34:10] {/usr/local/lib/python3.9/site-packages/werkzeug/_internal.py:113} INFO -  * Restarting with stat
[18:34:11] {/scrapping/app.py:22} INFO - script start
[18:34:11] {/scrapping/app.py:23} INFO - Scrapping element of xbox one page with class from url link jeux videos.com
[18:34:11] {/scrapping/app.py:57} INFO - scrapping element ps5 title in page jeux videos.com 
[18:34:11] {/scrapping/app.py:74} INFO - scrapping element pc title in page jeux videos.com 
[18:34:11] {/scrapping/app.py:91} INFO - end of script
[18:34:11] {/usr/local/lib/python3.9/site-packages/werkzeug/_internal.py:113} WARNING -  * Debugger is active!
[18:34:11] {/usr/local/lib/python3.9/site-packages/werkzeug/_internal.py:113} INFO -  * Debugger PIN: 253-768-365
[18:34:14] {/usr/local/lib/python3.9/site-packages/werkzeug/_internal.py:113} INFO - 172.17.0.1 - - [19/Feb/2021 18:34:14] "[37mGET /get_ps5 HTTP/1.1[0m" 200 -
[18:34:14] {/scrapping/app.py:46} INFO - fetch element in for loop
[18:34:14] {/usr/local/lib/python3.9/site-packages/werkzeug/_internal.py:113} INFO - 172.17.0.1 - - [19/Feb/2021 18:34:14] "[37mGET /get_xbox HTTP/1.1[0m" 200 -
[18:34:14] {/usr/local/lib/python3.9/site-packages/werkzeug/_internal.py:113} INFO - 172.17.0.1 - - [19/Feb/2021 18:34:14] "[37mGET /get_pc HTTP/1.1[0m" 200 -
[18:34:16] {/usr/local/lib/python3.9/site-packages/werkzeug/_internal.py:113} INFO - 172.17.0.1 - - [19/Feb/2021 18:34:16] "[37mGET /get_ps5 HTTP/1.1[0m" 200 -
[18:34:16] {/usr/local/lib/python3.9/site-packages/werkzeug/_internal.py:113} INFO - 172.17.0.1 - - [19/Feb/2021 18:34:16] "[37mGET /get_pc HTTP/1.1[0m" 200 -
[18:34:16] {/scrapping/app.py:46} INFO - fetch element in for loop
[18:34:16] {/usr/local/lib/python3.9/site-packages/werkzeug/_internal.py:113} INFO - 172.17.0.1 - - [19/Feb/2021 18:34:16] "[37mGET /get_xbox HTTP/1.1[0m" 200 -
[18:34:44] {/usr/local/lib/python3.9/site-packages/werkzeug/_internal.py:113} INFO - 172.17.0.1 - - [19/Feb/2021 18:34:44] "[37mGET /get_ps5 HTTP/1.1[0m" 200 -
[18:34:44] {/scrapping/app.py:46} INFO - fetch element in for loop
[18:34:44] {/usr/local/lib/python3.9/site-packages/werkzeug/_internal.py:113} INFO - 172.17.0.1 - - [19/Feb/2021 18:34:44] "[37mGET /get_xbox HTTP/1.1[0m" 200 -
[18:34:44] {/usr/local/lib/python3.9/site-packages/werkzeug/_internal.py:113} INFO - 172.17.0.1 - - [19/Feb/2021 18:34:44] "[37mGET /get_pc HTTP/1.1[0m" 200 -
[18:34:45] {/usr/local/lib/python3.9/site-packages/werkzeug/_internal.py:113} INFO - 172.17.0.1 - - [19/Feb/2021 18:34:45] "[37mGET /get_ps5 HTTP/1.1[0m" 200 -
[18:34:45] {/usr/local/lib/python3.9/site-packages/werkzeug/_internal.py:113} INFO - 172.17.0.1 - - [19/Feb/2021 18:34:45] "[37mGET /get_pc HTTP/1.1[0m" 200 -
[18:34:45] {/scrapping/app.py:46} INFO - fetch element in for loop
[18:34:45] {/usr/local/lib/python3.9/site-packages/werkzeug/_internal.py:113} INFO - 172.17.0.1 - - [19/Feb/2021 18:34:45] "[37mGET /get_xbox HTTP/1.1[0m" 200 -
[18:34:46] {/usr/local/lib/python3.9/site-packages/werkzeug/_internal.py:113} INFO - 172.17.0.1 - - [19/Feb/2021 18:34:46] "[37mGET /get_ps5 HTTP/1.1[0m" 200 -
[18:34:47] {/usr/local/lib/python3.9/site-packages/werkzeug/_internal.py:113} INFO - 172.17.0.1 - - [19/Feb/2021 18:34:47] "[37mGET /get_pc HTTP/1.1[0m" 200 -
[18:34:47] {/usr/local/lib/python3.9/site-packages/werkzeug/_internal.py:113} INFO - 172.17.0.1 - - [19/Feb/2021 18:34:47] "[37mGET /get_pc HTTP/1.1[0m" 200 -
[18:34:47] {/usr/local/lib/python3.9/site-packages/werkzeug/_internal.py:113} INFO - 172.17.0.1 - - [19/Feb/2021 18:34:47] "[37mGET /get_pc HTTP/1.1[0m" 200 -
[18:34:47] {/scrapping/app.py:46} INFO - fetch element in for loop
[18:34:47] {/scrapping/app.py:46} INFO - fetch element in for loop
[18:34:47] {/usr/local/lib/python3.9/site-packages/werkzeug/_internal.py:113} INFO - 172.17.0.1 - - [19/Feb/2021 18:34:47] "[37mGET /get_xbox HTTP/1.1[0m" 200 -
[18:34:47] {/usr/local/lib/python3.9/site-packages/werkzeug/_internal.py:113} INFO - 172.17.0.1 - - [19/Feb/2021 18:34:47] "[37mGET /get_ps5 HTTP/1.1[0m" 200 -
[18:34:47] {/usr/local/lib/python3.9/site-packages/werkzeug/_internal.py:113} INFO - 172.17.0.1 - - [19/Feb/2021 18:34:47] "[37mGET /get_xbox HTTP/1.1[0m" 200 -
[18:34:47] {/usr/local/lib/python3.9/site-packages/werkzeug/_internal.py:113} INFO - 172.17.0.1 - - [19/Feb/2021 18:34:47] "[37mGET /get_ps5 HTTP/1.1[0m" 200 -
[18:34:47] {/scrapping/app.py:46} INFO - fetch element in for loop
[18:34:47] {/usr/local/lib/python3.9/site-packages/werkzeug/_internal.py:113} INFO - 172.17.0.1 - - [19/Feb/2021 18:34:47] "[37mGET /get_xbox HTTP/1.1[0m" 200 -
[18:36:11] {/usr/local/lib/python3.9/site-packages/werkzeug/_internal.py:113} INFO - 172.17.0.1 - - [19/Feb/2021 18:36:11] "[37mGET /get_ps5 HTTP/1.1[0m" 200 -
[18:36:11] {/usr/local/lib/python3.9/site-packages/werkzeug/_internal.py:113} INFO - 172.17.0.1 - - [19/Feb/2021 18:36:11] "[37mGET /get_pc HTTP/1.1[0m" 200 -
[18:36:11] {/scrapping/app.py:46} INFO - fetch element in for loop
[18:36:11] {/usr/local/lib/python3.9/site-packages/werkzeug/_internal.py:113} INFO - 172.17.0.1 - - [19/Feb/2021 18:36:11] "[37mGET /get_xbox HTTP/1.1[0m" 200 -
[18:36:13] {/usr/local/lib/python3.9/site-packages/werkzeug/_internal.py:113} INFO - 172.17.0.1 - - [19/Feb/2021 18:36:13] "[37mGET /get_ps5 HTTP/1.1[0m" 200 -
[18:36:13] {/scrapping/app.py:46} INFO - fetch element in for loop
[18:36:13] {/usr/local/lib/python3.9/site-packages/werkzeug/_internal.py:113} INFO - 172.17.0.1 - - [19/Feb/2021 18:36:13] "[37mGET /get_pc HTTP/1.1[0m" 200 -
[18:36:13] {/usr/local/lib/python3.9/site-packages/werkzeug/_internal.py:113} INFO - 172.17.0.1 - - [19/Feb/2021 18:36:13] "[37mGET /get_xbox HTTP/1.1[0m" 200 -
[18:36:26] {/usr/local/lib/python3.9/site-packages/werkzeug/_internal.py:113} INFO - 172.17.0.1 - - [19/Feb/2021 18:36:26] "[37mGET /get_ps5 HTTP/1.1[0m" 200 -
[18:36:26] {/usr/local/lib/python3.9/site-packages/werkzeug/_internal.py:113} INFO - 172.17.0.1 - - [19/Feb/2021 18:36:26] "[37mGET /get_pc HTTP/1.1[0m" 200 -
[18:36:26] {/scrapping/app.py:46} INFO - fetch element in for loop
[18:36:26] {/usr/local/lib/python3.9/site-packages/werkzeug/_internal.py:113} INFO - 172.17.0.1 - - [19/Feb/2021 18:36:26] "[37mGET /get_xbox HTTP/1.1[0m" 200 -
[18:36:45] {/usr/local/lib/python3.9/site-packages/werkzeug/_internal.py:113} INFO - 172.17.0.1 - - [19/Feb/2021 18:36:45] "[37mGET /get_ps5 HTTP/1.1[0m" 200 -
[18:36:45] {/scrapping/app.py:46} INFO - fetch element in for loop
[18:36:45] {/usr/local/lib/python3.9/site-packages/werkzeug/_internal.py:113} INFO - 172.17.0.1 - - [19/Feb/2021 18:36:45] "[37mGET /get_xbox HTTP/1.1[0m" 200 -
[18:36:45] {/usr/local/lib/python3.9/site-packages/werkzeug/_internal.py:113} INFO - 172.17.0.1 - - [19/Feb/2021 18:36:45] "[37mGET /get_pc HTTP/1.1[0m" 200 -
[18:36:47] {/usr/local/lib/python3.9/site-packages/werkzeug/_internal.py:113} INFO - 172.17.0.1 - - [19/Feb/2021 18:36:47] "[37mGET /get_ps5 HTTP/1.1[0m" 200 -
[18:36:47] {/scrapping/app.py:46} INFO - fetch element in for loop
[18:36:47] {/usr/local/lib/python3.9/site-packages/werkzeug/_internal.py:113} INFO - 172.17.0.1 - - [19/Feb/2021 18:36:47] "[37mGET /get_xbox HTTP/1.1[0m" 200 -
[18:36:47] {/usr/local/lib/python3.9/site-packages/werkzeug/_internal.py:113} INFO - 172.17.0.1 - - [19/Feb/2021 18:36:47] "[37mGET /get_pc HTTP/1.1[0m" 200 -
[18:37:30] {/usr/local/lib/python3.9/site-packages/werkzeug/_internal.py:113} INFO - 172.17.0.1 - - [19/Feb/2021 18:37:30] "[37mGET /get_ps5 HTTP/1.1[0m" 200 -
[18:37:31] {/scrapping/app.py:46} INFO - fetch element in for loop
[18:37:31] {/usr/local/lib/python3.9/site-packages/werkzeug/_internal.py:113} INFO - 172.17.0.1 - - [19/Feb/2021 18:37:31] "[37mGET /get_xbox HTTP/1.1[0m" 200 -
[18:37:31] {/usr/local/lib/python3.9/site-packages/werkzeug/_internal.py:113} INFO - 172.17.0.1 - - [19/Feb/2021 18:37:31] "[37mGET /get_pc HTTP/1.1[0m" 200 -
[18:38:39] {/usr/local/lib/python3.9/site-packages/werkzeug/_internal.py:113} INFO - 172.17.0.1 - - [19/Feb/2021 18:38:39] "[37mGET /get_pc HTTP/1.1[0m" 200 -
[18:39:12] {/usr/local/lib/python3.9/site-packages/werkzeug/_internal.py:113} INFO - 172.17.0.1 - - [19/Feb/2021 18:39:12] "[37mGET /get_ps5 HTTP/1.1[0m" 200 -
[18:39:12] {/scrapping/app.py:46} INFO - fetch element in for loop
[18:39:12] {/usr/local/lib/python3.9/site-packages/werkzeug/_internal.py:113} INFO - 172.17.0.1 - - [19/Feb/2021 18:39:12] "[37mGET /get_xbox HTTP/1.1[0m" 200 -
[18:39:12] {/usr/local/lib/python3.9/site-packages/werkzeug/_internal.py:113} INFO - 172.17.0.1 - - [19/Feb/2021 18:39:12] "[37mGET /get_pc HTTP/1.1[0m" 200 -
[18:39:20] {/scrapping/app.py:46} INFO - fetch element in for loop
[18:39:20] {/usr/local/lib/python3.9/site-packages/werkzeug/_internal.py:113} INFO - 172.17.0.1 - - [19/Feb/2021 18:39:20] "[37mGET /get_xbox HTTP/1.1[0m" 200 -
[18:39:20] {/usr/local/lib/python3.9/site-packages/werkzeug/_internal.py:113} INFO - 172.17.0.1 - - [19/Feb/2021 18:39:20] "[37mGET /get_ps5 HTTP/1.1[0m" 200 -
[18:39:20] {/usr/local/lib/python3.9/site-packages/werkzeug/_internal.py:113} INFO - 172.17.0.1 - - [19/Feb/2021 18:39:20] "[37mGET /get_pc HTTP/1.1[0m" 200 -
[18:39:39] {/usr/local/lib/python3.9/site-packages/werkzeug/_internal.py:113} INFO - 172.17.0.1 - - [19/Feb/2021 18:39:39] "[37mGET /get_pc HTTP/1.1[0m" 200 -
[18:39:39] {/scrapping/app.py:46} INFO - fetch element in for loop
[18:39:39] {/usr/local/lib/python3.9/site-packages/werkzeug/_internal.py:113} INFO - 172.17.0.1 - - [19/Feb/2021 18:39:39] "[37mGET /get_xbox HTTP/1.1[0m" 200 -
[18:39:39] {/usr/local/lib/python3.9/site-packages/werkzeug/_internal.py:113} INFO - 172.17.0.1 - - [19/Feb/2021 18:39:39] "[37mGET /get_ps5 HTTP/1.1[0m" 200 -
[18:39:57] {/usr/local/lib/python3.9/site-packages/werkzeug/_internal.py:113} INFO - 172.17.0.1 - - [19/Feb/2021 18:39:57] "[37mGET /get_ps5 HTTP/1.1[0m" 200 -
[18:39:57] {/usr/local/lib/python3.9/site-packages/werkzeug/_internal.py:113} INFO - 172.17.0.1 - - [19/Feb/2021 18:39:57] "[37mGET /get_pc HTTP/1.1[0m" 200 -
[18:39:57] {/scrapping/app.py:46} INFO - fetch element in for loop
[18:39:57] {/usr/local/lib/python3.9/site-packages/werkzeug/_internal.py:113} INFO - 172.17.0.1 - - [19/Feb/2021 18:39:57] "[37mGET /get_xbox HTTP/1.1[0m" 200 -
[18:40:06] {/usr/local/lib/python3.9/site-packages/werkzeug/_internal.py:113} INFO - 172.17.0.1 - - [19/Feb/2021 18:40:06] "[37mGET /get_ps5 HTTP/1.1[0m" 200 -
[18:40:06] {/usr/local/lib/python3.9/site-packages/werkzeug/_internal.py:113} INFO - 172.17.0.1 - - [19/Feb/2021 18:40:06] "[37mGET /get_pc HTTP/1.1[0m" 200 -
[18:40:06] {/scrapping/app.py:46} INFO - fetch element in for loop
[18:40:06] {/usr/local/lib/python3.9/site-packages/werkzeug/_internal.py:113} INFO - 172.17.0.1 - - [19/Feb/2021 18:40:06] "[37mGET /get_xbox HTTP/1.1[0m" 200 -
[18:40:22] {/usr/local/lib/python3.9/site-packages/werkzeug/_internal.py:113} INFO - 172.17.0.1 - - [19/Feb/2021 18:40:22] "[37mGET /get_ps5 HTTP/1.1[0m" 200 -
[18:40:22] {/scrapping/app.py:46} INFO - fetch element in for loop
[18:40:22] {/usr/local/lib/python3.9/site-packages/werkzeug/_internal.py:113} INFO - 172.17.0.1 - - [19/Feb/2021 18:40:22] "[37mGET /get_xbox HTTP/1.1[0m" 200 -
[18:40:22] {/usr/local/lib/python3.9/site-packages/werkzeug/_internal.py:113} INFO - 172.17.0.1 - - [19/Feb/2021 18:40:22] "[37mGET /get_pc HTTP/1.1[0m" 200 -
[18:40:33] {/usr/local/lib/python3.9/site-packages/werkzeug/_internal.py:113} INFO - 172.17.0.1 - - [19/Feb/2021 18:40:33] "[37mGET /get_ps5 HTTP/1.1[0m" 200 -
[18:40:33] {/usr/local/lib/python3.9/site-packages/werkzeug/_internal.py:113} INFO - 172.17.0.1 - - [19/Feb/2021 18:40:33] "[37mGET /get_pc HTTP/1.1[0m" 200 -
[18:40:33] {/scrapping/app.py:46} INFO - fetch element in for loop
[18:40:33] {/usr/local/lib/python3.9/site-packages/werkzeug/_internal.py:113} INFO - 172.17.0.1 - - [19/Feb/2021 18:40:33] "[37mGET /get_xbox HTTP/1.1[0m" 200 -
[18:40:45] {/scrapping/app.py:46} INFO - fetch element in for loop
[18:40:45] {/usr/local/lib/python3.9/site-packages/werkzeug/_internal.py:113} INFO - 172.17.0.1 - - [19/Feb/2021 18:40:45] "[37mGET /get_xbox HTTP/1.1[0m" 200 -
[18:40:45] {/usr/local/lib/python3.9/site-packages/werkzeug/_internal.py:113} INFO - 172.17.0.1 - - [19/Feb/2021 18:40:45] "[37mGET /get_ps5 HTTP/1.1[0m" 200 -
[18:40:46] {/usr/local/lib/python3.9/site-packages/werkzeug/_internal.py:113} INFO - 172.17.0.1 - - [19/Feb/2021 18:40:46] "[37mGET /get_pc HTTP/1.1[0m" 200 -
[18:41:06] {/usr/local/lib/python3.9/site-packages/werkzeug/_internal.py:113} INFO - 172.17.0.1 - - [19/Feb/2021 18:41:06] "[37mGET /get_ps5 HTTP/1.1[0m" 200 -
[18:41:06] {/scrapping/app.py:46} INFO - fetch element in for loop
[18:41:06] {/usr/local/lib/python3.9/site-packages/werkzeug/_internal.py:113} INFO - 172.17.0.1 - - [19/Feb/2021 18:41:06] "[37mGET /get_xbox HTTP/1.1[0m" 200 -
[18:41:06] {/usr/local/lib/python3.9/site-packages/werkzeug/_internal.py:113} INFO - 172.17.0.1 - - [19/Feb/2021 18:41:06] "[37mGET /get_pc HTTP/1.1[0m" 200 -
[18:41:27] {/usr/local/lib/python3.9/site-packages/werkzeug/_internal.py:113} INFO -  * Detected change in '/scrapping/app.py', reloading
[18:41:28] {/usr/local/lib/python3.9/site-packages/werkzeug/_internal.py:113} INFO -  * Restarting with stat
[18:41:28] {/scrapping/app.py:22} INFO - script start
[18:41:28] {/scrapping/app.py:23} INFO - Scrapping element of xbox one page with class from url link jeux videos.com
[18:41:28] {/scrapping/app.py:57} INFO - scrapping element ps5 title in page jeux videos.com 
[18:41:28] {/scrapping/app.py:74} INFO - scrapping element pc title in page jeux videos.com 
[18:41:28] {/scrapping/app.py:91} INFO - end of script
[18:41:28] {/usr/local/lib/python3.9/site-packages/werkzeug/_internal.py:113} WARNING -  * Debugger is active!
[18:41:28] {/usr/local/lib/python3.9/site-packages/werkzeug/_internal.py:113} INFO -  * Debugger PIN: 253-768-365
[18:41:40] {/usr/local/lib/python3.9/site-packages/werkzeug/_internal.py:113} INFO -  * Detected change in '/scrapping/app.py', reloading
[18:41:40] {/usr/local/lib/python3.9/site-packages/werkzeug/_internal.py:113} INFO -  * Restarting with stat
[18:41:41] {/scrapping/app.py:22} INFO - script start
[18:41:41] {/scrapping/app.py:23} INFO - Scrapping element of xbox one page with class from url link jeux videos.com
[18:41:41] {/scrapping/app.py:57} INFO - scrapping element ps5 title in page jeux videos.com 
[18:41:41] {/scrapping/app.py:74} INFO - scrapping element pc title in page jeux videos.com 
[18:41:41] {/scrapping/app.py:91} INFO - end of script
[18:41:41] {/usr/local/lib/python3.9/site-packages/werkzeug/_internal.py:113} WARNING -  * Debugger is active!
[18:41:41] {/usr/local/lib/python3.9/site-packages/werkzeug/_internal.py:113} INFO -  * Debugger PIN: 253-768-365
[18:41:46] {/usr/local/lib/python3.9/site-packages/werkzeug/_internal.py:113} INFO -  * Detected change in '/scrapping/app.py', reloading
[18:41:46] {/usr/local/lib/python3.9/site-packages/werkzeug/_internal.py:113} INFO -  * Restarting with stat
[18:41:46] {/scrapping/app.py:22} INFO - script start
[18:41:46] {/scrapping/app.py:23} INFO - Scrapping element of xbox one page with class from url link jeux videos.com
[18:41:46] {/scrapping/app.py:57} INFO - scrapping element ps5 title in page jeux videos.com 
[18:41:46] {/scrapping/app.py:74} INFO - scrapping element pc title in page jeux videos.com 
[18:41:46] {/scrapping/app.py:91} INFO - end of script
[18:41:47] {/usr/local/lib/python3.9/site-packages/werkzeug/_internal.py:113} WARNING -  * Debugger is active!
[18:41:47] {/usr/local/lib/python3.9/site-packages/werkzeug/_internal.py:113} INFO -  * Debugger PIN: 253-768-365
[18:41:52] {/scrapping/app.py:22} INFO - script start
[18:41:52] {/scrapping/app.py:23} INFO - Scrapping element of xbox one page with class from url link jeux videos.com
[18:41:52] {/scrapping/app.py:57} INFO - scrapping element ps5 title in page jeux videos.com 
[18:41:52] {/scrapping/app.py:74} INFO - scrapping element pc title in page jeux videos.com 
[18:41:52] {/scrapping/app.py:91} INFO - end of script
[18:41:52] {/usr/local/lib/python3.9/site-packages/werkzeug/_internal.py:113} INFO -  * Running on http://0.0.0.0:3000/ (Press CTRL+C to quit)
[18:41:52] {/usr/local/lib/python3.9/site-packages/werkzeug/_internal.py:113} INFO -  * Restarting with stat
[18:41:52] {/scrapping/app.py:22} INFO - script start
[18:41:52] {/scrapping/app.py:23} INFO - Scrapping element of xbox one page with class from url link jeux videos.com
[18:41:52] {/scrapping/app.py:57} INFO - scrapping element ps5 title in page jeux videos.com 
[18:41:52] {/scrapping/app.py:74} INFO - scrapping element pc title in page jeux videos.com 
[18:41:52] {/scrapping/app.py:91} INFO - end of script
[18:41:52] {/usr/local/lib/python3.9/site-packages/werkzeug/_internal.py:113} WARNING -  * Debugger is active!
[18:41:52] {/usr/local/lib/python3.9/site-packages/werkzeug/_internal.py:113} INFO -  * Debugger PIN: 253-768-365
[18:41:55] {/scrapping/app.py:46} INFO - fetch element in for loop
[18:41:55] {/usr/local/lib/python3.9/site-packages/werkzeug/_internal.py:113} INFO - 172.17.0.1 - - [19/Feb/2021 18:41:55] "[37mGET /get_xbox HTTP/1.1[0m" 200 -
[18:41:55] {/usr/local/lib/python3.9/site-packages/werkzeug/_internal.py:113} INFO - 172.17.0.1 - - [19/Feb/2021 18:41:55] "[37mGET /get_ps5 HTTP/1.1[0m" 200 -
[18:41:55] {/usr/local/lib/python3.9/site-packages/werkzeug/_internal.py:113} INFO - 172.17.0.1 - - [19/Feb/2021 18:41:55] "[37mGET /get_pc HTTP/1.1[0m" 200 -
[18:42:08] {/usr/local/lib/python3.9/site-packages/werkzeug/_internal.py:113} INFO - 172.17.0.1 - - [19/Feb/2021 18:42:08] "[37mGET /get_ps5 HTTP/1.1[0m" 200 -
[18:42:08] {/usr/local/lib/python3.9/site-packages/werkzeug/_internal.py:113} INFO - 172.17.0.1 - - [19/Feb/2021 18:42:08] "[37mGET /get_pc HTTP/1.1[0m" 200 -
[18:42:08] {/scrapping/app.py:46} INFO - fetch element in for loop
[18:42:08] {/usr/local/lib/python3.9/site-packages/werkzeug/_internal.py:113} INFO - 172.17.0.1 - - [19/Feb/2021 18:42:08] "[37mGET /get_xbox HTTP/1.1[0m" 200 -
[18:42:21] {/usr/local/lib/python3.9/site-packages/werkzeug/_internal.py:113} INFO - 172.17.0.1 - - [19/Feb/2021 18:42:21] "[37mGET /get_ps5 HTTP/1.1[0m" 200 -
[18:42:21] {/scrapping/app.py:46} INFO - fetch element in for loop
[18:42:21] {/usr/local/lib/python3.9/site-packages/werkzeug/_internal.py:113} INFO - 172.17.0.1 - - [19/Feb/2021 18:42:21] "[37mGET /get_xbox HTTP/1.1[0m" 200 -
[18:42:21] {/usr/local/lib/python3.9/site-packages/werkzeug/_internal.py:113} INFO - 172.17.0.1 - - [19/Feb/2021 18:42:21] "[37mGET /get_pc HTTP/1.1[0m" 200 -
[18:42:31] {/usr/local/lib/python3.9/site-packages/werkzeug/_internal.py:113} INFO - 172.17.0.1 - - [19/Feb/2021 18:42:31] "[37mGET /get_ps5 HTTP/1.1[0m" 200 -
[18:42:31] {/usr/local/lib/python3.9/site-packages/werkzeug/_internal.py:113} INFO - 172.17.0.1 - - [19/Feb/2021 18:42:31] "[37mGET /get_pc HTTP/1.1[0m" 200 -
[18:42:31] {/scrapping/app.py:46} INFO - fetch element in for loop
[18:42:31] {/usr/local/lib/python3.9/site-packages/werkzeug/_internal.py:113} INFO - 172.17.0.1 - - [19/Feb/2021 18:42:31] "[37mGET /get_xbox HTTP/1.1[0m" 200 -
[18:42:40] {/usr/local/lib/python3.9/site-packages/werkzeug/_internal.py:113} INFO - 172.17.0.1 - - [19/Feb/2021 18:42:40] "[37mGET /get_pc HTTP/1.1[0m" 200 -
[18:42:40] {/scrapping/app.py:46} INFO - fetch element in for loop
[18:42:40] {/usr/local/lib/python3.9/site-packages/werkzeug/_internal.py:113} INFO - 172.17.0.1 - - [19/Feb/2021 18:42:40] "[37mGET /get_ps5 HTTP/1.1[0m" 200 -
[18:42:40] {/usr/local/lib/python3.9/site-packages/werkzeug/_internal.py:113} INFO - 172.17.0.1 - - [19/Feb/2021 18:42:40] "[37mGET /get_xbox HTTP/1.1[0m" 200 -
[07:37:54] {/scrapping/app.py:22} INFO - script start
[07:37:54] {/scrapping/app.py:23} INFO - Scrapping element of xbox one page with class from url link jeux videos.com
[07:37:54] {/scrapping/app.py:57} INFO - scrapping element ps5 title in page jeux videos.com 
[07:37:54] {/scrapping/app.py:74} INFO - scrapping element pc title in page jeux videos.com 
[07:37:54] {/scrapping/app.py:91} INFO - end of script
[07:37:54] {/usr/local/lib/python3.9/site-packages/werkzeug/_internal.py:113} INFO -  * Running on http://0.0.0.0:3000/ (Press CTRL+C to quit)
[07:37:54] {/usr/local/lib/python3.9/site-packages/werkzeug/_internal.py:113} INFO -  * Restarting with stat
[07:37:54] {/scrapping/app.py:22} INFO - script start
[07:37:54] {/scrapping/app.py:23} INFO - Scrapping element of xbox one page with class from url link jeux videos.com
[07:37:54] {/scrapping/app.py:57} INFO - scrapping element ps5 title in page jeux videos.com 
[07:37:54] {/scrapping/app.py:74} INFO - scrapping element pc title in page jeux videos.com 
[07:37:54] {/scrapping/app.py:91} INFO - end of script
[07:37:54] {/usr/local/lib/python3.9/site-packages/werkzeug/_internal.py:113} WARNING -  * Debugger is active!
[07:37:54] {/usr/local/lib/python3.9/site-packages/werkzeug/_internal.py:113} INFO -  * Debugger PIN: 253-768-365
[07:37:57] {/usr/local/lib/python3.9/site-packages/werkzeug/_internal.py:113} INFO - 172.17.0.1 - - [20/Feb/2021 07:37:57] "[37mGET /get_pc HTTP/1.1[0m" 200 -
[07:37:58] {/usr/local/lib/python3.9/site-packages/werkzeug/_internal.py:113} INFO - 172.17.0.1 - - [20/Feb/2021 07:37:58] "[37mGET /get_ps5 HTTP/1.1[0m" 200 -
[07:37:58] {/scrapping/app.py:46} INFO - fetch element in for loop
[07:37:58] {/usr/local/lib/python3.9/site-packages/werkzeug/_internal.py:113} INFO - 172.17.0.1 - - [20/Feb/2021 07:37:58] "[37mGET /get_xbox HTTP/1.1[0m" 200 -
[07:42:31] {/scrapping/app.py:46} INFO - fetch element in for loop
[07:42:31] {/usr/local/lib/python3.9/site-packages/werkzeug/_internal.py:113} INFO - 172.17.0.1 - - [20/Feb/2021 07:42:31] "[37mGET /get_xbox HTTP/1.1[0m" 200 -
[07:42:31] {/usr/local/lib/python3.9/site-packages/werkzeug/_internal.py:113} INFO - 172.17.0.1 - - [20/Feb/2021 07:42:31] "[37mGET /get_ps5 HTTP/1.1[0m" 200 -
[07:42:31] {/usr/local/lib/python3.9/site-packages/werkzeug/_internal.py:113} INFO - 172.17.0.1 - - [20/Feb/2021 07:42:31] "[37mGET /get_pc HTTP/1.1[0m" 200 -
[07:42:54] {/usr/local/lib/python3.9/site-packages/werkzeug/_internal.py:113} INFO - 172.17.0.1 - - [20/Feb/2021 07:42:54] "[37mGET /get_ps5 HTTP/1.1[0m" 200 -
[07:42:54] {/usr/local/lib/python3.9/site-packages/werkzeug/_internal.py:113} INFO - 172.17.0.1 - - [20/Feb/2021 07:42:54] "[37mGET /get_pc HTTP/1.1[0m" 200 -
[07:42:54] {/scrapping/app.py:46} INFO - fetch element in for loop
[07:42:54] {/usr/local/lib/python3.9/site-packages/werkzeug/_internal.py:113} INFO - 172.17.0.1 - - [20/Feb/2021 07:42:54] "[37mGET /get_xbox HTTP/1.1[0m" 200 -
[07:43:26] {/usr/local/lib/python3.9/site-packages/werkzeug/_internal.py:113} INFO - 172.17.0.1 - - [20/Feb/2021 07:43:26] "[37mGET /get_pc HTTP/1.1[0m" 200 -
[07:43:26] {/usr/local/lib/python3.9/site-packages/werkzeug/_internal.py:113} INFO - 172.17.0.1 - - [20/Feb/2021 07:43:26] "[37mGET /get_ps5 HTTP/1.1[0m" 200 -
[07:43:26] {/scrapping/app.py:46} INFO - fetch element in for loop
[07:43:26] {/usr/local/lib/python3.9/site-packages/werkzeug/_internal.py:113} INFO - 172.17.0.1 - - [20/Feb/2021 07:43:26] "[37mGET /get_xbox HTTP/1.1[0m" 200 -
[07:43:57] {/scrapping/app.py:46} INFO - fetch element in for loop
[07:43:57] {/usr/local/lib/python3.9/site-packages/werkzeug/_internal.py:113} INFO - 172.17.0.1 - - [20/Feb/2021 07:43:57] "[37mGET /get_xbox HTTP/1.1[0m" 200 -
[07:43:57] {/usr/local/lib/python3.9/site-packages/werkzeug/_internal.py:113} INFO - 172.17.0.1 - - [20/Feb/2021 07:43:57] "[37mGET /get_ps5 HTTP/1.1[0m" 200 -
[07:43:58] {/usr/local/lib/python3.9/site-packages/werkzeug/_internal.py:113} INFO - 172.17.0.1 - - [20/Feb/2021 07:43:58] "[37mGET /get_pc HTTP/1.1[0m" 200 -
[07:45:49] {/usr/local/lib/python3.9/site-packages/werkzeug/_internal.py:113} INFO - 172.17.0.1 - - [20/Feb/2021 07:45:49] "[37mGET /get_ps5 HTTP/1.1[0m" 200 -
[07:45:49] {/scrapping/app.py:46} INFO - fetch element in for loop
[07:45:49] {/usr/local/lib/python3.9/site-packages/werkzeug/_internal.py:113} INFO - 172.17.0.1 - - [20/Feb/2021 07:45:49] "[37mGET /get_xbox HTTP/1.1[0m" 200 -
[07:45:49] {/usr/local/lib/python3.9/site-packages/werkzeug/_internal.py:113} INFO - 172.17.0.1 - - [20/Feb/2021 07:45:49] "[37mGET /get_pc HTTP/1.1[0m" 200 -
[10:57:42] {/usr/local/lib/python3.9/site-packages/werkzeug/_internal.py:113} INFO - 172.17.0.1 - - [20/Feb/2021 10:57:42] "[37mGET /get_ps5 HTTP/1.1[0m" 200 -
[10:57:42] {/usr/local/lib/python3.9/site-packages/werkzeug/_internal.py:113} INFO - 172.17.0.1 - - [20/Feb/2021 10:57:42] "[33mGET /favicon.ico HTTP/1.1[0m" 404 -
[11:13:31] {/usr/local/lib/python3.9/site-packages/werkzeug/_internal.py:113} INFO - 172.17.0.1 - - [20/Feb/2021 11:13:31] "[37mGET /get_ps5 HTTP/1.1[0m" 200 -
[11:13:31] {/usr/local/lib/python3.9/site-packages/werkzeug/_internal.py:113} INFO - 172.17.0.1 - - [20/Feb/2021 11:13:31] "[37mGET /get_pc HTTP/1.1[0m" 200 -
[11:13:32] {/scrapping/app.py:46} INFO - fetch element in for loop
[11:13:32] {/usr/local/lib/python3.9/site-packages/werkzeug/_internal.py:113} INFO - 172.17.0.1 - - [20/Feb/2021 11:13:32] "[37mGET /get_xbox HTTP/1.1[0m" 200 -
[11:14:07] {/usr/local/lib/python3.9/site-packages/werkzeug/_internal.py:113} INFO - 172.17.0.1 - - [20/Feb/2021 11:14:07] "[37mGET /get_ps5 HTTP/1.1[0m" 200 -
[11:14:07] {/usr/local/lib/python3.9/site-packages/werkzeug/_internal.py:113} INFO - 172.17.0.1 - - [20/Feb/2021 11:14:07] "[37mGET /get_pc HTTP/1.1[0m" 200 -
[11:14:07] {/scrapping/app.py:46} INFO - fetch element in for loop
[11:14:07] {/usr/local/lib/python3.9/site-packages/werkzeug/_internal.py:113} INFO - 172.17.0.1 - - [20/Feb/2021 11:14:07] "[37mGET /get_xbox HTTP/1.1[0m" 200 -
[11:14:33] {/usr/local/lib/python3.9/site-packages/werkzeug/_internal.py:113} INFO - 172.17.0.1 - - [20/Feb/2021 11:14:33] "[37mGET /get_ps5 HTTP/1.1[0m" 200 -
[11:14:33] {/usr/local/lib/python3.9/site-packages/werkzeug/_internal.py:113} INFO - 172.17.0.1 - - [20/Feb/2021 11:14:33] "[37mGET /get_pc HTTP/1.1[0m" 200 -
[11:14:33] {/scrapping/app.py:46} INFO - fetch element in for loop
[11:14:33] {/usr/local/lib/python3.9/site-packages/werkzeug/_internal.py:113} INFO - 172.17.0.1 - - [20/Feb/2021 11:14:33] "[37mGET /get_xbox HTTP/1.1[0m" 200 -
[11:14:43] {/usr/local/lib/python3.9/site-packages/werkzeug/_internal.py:113} INFO - 172.17.0.1 - - [20/Feb/2021 11:14:43] "[37mGET /get_ps5 HTTP/1.1[0m" 200 -
[11:14:43] {/usr/local/lib/python3.9/site-packages/werkzeug/_internal.py:113} INFO - 172.17.0.1 - - [20/Feb/2021 11:14:43] "[37mGET /get_pc HTTP/1.1[0m" 200 -
[11:14:43] {/scrapping/app.py:46} INFO - fetch element in for loop
[11:14:43] {/usr/local/lib/python3.9/site-packages/werkzeug/_internal.py:113} INFO - 172.17.0.1 - - [20/Feb/2021 11:14:43] "[37mGET /get_xbox HTTP/1.1[0m" 200 -
[11:14:54] {/usr/local/lib/python3.9/site-packages/werkzeug/_internal.py:113} INFO - 172.17.0.1 - - [20/Feb/2021 11:14:54] "[37mGET /get_ps5 HTTP/1.1[0m" 200 -
[11:14:54] {/scrapping/app.py:46} INFO - fetch element in for loop
[11:14:54] {/usr/local/lib/python3.9/site-packages/werkzeug/_internal.py:113} INFO - 172.17.0.1 - - [20/Feb/2021 11:14:54] "[37mGET /get_xbox HTTP/1.1[0m" 200 -
[11:14:54] {/usr/local/lib/python3.9/site-packages/werkzeug/_internal.py:113} INFO - 172.17.0.1 - - [20/Feb/2021 11:14:54] "[37mGET /get_pc HTTP/1.1[0m" 200 -
[11:19:02] {/usr/local/lib/python3.9/site-packages/werkzeug/_internal.py:113} INFO - 172.17.0.1 - - [20/Feb/2021 11:19:02] "[37mGET /get_pc HTTP/1.1[0m" 200 -
[11:19:03] {/scrapping/app.py:46} INFO - fetch element in for loop
[11:19:03] {/usr/local/lib/python3.9/site-packages/werkzeug/_internal.py:113} INFO - 172.17.0.1 - - [20/Feb/2021 11:19:03] "[37mGET /get_xbox HTTP/1.1[0m" 200 -
[11:19:03] {/usr/local/lib/python3.9/site-packages/werkzeug/_internal.py:113} INFO - 172.17.0.1 - - [20/Feb/2021 11:19:03] "[37mGET /get_ps5 HTTP/1.1[0m" 200 -
[11:19:42] {/usr/local/lib/python3.9/site-packages/werkzeug/_internal.py:113} INFO - 172.17.0.1 - - [20/Feb/2021 11:19:42] "[37mGET /get_ps5 HTTP/1.1[0m" 200 -
[11:19:42] {/scrapping/app.py:46} INFO - fetch element in for loop
[11:19:42] {/usr/local/lib/python3.9/site-packages/werkzeug/_internal.py:113} INFO - 172.17.0.1 - - [20/Feb/2021 11:19:42] "[37mGET /get_xbox HTTP/1.1[0m" 200 -
[11:19:42] {/usr/local/lib/python3.9/site-packages/werkzeug/_internal.py:113} INFO - 172.17.0.1 - - [20/Feb/2021 11:19:42] "[37mGET /get_pc HTTP/1.1[0m" 200 -
[11:20:09] {/usr/local/lib/python3.9/site-packages/werkzeug/_internal.py:113} INFO - 172.17.0.1 - - [20/Feb/2021 11:20:09] "[37mGET /get_pc HTTP/1.1[0m" 200 -
[11:20:09] {/usr/local/lib/python3.9/site-packages/werkzeug/_internal.py:113} INFO - 172.17.0.1 - - [20/Feb/2021 11:20:09] "[37mGET /get_ps5 HTTP/1.1[0m" 200 -
[11:20:09] {/scrapping/app.py:46} INFO - fetch element in for loop
[11:20:09] {/usr/local/lib/python3.9/site-packages/werkzeug/_internal.py:113} INFO - 172.17.0.1 - - [20/Feb/2021 11:20:09] "[37mGET /get_xbox HTTP/1.1[0m" 200 -
[11:20:20] {/usr/local/lib/python3.9/site-packages/werkzeug/_internal.py:113} INFO - 172.17.0.1 - - [20/Feb/2021 11:20:20] "[37mGET /get_ps5 HTTP/1.1[0m" 200 -
[11:20:20] {/usr/local/lib/python3.9/site-packages/werkzeug/_internal.py:113} INFO - 172.17.0.1 - - [20/Feb/2021 11:20:20] "[37mGET /get_pc HTTP/1.1[0m" 200 -
[11:20:20] {/scrapping/app.py:46} INFO - fetch element in for loop
[11:20:20] {/usr/local/lib/python3.9/site-packages/werkzeug/_internal.py:113} INFO - 172.17.0.1 - - [20/Feb/2021 11:20:20] "[37mGET /get_xbox HTTP/1.1[0m" 200 -
[11:21:25] {/usr/local/lib/python3.9/site-packages/werkzeug/_internal.py:113} INFO - 172.17.0.1 - - [20/Feb/2021 11:21:25] "[37mGET /get_ps5 HTTP/1.1[0m" 200 -
[11:21:25] {/usr/local/lib/python3.9/site-packages/werkzeug/_internal.py:113} INFO - 172.17.0.1 - - [20/Feb/2021 11:21:25] "[37mGET /get_pc HTTP/1.1[0m" 200 -
[11:21:25] {/scrapping/app.py:46} INFO - fetch element in for loop
[11:21:25] {/usr/local/lib/python3.9/site-packages/werkzeug/_internal.py:113} INFO - 172.17.0.1 - - [20/Feb/2021 11:21:25] "[37mGET /get_xbox HTTP/1.1[0m" 200 -
[11:21:41] {/scrapping/app.py:46} INFO - fetch element in for loop
[11:21:41] {/usr/local/lib/python3.9/site-packages/werkzeug/_internal.py:113} INFO - 172.17.0.1 - - [20/Feb/2021 11:21:41] "[37mGET /get_xbox HTTP/1.1[0m" 200 -
[11:21:41] {/usr/local/lib/python3.9/site-packages/werkzeug/_internal.py:113} INFO - 172.17.0.1 - - [20/Feb/2021 11:21:41] "[37mGET /get_ps5 HTTP/1.1[0m" 200 -
[11:21:41] {/usr/local/lib/python3.9/site-packages/werkzeug/_internal.py:113} INFO - 172.17.0.1 - - [20/Feb/2021 11:21:41] "[37mGET /get_pc HTTP/1.1[0m" 200 -
[11:23:32] {/usr/local/lib/python3.9/site-packages/werkzeug/_internal.py:113} INFO - 172.17.0.1 - - [20/Feb/2021 11:23:32] "[37mGET /get_ps5 HTTP/1.1[0m" 200 -
[11:23:32] {/usr/local/lib/python3.9/site-packages/werkzeug/_internal.py:113} INFO - 172.17.0.1 - - [20/Feb/2021 11:23:32] "[37mGET /get_pc HTTP/1.1[0m" 200 -
[11:23:32] {/scrapping/app.py:46} INFO - fetch element in for loop
[11:23:32] {/usr/local/lib/python3.9/site-packages/werkzeug/_internal.py:113} INFO - 172.17.0.1 - - [20/Feb/2021 11:23:32] "[37mGET /get_xbox HTTP/1.1[0m" 200 -
[11:23:42] {/usr/local/lib/python3.9/site-packages/werkzeug/_internal.py:113} INFO - 172.17.0.1 - - [20/Feb/2021 11:23:42] "[37mGET /get_ps5 HTTP/1.1[0m" 200 -
[11:23:42] {/scrapping/app.py:46} INFO - fetch element in for loop
[11:23:42] {/usr/local/lib/python3.9/site-packages/werkzeug/_internal.py:113} INFO - 172.17.0.1 - - [20/Feb/2021 11:23:42] "[37mGET /get_xbox HTTP/1.1[0m" 200 -
[11:23:43] {/usr/local/lib/python3.9/site-packages/werkzeug/_internal.py:113} INFO - 172.17.0.1 - - [20/Feb/2021 11:23:43] "[37mGET /get_pc HTTP/1.1[0m" 200 -
[11:24:06] {/usr/local/lib/python3.9/site-packages/werkzeug/_internal.py:113} INFO - 172.17.0.1 - - [20/Feb/2021 11:24:06] "[37mGET /get_ps5 HTTP/1.1[0m" 200 -
[11:24:06] {/scrapping/app.py:46} INFO - fetch element in for loop
[11:24:06] {/usr/local/lib/python3.9/site-packages/werkzeug/_internal.py:113} INFO - 172.17.0.1 - - [20/Feb/2021 11:24:06] "[37mGET /get_xbox HTTP/1.1[0m" 200 -
[11:24:06] {/usr/local/lib/python3.9/site-packages/werkzeug/_internal.py:113} INFO - 172.17.0.1 - - [20/Feb/2021 11:24:06] "[37mGET /get_pc HTTP/1.1[0m" 200 -
[11:24:30] {/usr/local/lib/python3.9/site-packages/werkzeug/_internal.py:113} INFO - 172.17.0.1 - - [20/Feb/2021 11:24:30] "[37mGET /get_pc HTTP/1.1[0m" 200 -
[11:24:30] {/usr/local/lib/python3.9/site-packages/werkzeug/_internal.py:113} INFO - 172.17.0.1 - - [20/Feb/2021 11:24:30] "[37mGET /get_ps5 HTTP/1.1[0m" 200 -
[11:24:30] {/scrapping/app.py:46} INFO - fetch element in for loop
[11:24:30] {/usr/local/lib/python3.9/site-packages/werkzeug/_internal.py:113} INFO - 172.17.0.1 - - [20/Feb/2021 11:24:30] "[37mGET /get_xbox HTTP/1.1[0m" 200 -
[11:25:28] {/usr/local/lib/python3.9/site-packages/werkzeug/_internal.py:113} INFO - 172.17.0.1 - - [20/Feb/2021 11:25:28] "[37mGET /get_ps5 HTTP/1.1[0m" 200 -
[11:25:28] {/scrapping/app.py:46} INFO - fetch element in for loop
[11:25:28] {/usr/local/lib/python3.9/site-packages/werkzeug/_internal.py:113} INFO - 172.17.0.1 - - [20/Feb/2021 11:25:28] "[37mGET /get_xbox HTTP/1.1[0m" 200 -
[11:25:28] {/usr/local/lib/python3.9/site-packages/werkzeug/_internal.py:113} INFO - 172.17.0.1 - - [20/Feb/2021 11:25:28] "[37mGET /get_pc HTTP/1.1[0m" 200 -
[11:26:12] {/usr/local/lib/python3.9/site-packages/werkzeug/_internal.py:113} INFO - 172.17.0.1 - - [20/Feb/2021 11:26:12] "[37mGET /get_pc HTTP/1.1[0m" 200 -
[11:26:13] {/usr/local/lib/python3.9/site-packages/werkzeug/_internal.py:113} INFO - 172.17.0.1 - - [20/Feb/2021 11:26:13] "[37mGET /get_ps5 HTTP/1.1[0m" 200 -
[11:26:13] {/scrapping/app.py:46} INFO - fetch element in for loop
[11:26:13] {/usr/local/lib/python3.9/site-packages/werkzeug/_internal.py:113} INFO - 172.17.0.1 - - [20/Feb/2021 11:26:13] "[37mGET /get_xbox HTTP/1.1[0m" 200 -
[11:28:09] {/usr/local/lib/python3.9/site-packages/werkzeug/_internal.py:113} INFO - 172.17.0.1 - - [20/Feb/2021 11:28:09] "[37mGET /get_ps5 HTTP/1.1[0m" 200 -
[11:28:09] {/scrapping/app.py:46} INFO - fetch element in for loop
[11:28:09] {/usr/local/lib/python3.9/site-packages/werkzeug/_internal.py:113} INFO - 172.17.0.1 - - [20/Feb/2021 11:28:09] "[37mGET /get_pc HTTP/1.1[0m" 200 -
[11:28:09] {/usr/local/lib/python3.9/site-packages/werkzeug/_internal.py:113} INFO - 172.17.0.1 - - [20/Feb/2021 11:28:09] "[37mGET /get_xbox HTTP/1.1[0m" 200 -
[11:28:28] {/usr/local/lib/python3.9/site-packages/werkzeug/_internal.py:113} INFO - 172.17.0.1 - - [20/Feb/2021 11:28:28] "[37mGET /get_ps5 HTTP/1.1[0m" 200 -
[11:28:29] {/usr/local/lib/python3.9/site-packages/werkzeug/_internal.py:113} INFO - 172.17.0.1 - - [20/Feb/2021 11:28:29] "[37mGET /get_pc HTTP/1.1[0m" 200 -
[11:28:29] {/scrapping/app.py:46} INFO - fetch element in for loop
[11:28:29] {/usr/local/lib/python3.9/site-packages/werkzeug/_internal.py:113} INFO - 172.17.0.1 - - [20/Feb/2021 11:28:29] "[37mGET /get_xbox HTTP/1.1[0m" 200 -
[11:29:42] {/usr/local/lib/python3.9/site-packages/werkzeug/_internal.py:113} INFO - 172.17.0.1 - - [20/Feb/2021 11:29:42] "[37mGET /get_ps5 HTTP/1.1[0m" 200 -
[11:29:42] {/scrapping/app.py:46} INFO - fetch element in for loop
[11:29:42] {/usr/local/lib/python3.9/site-packages/werkzeug/_internal.py:113} INFO - 172.17.0.1 - - [20/Feb/2021 11:29:42] "[37mGET /get_xbox HTTP/1.1[0m" 200 -
[11:29:43] {/usr/local/lib/python3.9/site-packages/werkzeug/_internal.py:113} INFO - 172.17.0.1 - - [20/Feb/2021 11:29:43] "[37mGET /get_pc HTTP/1.1[0m" 200 -
[11:29:59] {/usr/local/lib/python3.9/site-packages/werkzeug/_internal.py:113} INFO - 172.17.0.1 - - [20/Feb/2021 11:29:59] "[37mGET /get_ps5 HTTP/1.1[0m" 200 -
[11:29:59] {/scrapping/app.py:46} INFO - fetch element in for loop
[11:29:59] {/usr/local/lib/python3.9/site-packages/werkzeug/_internal.py:113} INFO - 172.17.0.1 - - [20/Feb/2021 11:29:59] "[37mGET /get_xbox HTTP/1.1[0m" 200 -
[11:29:59] {/usr/local/lib/python3.9/site-packages/werkzeug/_internal.py:113} INFO - 172.17.0.1 - - [20/Feb/2021 11:29:59] "[37mGET /get_pc HTTP/1.1[0m" 200 -
[11:30:08] {/usr/local/lib/python3.9/site-packages/werkzeug/_internal.py:113} INFO - 172.17.0.1 - - [20/Feb/2021 11:30:08] "[37mGET /get_ps5 HTTP/1.1[0m" 200 -
[11:30:08] {/scrapping/app.py:46} INFO - fetch element in for loop
[11:30:08] {/usr/local/lib/python3.9/site-packages/werkzeug/_internal.py:113} INFO - 172.17.0.1 - - [20/Feb/2021 11:30:08] "[37mGET /get_xbox HTTP/1.1[0m" 200 -
[11:30:08] {/usr/local/lib/python3.9/site-packages/werkzeug/_internal.py:113} INFO - 172.17.0.1 - - [20/Feb/2021 11:30:08] "[37mGET /get_pc HTTP/1.1[0m" 200 -
[11:30:10] {/usr/local/lib/python3.9/site-packages/werkzeug/_internal.py:113} INFO - 172.17.0.1 - - [20/Feb/2021 11:30:10] "[37mGET /get_ps5 HTTP/1.1[0m" 200 -
[11:30:10] {/scrapping/app.py:46} INFO - fetch element in for loop
[11:30:10] {/usr/local/lib/python3.9/site-packages/werkzeug/_internal.py:113} INFO - 172.17.0.1 - - [20/Feb/2021 11:30:10] "[37mGET /get_xbox HTTP/1.1[0m" 200 -
[11:30:10] {/usr/local/lib/python3.9/site-packages/werkzeug/_internal.py:113} INFO - 172.17.0.1 - - [20/Feb/2021 11:30:10] "[37mGET /get_pc HTTP/1.1[0m" 200 -
[11:30:26] {/usr/local/lib/python3.9/site-packages/werkzeug/_internal.py:113} INFO - 172.17.0.1 - - [20/Feb/2021 11:30:26] "[37mGET /get_ps5 HTTP/1.1[0m" 200 -
[11:30:26] {/usr/local/lib/python3.9/site-packages/werkzeug/_internal.py:113} INFO - 172.17.0.1 - - [20/Feb/2021 11:30:26] "[37mGET /get_pc HTTP/1.1[0m" 200 -
[11:30:27] {/scrapping/app.py:46} INFO - fetch element in for loop
[11:30:27] {/usr/local/lib/python3.9/site-packages/werkzeug/_internal.py:113} INFO - 172.17.0.1 - - [20/Feb/2021 11:30:27] "[37mGET /get_xbox HTTP/1.1[0m" 200 -
[11:30:28] {/usr/local/lib/python3.9/site-packages/werkzeug/_internal.py:113} INFO - 172.17.0.1 - - [20/Feb/2021 11:30:28] "[37mGET /get_ps5 HTTP/1.1[0m" 200 -
[11:30:28] {/usr/local/lib/python3.9/site-packages/werkzeug/_internal.py:113} INFO - 172.17.0.1 - - [20/Feb/2021 11:30:28] "[37mGET /get_pc HTTP/1.1[0m" 200 -
[11:30:28] {/scrapping/app.py:46} INFO - fetch element in for loop
[11:30:28] {/usr/local/lib/python3.9/site-packages/werkzeug/_internal.py:113} INFO - 172.17.0.1 - - [20/Feb/2021 11:30:28] "[37mGET /get_xbox HTTP/1.1[0m" 200 -
[11:30:36] {/usr/local/lib/python3.9/site-packages/werkzeug/_internal.py:113} INFO - 172.17.0.1 - - [20/Feb/2021 11:30:36] "[37mGET /get_ps5 HTTP/1.1[0m" 200 -
[11:30:36] {/usr/local/lib/python3.9/site-packages/werkzeug/_internal.py:113} INFO - 172.17.0.1 - - [20/Feb/2021 11:30:36] "[37mGET /get_pc HTTP/1.1[0m" 200 -
[11:30:36] {/scrapping/app.py:46} INFO - fetch element in for loop
[11:30:36] {/usr/local/lib/python3.9/site-packages/werkzeug/_internal.py:113} INFO - 172.17.0.1 - - [20/Feb/2021 11:30:36] "[37mGET /get_xbox HTTP/1.1[0m" 200 -
[11:30:44] {/scrapping/app.py:46} INFO - fetch element in for loop
[11:30:44] {/usr/local/lib/python3.9/site-packages/werkzeug/_internal.py:113} INFO - 172.17.0.1 - - [20/Feb/2021 11:30:44] "[37mGET /get_xbox HTTP/1.1[0m" 200 -
[11:30:44] {/usr/local/lib/python3.9/site-packages/werkzeug/_internal.py:113} INFO - 172.17.0.1 - - [20/Feb/2021 11:30:44] "[37mGET /get_ps5 HTTP/1.1[0m" 200 -
[11:30:44] {/usr/local/lib/python3.9/site-packages/werkzeug/_internal.py:113} INFO - 172.17.0.1 - - [20/Feb/2021 11:30:44] "[37mGET /get_pc HTTP/1.1[0m" 200 -
[11:31:38] {/usr/local/lib/python3.9/site-packages/werkzeug/_internal.py:113} INFO - 172.17.0.1 - - [20/Feb/2021 11:31:38] "[37mGET /get_ps5 HTTP/1.1[0m" 200 -
[11:31:38] {/usr/local/lib/python3.9/site-packages/werkzeug/_internal.py:113} INFO - 172.17.0.1 - - [20/Feb/2021 11:31:38] "[37mGET /get_pc HTTP/1.1[0m" 200 -
[11:31:38] {/scrapping/app.py:46} INFO - fetch element in for loop
[11:31:38] {/usr/local/lib/python3.9/site-packages/werkzeug/_internal.py:113} INFO - 172.17.0.1 - - [20/Feb/2021 11:31:38] "[37mGET /get_xbox HTTP/1.1[0m" 200 -
[11:31:50] {/usr/local/lib/python3.9/site-packages/werkzeug/_internal.py:113} INFO - 172.17.0.1 - - [20/Feb/2021 11:31:50] "[37mGET /get_ps5 HTTP/1.1[0m" 200 -
[11:31:51] {/scrapping/app.py:46} INFO - fetch element in for loop
[11:31:51] {/usr/local/lib/python3.9/site-packages/werkzeug/_internal.py:113} INFO - 172.17.0.1 - - [20/Feb/2021 11:31:51] "[37mGET /get_xbox HTTP/1.1[0m" 200 -
[11:31:51] {/usr/local/lib/python3.9/site-packages/werkzeug/_internal.py:113} INFO - 172.17.0.1 - - [20/Feb/2021 11:31:51] "[37mGET /get_pc HTTP/1.1[0m" 200 -
[11:32:56] {/scrapping/app.py:46} INFO - fetch element in for loop
[11:32:56] {/usr/local/lib/python3.9/site-packages/werkzeug/_internal.py:113} INFO - 172.17.0.1 - - [20/Feb/2021 11:32:56] "[37mGET /get_xbox HTTP/1.1[0m" 200 -
[11:32:56] {/usr/local/lib/python3.9/site-packages/werkzeug/_internal.py:113} INFO - 172.17.0.1 - - [20/Feb/2021 11:32:56] "[37mGET /get_ps5 HTTP/1.1[0m" 200 -
[11:32:56] {/usr/local/lib/python3.9/site-packages/werkzeug/_internal.py:113} INFO - 172.17.0.1 - - [20/Feb/2021 11:32:56] "[37mGET /get_pc HTTP/1.1[0m" 200 -
[11:33:31] {/usr/local/lib/python3.9/site-packages/werkzeug/_internal.py:113} INFO - 172.17.0.1 - - [20/Feb/2021 11:33:31] "[37mGET /get_ps5 HTTP/1.1[0m" 200 -
[11:33:31] {/usr/local/lib/python3.9/site-packages/werkzeug/_internal.py:113} INFO - 172.17.0.1 - - [20/Feb/2021 11:33:31] "[37mGET /get_pc HTTP/1.1[0m" 200 -
[11:33:31] {/scrapping/app.py:46} INFO - fetch element in for loop
[11:33:31] {/usr/local/lib/python3.9/site-packages/werkzeug/_internal.py:113} INFO - 172.17.0.1 - - [20/Feb/2021 11:33:31] "[37mGET /get_xbox HTTP/1.1[0m" 200 -
[11:33:59] {/usr/local/lib/python3.9/site-packages/werkzeug/_internal.py:113} INFO - 172.17.0.1 - - [20/Feb/2021 11:33:59] "[37mGET /get_ps5 HTTP/1.1[0m" 200 -
[11:33:59] {/scrapping/app.py:46} INFO - fetch element in for loop
[11:33:59] {/usr/local/lib/python3.9/site-packages/werkzeug/_internal.py:113} INFO - 172.17.0.1 - - [20/Feb/2021 11:33:59] "[37mGET /get_xbox HTTP/1.1[0m" 200 -
[11:33:59] {/usr/local/lib/python3.9/site-packages/werkzeug/_internal.py:113} INFO - 172.17.0.1 - - [20/Feb/2021 11:33:59] "[37mGET /get_pc HTTP/1.1[0m" 200 -
[11:34:17] {/usr/local/lib/python3.9/site-packages/werkzeug/_internal.py:113} INFO - 172.17.0.1 - - [20/Feb/2021 11:34:17] "[37mGET /get_pc HTTP/1.1[0m" 200 -
[11:34:17] {/scrapping/app.py:46} INFO - fetch element in for loop
[11:34:17] {/usr/local/lib/python3.9/site-packages/werkzeug/_internal.py:113} INFO - 172.17.0.1 - - [20/Feb/2021 11:34:17] "[37mGET /get_xbox HTTP/1.1[0m" 200 -
[11:34:17] {/usr/local/lib/python3.9/site-packages/werkzeug/_internal.py:113} INFO - 172.17.0.1 - - [20/Feb/2021 11:34:17] "[37mGET /get_ps5 HTTP/1.1[0m" 200 -
[11:34:35] {/usr/local/lib/python3.9/site-packages/werkzeug/_internal.py:113} INFO - 172.17.0.1 - - [20/Feb/2021 11:34:35] "[37mGET /get_ps5 HTTP/1.1[0m" 200 -
[11:34:35] {/usr/local/lib/python3.9/site-packages/werkzeug/_internal.py:113} INFO - 172.17.0.1 - - [20/Feb/2021 11:34:35] "[37mGET /get_pc HTTP/1.1[0m" 200 -
[11:34:35] {/scrapping/app.py:46} INFO - fetch element in for loop
[11:34:35] {/usr/local/lib/python3.9/site-packages/werkzeug/_internal.py:113} INFO - 172.17.0.1 - - [20/Feb/2021 11:34:35] "[37mGET /get_xbox HTTP/1.1[0m" 200 -
[11:34:56] {/usr/local/lib/python3.9/site-packages/werkzeug/_internal.py:113} INFO - 172.17.0.1 - - [20/Feb/2021 11:34:56] "[37mGET /get_ps5 HTTP/1.1[0m" 200 -
[11:34:56] {/usr/local/lib/python3.9/site-packages/werkzeug/_internal.py:113} INFO - 172.17.0.1 - - [20/Feb/2021 11:34:56] "[37mGET /get_pc HTTP/1.1[0m" 200 -
[11:34:56] {/scrapping/app.py:46} INFO - fetch element in for loop
[11:34:56] {/usr/local/lib/python3.9/site-packages/werkzeug/_internal.py:113} INFO - 172.17.0.1 - - [20/Feb/2021 11:34:56] "[37mGET /get_xbox HTTP/1.1[0m" 200 -
[11:35:03] {/usr/local/lib/python3.9/site-packages/werkzeug/_internal.py:113} INFO - 172.17.0.1 - - [20/Feb/2021 11:35:03] "[37mGET /get_pc HTTP/1.1[0m" 200 -
[11:35:03] {/usr/local/lib/python3.9/site-packages/werkzeug/_internal.py:113} INFO - 172.17.0.1 - - [20/Feb/2021 11:35:03] "[37mGET /get_ps5 HTTP/1.1[0m" 200 -
[11:35:03] {/scrapping/app.py:46} INFO - fetch element in for loop
[11:35:03] {/usr/local/lib/python3.9/site-packages/werkzeug/_internal.py:113} INFO - 172.17.0.1 - - [20/Feb/2021 11:35:03] "[37mGET /get_xbox HTTP/1.1[0m" 200 -
[11:35:10] {/usr/local/lib/python3.9/site-packages/werkzeug/_internal.py:113} INFO - 172.17.0.1 - - [20/Feb/2021 11:35:10] "[37mGET /get_ps5 HTTP/1.1[0m" 200 -
[11:35:10] {/scrapping/app.py:46} INFO - fetch element in for loop
[11:35:10] {/usr/local/lib/python3.9/site-packages/werkzeug/_internal.py:113} INFO - 172.17.0.1 - - [20/Feb/2021 11:35:10] "[37mGET /get_xbox HTTP/1.1[0m" 200 -
[11:35:10] {/usr/local/lib/python3.9/site-packages/werkzeug/_internal.py:113} INFO - 172.17.0.1 - - [20/Feb/2021 11:35:10] "[37mGET /get_pc HTTP/1.1[0m" 200 -
[11:35:57] {/usr/local/lib/python3.9/site-packages/werkzeug/_internal.py:113} INFO - 172.17.0.1 - - [20/Feb/2021 11:35:57] "[37mGET /get_ps5 HTTP/1.1[0m" 200 -
[11:35:57] {/scrapping/app.py:46} INFO - fetch element in for loop
[11:35:57] {/usr/local/lib/python3.9/site-packages/werkzeug/_internal.py:113} INFO - 172.17.0.1 - - [20/Feb/2021 11:35:57] "[37mGET /get_xbox HTTP/1.1[0m" 200 -
[11:35:57] {/usr/local/lib/python3.9/site-packages/werkzeug/_internal.py:113} INFO - 172.17.0.1 - - [20/Feb/2021 11:35:57] "[37mGET /get_pc HTTP/1.1[0m" 200 -
